{"timestamp":"2026-10-06T08:58:51.725Z","runId":1,"level":"info","phase":"run_start","dryRun":false,"batchSize":1000,"fkChecks":true,"tables":[{"table":"BANKS","mode":"INSERT","keyStrategy":"preserve","dedupeKeys":[],"onDuplicate":"SKIP","cleanBefore":false},{"table":"STAFF","mode":"INSERT","keyStrategy":"preserve","dedupeKeys":[],"onDuplicate":"SKIP","cleanBefore":false},{"table":"STOCK","mode":"INSERT","keyStrategy":"preserve","dedupeKeys":[],"onDuplicate":"SKIP","cleanBefore":false},{"table":"ACCOUNTS","mode":"INSERT","keyStrategy":"preserve","dedupeKeys":[],"onDuplicate":"SKIP","cleanBefore":false},{"table":"INVOICES","mode":"INSERT","keyStrategy":"preserve","dedupeKeys":[],"onDuplicate":"SKIP","cleanBefore":false},{"table":"LOCATION","mode":"INSERT","keyStrategy":"preserve","dedupeKeys":[],"onDuplicate":"SKIP","cleanBefore":false},{"table":"PAYMENTS","mode":"INSERT","keyStrategy":"preserve","dedupeKeys":[],"onDuplicate":"SKIP","cleanBefore":false},{"table":"ACC_CLASS","mode":"INSERT","keyStrategy":"preserve","dedupeKeys":[],"onDuplicate":"SKIP","cleanBefore":false},{"table":"CUSTOMERS","mode":"INSERT","keyStrategy":"preserve","dedupeKeys":[],"onDuplicate":"SKIP","cleanBefore":false},{"table":"SUPPLIERS","mode":"INSERT","keyStrategy":"preserve","dedupeKeys":[],"onDuplicate":"SKIP","cleanBefore":false},{"table":"WORK_DONE","mode":"INSERT","keyStrategy":"preserve","dedupeKeys":[],"onDuplicate":"SKIP","cleanBefore":false},{"table":"WIP_STATUS","mode":"INSERT","keyStrategy":"preserve","dedupeKeys":[],"onDuplicate":"SKIP","cleanBefore":false},{"table":"SPARES_USED","mode":"INSERT","keyStrategy":"preserve","dedupeKeys":[],"onDuplicate":"SKIP","cleanBefore":false},{"table":"CREDIT_NOTES","mode":"INSERT","keyStrategy":"preserve","dedupeKeys":[],"onDuplicate":"SKIP","cleanBefore":false},{"table":"INVOICE_ITEMS","mode":"INSERT","keyStrategy":"preserve","dedupeKeys":[],"onDuplicate":"SKIP","cleanBefore":false},{"table":"ACC_DEPARTMENT","mode":"INSERT","keyStrategy":"preserve","dedupeKeys":[],"onDuplicate":"SKIP","cleanBefore":false},{"table":"LABOUR_PRICING","mode":"INSERT","keyStrategy":"preserve","dedupeKeys":[],"onDuplicate":"SKIP","cleanBefore":false},{"table":"INVOICE_GENERAL","mode":"INSERT","keyStrategy":"preserve","dedupeKeys":[],"onDuplicate":"SKIP","cleanBefore":false},{"table":"INVOICES_SUPPLIER","mode":"INSERT","keyStrategy":"preserve","dedupeKeys":[],"onDuplicate":"SKIP","cleanBefore":false},{"table":"PAYMENTS_SUPPLIERS","mode":"INSERT","keyStrategy":"preserve","dedupeKeys":[],"onDuplicate":"SKIP","cleanBefore":false},{"table":"CREDIT_NOTES_SUPPLIER","mode":"INSERT","keyStrategy":"preserve","dedupeKeys":[],"onDuplicate":"SKIP","cleanBefore":false}]}
{"timestamp":"2026-10-06T08:58:51.726Z","runId":1,"level":"info","phase":"preflight","action":"firebird_config_check","host":"localhost","port":3050,"database":"C:\\Autoneer\\data\\AUTONEER.FDB","user":"SYSDBA","passwordSet":true,"passwordLength":9,"passwordSource":"state","useDefaultSysdbaMasterkey":true,"rawPasswordSet":true,"rawPasswordLength":9}
{"timestamp":"2026-10-06T08:58:51.799Z","runId":1,"level":"info","phase":"preflight","attempt":1,"status":"ok"}
{"timestamp":"2026-10-06T08:58:51.800Z","runId":1,"level":"debug","phase":"preflight","durationMs":75}
{"timestamp":"2026-10-06T08:58:51.800Z","runId":1,"level":"info","phase":"preflight","action":"nullability_validation","status":"start"}
{"timestamp":"2026-10-06T08:58:51.815Z","runId":1,"level":"info","phase":"preflight","action":"nullability_validation","status":"passed"}
{"timestamp":"2026-10-06T08:58:51.815Z","runId":1,"level":"info","phase":"preflight","action":"gl_account_types_seed","status":"start"}
{"timestamp":"2026-10-06T08:58:51.819Z","runId":1,"level":"info","phase":"preflight","action":"gl_account_types_seed","status":"passed"}
{"timestamp":"2026-10-06T08:58:52.551Z","runId":1,"level":"info","phase":"preflight","action":"accnr_conversion_map","source":"firebird","sourceTable":"ACCOUNTS","count":130}
{"timestamp":"2026-10-06T08:58:52.551Z","runId":1,"level":"debug","phase":"table_loop","action":"starting","includedCount":21,"mappingTableCount":21}
{"timestamp":"2026-10-06T08:58:52.551Z","runId":1,"level":"warn","phase":"plan_migrate","table":"invoices","action":"enforce_invoice_identity","message":"Invoices preserve original invoice numbers and reject duplicate keys to prevent lost or misidentified invoices.","requested":{"mode":"INSERT","keyStrategy":"preserve","onDuplicate":"SKIP"},"applied":{"mode":"INSERT","keyStrategy":"preserve","onDuplicate":"ERROR"}}
{"timestamp":"2026-10-06T08:58:52.552Z","runId":1,"level":"info","phase":"table_loop","action":"normalized_tables","sampleTables":["BANKS","STAFF","STOCK","ACCOUNTS","INVOICES"]}
{"timestamp":"2026-10-06T08:58:52.552Z","runId":1,"level":"debug","phase":"table_loop","action":"processing","tableName":"banks","mappingTableKeys":["BANKS","CNOTE","STAFF","STOCK","PRICING"]}
{"timestamp":"2026-10-06T08:58:52.552Z","runId":1,"level":"debug","phase":"table_loop","action":"mapping_resolved","tableName":"banks","hasMappingEntry":true,"mappingTarget":"BANKS"}
{"timestamp":"2026-10-06T08:58:52.552Z","runId":1,"level":"debug","phase":"mapping_debug","tableName":"banks","mappedSource":"BANKS","firebirdTableCount":189,"sampleFirebirdTables":["ACCCLASS","ACCDEPARTMENT","ACCOUNTLINKS","ACCOUNTS","ACCOUNT_OPENING"]}
{"timestamp":"2026-10-06T08:58:52.664Z","runId":1,"level":"debug","phase":"clean_decision","tableName":"banks","cleanBefore":false,"dryRun":false,"mode":"INSERT"}
{"timestamp":"2026-10-06T08:58:52.665Z","runId":1,"level":"info","phase":"table_start","tableName":"banks","tableRunId":1,"mode":"INSERT","keyStrategy":"preserve","dedupeKeys":[]}
{"timestamp":"2026-10-06T08:58:52.665Z","runId":1,"level":"info","phase":"fetch","tableName":"banks","tableRunId":1,"sourceRows":0,"dateFilter":null}
{"timestamp":"2026-10-06T08:58:52.669Z","runId":1,"level":"info","phase":"table_finalize","tableName":"banks","tableRunId":1,"status":"success","inserted":0,"updated":0,"skipped":0,"errors":0,"durationMs":113}
{"timestamp":"2026-10-06T08:58:52.681Z","runId":1,"level":"debug","phase":"table_loop","action":"processing","tableName":"staff","mappingTableKeys":["BANKS","CNOTE","STAFF","STOCK","PRICING"]}
{"timestamp":"2026-10-06T08:58:52.681Z","runId":1,"level":"debug","phase":"table_loop","action":"mapping_resolved","tableName":"staff","hasMappingEntry":true,"mappingTarget":"STAFF"}
{"timestamp":"2026-10-06T08:58:52.681Z","runId":1,"level":"debug","phase":"mapping_debug","tableName":"staff","mappedSource":"STAFF","firebirdTableCount":189,"sampleFirebirdTables":["ACCCLASS","ACCDEPARTMENT","ACCOUNTLINKS","ACCOUNTS","ACCOUNT_OPENING"]}
{"timestamp":"2026-10-06T08:58:52.813Z","runId":1,"level":"debug","phase":"clean_decision","tableName":"staff","cleanBefore":false,"dryRun":false,"mode":"INSERT"}
{"timestamp":"2026-10-06T08:58:52.813Z","runId":1,"level":"info","phase":"table_start","tableName":"staff","tableRunId":2,"mode":"INSERT","keyStrategy":"preserve","dedupeKeys":[]}
{"timestamp":"2026-10-06T08:58:52.813Z","runId":1,"level":"info","phase":"fetch","tableName":"staff","tableRunId":2,"sourceRows":38,"dateFilter":null}
{"timestamp":"2026-10-06T08:58:52.821Z","runId":1,"level":"debug","phase":"write","tableName":"staff","tableRunId":2,"status":"start","batchSize":38}
{"timestamp":"2026-10-06T08:58:52.828Z","runId":1,"level":"debug","phase":"write","tableName":"staff","tableRunId":2,"status":"end","inserted":1,"updated":0,"skipped":37,"durationMs":7}
{"timestamp":"2026-10-06T08:58:52.841Z","runId":1,"level":"info","phase":"table_finalize","tableName":"staff","tableRunId":2,"status":"success","inserted":1,"updated":0,"skipped":37,"errors":0,"durationMs":153}
{"timestamp":"2026-10-06T08:58:52.842Z","runId":1,"level":"debug","phase":"table_loop","action":"processing","tableName":"stock","mappingTableKeys":["BANKS","CNOTE","STAFF","STOCK","PRICING"]}
{"timestamp":"2026-10-06T08:58:52.842Z","runId":1,"level":"debug","phase":"table_loop","action":"mapping_resolved","tableName":"stock","hasMappingEntry":true,"mappingTarget":"STOCK"}
{"timestamp":"2026-10-06T08:58:52.842Z","runId":1,"level":"debug","phase":"mapping_debug","tableName":"stock","mappedSource":"STOCK","firebirdTableCount":189,"sampleFirebirdTables":["ACCCLASS","ACCDEPARTMENT","ACCOUNTLINKS","ACCOUNTS","ACCOUNT_OPENING"]}
{"timestamp":"2026-10-06T08:58:53.001Z","runId":1,"level":"debug","phase":"clean_decision","tableName":"stock","cleanBefore":false,"dryRun":false,"mode":"INSERT"}
{"timestamp":"2026-10-06T08:58:53.002Z","runId":1,"level":"info","phase":"table_start","tableName":"stock","tableRunId":3,"mode":"INSERT","keyStrategy":"preserve","dedupeKeys":[]}
{"timestamp":"2026-10-06T08:58:53.002Z","runId":1,"level":"info","phase":"fetch","tableName":"stock","tableRunId":3,"sourceRows":47977,"dateFilter":null}
{"timestamp":"2026-10-06T08:58:53.319Z","runId":1,"level":"debug","phase":"write","tableName":"stock","tableRunId":3,"status":"start","batchSize":1000}
{"timestamp":"2026-10-06T08:58:53.435Z","runId":1,"level":"debug","phase":"write","tableName":"stock","tableRunId":3,"status":"end","inserted":1000,"updated":0,"skipped":0,"durationMs":116}
{"timestamp":"2026-10-06T08:58:53.745Z","runId":1,"level":"debug","phase":"write","tableName":"stock","tableRunId":3,"status":"start","batchSize":1000}
{"timestamp":"2026-10-06T08:58:53.859Z","runId":1,"level":"debug","phase":"write","tableName":"stock","tableRunId":3,"status":"end","inserted":1000,"updated":0,"skipped":0,"durationMs":114}
{"timestamp":"2026-10-06T08:58:54.232Z","runId":1,"level":"debug","phase":"write","tableName":"stock","tableRunId":3,"status":"start","batchSize":1000}
{"timestamp":"2026-10-06T08:58:54.332Z","runId":1,"level":"debug","phase":"write","tableName":"stock","tableRunId":3,"status":"end","inserted":1000,"updated":0,"skipped":0,"durationMs":100}
{"timestamp":"2026-10-06T08:58:54.675Z","runId":1,"level":"debug","phase":"write","tableName":"stock","tableRunId":3,"status":"start","batchSize":1000}
{"timestamp":"2026-10-06T08:58:54.829Z","runId":1,"level":"debug","phase":"write","tableName":"stock","tableRunId":3,"status":"end","inserted":1000,"updated":0,"skipped":0,"durationMs":154}
{"timestamp":"2026-10-06T08:58:55.173Z","runId":1,"level":"debug","phase":"write","tableName":"stock","tableRunId":3,"status":"start","batchSize":1000}
{"timestamp":"2026-10-06T08:58:55.298Z","runId":1,"level":"debug","phase":"write","tableName":"stock","tableRunId":3,"status":"end","inserted":1000,"updated":0,"skipped":0,"durationMs":125}
{"timestamp":"2026-10-06T08:58:55.648Z","runId":1,"level":"debug","phase":"write","tableName":"stock","tableRunId":3,"status":"start","batchSize":1000}
{"timestamp":"2026-10-06T08:58:55.790Z","runId":1,"level":"debug","phase":"write","tableName":"stock","tableRunId":3,"status":"end","inserted":1000,"updated":0,"skipped":0,"durationMs":142}
{"timestamp":"2026-10-06T08:58:56.098Z","runId":1,"level":"debug","phase":"write","tableName":"stock","tableRunId":3,"status":"start","batchSize":1000}
{"timestamp":"2026-10-06T08:58:56.243Z","runId":1,"level":"debug","phase":"write","tableName":"stock","tableRunId":3,"status":"end","inserted":1000,"updated":0,"skipped":0,"durationMs":145}
{"timestamp":"2026-10-06T08:58:56.594Z","runId":1,"level":"debug","phase":"write","tableName":"stock","tableRunId":3,"status":"start","batchSize":1000}
{"timestamp":"2026-10-06T08:58:56.749Z","runId":1,"level":"debug","phase":"write","tableName":"stock","tableRunId":3,"status":"end","inserted":1000,"updated":0,"skipped":0,"durationMs":155}
{"timestamp":"2026-10-06T08:58:57.102Z","runId":1,"level":"debug","phase":"write","tableName":"stock","tableRunId":3,"status":"start","batchSize":1000}
{"timestamp":"2026-10-06T08:58:57.208Z","runId":1,"level":"debug","phase":"write","tableName":"stock","tableRunId":3,"status":"end","inserted":1000,"updated":0,"skipped":0,"durationMs":106}
{"timestamp":"2026-10-06T08:58:57.565Z","runId":1,"level":"debug","phase":"write","tableName":"stock","tableRunId":3,"status":"start","batchSize":1000}
{"timestamp":"2026-10-06T08:58:57.694Z","runId":1,"level":"debug","phase":"write","tableName":"stock","tableRunId":3,"status":"end","inserted":1000,"updated":0,"skipped":0,"durationMs":129}
{"timestamp":"2026-10-06T08:58:58.021Z","runId":1,"level":"debug","phase":"write","tableName":"stock","tableRunId":3,"status":"start","batchSize":1000}
{"timestamp":"2026-10-06T08:58:58.160Z","runId":1,"level":"debug","phase":"write","tableName":"stock","tableRunId":3,"status":"end","inserted":1000,"updated":0,"skipped":0,"durationMs":139}
{"timestamp":"2026-10-06T08:58:58.510Z","runId":1,"level":"debug","phase":"write","tableName":"stock","tableRunId":3,"status":"start","batchSize":1000}
{"timestamp":"2026-10-06T08:58:58.634Z","runId":1,"level":"debug","phase":"write","tableName":"stock","tableRunId":3,"status":"end","inserted":1000,"updated":0,"skipped":0,"durationMs":124}
{"timestamp":"2026-10-06T08:58:58.972Z","runId":1,"level":"debug","phase":"write","tableName":"stock","tableRunId":3,"status":"start","batchSize":1000}
{"timestamp":"2026-10-06T08:58:59.128Z","runId":1,"level":"debug","phase":"write","tableName":"stock","tableRunId":3,"status":"end","inserted":1000,"updated":0,"skipped":0,"durationMs":156}
{"timestamp":"2026-10-06T08:58:59.462Z","runId":1,"level":"debug","phase":"write","tableName":"stock","tableRunId":3,"status":"start","batchSize":1000}
{"timestamp":"2026-10-06T08:58:59.599Z","runId":1,"level":"debug","phase":"write","tableName":"stock","tableRunId":3,"status":"end","inserted":1000,"updated":0,"skipped":0,"durationMs":137}
{"timestamp":"2026-10-06T08:58:59.941Z","runId":1,"level":"debug","phase":"write","tableName":"stock","tableRunId":3,"status":"start","batchSize":1000}
{"timestamp":"2026-10-06T08:59:00.064Z","runId":1,"level":"debug","phase":"write","tableName":"stock","tableRunId":3,"status":"end","inserted":1000,"updated":0,"skipped":0,"durationMs":123}
{"timestamp":"2026-10-06T08:59:00.386Z","runId":1,"level":"debug","phase":"write","tableName":"stock","tableRunId":3,"status":"start","batchSize":1000}
{"timestamp":"2026-10-06T08:59:00.490Z","runId":1,"level":"debug","phase":"write","tableName":"stock","tableRunId":3,"status":"end","inserted":1000,"updated":0,"skipped":0,"durationMs":104}
{"timestamp":"2026-10-06T08:59:00.861Z","runId":1,"level":"debug","phase":"write","tableName":"stock","tableRunId":3,"status":"start","batchSize":1000}
{"timestamp":"2026-10-06T08:59:00.983Z","runId":1,"level":"debug","phase":"write","tableName":"stock","tableRunId":3,"status":"end","inserted":1000,"updated":0,"skipped":0,"durationMs":122}
{"timestamp":"2026-10-06T08:59:01.310Z","runId":1,"level":"debug","phase":"write","tableName":"stock","tableRunId":3,"status":"start","batchSize":1000}
{"timestamp":"2026-10-06T08:59:01.396Z","runId":1,"level":"debug","phase":"write","tableName":"stock","tableRunId":3,"status":"end","inserted":1000,"updated":0,"skipped":0,"durationMs":86}
{"timestamp":"2026-10-06T08:59:01.736Z","runId":1,"level":"debug","phase":"write","tableName":"stock","tableRunId":3,"status":"start","batchSize":1000}
{"timestamp":"2026-10-06T08:59:01.883Z","runId":1,"level":"debug","phase":"write","tableName":"stock","tableRunId":3,"status":"end","inserted":1000,"updated":0,"skipped":0,"durationMs":147}
{"timestamp":"2026-10-06T08:59:02.223Z","runId":1,"level":"debug","phase":"write","tableName":"stock","tableRunId":3,"status":"start","batchSize":1000}
{"timestamp":"2026-10-06T08:59:02.321Z","runId":1,"level":"debug","phase":"write","tableName":"stock","tableRunId":3,"status":"end","inserted":1000,"updated":0,"skipped":0,"durationMs":98}
{"timestamp":"2026-10-06T08:59:02.651Z","runId":1,"level":"debug","phase":"write","tableName":"stock","tableRunId":3,"status":"start","batchSize":1000}
{"timestamp":"2026-10-06T08:59:02.767Z","runId":1,"level":"debug","phase":"write","tableName":"stock","tableRunId":3,"status":"end","inserted":1000,"updated":0,"skipped":0,"durationMs":116}
{"timestamp":"2026-10-06T08:59:03.123Z","runId":1,"level":"debug","phase":"write","tableName":"stock","tableRunId":3,"status":"start","batchSize":1000}
{"timestamp":"2026-10-06T08:59:03.260Z","runId":1,"level":"debug","phase":"write","tableName":"stock","tableRunId":3,"status":"end","inserted":1000,"updated":0,"skipped":0,"durationMs":137}
{"timestamp":"2026-10-06T08:59:03.608Z","runId":1,"level":"debug","phase":"write","tableName":"stock","tableRunId":3,"status":"start","batchSize":1000}
{"timestamp":"2026-10-06T08:59:03.731Z","runId":1,"level":"debug","phase":"write","tableName":"stock","tableRunId":3,"status":"end","inserted":1000,"updated":0,"skipped":0,"durationMs":123}
{"timestamp":"2026-10-06T08:59:04.084Z","runId":1,"level":"debug","phase":"write","tableName":"stock","tableRunId":3,"status":"start","batchSize":1000}
{"timestamp":"2026-10-06T08:59:04.221Z","runId":1,"level":"debug","phase":"write","tableName":"stock","tableRunId":3,"status":"end","inserted":1000,"updated":0,"skipped":0,"durationMs":137}
{"timestamp":"2026-10-06T08:59:04.595Z","runId":1,"level":"debug","phase":"write","tableName":"stock","tableRunId":3,"status":"start","batchSize":1000}
{"timestamp":"2026-10-06T08:59:04.682Z","runId":1,"level":"debug","phase":"write","tableName":"stock","tableRunId":3,"status":"end","inserted":1000,"updated":0,"skipped":0,"durationMs":87}
{"timestamp":"2026-10-06T08:59:05.033Z","runId":1,"level":"debug","phase":"write","tableName":"stock","tableRunId":3,"status":"start","batchSize":1000}
{"timestamp":"2026-10-06T08:59:05.185Z","runId":1,"level":"debug","phase":"write","tableName":"stock","tableRunId":3,"status":"end","inserted":1000,"updated":0,"skipped":0,"durationMs":152}
{"timestamp":"2026-10-06T08:59:05.505Z","runId":1,"level":"debug","phase":"write","tableName":"stock","tableRunId":3,"status":"start","batchSize":1000}
{"timestamp":"2026-10-06T08:59:05.603Z","runId":1,"level":"debug","phase":"write","tableName":"stock","tableRunId":3,"status":"end","inserted":1000,"updated":0,"skipped":0,"durationMs":98}
{"timestamp":"2026-10-06T08:59:05.963Z","runId":1,"level":"debug","phase":"write","tableName":"stock","tableRunId":3,"status":"start","batchSize":1000}
{"timestamp":"2026-10-06T08:59:06.082Z","runId":1,"level":"debug","phase":"write","tableName":"stock","tableRunId":3,"status":"end","inserted":1000,"updated":0,"skipped":0,"durationMs":119}
{"timestamp":"2026-10-06T08:59:06.445Z","runId":1,"level":"debug","phase":"write","tableName":"stock","tableRunId":3,"status":"start","batchSize":1000}
{"timestamp":"2026-10-06T08:59:06.622Z","runId":1,"level":"debug","phase":"write","tableName":"stock","tableRunId":3,"status":"end","inserted":1000,"updated":0,"skipped":0,"durationMs":177}
{"timestamp":"2026-10-06T08:59:06.986Z","runId":1,"level":"debug","phase":"write","tableName":"stock","tableRunId":3,"status":"start","batchSize":1000}
{"timestamp":"2026-10-06T08:59:07.101Z","runId":1,"level":"debug","phase":"write","tableName":"stock","tableRunId":3,"status":"end","inserted":1000,"updated":0,"skipped":0,"durationMs":115}
{"timestamp":"2026-10-06T08:59:07.442Z","runId":1,"level":"debug","phase":"write","tableName":"stock","tableRunId":3,"status":"start","batchSize":1000}
{"timestamp":"2026-10-06T08:59:07.572Z","runId":1,"level":"debug","phase":"write","tableName":"stock","tableRunId":3,"status":"end","inserted":1000,"updated":0,"skipped":0,"durationMs":130}
{"timestamp":"2026-10-06T08:59:07.941Z","runId":1,"level":"debug","phase":"write","tableName":"stock","tableRunId":3,"status":"start","batchSize":1000}
{"timestamp":"2026-10-06T08:59:08.016Z","runId":1,"level":"debug","phase":"write","tableName":"stock","tableRunId":3,"status":"end","inserted":999,"updated":0,"skipped":1,"durationMs":75}
{"timestamp":"2026-10-06T08:59:08.334Z","runId":1,"level":"debug","phase":"write","tableName":"stock","tableRunId":3,"status":"start","batchSize":1000}
{"timestamp":"2026-10-06T08:59:08.471Z","runId":1,"level":"debug","phase":"write","tableName":"stock","tableRunId":3,"status":"end","inserted":1000,"updated":0,"skipped":0,"durationMs":137}
{"timestamp":"2026-10-06T08:59:08.830Z","runId":1,"level":"debug","phase":"write","tableName":"stock","tableRunId":3,"status":"start","batchSize":1000}
{"timestamp":"2026-10-06T08:59:08.957Z","runId":1,"level":"debug","phase":"write","tableName":"stock","tableRunId":3,"status":"end","inserted":1000,"updated":0,"skipped":0,"durationMs":126}
{"timestamp":"2026-10-06T08:59:09.329Z","runId":1,"level":"debug","phase":"write","tableName":"stock","tableRunId":3,"status":"start","batchSize":1000}
{"timestamp":"2026-10-06T08:59:09.461Z","runId":1,"level":"debug","phase":"write","tableName":"stock","tableRunId":3,"status":"end","inserted":1000,"updated":0,"skipped":0,"durationMs":132}
{"timestamp":"2026-10-06T08:59:09.827Z","runId":1,"level":"debug","phase":"write","tableName":"stock","tableRunId":3,"status":"start","batchSize":1000}
{"timestamp":"2026-10-06T08:59:09.962Z","runId":1,"level":"debug","phase":"write","tableName":"stock","tableRunId":3,"status":"end","inserted":1000,"updated":0,"skipped":0,"durationMs":135}
{"timestamp":"2026-10-06T08:59:10.330Z","runId":1,"level":"debug","phase":"write","tableName":"stock","tableRunId":3,"status":"start","batchSize":1000}
{"timestamp":"2026-10-06T08:59:10.464Z","runId":1,"level":"debug","phase":"write","tableName":"stock","tableRunId":3,"status":"end","inserted":1000,"updated":0,"skipped":0,"durationMs":134}
{"timestamp":"2026-10-06T08:59:10.844Z","runId":1,"level":"debug","phase":"write","tableName":"stock","tableRunId":3,"status":"start","batchSize":1000}
{"timestamp":"2026-10-06T08:59:11.005Z","runId":1,"level":"debug","phase":"write","tableName":"stock","tableRunId":3,"status":"end","inserted":1000,"updated":0,"skipped":0,"durationMs":161}
{"timestamp":"2026-10-06T08:59:11.370Z","runId":1,"level":"debug","phase":"write","tableName":"stock","tableRunId":3,"status":"start","batchSize":1000}
{"timestamp":"2026-10-06T08:59:11.510Z","runId":1,"level":"debug","phase":"write","tableName":"stock","tableRunId":3,"status":"end","inserted":1000,"updated":0,"skipped":0,"durationMs":140}
{"timestamp":"2026-10-06T08:59:11.828Z","runId":1,"level":"info","phase":"preflight","action":"firebird_config_check","host":"localhost","port":3050,"database":"C:\\Autoneer\\data\\AUTONEER.FDB","user":"SYSDBA","passwordSet":true,"passwordLength":9,"passwordSource":"state","useDefaultSysdbaMasterkey":true,"rawPasswordSet":true,"rawPasswordLength":9}
{"timestamp":"2026-10-06T08:59:11.873Z","runId":1,"level":"info","phase":"preflight","attempt":1,"status":"ok"}
{"timestamp":"2026-10-06T08:59:11.874Z","runId":1,"level":"debug","phase":"keepalive","status":"ok"}
{"timestamp":"2026-10-06T08:59:11.898Z","runId":1,"level":"debug","phase":"write","tableName":"stock","tableRunId":3,"status":"start","batchSize":1000}
{"timestamp":"2026-10-06T08:59:12.026Z","runId":1,"level":"debug","phase":"write","tableName":"stock","tableRunId":3,"status":"end","inserted":1000,"updated":0,"skipped":0,"durationMs":128}
{"timestamp":"2026-10-06T08:59:12.384Z","runId":1,"level":"debug","phase":"write","tableName":"stock","tableRunId":3,"status":"start","batchSize":1000}
{"timestamp":"2026-10-06T08:59:12.528Z","runId":1,"level":"debug","phase":"write","tableName":"stock","tableRunId":3,"status":"end","inserted":1000,"updated":0,"skipped":0,"durationMs":144}
{"timestamp":"2026-10-06T08:59:12.936Z","runId":1,"level":"debug","phase":"write","tableName":"stock","tableRunId":3,"status":"start","batchSize":1000}
{"timestamp":"2026-10-06T08:59:13.031Z","runId":1,"level":"debug","phase":"write","tableName":"stock","tableRunId":3,"status":"end","inserted":1000,"updated":0,"skipped":0,"durationMs":95}
{"timestamp":"2026-10-06T08:59:13.409Z","runId":1,"level":"debug","phase":"write","tableName":"stock","tableRunId":3,"status":"start","batchSize":1000}
{"timestamp":"2026-10-06T08:59:13.564Z","runId":1,"level":"debug","phase":"write","tableName":"stock","tableRunId":3,"status":"end","inserted":1000,"updated":0,"skipped":0,"durationMs":155}
{"timestamp":"2026-10-06T08:59:13.923Z","runId":1,"level":"debug","phase":"write","tableName":"stock","tableRunId":3,"status":"start","batchSize":1000}
{"timestamp":"2026-10-06T08:59:14.038Z","runId":1,"level":"debug","phase":"write","tableName":"stock","tableRunId":3,"status":"end","inserted":1000,"updated":0,"skipped":0,"durationMs":115}
{"timestamp":"2026-10-06T08:59:14.421Z","runId":1,"level":"debug","phase":"write","tableName":"stock","tableRunId":3,"status":"start","batchSize":1000}
{"timestamp":"2026-10-06T08:59:14.581Z","runId":1,"level":"debug","phase":"write","tableName":"stock","tableRunId":3,"status":"end","inserted":1000,"updated":0,"skipped":0,"durationMs":160}
{"timestamp":"2026-10-06T08:59:14.996Z","runId":1,"level":"debug","phase":"write","tableName":"stock","tableRunId":3,"status":"start","batchSize":1000}
{"timestamp":"2026-10-06T08:59:15.141Z","runId":1,"level":"debug","phase":"write","tableName":"stock","tableRunId":3,"status":"end","inserted":1000,"updated":0,"skipped":0,"durationMs":145}
{"timestamp":"2026-10-06T08:59:15.512Z","runId":1,"level":"debug","phase":"write","tableName":"stock","tableRunId":3,"status":"start","batchSize":1000}
{"timestamp":"2026-10-06T08:59:15.645Z","runId":1,"level":"debug","phase":"write","tableName":"stock","tableRunId":3,"status":"end","inserted":1000,"updated":0,"skipped":0,"durationMs":133}
{"timestamp":"2026-10-06T08:59:16.029Z","runId":1,"level":"debug","phase":"write","tableName":"stock","tableRunId":3,"status":"start","batchSize":977}
{"timestamp":"2026-10-06T08:59:16.118Z","runId":1,"level":"debug","phase":"write","tableName":"stock","tableRunId":3,"status":"end","inserted":976,"updated":0,"skipped":1,"durationMs":89}
{"timestamp":"2026-10-06T08:59:16.128Z","runId":1,"level":"info","phase":"table_finalize","tableName":"stock","tableRunId":3,"status":"success","inserted":47975,"updated":0,"skipped":2,"errors":0,"durationMs":23282}
{"timestamp":"2026-10-06T08:59:16.129Z","runId":1,"level":"debug","phase":"table_loop","action":"processing","tableName":"accounts","mappingTableKeys":["BANKS","CNOTE","STAFF","STOCK","PRICING"]}
{"timestamp":"2026-10-06T08:59:16.129Z","runId":1,"level":"debug","phase":"table_loop","action":"mapping_resolved","tableName":"accounts","hasMappingEntry":true,"mappingTarget":"ACCOUNTS"}
{"timestamp":"2026-10-06T08:59:16.129Z","runId":1,"level":"debug","phase":"mapping_debug","tableName":"accounts","mappedSource":"ACCOUNTS","firebirdTableCount":189,"sampleFirebirdTables":["ACCCLASS","ACCDEPARTMENT","ACCOUNTLINKS","ACCOUNTS","ACCOUNT_OPENING"]}
{"timestamp":"2026-10-06T08:59:16.269Z","runId":1,"level":"debug","phase":"clean_decision","tableName":"accounts","cleanBefore":false,"dryRun":false,"mode":"INSERT"}
{"timestamp":"2026-10-06T08:59:16.269Z","runId":1,"level":"info","phase":"table_start","tableName":"accounts","tableRunId":4,"mode":"INSERT","keyStrategy":"preserve","dedupeKeys":[]}
{"timestamp":"2026-10-06T08:59:16.269Z","runId":1,"level":"info","phase":"fetch","tableName":"accounts","tableRunId":4,"sourceRows":146,"dateFilter":null}
{"timestamp":"2026-10-06T08:59:16.277Z","runId":1,"level":"debug","phase":"write","tableName":"accounts","tableRunId":4,"status":"start","batchSize":146}
{"timestamp":"2026-10-06T08:59:16.281Z","runId":1,"level":"debug","phase":"write","tableName":"accounts","tableRunId":4,"status":"end","inserted":0,"updated":0,"skipped":146,"durationMs":4}
{"timestamp":"2026-10-06T08:59:16.289Z","runId":1,"level":"info","phase":"table_finalize","tableName":"accounts","tableRunId":4,"status":"success","inserted":0,"updated":0,"skipped":146,"errors":0,"durationMs":156}
{"timestamp":"2026-10-06T08:59:16.289Z","runId":1,"level":"debug","phase":"table_loop","action":"processing","tableName":"invoices","mappingTableKeys":["BANKS","CNOTE","STAFF","STOCK","PRICING"]}
{"timestamp":"2026-10-06T08:59:16.289Z","runId":1,"level":"debug","phase":"table_loop","action":"mapping_resolved","tableName":"invoices","hasMappingEntry":true,"mappingTarget":"INVOICES"}
{"timestamp":"2026-10-06T08:59:16.289Z","runId":1,"level":"debug","phase":"mapping_debug","tableName":"invoices","mappedSource":"INVOICES","firebirdTableCount":189,"sampleFirebirdTables":["ACCCLASS","ACCDEPARTMENT","ACCOUNTLINKS","ACCOUNTS","ACCOUNT_OPENING"]}
{"timestamp":"2026-10-06T08:59:19.134Z","runId":1,"level":"info","phase":"preflight","tableName":"invoices","tableRunId":5,"action":"invoice_source_identity_policy","sourceColumn":"INV_NR","validInvoiceRows":55903,"onDuplicate":"ERROR"}
{"timestamp":"2026-10-06T08:59:19.134Z","runId":1,"level":"debug","phase":"clean_decision","tableName":"invoices","cleanBefore":false,"dryRun":false,"mode":"INSERT"}
{"timestamp":"2026-10-06T08:59:19.134Z","runId":1,"level":"info","phase":"table_start","tableName":"invoices","tableRunId":5,"mode":"INSERT","keyStrategy":"preserve","dedupeKeys":[]}
{"timestamp":"2026-10-06T08:59:19.134Z","runId":1,"level":"info","phase":"fetch","tableName":"invoices","tableRunId":5,"sourceRows":55903,"dateFilter":null}
{"timestamp":"2026-10-06T08:59:19.578Z","runId":1,"level":"debug","phase":"write","tableName":"invoices","tableRunId":5,"status":"start","batchSize":1000}
{"timestamp":"2026-10-06T08:59:20.504Z","runId":1,"level":"error","phase":"row_error","tableName":"invoices","sourcePk":6968,"rowOffset":235,"error":"Duplicate entry '0' for key 'invoices.uq_invoices_active_job'","hint":"If job number 0 means no job, exclude that sentinel from the target job_number_active key while retaining the unique rule for real jobs. Preserve invoice numbers and job links; do not bypass this by skipping duplicates, re-keying invoices, or marking every imported invoice historical."}
{"timestamp":"2026-10-06T08:59:23.666Z","runId":1,"level":"debug","phase":"write","tableName":"invoices","tableRunId":5,"status":"end","inserted":993,"updated":0,"skipped":0,"durationMs":4088}
{"timestamp":"2026-10-06T08:59:24.094Z","runId":1,"level":"debug","phase":"write","tableName":"invoices","tableRunId":5,"status":"start","batchSize":1000}
{"timestamp":"2026-10-06T08:59:27.964Z","runId":1,"level":"debug","phase":"write","tableName":"invoices","tableRunId":5,"status":"end","inserted":987,"updated":0,"skipped":0,"durationMs":3870}
{"timestamp":"2026-10-06T08:59:28.380Z","runId":1,"level":"debug","phase":"write","tableName":"invoices","tableRunId":5,"status":"start","batchSize":1000}
{"timestamp":"2026-10-06T08:59:31.827Z","runId":1,"level":"info","phase":"preflight","action":"firebird_config_check","host":"localhost","port":3050,"database":"C:\\Autoneer\\data\\AUTONEER.FDB","user":"SYSDBA","passwordSet":true,"passwordLength":9,"passwordSource":"state","useDefaultSysdbaMasterkey":true,"rawPasswordSet":true,"rawPasswordLength":9}
{"timestamp":"2026-10-06T08:59:31.873Z","runId":1,"level":"info","phase":"preflight","attempt":1,"status":"ok"}
{"timestamp":"2026-10-06T08:59:31.873Z","runId":1,"level":"debug","phase":"keepalive","status":"ok"}
{"timestamp":"2026-10-06T08:59:32.453Z","runId":1,"level":"debug","phase":"write","tableName":"invoices","tableRunId":5,"status":"end","inserted":997,"updated":0,"skipped":0,"durationMs":4073}
{"timestamp":"2026-10-06T08:59:32.867Z","runId":1,"level":"debug","phase":"write","tableName":"invoices","tableRunId":5,"status":"start","batchSize":1000}
{"timestamp":"2026-10-06T08:59:36.838Z","runId":1,"level":"debug","phase":"write","tableName":"invoices","tableRunId":5,"status":"end","inserted":999,"updated":0,"skipped":0,"durationMs":3971}
{"timestamp":"2026-10-06T08:59:37.255Z","runId":1,"level":"debug","phase":"write","tableName":"invoices","tableRunId":5,"status":"start","batchSize":1000}
{"timestamp":"2026-10-06T08:59:40.804Z","runId":1,"level":"debug","phase":"write","tableName":"invoices","tableRunId":5,"status":"end","inserted":999,"updated":0,"skipped":0,"durationMs":3549}
{"timestamp":"2026-10-06T08:59:41.230Z","runId":1,"level":"debug","phase":"write","tableName":"invoices","tableRunId":5,"status":"start","batchSize":1000}
{"timestamp":"2026-10-06T08:59:44.952Z","runId":1,"level":"debug","phase":"write","tableName":"invoices","tableRunId":5,"status":"end","inserted":999,"updated":0,"skipped":0,"durationMs":3722}
{"timestamp":"2026-10-06T08:59:45.363Z","runId":1,"level":"debug","phase":"write","tableName":"invoices","tableRunId":5,"status":"start","batchSize":1000}
{"timestamp":"2026-10-06T08:59:49.198Z","runId":1,"level":"debug","phase":"write","tableName":"invoices","tableRunId":5,"status":"end","inserted":995,"updated":0,"skipped":0,"durationMs":3835}
{"timestamp":"2026-10-06T08:59:49.389Z","runId":1,"level":"debug","phase":"write","tableName":"invoices","tableRunId":5,"status":"start","batchSize":1000}
{"timestamp":"2026-10-06T08:59:51.828Z","runId":1,"level":"info","phase":"preflight","action":"firebird_config_check","host":"localhost","port":3050,"database":"C:\\Autoneer\\data\\AUTONEER.FDB","user":"SYSDBA","passwordSet":true,"passwordLength":9,"passwordSource":"state","useDefaultSysdbaMasterkey":true,"rawPasswordSet":true,"rawPasswordLength":9}
{"timestamp":"2026-10-06T08:59:51.888Z","runId":1,"level":"info","phase":"preflight","attempt":1,"status":"ok"}
{"timestamp":"2026-10-06T08:59:51.888Z","runId":1,"level":"debug","phase":"keepalive","status":"ok"}
{"timestamp":"2026-10-06T08:59:53.538Z","runId":1,"level":"debug","phase":"write","tableName":"invoices","tableRunId":5,"status":"end","inserted":982,"updated":0,"skipped":0,"durationMs":4149}
{"timestamp":"2026-10-06T08:59:53.946Z","runId":1,"level":"debug","phase":"write","tableName":"invoices","tableRunId":5,"status":"start","batchSize":1000}
{"timestamp":"2026-10-06T08:59:57.552Z","runId":1,"level":"debug","phase":"write","tableName":"invoices","tableRunId":5,"status":"end","inserted":989,"updated":0,"skipped":0,"durationMs":3606}
{"timestamp":"2026-10-06T08:59:57.957Z","runId":1,"level":"debug","phase":"write","tableName":"invoices","tableRunId":5,"status":"start","batchSize":1000}
{"timestamp":"2026-10-06T09:00:01.461Z","runId":1,"level":"debug","phase":"write","tableName":"invoices","tableRunId":5,"status":"end","inserted":985,"updated":0,"skipped":0,"durationMs":3504}
{"timestamp":"2026-10-06T09:00:01.895Z","runId":1,"level":"debug","phase":"write","tableName":"invoices","tableRunId":5,"status":"start","batchSize":1000}
{"timestamp":"2026-10-06T09:00:05.647Z","runId":1,"level":"debug","phase":"write","tableName":"invoices","tableRunId":5,"status":"end","inserted":979,"updated":0,"skipped":0,"durationMs":3752}
{"timestamp":"2026-10-06T09:00:06.057Z","runId":1,"level":"debug","phase":"write","tableName":"invoices","tableRunId":5,"status":"start","batchSize":1000}
{"timestamp":"2026-10-06T09:00:09.802Z","runId":1,"level":"debug","phase":"write","tableName":"invoices","tableRunId":5,"status":"end","inserted":989,"updated":0,"skipped":0,"durationMs":3745}
{"timestamp":"2026-10-06T09:00:10.228Z","runId":1,"level":"debug","phase":"write","tableName":"invoices","tableRunId":5,"status":"start","batchSize":1000}
{"timestamp":"2026-10-06T09:00:11.824Z","runId":1,"level":"info","phase":"preflight","action":"firebird_config_check","host":"localhost","port":3050,"database":"C:\\Autoneer\\data\\AUTONEER.FDB","user":"SYSDBA","passwordSet":true,"passwordLength":9,"passwordSource":"state","useDefaultSysdbaMasterkey":true,"rawPasswordSet":true,"rawPasswordLength":9}
{"timestamp":"2026-10-06T09:00:11.863Z","runId":1,"level":"info","phase":"preflight","attempt":1,"status":"ok"}
{"timestamp":"2026-10-06T09:00:11.863Z","runId":1,"level":"debug","phase":"keepalive","status":"ok"}
{"timestamp":"2026-10-06T09:00:14.563Z","runId":1,"level":"debug","phase":"write","tableName":"invoices","tableRunId":5,"status":"end","inserted":971,"updated":0,"skipped":0,"durationMs":4335}
{"timestamp":"2026-10-06T09:00:15.041Z","runId":1,"level":"debug","phase":"write","tableName":"invoices","tableRunId":5,"status":"start","batchSize":1000}
{"timestamp":"2026-10-06T09:00:19.169Z","runId":1,"level":"debug","phase":"write","tableName":"invoices","tableRunId":5,"status":"end","inserted":992,"updated":0,"skipped":0,"durationMs":4128}
{"timestamp":"2026-10-06T09:00:19.625Z","runId":1,"level":"debug","phase":"write","tableName":"invoices","tableRunId":5,"status":"start","batchSize":1000}
{"timestamp":"2026-10-06T09:00:23.379Z","runId":1,"level":"debug","phase":"write","tableName":"invoices","tableRunId":5,"status":"end","inserted":992,"updated":0,"skipped":0,"durationMs":3754}
{"timestamp":"2026-10-06T09:00:23.793Z","runId":1,"level":"debug","phase":"write","tableName":"invoices","tableRunId":5,"status":"start","batchSize":1000}
{"timestamp":"2026-10-06T09:00:27.362Z","runId":1,"level":"debug","phase":"write","tableName":"invoices","tableRunId":5,"status":"end","inserted":983,"updated":0,"skipped":0,"durationMs":3569}
{"timestamp":"2026-10-06T09:00:27.776Z","runId":1,"level":"debug","phase":"write","tableName":"invoices","tableRunId":5,"status":"start","batchSize":1000}
{"timestamp":"2026-10-06T09:00:31.368Z","runId":1,"level":"debug","phase":"write","tableName":"invoices","tableRunId":5,"status":"end","inserted":983,"updated":0,"skipped":0,"durationMs":3592}
{"timestamp":"2026-10-06T09:00:31.781Z","runId":1,"level":"debug","phase":"write","tableName":"invoices","tableRunId":5,"status":"start","batchSize":1000}
{"timestamp":"2026-10-06T09:00:31.838Z","runId":1,"level":"info","phase":"preflight","action":"firebird_config_check","host":"localhost","port":3050,"database":"C:\\Autoneer\\data\\AUTONEER.FDB","user":"SYSDBA","passwordSet":true,"passwordLength":9,"passwordSource":"state","useDefaultSysdbaMasterkey":true,"rawPasswordSet":true,"rawPasswordLength":9}
{"timestamp":"2026-10-06T09:00:32.650Z","runId":1,"level":"info","phase":"preflight","attempt":1,"status":"ok"}
{"timestamp":"2026-10-06T09:00:32.650Z","runId":1,"level":"debug","phase":"keepalive","status":"ok"}
{"timestamp":"2026-10-06T09:00:35.359Z","runId":1,"level":"debug","phase":"write","tableName":"invoices","tableRunId":5,"status":"end","inserted":990,"updated":0,"skipped":0,"durationMs":3578}
{"timestamp":"2026-10-06T09:00:35.806Z","runId":1,"level":"debug","phase":"write","tableName":"invoices","tableRunId":5,"status":"start","batchSize":1000}
{"timestamp":"2026-10-06T09:00:40.257Z","runId":1,"level":"debug","phase":"write","tableName":"invoices","tableRunId":5,"status":"end","inserted":978,"updated":0,"skipped":0,"durationMs":4451}
{"timestamp":"2026-10-06T09:00:40.719Z","runId":1,"level":"debug","phase":"write","tableName":"invoices","tableRunId":5,"status":"start","batchSize":1000}
{"timestamp":"2026-10-06T09:00:45.383Z","runId":1,"level":"debug","phase":"write","tableName":"invoices","tableRunId":5,"status":"end","inserted":985,"updated":0,"skipped":0,"durationMs":4664}
{"timestamp":"2026-10-06T09:00:45.853Z","runId":1,"level":"debug","phase":"write","tableName":"invoices","tableRunId":5,"status":"start","batchSize":1000}
{"timestamp":"2026-10-06T09:00:49.492Z","runId":1,"level":"debug","phase":"write","tableName":"invoices","tableRunId":5,"status":"end","inserted":986,"updated":0,"skipped":0,"durationMs":3639}
{"timestamp":"2026-10-06T09:00:49.930Z","runId":1,"level":"debug","phase":"write","tableName":"invoices","tableRunId":5,"status":"start","batchSize":1000}
{"timestamp":"2026-10-06T09:00:51.838Z","runId":1,"level":"info","phase":"preflight","action":"firebird_config_check","host":"localhost","port":3050,"database":"C:\\Autoneer\\data\\AUTONEER.FDB","user":"SYSDBA","passwordSet":true,"passwordLength":9,"passwordSource":"state","useDefaultSysdbaMasterkey":true,"rawPasswordSet":true,"rawPasswordLength":9}
{"timestamp":"2026-10-06T09:00:51.891Z","runId":1,"level":"info","phase":"preflight","attempt":1,"status":"ok"}
{"timestamp":"2026-10-06T09:00:51.891Z","runId":1,"level":"debug","phase":"keepalive","status":"ok"}
{"timestamp":"2026-10-06T09:00:53.636Z","runId":1,"level":"debug","phase":"write","tableName":"invoices","tableRunId":5,"status":"end","inserted":985,"updated":0,"skipped":0,"durationMs":3706}
{"timestamp":"2026-10-06T09:00:54.085Z","runId":1,"level":"debug","phase":"write","tableName":"invoices","tableRunId":5,"status":"start","batchSize":1000}
{"timestamp":"2026-10-06T09:00:54.205Z","runId":1,"level":"debug","phase":"write","tableName":"invoices","tableRunId":5,"status":"end","inserted":1000,"updated":0,"skipped":0,"durationMs":120}
{"timestamp":"2026-10-06T09:00:54.611Z","runId":1,"level":"debug","phase":"write","tableName":"invoices","tableRunId":5,"status":"start","batchSize":1000}
{"timestamp":"2026-10-06T09:00:54.713Z","runId":1,"level":"debug","phase":"write","tableName":"invoices","tableRunId":5,"status":"end","inserted":1000,"updated":0,"skipped":0,"durationMs":102}
{"timestamp":"2026-10-06T09:00:55.146Z","runId":1,"level":"debug","phase":"write","tableName":"invoices","tableRunId":5,"status":"start","batchSize":1000}
{"timestamp":"2026-10-06T09:00:55.273Z","runId":1,"level":"debug","phase":"write","tableName":"invoices","tableRunId":5,"status":"end","inserted":1000,"updated":0,"skipped":0,"durationMs":127}
{"timestamp":"2026-10-06T09:00:55.720Z","runId":1,"level":"debug","phase":"write","tableName":"invoices","tableRunId":5,"status":"start","batchSize":1000}
{"timestamp":"2026-10-06T09:00:57.693Z","runId":1,"level":"error","phase":"row_error","tableName":"invoices","sourcePk":26305,"rowOffset":25459,"error":"Duplicate entry '32502' for key 'invoices.uq_invoices_active_job'","hint":"Check that legacy SPLITNR values populate is_split_invoice. For non-split conflicts, review which invoice remains active and how the others should be classified. Preserve invoice numbers and job links; do not bypass this by skipping duplicates, re-keying invoices, or marking every imported invoice historical."}
{"timestamp":"2026-10-06T09:00:59.900Z","runId":1,"level":"debug","phase":"write","tableName":"invoices","tableRunId":5,"status":"end","inserted":999,"updated":0,"skipped":0,"durationMs":4180}
{"timestamp":"2026-10-06T09:01:00.383Z","runId":1,"level":"debug","phase":"write","tableName":"invoices","tableRunId":5,"status":"start","batchSize":1000}
{"timestamp":"2026-10-06T09:01:00.496Z","runId":1,"level":"debug","phase":"write","tableName":"invoices","tableRunId":5,"status":"end","inserted":1000,"updated":0,"skipped":0,"durationMs":113}
{"timestamp":"2026-10-06T09:01:00.965Z","runId":1,"level":"debug","phase":"write","tableName":"invoices","tableRunId":5,"status":"start","batchSize":1000}
{"timestamp":"2026-10-06T09:01:01.102Z","runId":1,"level":"debug","phase":"write","tableName":"invoices","tableRunId":5,"status":"end","inserted":1000,"updated":0,"skipped":0,"durationMs":137}
{"timestamp":"2026-10-06T09:01:01.561Z","runId":1,"level":"debug","phase":"write","tableName":"invoices","tableRunId":5,"status":"start","batchSize":1000}
{"timestamp":"2026-10-06T09:01:01.669Z","runId":1,"level":"debug","phase":"write","tableName":"invoices","tableRunId":5,"status":"end","inserted":1000,"updated":0,"skipped":0,"durationMs":108}
{"timestamp":"2026-10-06T09:01:02.116Z","runId":1,"level":"debug","phase":"write","tableName":"invoices","tableRunId":5,"status":"start","batchSize":1000}
{"timestamp":"2026-10-06T09:01:06.373Z","runId":1,"level":"debug","phase":"write","tableName":"invoices","tableRunId":5,"status":"end","inserted":999,"updated":0,"skipped":0,"durationMs":4257}
{"timestamp":"2026-10-06T09:01:06.820Z","runId":1,"level":"debug","phase":"write","tableName":"invoices","tableRunId":5,"status":"start","batchSize":1000}
{"timestamp":"2026-10-06T09:01:06.935Z","runId":1,"level":"debug","phase":"write","tableName":"invoices","tableRunId":5,"status":"end","inserted":1000,"updated":0,"skipped":0,"durationMs":115}
{"timestamp":"2026-10-06T09:01:07.296Z","runId":1,"level":"debug","phase":"write","tableName":"invoices","tableRunId":5,"status":"start","batchSize":1000}
{"timestamp":"2026-10-06T09:01:07.390Z","runId":1,"level":"debug","phase":"write","tableName":"invoices","tableRunId":5,"status":"end","inserted":1000,"updated":0,"skipped":0,"durationMs":94}
{"timestamp":"2026-10-06T09:01:07.868Z","runId":1,"level":"debug","phase":"write","tableName":"invoices","tableRunId":5,"status":"start","batchSize":1000}
{"timestamp":"2026-10-06T09:01:07.977Z","runId":1,"level":"debug","phase":"write","tableName":"invoices","tableRunId":5,"status":"end","inserted":1000,"updated":0,"skipped":0,"durationMs":109}
{"timestamp":"2026-10-06T09:01:08.414Z","runId":1,"level":"debug","phase":"write","tableName":"invoices","tableRunId":5,"status":"start","batchSize":1000}
{"timestamp":"2026-10-06T09:01:08.519Z","runId":1,"level":"debug","phase":"write","tableName":"invoices","tableRunId":5,"status":"end","inserted":1000,"updated":0,"skipped":0,"durationMs":105}
{"timestamp":"2026-10-06T09:01:08.956Z","runId":1,"level":"debug","phase":"write","tableName":"invoices","tableRunId":5,"status":"start","batchSize":1000}
{"timestamp":"2026-10-06T09:01:09.085Z","runId":1,"level":"debug","phase":"write","tableName":"invoices","tableRunId":5,"status":"end","inserted":1000,"updated":0,"skipped":0,"durationMs":129}
{"timestamp":"2026-10-06T09:01:09.503Z","runId":1,"level":"debug","phase":"write","tableName":"invoices","tableRunId":5,"status":"start","batchSize":1000}
{"timestamp":"2026-10-06T09:01:11.844Z","runId":1,"level":"info","phase":"preflight","action":"firebird_config_check","host":"localhost","port":3050,"database":"C:\\Autoneer\\data\\AUTONEER.FDB","user":"SYSDBA","passwordSet":true,"passwordLength":9,"passwordSource":"state","useDefaultSysdbaMasterkey":true,"rawPasswordSet":true,"rawPasswordLength":9}
{"timestamp":"2026-10-06T09:01:11.884Z","runId":1,"level":"info","phase":"preflight","attempt":1,"status":"ok"}
{"timestamp":"2026-10-06T09:01:11.884Z","runId":1,"level":"debug","phase":"keepalive","status":"ok"}
{"timestamp":"2026-10-06T09:01:13.496Z","runId":1,"level":"error","phase":"row_error","tableName":"invoices","sourcePk":31080,"rowOffset":35966,"error":"Duplicate entry '43961' for key 'invoices.uq_invoices_active_job'","hint":"Check that legacy SPLITNR values populate is_split_invoice. For non-split conflicts, review which invoice remains active and how the others should be classified. Preserve invoice numbers and job links; do not bypass this by skipping duplicates, re-keying invoices, or marking every imported invoice historical."}
{"timestamp":"2026-10-06T09:01:13.620Z","runId":1,"level":"debug","phase":"write","tableName":"invoices","tableRunId":5,"status":"end","inserted":998,"updated":0,"skipped":0,"durationMs":4117}
{"timestamp":"2026-10-06T09:01:14.050Z","runId":1,"level":"debug","phase":"write","tableName":"invoices","tableRunId":5,"status":"start","batchSize":1000}
{"timestamp":"2026-10-06T09:01:14.187Z","runId":1,"level":"debug","phase":"write","tableName":"invoices","tableRunId":5,"status":"end","inserted":1000,"updated":0,"skipped":0,"durationMs":137}
{"timestamp":"2026-10-06T09:01:14.620Z","runId":1,"level":"debug","phase":"write","tableName":"invoices","tableRunId":5,"status":"start","batchSize":1000}
{"timestamp":"2026-10-06T09:01:14.719Z","runId":1,"level":"debug","phase":"write","tableName":"invoices","tableRunId":5,"status":"end","inserted":1000,"updated":0,"skipped":0,"durationMs":99}
{"timestamp":"2026-10-06T09:01:15.201Z","runId":1,"level":"debug","phase":"write","tableName":"invoices","tableRunId":5,"status":"start","batchSize":1000}
{"timestamp":"2026-10-06T09:01:15.307Z","runId":1,"level":"debug","phase":"write","tableName":"invoices","tableRunId":5,"status":"end","inserted":1000,"updated":0,"skipped":0,"durationMs":106}
{"timestamp":"2026-10-06T09:01:15.767Z","runId":1,"level":"debug","phase":"write","tableName":"invoices","tableRunId":5,"status":"start","batchSize":1000}
{"timestamp":"2026-10-06T09:01:15.881Z","runId":1,"level":"debug","phase":"write","tableName":"invoices","tableRunId":5,"status":"end","inserted":1000,"updated":0,"skipped":0,"durationMs":114}
{"timestamp":"2026-10-06T09:01:16.312Z","runId":1,"level":"debug","phase":"write","tableName":"invoices","tableRunId":5,"status":"start","batchSize":1000}
{"timestamp":"2026-10-06T09:01:16.411Z","runId":1,"level":"debug","phase":"write","tableName":"invoices","tableRunId":5,"status":"end","inserted":1000,"updated":0,"skipped":0,"durationMs":99}
{"timestamp":"2026-10-06T09:01:16.848Z","runId":1,"level":"debug","phase":"write","tableName":"invoices","tableRunId":5,"status":"start","batchSize":1000}
{"timestamp":"2026-10-06T09:01:16.972Z","runId":1,"level":"debug","phase":"write","tableName":"invoices","tableRunId":5,"status":"end","inserted":1000,"updated":0,"skipped":0,"durationMs":124}
{"timestamp":"2026-10-06T09:01:17.437Z","runId":1,"level":"debug","phase":"write","tableName":"invoices","tableRunId":5,"status":"start","batchSize":1000}
{"timestamp":"2026-10-06T09:01:17.541Z","runId":1,"level":"debug","phase":"write","tableName":"invoices","tableRunId":5,"status":"end","inserted":1000,"updated":0,"skipped":0,"durationMs":104}
{"timestamp":"2026-10-06T09:01:17.977Z","runId":1,"level":"debug","phase":"write","tableName":"invoices","tableRunId":5,"status":"start","batchSize":1000}
{"timestamp":"2026-10-06T09:01:18.079Z","runId":1,"level":"debug","phase":"write","tableName":"invoices","tableRunId":5,"status":"end","inserted":1000,"updated":0,"skipped":0,"durationMs":102}
{"timestamp":"2026-10-06T09:01:18.550Z","runId":1,"level":"debug","phase":"write","tableName":"invoices","tableRunId":5,"status":"start","batchSize":1000}
{"timestamp":"2026-10-06T09:01:18.648Z","runId":1,"level":"debug","phase":"write","tableName":"invoices","tableRunId":5,"status":"end","inserted":1000,"updated":0,"skipped":0,"durationMs":98}
{"timestamp":"2026-10-06T09:01:19.117Z","runId":1,"level":"debug","phase":"write","tableName":"invoices","tableRunId":5,"status":"start","batchSize":1000}
{"timestamp":"2026-10-06T09:01:19.238Z","runId":1,"level":"debug","phase":"write","tableName":"invoices","tableRunId":5,"status":"end","inserted":1000,"updated":0,"skipped":0,"durationMs":121}
{"timestamp":"2026-10-06T09:01:19.677Z","runId":1,"level":"debug","phase":"write","tableName":"invoices","tableRunId":5,"status":"start","batchSize":1000}
{"timestamp":"2026-10-06T09:01:19.788Z","runId":1,"level":"debug","phase":"write","tableName":"invoices","tableRunId":5,"status":"end","inserted":1000,"updated":0,"skipped":0,"durationMs":111}
{"timestamp":"2026-10-06T09:01:20.215Z","runId":1,"level":"debug","phase":"write","tableName":"invoices","tableRunId":5,"status":"start","batchSize":1000}
{"timestamp":"2026-10-06T09:01:20.298Z","runId":1,"level":"debug","phase":"write","tableName":"invoices","tableRunId":5,"status":"end","inserted":1000,"updated":0,"skipped":0,"durationMs":83}
{"timestamp":"2026-10-06T09:01:20.751Z","runId":1,"level":"debug","phase":"write","tableName":"invoices","tableRunId":5,"status":"start","batchSize":1000}
{"timestamp":"2026-10-06T09:01:20.857Z","runId":1,"level":"debug","phase":"write","tableName":"invoices","tableRunId":5,"status":"end","inserted":1000,"updated":0,"skipped":0,"durationMs":106}
{"timestamp":"2026-10-06T09:01:21.332Z","runId":1,"level":"debug","phase":"write","tableName":"invoices","tableRunId":5,"status":"start","batchSize":1000}
{"timestamp":"2026-10-06T09:01:21.429Z","runId":1,"level":"debug","phase":"write","tableName":"invoices","tableRunId":5,"status":"end","inserted":1000,"updated":0,"skipped":0,"durationMs":97}
{"timestamp":"2026-10-06T09:01:21.895Z","runId":1,"level":"debug","phase":"write","tableName":"invoices","tableRunId":5,"status":"start","batchSize":1000}
{"timestamp":"2026-10-06T09:01:21.996Z","runId":1,"level":"debug","phase":"write","tableName":"invoices","tableRunId":5,"status":"end","inserted":1000,"updated":0,"skipped":0,"durationMs":101}
{"timestamp":"2026-10-06T09:01:22.490Z","runId":1,"level":"debug","phase":"write","tableName":"invoices","tableRunId":5,"status":"start","batchSize":1000}
{"timestamp":"2026-10-06T09:01:26.202Z","runId":1,"level":"debug","phase":"write","tableName":"invoices","tableRunId":5,"status":"end","inserted":981,"updated":0,"skipped":0,"durationMs":3712}
{"timestamp":"2026-10-06T09:01:26.671Z","runId":1,"level":"debug","phase":"write","tableName":"invoices","tableRunId":5,"status":"start","batchSize":1000}
{"timestamp":"2026-10-06T09:01:31.137Z","runId":1,"level":"debug","phase":"write","tableName":"invoices","tableRunId":5,"status":"end","inserted":977,"updated":0,"skipped":0,"durationMs":4466}
{"timestamp":"2026-10-06T09:01:31.603Z","runId":1,"level":"debug","phase":"write","tableName":"invoices","tableRunId":5,"status":"start","batchSize":1000}
{"timestamp":"2026-10-06T09:01:31.844Z","runId":1,"level":"info","phase":"preflight","action":"firebird_config_check","host":"localhost","port":3050,"database":"C:\\Autoneer\\data\\AUTONEER.FDB","user":"SYSDBA","passwordSet":true,"passwordLength":9,"passwordSource":"state","useDefaultSysdbaMasterkey":true,"rawPasswordSet":true,"rawPasswordLength":9}
{"timestamp":"2026-10-06T09:01:31.897Z","runId":1,"level":"info","phase":"preflight","attempt":1,"status":"ok"}
{"timestamp":"2026-10-06T09:01:31.897Z","runId":1,"level":"debug","phase":"keepalive","status":"ok"}
{"timestamp":"2026-10-06T09:01:35.913Z","runId":1,"level":"debug","phase":"write","tableName":"invoices","tableRunId":5,"status":"end","inserted":981,"updated":0,"skipped":0,"durationMs":4310}
{"timestamp":"2026-10-06T09:01:36.395Z","runId":1,"level":"debug","phase":"write","tableName":"invoices","tableRunId":5,"status":"start","batchSize":1000}
{"timestamp":"2026-10-06T09:01:40.426Z","runId":1,"level":"debug","phase":"write","tableName":"invoices","tableRunId":5,"status":"end","inserted":981,"updated":0,"skipped":0,"durationMs":4031}
{"timestamp":"2026-10-06T09:01:40.900Z","runId":1,"level":"debug","phase":"write","tableName":"invoices","tableRunId":5,"status":"start","batchSize":903}
{"timestamp":"2026-10-06T09:01:44.130Z","runId":1,"level":"debug","phase":"write","tableName":"invoices","tableRunId":5,"status":"end","inserted":889,"updated":0,"skipped":0,"durationMs":3230}
{"timestamp":"2026-10-06T09:01:44.136Z","runId":1,"level":"error","phase":"row_error_summary","tableName":"invoices","errors":360,"causes":[{"message":"Duplicate entry '0' for key 'invoices.uq_invoices_active_job'","count":358,"code":"INVOICE_ACTIVE_JOB_CONFLICT","constraint":"invoices.uq_invoices_active_job","value":"0","column":"job_number","reason":"Legacy invoices with job number 0 are being treated as active invoices for the same job. The target allows only one active invoice per job.","action":"If job number 0 means no job, exclude that sentinel from the target job_number_active key while retaining the unique rule for real jobs. Preserve invoice numbers and job links; do not bypass this by skipping duplicates, re-keying invoices, or marking every imported invoice historical."},{"message":"Duplicate entry '32502' for key 'invoices.uq_invoices_active_job'","count":1,"code":"INVOICE_ACTIVE_JOB_CONFLICT","constraint":"invoices.uq_invoices_active_job","value":"32502","column":"job_number","reason":"More than one invoice is being treated as active for job 32502. The target allows only one active invoice per job.","action":"Check that legacy SPLITNR values populate is_split_invoice. For non-split conflicts, review which invoice remains active and how the others should be classified. Preserve invoice numbers and job links; do not bypass this by skipping duplicates, re-keying invoices, or marking every imported invoice historical."},{"message":"Duplicate entry '43961' for key 'invoices.uq_invoices_active_job'","count":1,"code":"INVOICE_ACTIVE_JOB_CONFLICT","constraint":"invoices.uq_invoices_active_job","value":"43961","column":"job_number","reason":"More than one invoice is being treated as active for job 43961. The target allows only one active invoice per job.","action":"Check that legacy SPLITNR values populate is_split_invoice. For non-split conflicts, review which invoice remains active and how the others should be classified. Preserve invoice numbers and job links; do not bypass this by skipping duplicates, re-keying invoices, or marking every imported invoice historical."}]}
{"timestamp":"2026-10-06T09:01:44.140Z","runId":1,"level":"error","phase":"table_finalize","tableName":"invoices","tableRunId":5,"status":"failed","errors":360,"error":"Table invoices failed with 360 row errors. 358 × Duplicate entry '0' for key 'invoices.uq_invoices_active_job'; 1 × Duplicate entry '32502' for key 'invoices.uq_invoices_active_job'; 1 × Duplicate entry '43961' for key 'invoices.uq_invoices_active_job'","hint":"If job number 0 means no job, exclude that sentinel from the target job_number_active key while retaining the unique rule for real jobs. Preserve invoice numbers and job links; do not bypass this by skipping duplicates, re-keying invoices, or marking every imported invoice historical."}
{"timestamp":"2026-10-06T09:01:44.145Z","runId":1,"level":"error","phase":"run_finalize","status":"failed","error":"Table invoices failed with 360 row errors. 358 × Duplicate entry '0' for key 'invoices.uq_invoices_active_job'; 1 × Duplicate entry '32502' for key 'invoices.uq_invoices_active_job'; 1 × Duplicate entry '43961' for key 'invoices.uq_invoices_active_job'"}
