{"timestamp":"2026-07-30T11:57:32.695Z","runId":10,"level":"info","phase":"run_start","dryRun":false,"batchSize":10000,"fkChecks":true,"tables":[{"table":"BANKS","mode":"INSERT","keyStrategy":"preserve","dedupeKeys":[],"onDuplicate":"SKIP","cleanBefore":false},{"table":"STAFF","mode":"INSERT","keyStrategy":"preserve","dedupeKeys":[],"onDuplicate":"SKIP","cleanBefore":false},{"table":"STOCK","mode":"INSERT","keyStrategy":"preserve","dedupeKeys":[],"onDuplicate":"SKIP","cleanBefore":false},{"table":"ACCOUNTS","mode":"INSERT","keyStrategy":"preserve","dedupeKeys":[],"onDuplicate":"SKIP","cleanBefore":false},{"table":"INVOICES","mode":"INSERT","keyStrategy":"preserve","dedupeKeys":[],"onDuplicate":"SKIP","cleanBefore":false},{"table":"LOCATION","mode":"INSERT","keyStrategy":"preserve","dedupeKeys":[],"onDuplicate":"SKIP","cleanBefore":false},{"table":"PAYMENTS","mode":"INSERT","keyStrategy":"preserve","dedupeKeys":[],"onDuplicate":"SKIP","cleanBefore":false},{"table":"ACC_CLASS","mode":"INSERT","keyStrategy":"preserve","dedupeKeys":[],"onDuplicate":"SKIP","cleanBefore":false},{"table":"CUSTOMERS","mode":"INSERT","keyStrategy":"preserve","dedupeKeys":[],"onDuplicate":"SKIP","cleanBefore":false},{"table":"SUPPLIERS","mode":"INSERT","keyStrategy":"preserve","dedupeKeys":[],"onDuplicate":"SKIP","cleanBefore":false},{"table":"WORK_DONE","mode":"INSERT","keyStrategy":"preserve","dedupeKeys":[],"onDuplicate":"SKIP","cleanBefore":false},{"table":"WIP_STATUS","mode":"INSERT","keyStrategy":"preserve","dedupeKeys":[],"onDuplicate":"SKIP","cleanBefore":false},{"table":"SPARES_USED","mode":"INSERT","keyStrategy":"preserve","dedupeKeys":[],"onDuplicate":"SKIP","cleanBefore":false},{"table":"CREDIT_NOTES","mode":"INSERT","keyStrategy":"preserve","dedupeKeys":[],"onDuplicate":"SKIP","cleanBefore":false},{"table":"INVOICE_ITEMS","mode":"INSERT","keyStrategy":"preserve","dedupeKeys":[],"onDuplicate":"SKIP","cleanBefore":false},{"table":"ACC_DEPARTMENT","mode":"INSERT","keyStrategy":"preserve","dedupeKeys":[],"onDuplicate":"SKIP","cleanBefore":false},{"table":"LABOUR_PRICING","mode":"INSERT","keyStrategy":"preserve","dedupeKeys":[],"onDuplicate":"SKIP","cleanBefore":false},{"table":"INVOICE_GENERAL","mode":"INSERT","keyStrategy":"preserve","dedupeKeys":[],"onDuplicate":"SKIP","cleanBefore":false},{"table":"JOB_INFORMATION","mode":"INSERT","keyStrategy":"preserve","dedupeKeys":[],"onDuplicate":"SKIP","cleanBefore":false},{"table":"INVOICES_SUPPLIER","mode":"INSERT","keyStrategy":"preserve","dedupeKeys":[],"onDuplicate":"SKIP","cleanBefore":false},{"table":"PAYMENTS_SUPPLIERS","mode":"INSERT","keyStrategy":"preserve","dedupeKeys":[],"onDuplicate":"SKIP","cleanBefore":false},{"table":"CREDIT_NOTES_SUPPLIER","mode":"INSERT","keyStrategy":"preserve","dedupeKeys":[],"onDuplicate":"SKIP","cleanBefore":false}]}
{"timestamp":"2026-07-30T11:57:32.696Z","runId":10,"level":"info","phase":"preflight","action":"firebird_config_check","host":"localhost","port":3050,"database":"C:\\Autoneer\\data\\AUTONEER.FDB","user":"SYSDBA","passwordSet":true,"passwordLength":9,"passwordSource":"state","useDefaultSysdbaMasterkey":true,"rawPasswordSet":true,"rawPasswordLength":9}
{"timestamp":"2026-07-30T11:57:32.776Z","runId":10,"level":"info","phase":"preflight","attempt":1,"status":"ok"}
{"timestamp":"2026-07-30T11:57:32.777Z","runId":10,"level":"debug","phase":"preflight","durationMs":81}
{"timestamp":"2026-07-30T11:57:32.777Z","runId":10,"level":"info","phase":"preflight","action":"nullability_validation","status":"start"}
{"timestamp":"2026-07-30T11:57:32.811Z","runId":10,"level":"info","phase":"preflight","action":"nullability_validation","status":"passed"}
{"timestamp":"2026-07-30T11:57:32.812Z","runId":10,"level":"info","phase":"preflight","action":"gl_account_types_seed","status":"start"}
{"timestamp":"2026-07-30T11:57:32.821Z","runId":10,"level":"info","phase":"preflight","action":"gl_account_types_seed","status":"passed"}
{"timestamp":"2026-07-30T11:57:33.564Z","runId":10,"level":"info","phase":"preflight","action":"accnr_conversion_map","source":"firebird","sourceTable":"ACCOUNTS","count":88}
{"timestamp":"2026-07-30T11:57:33.565Z","runId":10,"level":"debug","phase":"table_loop","action":"starting","includedCount":22,"mappingTableCount":22}
{"timestamp":"2026-07-30T11:57:33.565Z","runId":10,"level":"warn","phase":"plan_migrate","table":"invoices","action":"enforce_invoice_identity","requested":{"mode":"INSERT","keyStrategy":"preserve","onDuplicate":"SKIP"},"applied":{"mode":"INSERT","keyStrategy":"preserve","onDuplicate":"ERROR"}}
{"timestamp":"2026-07-30T11:57:33.566Z","runId":10,"level":"info","phase":"table_loop","action":"normalized_tables","sampleTables":["BANKS","STAFF","STOCK","ACCOUNTS","INVOICES"]}
{"timestamp":"2026-07-30T11:57:33.566Z","runId":10,"level":"debug","phase":"table_loop","action":"processing","tableName":"banks","mappingTableKeys":["BANKS","CNOTE","STAFF","STOCK","PRICING"]}
{"timestamp":"2026-07-30T11:57:33.566Z","runId":10,"level":"debug","phase":"table_loop","action":"mapping_resolved","tableName":"banks","hasMappingEntry":true,"mappingTarget":"BANKS"}
{"timestamp":"2026-07-30T11:57:33.566Z","runId":10,"level":"debug","phase":"mapping_debug","tableName":"banks","mappedSource":"BANKS","firebirdTableCount":192,"sampleFirebirdTables":["ACCCLASS","ACCDEPARTMENT","ACCOUNTLINKS","ACCOUNTS","ACCOUNT_OPENING"]}
{"timestamp":"2026-07-30T11:57:33.731Z","runId":10,"level":"debug","phase":"clean_decision","tableName":"banks","cleanBefore":false,"dryRun":false,"mode":"INSERT"}
{"timestamp":"2026-07-30T11:57:33.731Z","runId":10,"level":"info","phase":"table_start","tableName":"banks","tableRunId":159,"mode":"INSERT","keyStrategy":"preserve","dedupeKeys":[]}
{"timestamp":"2026-07-30T11:57:33.744Z","runId":10,"level":"info","phase":"fetch","tableName":"banks","tableRunId":159,"sourceRows":1,"dateFilter":null}
{"timestamp":"2026-07-30T11:57:33.749Z","runId":10,"level":"debug","phase":"write","tableName":"banks","tableRunId":159,"status":"start","batchSize":1}
{"timestamp":"2026-07-30T11:57:33.755Z","runId":10,"level":"debug","phase":"write","tableName":"banks","tableRunId":159,"status":"end","inserted":1,"updated":0,"skipped":0,"durationMs":6}
{"timestamp":"2026-07-30T11:57:33.773Z","runId":10,"level":"info","phase":"table_finalize","tableName":"banks","tableRunId":159,"status":"success","inserted":1,"updated":0,"skipped":0,"errors":0,"durationMs":34}
{"timestamp":"2026-07-30T11:57:33.774Z","runId":10,"level":"debug","phase":"table_loop","action":"processing","tableName":"staff","mappingTableKeys":["BANKS","CNOTE","STAFF","STOCK","PRICING"]}
{"timestamp":"2026-07-30T11:57:33.774Z","runId":10,"level":"debug","phase":"table_loop","action":"mapping_resolved","tableName":"staff","hasMappingEntry":true,"mappingTarget":"STAFF"}
{"timestamp":"2026-07-30T11:57:33.774Z","runId":10,"level":"debug","phase":"mapping_debug","tableName":"staff","mappedSource":"STAFF","firebirdTableCount":192,"sampleFirebirdTables":["ACCCLASS","ACCDEPARTMENT","ACCOUNTLINKS","ACCOUNTS","ACCOUNT_OPENING"]}
{"timestamp":"2026-07-30T11:57:33.923Z","runId":10,"level":"debug","phase":"clean_decision","tableName":"staff","cleanBefore":false,"dryRun":false,"mode":"INSERT"}
{"timestamp":"2026-07-30T11:57:33.923Z","runId":10,"level":"info","phase":"table_start","tableName":"staff","tableRunId":160,"mode":"INSERT","keyStrategy":"preserve","dedupeKeys":[]}
{"timestamp":"2026-07-30T11:57:33.929Z","runId":10,"level":"info","phase":"fetch","tableName":"staff","tableRunId":160,"sourceRows":7,"dateFilter":null}
{"timestamp":"2026-07-30T11:57:33.934Z","runId":10,"level":"debug","phase":"write","tableName":"staff","tableRunId":160,"status":"start","batchSize":7}
{"timestamp":"2026-07-30T11:57:33.939Z","runId":10,"level":"debug","phase":"write","tableName":"staff","tableRunId":160,"status":"end","inserted":7,"updated":0,"skipped":0,"durationMs":5}
{"timestamp":"2026-07-30T11:57:33.951Z","runId":10,"level":"info","phase":"table_finalize","tableName":"staff","tableRunId":160,"status":"success","inserted":7,"updated":0,"skipped":0,"errors":0,"durationMs":22}
{"timestamp":"2026-07-30T11:57:33.952Z","runId":10,"level":"debug","phase":"table_loop","action":"processing","tableName":"stock","mappingTableKeys":["BANKS","CNOTE","STAFF","STOCK","PRICING"]}
{"timestamp":"2026-07-30T11:57:33.952Z","runId":10,"level":"debug","phase":"table_loop","action":"mapping_resolved","tableName":"stock","hasMappingEntry":true,"mappingTarget":"STOCK"}
{"timestamp":"2026-07-30T11:57:33.952Z","runId":10,"level":"debug","phase":"mapping_debug","tableName":"stock","mappedSource":"STOCK","firebirdTableCount":192,"sampleFirebirdTables":["ACCCLASS","ACCDEPARTMENT","ACCOUNTLINKS","ACCOUNTS","ACCOUNT_OPENING"]}
{"timestamp":"2026-07-30T11:57:34.106Z","runId":10,"level":"debug","phase":"clean_decision","tableName":"stock","cleanBefore":false,"dryRun":false,"mode":"INSERT"}
{"timestamp":"2026-07-30T11:57:34.106Z","runId":10,"level":"info","phase":"table_start","tableName":"stock","tableRunId":161,"mode":"INSERT","keyStrategy":"preserve","dedupeKeys":[]}
{"timestamp":"2026-07-30T11:57:34.115Z","runId":10,"level":"info","phase":"fetch","tableName":"stock","tableRunId":161,"sourceRows":6477,"dateFilter":null}
{"timestamp":"2026-07-30T11:57:34.565Z","runId":10,"level":"debug","phase":"write","tableName":"stock","tableRunId":161,"status":"start","batchSize":6477}
{"timestamp":"2026-07-30T11:57:35.819Z","runId":10,"level":"debug","phase":"write","tableName":"stock","tableRunId":161,"status":"end","inserted":6477,"updated":0,"skipped":0,"durationMs":1254}
{"timestamp":"2026-07-30T11:57:35.835Z","runId":10,"level":"info","phase":"table_finalize","tableName":"stock","tableRunId":161,"status":"success","inserted":6477,"updated":0,"skipped":0,"errors":0,"durationMs":1722}
{"timestamp":"2026-07-30T11:57:35.836Z","runId":10,"level":"debug","phase":"table_loop","action":"processing","tableName":"accounts","mappingTableKeys":["BANKS","CNOTE","STAFF","STOCK","PRICING"]}
{"timestamp":"2026-07-30T11:57:35.836Z","runId":10,"level":"debug","phase":"table_loop","action":"mapping_resolved","tableName":"accounts","hasMappingEntry":true,"mappingTarget":"ACCOUNTS"}
{"timestamp":"2026-07-30T11:57:35.836Z","runId":10,"level":"debug","phase":"mapping_debug","tableName":"accounts","mappedSource":"ACCOUNTS","firebirdTableCount":192,"sampleFirebirdTables":["ACCCLASS","ACCDEPARTMENT","ACCOUNTLINKS","ACCOUNTS","ACCOUNT_OPENING"]}
{"timestamp":"2026-07-30T11:57:36.005Z","runId":10,"level":"debug","phase":"clean_decision","tableName":"accounts","cleanBefore":false,"dryRun":false,"mode":"INSERT"}
{"timestamp":"2026-07-30T11:57:36.005Z","runId":10,"level":"info","phase":"table_start","tableName":"accounts","tableRunId":162,"mode":"INSERT","keyStrategy":"preserve","dedupeKeys":[]}
{"timestamp":"2026-07-30T11:57:36.014Z","runId":10,"level":"info","phase":"fetch","tableName":"accounts","tableRunId":162,"sourceRows":106,"dateFilter":null}
{"timestamp":"2026-07-30T11:57:36.025Z","runId":10,"level":"debug","phase":"write","tableName":"accounts","tableRunId":162,"status":"start","batchSize":106}
{"timestamp":"2026-07-30T11:57:36.036Z","runId":10,"level":"debug","phase":"write","tableName":"accounts","tableRunId":162,"status":"end","inserted":80,"updated":0,"skipped":26,"durationMs":11}
{"timestamp":"2026-07-30T11:57:36.052Z","runId":10,"level":"info","phase":"table_finalize","tableName":"accounts","tableRunId":162,"status":"success","inserted":80,"updated":0,"skipped":26,"errors":0,"durationMs":40}
{"timestamp":"2026-07-30T11:57:36.052Z","runId":10,"level":"debug","phase":"table_loop","action":"processing","tableName":"invoices","mappingTableKeys":["BANKS","CNOTE","STAFF","STOCK","PRICING"]}
{"timestamp":"2026-07-30T11:57:36.052Z","runId":10,"level":"debug","phase":"table_loop","action":"mapping_resolved","tableName":"invoices","hasMappingEntry":true,"mappingTarget":"INVOICES"}
{"timestamp":"2026-07-30T11:57:36.052Z","runId":10,"level":"debug","phase":"mapping_debug","tableName":"invoices","mappedSource":"INVOICES","firebirdTableCount":192,"sampleFirebirdTables":["ACCCLASS","ACCDEPARTMENT","ACCOUNTLINKS","ACCOUNTS","ACCOUNT_OPENING"]}
{"timestamp":"2026-07-30T11:57:37.091Z","runId":10,"level":"info","phase":"preflight","tableName":"invoices","tableRunId":163,"action":"invoice_source_identity_policy","sourceColumn":"INV_NR","validInvoiceRows":5160,"onDuplicate":"ERROR"}
{"timestamp":"2026-07-30T11:57:37.091Z","runId":10,"level":"debug","phase":"clean_decision","tableName":"invoices","cleanBefore":false,"dryRun":false,"mode":"INSERT"}
{"timestamp":"2026-07-30T11:57:37.091Z","runId":10,"level":"info","phase":"table_start","tableName":"invoices","tableRunId":163,"mode":"INSERT","keyStrategy":"preserve","dedupeKeys":[]}
{"timestamp":"2026-07-30T11:57:37.101Z","runId":10,"level":"info","phase":"fetch","tableName":"invoices","tableRunId":163,"sourceRows":5160,"dateFilter":null}
{"timestamp":"2026-07-30T11:57:37.433Z","runId":10,"level":"debug","phase":"write","tableName":"invoices","tableRunId":163,"status":"start","batchSize":5160}
{"timestamp":"2026-07-30T11:57:38.376Z","runId":10,"level":"debug","phase":"write","tableName":"invoices","tableRunId":163,"status":"end","inserted":5160,"updated":0,"skipped":0,"durationMs":943}
{"timestamp":"2026-07-30T11:57:38.385Z","runId":10,"level":"info","phase":"post_validation","tableName":"invoices","tableRunId":163,"validation":"invoice_identity","status":"start"}
{"timestamp":"2026-07-30T11:57:38.455Z","runId":10,"level":"info","phase":"post_validation","tableName":"invoices","tableRunId":163,"validation":"invoice_identity","status":"passed","invoicesChecked":5160,"maximumInvoiceNr":5173}
{"timestamp":"2026-07-30T11:57:38.462Z","runId":10,"level":"info","phase":"table_finalize","tableName":"invoices","tableRunId":163,"status":"success","inserted":5160,"updated":0,"skipped":0,"errors":0,"durationMs":1364}
{"timestamp":"2026-07-30T11:57:38.463Z","runId":10,"level":"debug","phase":"table_loop","action":"processing","tableName":"location","mappingTableKeys":["BANKS","CNOTE","STAFF","STOCK","PRICING"]}
{"timestamp":"2026-07-30T11:57:38.463Z","runId":10,"level":"debug","phase":"table_loop","action":"mapping_resolved","tableName":"location","hasMappingEntry":true,"mappingTarget":"LOCATION"}
{"timestamp":"2026-07-30T11:57:38.463Z","runId":10,"level":"debug","phase":"mapping_debug","tableName":"location","mappedSource":"LOCATION","firebirdTableCount":192,"sampleFirebirdTables":["ACCCLASS","ACCDEPARTMENT","ACCOUNTLINKS","ACCOUNTS","ACCOUNT_OPENING"]}
{"timestamp":"2026-07-30T11:57:38.619Z","runId":10,"level":"debug","phase":"clean_decision","tableName":"location","cleanBefore":false,"dryRun":false,"mode":"INSERT"}
{"timestamp":"2026-07-30T11:57:38.619Z","runId":10,"level":"info","phase":"table_start","tableName":"location","tableRunId":164,"mode":"INSERT","keyStrategy":"preserve","dedupeKeys":[]}
{"timestamp":"2026-07-30T11:57:38.628Z","runId":10,"level":"info","phase":"fetch","tableName":"location","tableRunId":164,"sourceRows":16,"dateFilter":null}
{"timestamp":"2026-07-30T11:57:38.632Z","runId":10,"level":"debug","phase":"write","tableName":"location","tableRunId":164,"status":"start","batchSize":16}
{"timestamp":"2026-07-30T11:57:38.639Z","runId":10,"level":"debug","phase":"write","tableName":"location","tableRunId":164,"status":"end","inserted":11,"updated":0,"skipped":5,"durationMs":7}
{"timestamp":"2026-07-30T11:57:38.658Z","runId":10,"level":"info","phase":"table_finalize","tableName":"location","tableRunId":164,"status":"success","inserted":11,"updated":0,"skipped":5,"errors":0,"durationMs":30}
{"timestamp":"2026-07-30T11:57:38.659Z","runId":10,"level":"debug","phase":"table_loop","action":"processing","tableName":"payments","mappingTableKeys":["BANKS","CNOTE","STAFF","STOCK","PRICING"]}
{"timestamp":"2026-07-30T11:57:38.659Z","runId":10,"level":"debug","phase":"table_loop","action":"mapping_resolved","tableName":"payments","hasMappingEntry":true,"mappingTarget":"PAYMENTS"}
{"timestamp":"2026-07-30T11:57:38.659Z","runId":10,"level":"debug","phase":"mapping_debug","tableName":"payments","mappedSource":"PAYMENTS","firebirdTableCount":192,"sampleFirebirdTables":["ACCCLASS","ACCDEPARTMENT","ACCOUNTLINKS","ACCOUNTS","ACCOUNT_OPENING"]}
{"timestamp":"2026-07-30T11:57:38.816Z","runId":10,"level":"debug","phase":"clean_decision","tableName":"payments","cleanBefore":false,"dryRun":false,"mode":"INSERT"}
{"timestamp":"2026-07-30T11:57:38.816Z","runId":10,"level":"info","phase":"table_start","tableName":"payments","tableRunId":165,"mode":"INSERT","keyStrategy":"preserve","dedupeKeys":[]}
{"timestamp":"2026-07-30T11:57:38.825Z","runId":10,"level":"info","phase":"fetch","tableName":"payments","tableRunId":165,"sourceRows":5239,"dateFilter":null}
{"timestamp":"2026-07-30T11:57:38.994Z","runId":10,"level":"debug","phase":"write","tableName":"payments","tableRunId":165,"status":"start","batchSize":5239}
{"timestamp":"2026-07-30T11:57:39.331Z","runId":10,"level":"debug","phase":"write","tableName":"payments","tableRunId":165,"status":"end","inserted":5239,"updated":0,"skipped":0,"durationMs":337}
{"timestamp":"2026-07-30T11:57:39.347Z","runId":10,"level":"info","phase":"table_finalize","tableName":"payments","tableRunId":165,"status":"success","inserted":5239,"updated":0,"skipped":0,"errors":0,"durationMs":523}
{"timestamp":"2026-07-30T11:57:39.348Z","runId":10,"level":"debug","phase":"table_loop","action":"processing","tableName":"acc_class","mappingTableKeys":["BANKS","CNOTE","STAFF","STOCK","PRICING"]}
{"timestamp":"2026-07-30T11:57:39.348Z","runId":10,"level":"debug","phase":"table_loop","action":"mapping_resolved","tableName":"acc_class","hasMappingEntry":true,"mappingTarget":"ACC_CLASS"}
{"timestamp":"2026-07-30T11:57:39.348Z","runId":10,"level":"debug","phase":"mapping_debug","tableName":"acc_class","mappedSource":"ACCCLASS","firebirdTableCount":192,"sampleFirebirdTables":["ACCCLASS","ACCDEPARTMENT","ACCOUNTLINKS","ACCOUNTS","ACCOUNT_OPENING"]}
{"timestamp":"2026-07-30T11:57:40.167Z","runId":10,"level":"debug","phase":"clean_decision","tableName":"acc_class","cleanBefore":false,"dryRun":false,"mode":"INSERT"}
{"timestamp":"2026-07-30T11:57:40.167Z","runId":10,"level":"info","phase":"table_start","tableName":"acc_class","tableRunId":166,"mode":"INSERT","keyStrategy":"preserve","dedupeKeys":[]}
{"timestamp":"2026-07-30T11:57:40.175Z","runId":10,"level":"info","phase":"fetch","tableName":"acc_class","tableRunId":166,"sourceRows":7,"dateFilter":null}
{"timestamp":"2026-07-30T11:57:40.180Z","runId":10,"level":"debug","phase":"write","tableName":"acc_class","tableRunId":166,"status":"start","batchSize":7}
{"timestamp":"2026-07-30T11:57:40.187Z","runId":10,"level":"debug","phase":"write","tableName":"acc_class","tableRunId":166,"status":"end","inserted":7,"updated":0,"skipped":0,"durationMs":7}
{"timestamp":"2026-07-30T11:57:40.206Z","runId":10,"level":"info","phase":"table_finalize","tableName":"acc_class","tableRunId":166,"status":"success","inserted":7,"updated":0,"skipped":0,"errors":0,"durationMs":30}
{"timestamp":"2026-07-30T11:57:40.206Z","runId":10,"level":"debug","phase":"table_loop","action":"processing","tableName":"customers","mappingTableKeys":["BANKS","CNOTE","STAFF","STOCK","PRICING"]}
{"timestamp":"2026-07-30T11:57:40.207Z","runId":10,"level":"debug","phase":"table_loop","action":"mapping_resolved","tableName":"customers","hasMappingEntry":true,"mappingTarget":"CUSTOMERS"}
{"timestamp":"2026-07-30T11:57:40.207Z","runId":10,"level":"debug","phase":"mapping_debug","tableName":"customers","mappedSource":"CUSTOMER","firebirdTableCount":192,"sampleFirebirdTables":["ACCCLASS","ACCDEPARTMENT","ACCOUNTLINKS","ACCOUNTS","ACCOUNT_OPENING"]}
{"timestamp":"2026-07-30T11:57:40.365Z","runId":10,"level":"debug","phase":"clean_decision","tableName":"customers","cleanBefore":false,"dryRun":false,"mode":"INSERT"}
{"timestamp":"2026-07-30T11:57:40.365Z","runId":10,"level":"info","phase":"table_start","tableName":"customers","tableRunId":167,"mode":"INSERT","keyStrategy":"preserve","dedupeKeys":[]}
{"timestamp":"2026-07-30T11:57:40.376Z","runId":10,"level":"info","phase":"fetch","tableName":"customers","tableRunId":167,"sourceRows":621,"dateFilter":null}
{"timestamp":"2026-07-30T11:57:40.431Z","runId":10,"level":"debug","phase":"write","tableName":"customers","tableRunId":167,"status":"start","batchSize":621}
{"timestamp":"2026-07-30T11:57:40.481Z","runId":10,"level":"debug","phase":"write","tableName":"customers","tableRunId":167,"status":"end","inserted":621,"updated":0,"skipped":0,"durationMs":50}
{"timestamp":"2026-07-30T11:57:40.496Z","runId":10,"level":"info","phase":"table_finalize","tableName":"customers","tableRunId":167,"status":"success","inserted":621,"updated":0,"skipped":0,"errors":0,"durationMs":124}
{"timestamp":"2026-07-30T11:57:40.497Z","runId":10,"level":"debug","phase":"table_loop","action":"processing","tableName":"suppliers","mappingTableKeys":["BANKS","CNOTE","STAFF","STOCK","PRICING"]}
{"timestamp":"2026-07-30T11:57:40.497Z","runId":10,"level":"debug","phase":"table_loop","action":"mapping_resolved","tableName":"suppliers","hasMappingEntry":true,"mappingTarget":"SUPPLIERS"}
{"timestamp":"2026-07-30T11:57:40.497Z","runId":10,"level":"debug","phase":"mapping_debug","tableName":"suppliers","mappedSource":"SUPPLIER","firebirdTableCount":192,"sampleFirebirdTables":["ACCCLASS","ACCDEPARTMENT","ACCOUNTLINKS","ACCOUNTS","ACCOUNT_OPENING"]}
{"timestamp":"2026-07-30T11:57:40.645Z","runId":10,"level":"debug","phase":"clean_decision","tableName":"suppliers","cleanBefore":false,"dryRun":false,"mode":"INSERT"}
{"timestamp":"2026-07-30T11:57:40.645Z","runId":10,"level":"info","phase":"table_start","tableName":"suppliers","tableRunId":168,"mode":"INSERT","keyStrategy":"preserve","dedupeKeys":[]}
{"timestamp":"2026-07-30T11:57:40.654Z","runId":10,"level":"info","phase":"fetch","tableName":"suppliers","tableRunId":168,"sourceRows":26,"dateFilter":null}
{"timestamp":"2026-07-30T11:57:40.660Z","runId":10,"level":"debug","phase":"write","tableName":"suppliers","tableRunId":168,"status":"start","batchSize":26}
{"timestamp":"2026-07-30T11:57:40.667Z","runId":10,"level":"debug","phase":"write","tableName":"suppliers","tableRunId":168,"status":"end","inserted":26,"updated":0,"skipped":0,"durationMs":7}
{"timestamp":"2026-07-30T11:57:40.686Z","runId":10,"level":"info","phase":"table_finalize","tableName":"suppliers","tableRunId":168,"status":"success","inserted":26,"updated":0,"skipped":0,"errors":0,"durationMs":33}
{"timestamp":"2026-07-30T11:57:40.686Z","runId":10,"level":"debug","phase":"table_loop","action":"processing","tableName":"work_done","mappingTableKeys":["BANKS","CNOTE","STAFF","STOCK","PRICING"]}
{"timestamp":"2026-07-30T11:57:40.686Z","runId":10,"level":"debug","phase":"table_loop","action":"mapping_resolved","tableName":"work_done","hasMappingEntry":true,"mappingTarget":"WORK_DONE"}
{"timestamp":"2026-07-30T11:57:40.686Z","runId":10,"level":"debug","phase":"mapping_debug","tableName":"work_done","mappedSource":"WORKDONE","firebirdTableCount":192,"sampleFirebirdTables":["ACCCLASS","ACCDEPARTMENT","ACCOUNTLINKS","ACCOUNTS","ACCOUNT_OPENING"]}
{"timestamp":"2026-07-30T11:57:40.860Z","runId":10,"level":"debug","phase":"clean_decision","tableName":"work_done","cleanBefore":false,"dryRun":false,"mode":"INSERT"}
{"timestamp":"2026-07-30T11:57:40.861Z","runId":10,"level":"info","phase":"table_start","tableName":"work_done","tableRunId":169,"mode":"INSERT","keyStrategy":"preserve","dedupeKeys":[]}
{"timestamp":"2026-07-30T11:57:40.870Z","runId":10,"level":"info","phase":"fetch","tableName":"work_done","tableRunId":169,"sourceRows":14545,"dateFilter":null}
{"timestamp":"2026-07-30T11:57:41.294Z","runId":10,"level":"debug","phase":"write","tableName":"work_done","tableRunId":169,"status":"start","batchSize":10000}
{"timestamp":"2026-07-30T11:57:42.264Z","runId":10,"level":"debug","phase":"write","tableName":"work_done","tableRunId":169,"status":"end","inserted":10000,"updated":0,"skipped":0,"durationMs":970}
{"timestamp":"2026-07-30T11:57:42.513Z","runId":10,"level":"debug","phase":"write","tableName":"work_done","tableRunId":169,"status":"start","batchSize":4545}
{"timestamp":"2026-07-30T11:57:42.854Z","runId":10,"level":"debug","phase":"write","tableName":"work_done","tableRunId":169,"status":"end","inserted":4545,"updated":0,"skipped":0,"durationMs":341}
{"timestamp":"2026-07-30T11:57:42.871Z","runId":10,"level":"info","phase":"table_finalize","tableName":"work_done","tableRunId":169,"status":"success","inserted":14545,"updated":0,"skipped":0,"errors":0,"durationMs":2001}
{"timestamp":"2026-07-30T11:57:42.871Z","runId":10,"level":"debug","phase":"table_loop","action":"processing","tableName":"wip_status","mappingTableKeys":["BANKS","CNOTE","STAFF","STOCK","PRICING"]}
{"timestamp":"2026-07-30T11:57:42.871Z","runId":10,"level":"debug","phase":"table_loop","action":"mapping_resolved","tableName":"wip_status","hasMappingEntry":true,"mappingTarget":"WIP_STATUS"}
{"timestamp":"2026-07-30T11:57:42.871Z","runId":10,"level":"debug","phase":"mapping_debug","tableName":"wip_status","mappedSource":"WIPSTATUS","firebirdTableCount":192,"sampleFirebirdTables":["ACCCLASS","ACCDEPARTMENT","ACCOUNTLINKS","ACCOUNTS","ACCOUNT_OPENING"]}
{"timestamp":"2026-07-30T11:57:43.020Z","runId":10,"level":"debug","phase":"clean_decision","tableName":"wip_status","cleanBefore":false,"dryRun":false,"mode":"INSERT"}
{"timestamp":"2026-07-30T11:57:43.020Z","runId":10,"level":"info","phase":"table_start","tableName":"wip_status","tableRunId":170,"mode":"INSERT","keyStrategy":"preserve","dedupeKeys":[]}
{"timestamp":"2026-07-30T11:57:43.029Z","runId":10,"level":"info","phase":"fetch","tableName":"wip_status","tableRunId":170,"sourceRows":8,"dateFilter":null}
{"timestamp":"2026-07-30T11:57:43.033Z","runId":10,"level":"debug","phase":"write","tableName":"wip_status","tableRunId":170,"status":"start","batchSize":8}
{"timestamp":"2026-07-30T11:57:43.036Z","runId":10,"level":"debug","phase":"write","tableName":"wip_status","tableRunId":170,"status":"end","inserted":0,"updated":0,"skipped":8,"durationMs":3}
{"timestamp":"2026-07-30T11:57:43.055Z","runId":10,"level":"info","phase":"table_finalize","tableName":"wip_status","tableRunId":170,"status":"success","inserted":0,"updated":0,"skipped":8,"errors":0,"durationMs":25}
{"timestamp":"2026-07-30T11:57:43.056Z","runId":10,"level":"debug","phase":"table_loop","action":"processing","tableName":"spares_used","mappingTableKeys":["BANKS","CNOTE","STAFF","STOCK","PRICING"]}
{"timestamp":"2026-07-30T11:57:43.056Z","runId":10,"level":"debug","phase":"table_loop","action":"mapping_resolved","tableName":"spares_used","hasMappingEntry":true,"mappingTarget":"SPARES_USED"}
{"timestamp":"2026-07-30T11:57:43.056Z","runId":10,"level":"debug","phase":"mapping_debug","tableName":"spares_used","mappedSource":"SPARES_USED","firebirdTableCount":192,"sampleFirebirdTables":["ACCCLASS","ACCDEPARTMENT","ACCOUNTLINKS","ACCOUNTS","ACCOUNT_OPENING"]}
{"timestamp":"2026-07-30T11:57:43.216Z","runId":10,"level":"debug","phase":"clean_decision","tableName":"spares_used","cleanBefore":false,"dryRun":false,"mode":"INSERT"}
{"timestamp":"2026-07-30T11:57:43.216Z","runId":10,"level":"info","phase":"table_start","tableName":"spares_used","tableRunId":171,"mode":"INSERT","keyStrategy":"preserve","dedupeKeys":[]}
{"timestamp":"2026-07-30T11:57:43.228Z","runId":10,"level":"info","phase":"fetch","tableName":"spares_used","tableRunId":171,"sourceRows":24345,"dateFilter":null}
{"timestamp":"2026-07-30T11:57:43.938Z","runId":10,"level":"debug","phase":"write","tableName":"spares_used","tableRunId":171,"status":"start","batchSize":10000}
{"timestamp":"2026-07-30T11:57:45.477Z","runId":10,"level":"debug","phase":"write","tableName":"spares_used","tableRunId":171,"status":"end","inserted":10000,"updated":0,"skipped":0,"durationMs":1539}
{"timestamp":"2026-07-30T11:57:46.098Z","runId":10,"level":"debug","phase":"write","tableName":"spares_used","tableRunId":171,"status":"start","batchSize":10000}
{"timestamp":"2026-07-30T11:57:47.505Z","runId":10,"level":"debug","phase":"write","tableName":"spares_used","tableRunId":171,"status":"end","inserted":9999,"updated":0,"skipped":1,"durationMs":1407}
{"timestamp":"2026-07-30T11:57:47.845Z","runId":10,"level":"debug","phase":"write","tableName":"spares_used","tableRunId":171,"status":"start","batchSize":4345}
{"timestamp":"2026-07-30T11:57:48.433Z","runId":10,"level":"debug","phase":"write","tableName":"spares_used","tableRunId":171,"status":"end","inserted":4345,"updated":0,"skipped":0,"durationMs":588}
{"timestamp":"2026-07-30T11:57:48.444Z","runId":10,"level":"info","phase":"post_validation","tableName":"spares_used","tableRunId":171,"status":"start"}
{"timestamp":"2026-07-30T11:57:48.585Z","runId":10,"level":"info","phase":"post_migration_validation","table":"spares_used","validation":"checksum","checksums":[{"column":"quantity","firebird_sum":44265.65,"mysql_sum":44264.65,"variance":"0.0023%"},{"column":"cost_price","firebird_sum":10406268.22,"mysql_sum":10405981.26,"variance":"0.0028%"},{"column":"sales_price","firebird_sum":14755702.26,"mysql_sum":14755382.7,"variance":"0.0022%"}],"status":"passed"}
{"timestamp":"2026-07-30T11:57:48.586Z","runId":10,"level":"info","phase":"post_migration_validation","table":"spares_used","status":"passed","readRows":24345,"inserted":24344,"updated":0,"skipped":1,"errors":0,"unaccounted":0}
{"timestamp":"2026-07-30T11:57:48.720Z","runId":10,"level":"info","phase":"post_validation","tableName":"spares_used","tableRunId":171,"validation":"price_check","firebird_nonzero":24313,"mysql_total":24344,"mysql_zero":31,"mysql_nonzero":24312}
{"timestamp":"2026-07-30T11:57:48.720Z","runId":10,"level":"info","phase":"post_validation","tableName":"spares_used","tableRunId":171,"status":"passed"}
{"timestamp":"2026-07-30T11:57:48.730Z","runId":10,"level":"info","phase":"table_finalize","tableName":"spares_used","tableRunId":171,"status":"success","inserted":24344,"updated":0,"skipped":1,"errors":0,"durationMs":5504}
{"timestamp":"2026-07-30T11:57:48.731Z","runId":10,"level":"debug","phase":"table_loop","action":"processing","tableName":"credit_notes","mappingTableKeys":["BANKS","CNOTE","STAFF","STOCK","PRICING"]}
{"timestamp":"2026-07-30T11:57:48.731Z","runId":10,"level":"debug","phase":"table_loop","action":"mapping_resolved","tableName":"credit_notes","hasMappingEntry":true,"mappingTarget":"CREDIT_NOTES"}
{"timestamp":"2026-07-30T11:57:48.731Z","runId":10,"level":"debug","phase":"mapping_debug","tableName":"credit_notes","mappedSource":"CNOTE","firebirdTableCount":192,"sampleFirebirdTables":["ACCCLASS","ACCDEPARTMENT","ACCOUNTLINKS","ACCOUNTS","ACCOUNT_OPENING"]}
{"timestamp":"2026-07-30T11:57:48.874Z","runId":10,"level":"debug","phase":"clean_decision","tableName":"credit_notes","cleanBefore":false,"dryRun":false,"mode":"INSERT"}
{"timestamp":"2026-07-30T11:57:48.874Z","runId":10,"level":"info","phase":"table_start","tableName":"credit_notes","tableRunId":172,"mode":"INSERT","keyStrategy":"preserve","dedupeKeys":[]}
{"timestamp":"2026-07-30T11:57:48.883Z","runId":10,"level":"info","phase":"fetch","tableName":"credit_notes","tableRunId":172,"sourceRows":53,"dateFilter":null}
{"timestamp":"2026-07-30T11:57:48.887Z","runId":10,"level":"debug","phase":"write","tableName":"credit_notes","tableRunId":172,"status":"start","batchSize":53}
{"timestamp":"2026-07-30T11:57:48.895Z","runId":10,"level":"debug","phase":"write","tableName":"credit_notes","tableRunId":172,"status":"end","inserted":53,"updated":0,"skipped":0,"durationMs":8}
{"timestamp":"2026-07-30T11:57:48.906Z","runId":10,"level":"info","phase":"table_finalize","tableName":"credit_notes","tableRunId":172,"status":"success","inserted":53,"updated":0,"skipped":0,"errors":0,"durationMs":27}
{"timestamp":"2026-07-30T11:57:48.907Z","runId":10,"level":"debug","phase":"table_loop","action":"processing","tableName":"invoice_items","mappingTableKeys":["BANKS","CNOTE","STAFF","STOCK","PRICING"]}
{"timestamp":"2026-07-30T11:57:48.907Z","runId":10,"level":"debug","phase":"table_loop","action":"mapping_resolved","tableName":"invoice_items","hasMappingEntry":true,"mappingTarget":"INVOICE_ITEMS"}
{"timestamp":"2026-07-30T11:57:48.907Z","runId":10,"level":"debug","phase":"mapping_debug","tableName":"invoice_items","mappedSource":"INVTOTAL","firebirdTableCount":192,"sampleFirebirdTables":["ACCCLASS","ACCDEPARTMENT","ACCOUNTLINKS","ACCOUNTS","ACCOUNT_OPENING"]}
{"timestamp":"2026-07-30T11:57:49.083Z","runId":10,"level":"debug","phase":"clean_decision","tableName":"invoice_items","cleanBefore":false,"dryRun":false,"mode":"INSERT"}
{"timestamp":"2026-07-30T11:57:49.083Z","runId":10,"level":"info","phase":"table_start","tableName":"invoice_items","tableRunId":173,"mode":"INSERT","keyStrategy":"preserve","dedupeKeys":[]}
{"timestamp":"2026-07-30T11:57:49.091Z","runId":10,"level":"info","phase":"fetch","tableName":"invoice_items","tableRunId":173,"sourceRows":19832,"dateFilter":null}
{"timestamp":"2026-07-30T11:57:49.654Z","runId":10,"level":"debug","phase":"write","tableName":"invoice_items","tableRunId":173,"status":"start","batchSize":10000}
{"timestamp":"2026-07-30T11:57:50.654Z","runId":10,"level":"debug","phase":"write","tableName":"invoice_items","tableRunId":173,"status":"end","inserted":9420,"updated":0,"skipped":580,"durationMs":1000}
{"timestamp":"2026-07-30T11:57:51.241Z","runId":10,"level":"debug","phase":"write","tableName":"invoice_items","tableRunId":173,"status":"start","batchSize":9832}
{"timestamp":"2026-07-30T11:57:52.052Z","runId":10,"level":"debug","phase":"write","tableName":"invoice_items","tableRunId":173,"status":"end","inserted":8963,"updated":0,"skipped":869,"durationMs":811}
{"timestamp":"2026-07-30T11:57:52.067Z","runId":10,"level":"info","phase":"table_finalize","tableName":"invoice_items","tableRunId":173,"status":"success","inserted":18383,"updated":0,"skipped":1449,"errors":0,"durationMs":2975}
{"timestamp":"2026-07-30T11:57:52.067Z","runId":10,"level":"debug","phase":"table_loop","action":"processing","tableName":"acc_department","mappingTableKeys":["BANKS","CNOTE","STAFF","STOCK","PRICING"]}
{"timestamp":"2026-07-30T11:57:52.067Z","runId":10,"level":"debug","phase":"table_loop","action":"mapping_resolved","tableName":"acc_department","hasMappingEntry":true,"mappingTarget":"ACC_DEPARTMENT"}
{"timestamp":"2026-07-30T11:57:52.067Z","runId":10,"level":"debug","phase":"mapping_debug","tableName":"acc_department","mappedSource":"ACCDEPARTMENT","firebirdTableCount":192,"sampleFirebirdTables":["ACCCLASS","ACCDEPARTMENT","ACCOUNTLINKS","ACCOUNTS","ACCOUNT_OPENING"]}
{"timestamp":"2026-07-30T11:57:52.225Z","runId":10,"level":"debug","phase":"clean_decision","tableName":"acc_department","cleanBefore":false,"dryRun":false,"mode":"INSERT"}
{"timestamp":"2026-07-30T11:57:52.225Z","runId":10,"level":"info","phase":"table_start","tableName":"acc_department","tableRunId":174,"mode":"INSERT","keyStrategy":"preserve","dedupeKeys":[]}
{"timestamp":"2026-07-30T11:57:52.239Z","runId":10,"level":"info","phase":"fetch","tableName":"acc_department","tableRunId":174,"sourceRows":8,"dateFilter":null}
{"timestamp":"2026-07-30T11:57:52.244Z","runId":10,"level":"debug","phase":"write","tableName":"acc_department","tableRunId":174,"status":"start","batchSize":8}
{"timestamp":"2026-07-30T11:57:52.251Z","runId":10,"level":"debug","phase":"write","tableName":"acc_department","tableRunId":174,"status":"end","inserted":8,"updated":0,"skipped":0,"durationMs":7}
{"timestamp":"2026-07-30T11:57:52.267Z","runId":10,"level":"info","phase":"table_finalize","tableName":"acc_department","tableRunId":174,"status":"success","inserted":8,"updated":0,"skipped":0,"errors":0,"durationMs":34}
{"timestamp":"2026-07-30T11:57:52.267Z","runId":10,"level":"debug","phase":"table_loop","action":"processing","tableName":"labour_pricing","mappingTableKeys":["BANKS","CNOTE","STAFF","STOCK","PRICING"]}
{"timestamp":"2026-07-30T11:57:52.267Z","runId":10,"level":"debug","phase":"table_loop","action":"mapping_resolved","tableName":"labour_pricing","hasMappingEntry":true,"mappingTarget":"LABOUR_PRICING"}
{"timestamp":"2026-07-30T11:57:52.267Z","runId":10,"level":"debug","phase":"mapping_debug","tableName":"labour_pricing","mappedSource":"PRICING","firebirdTableCount":192,"sampleFirebirdTables":["ACCCLASS","ACCDEPARTMENT","ACCOUNTLINKS","ACCOUNTS","ACCOUNT_OPENING"]}
{"timestamp":"2026-07-30T11:57:52.420Z","runId":10,"level":"debug","phase":"clean_decision","tableName":"labour_pricing","cleanBefore":false,"dryRun":false,"mode":"INSERT"}
{"timestamp":"2026-07-30T11:57:52.420Z","runId":10,"level":"info","phase":"table_start","tableName":"labour_pricing","tableRunId":175,"mode":"INSERT","keyStrategy":"preserve","dedupeKeys":[]}
{"timestamp":"2026-07-30T11:57:52.429Z","runId":10,"level":"info","phase":"fetch","tableName":"labour_pricing","tableRunId":175,"sourceRows":3476,"dateFilter":null}
{"timestamp":"2026-07-30T11:57:52.511Z","runId":10,"level":"debug","phase":"write","tableName":"labour_pricing","tableRunId":175,"status":"start","batchSize":3476}
{"timestamp":"2026-07-30T11:57:52.552Z","runId":10,"level":"debug","phase":"write","tableName":"labour_pricing","tableRunId":175,"status":"end","inserted":726,"updated":0,"skipped":2750,"durationMs":41}
{"timestamp":"2026-07-30T11:57:52.563Z","runId":10,"level":"info","phase":"table_finalize","tableName":"labour_pricing","tableRunId":175,"status":"success","inserted":726,"updated":0,"skipped":2750,"errors":0,"durationMs":138}
{"timestamp":"2026-07-30T11:57:52.564Z","runId":10,"level":"debug","phase":"table_loop","action":"processing","tableName":"invoice_general","mappingTableKeys":["BANKS","CNOTE","STAFF","STOCK","PRICING"]}
{"timestamp":"2026-07-30T11:57:52.564Z","runId":10,"level":"debug","phase":"table_loop","action":"mapping_resolved","tableName":"invoice_general","hasMappingEntry":true,"mappingTarget":"INVOICE_GENERAL"}
{"timestamp":"2026-07-30T11:57:52.564Z","runId":10,"level":"debug","phase":"mapping_debug","tableName":"invoice_general","mappedSource":"INVOICEGENERAL","firebirdTableCount":192,"sampleFirebirdTables":["ACCCLASS","ACCDEPARTMENT","ACCOUNTLINKS","ACCOUNTS","ACCOUNT_OPENING"]}
{"timestamp":"2026-07-30T11:57:52.712Z","runId":10,"level":"debug","phase":"clean_decision","tableName":"invoice_general","cleanBefore":false,"dryRun":false,"mode":"INSERT"}
{"timestamp":"2026-07-30T11:57:52.712Z","runId":10,"level":"info","phase":"table_start","tableName":"invoice_general","tableRunId":176,"mode":"INSERT","keyStrategy":"preserve","dedupeKeys":[]}
{"timestamp":"2026-07-30T11:57:52.717Z","runId":10,"level":"info","phase":"fetch","tableName":"invoice_general","tableRunId":176,"sourceRows":0,"dateFilter":null}
{"timestamp":"2026-07-30T11:57:52.724Z","runId":10,"level":"info","phase":"table_finalize","tableName":"invoice_general","tableRunId":176,"status":"success","inserted":0,"updated":0,"skipped":0,"errors":0,"durationMs":6}
{"timestamp":"2026-07-30T11:57:52.724Z","runId":10,"level":"debug","phase":"table_loop","action":"processing","tableName":"job_information","mappingTableKeys":["BANKS","CNOTE","STAFF","STOCK","PRICING"]}
{"timestamp":"2026-07-30T11:57:52.724Z","runId":10,"level":"debug","phase":"table_loop","action":"mapping_resolved","tableName":"job_information","hasMappingEntry":true,"mappingTarget":"JOB_INFORMATION"}
{"timestamp":"2026-07-30T11:57:52.724Z","runId":10,"level":"debug","phase":"mapping_debug","tableName":"job_information","mappedSource":"JOB_INFORMATION","firebirdTableCount":192,"sampleFirebirdTables":["ACCCLASS","ACCDEPARTMENT","ACCOUNTLINKS","ACCOUNTS","ACCOUNT_OPENING"]}
{"timestamp":"2026-07-30T11:57:52.827Z","runId":10,"level":"info","phase":"preflight","action":"firebird_config_check","host":"localhost","port":3050,"database":"C:\\Autoneer\\data\\AUTONEER.FDB","user":"SYSDBA","passwordSet":true,"passwordLength":9,"passwordSource":"state","useDefaultSysdbaMasterkey":true,"rawPasswordSet":true,"rawPasswordLength":9}
{"timestamp":"2026-07-30T11:57:52.896Z","runId":10,"level":"info","phase":"preflight","attempt":1,"status":"ok"}
{"timestamp":"2026-07-30T11:57:52.897Z","runId":10,"level":"debug","phase":"keepalive","status":"ok"}
{"timestamp":"2026-07-30T11:57:53.539Z","runId":10,"level":"debug","phase":"clean_decision","tableName":"job_information","cleanBefore":false,"dryRun":false,"mode":"INSERT"}
{"timestamp":"2026-07-30T11:57:53.539Z","runId":10,"level":"info","phase":"table_start","tableName":"job_information","tableRunId":177,"mode":"INSERT","keyStrategy":"preserve","dedupeKeys":[]}
{"timestamp":"2026-07-30T11:57:53.547Z","runId":10,"level":"info","phase":"fetch","tableName":"job_information","tableRunId":177,"sourceRows":5234,"dateFilter":null}
{"timestamp":"2026-07-30T11:57:54.001Z","runId":10,"level":"debug","phase":"write","tableName":"job_information","tableRunId":177,"status":"start","batchSize":5234}
{"timestamp":"2026-07-30T11:57:55.144Z","runId":10,"level":"debug","phase":"write","tableName":"job_information","tableRunId":177,"status":"end","inserted":5234,"updated":0,"skipped":0,"durationMs":1144}
{"timestamp":"2026-07-30T11:57:55.157Z","runId":10,"level":"info","phase":"table_finalize","tableName":"job_information","tableRunId":177,"status":"success","inserted":5234,"updated":0,"skipped":0,"errors":0,"durationMs":1612}
{"timestamp":"2026-07-30T11:57:55.157Z","runId":10,"level":"debug","phase":"table_loop","action":"processing","tableName":"invoices_supplier","mappingTableKeys":["BANKS","CNOTE","STAFF","STOCK","PRICING"]}
{"timestamp":"2026-07-30T11:57:55.157Z","runId":10,"level":"debug","phase":"table_loop","action":"mapping_resolved","tableName":"invoices_supplier","hasMappingEntry":true,"mappingTarget":"INVOICES_SUPPLIER"}
{"timestamp":"2026-07-30T11:57:55.157Z","runId":10,"level":"debug","phase":"mapping_debug","tableName":"invoices_supplier","mappedSource":"INVOICESUPPLIER","firebirdTableCount":192,"sampleFirebirdTables":["ACCCLASS","ACCDEPARTMENT","ACCOUNTLINKS","ACCOUNTS","ACCOUNT_OPENING"]}
{"timestamp":"2026-07-30T11:57:55.329Z","runId":10,"level":"debug","phase":"clean_decision","tableName":"invoices_supplier","cleanBefore":false,"dryRun":false,"mode":"INSERT"}
{"timestamp":"2026-07-30T11:57:55.329Z","runId":10,"level":"info","phase":"table_start","tableName":"invoices_supplier","tableRunId":178,"mode":"INSERT","keyStrategy":"preserve","dedupeKeys":[]}
{"timestamp":"2026-07-30T11:57:55.337Z","runId":10,"level":"info","phase":"fetch","tableName":"invoices_supplier","tableRunId":178,"sourceRows":11779,"dateFilter":null}
{"timestamp":"2026-07-30T11:57:55.813Z","runId":10,"level":"debug","phase":"write","tableName":"invoices_supplier","tableRunId":178,"status":"start","batchSize":10000}
{"timestamp":"2026-07-30T11:57:56.645Z","runId":10,"level":"debug","phase":"write","tableName":"invoices_supplier","tableRunId":178,"status":"end","inserted":10000,"updated":0,"skipped":0,"durationMs":832}
{"timestamp":"2026-07-30T11:57:56.741Z","runId":10,"level":"debug","phase":"write","tableName":"invoices_supplier","tableRunId":178,"status":"start","batchSize":1779}
{"timestamp":"2026-07-30T11:57:56.808Z","runId":10,"level":"debug","phase":"write","tableName":"invoices_supplier","tableRunId":178,"status":"end","inserted":1779,"updated":0,"skipped":0,"durationMs":67}
{"timestamp":"2026-07-30T11:57:56.818Z","runId":10,"level":"info","phase":"table_finalize","tableName":"invoices_supplier","tableRunId":178,"status":"success","inserted":11779,"updated":0,"skipped":0,"errors":0,"durationMs":1485}
{"timestamp":"2026-07-30T11:57:56.818Z","runId":10,"level":"debug","phase":"table_loop","action":"processing","tableName":"payments_suppliers","mappingTableKeys":["BANKS","CNOTE","STAFF","STOCK","PRICING"]}
{"timestamp":"2026-07-30T11:57:56.818Z","runId":10,"level":"debug","phase":"table_loop","action":"mapping_resolved","tableName":"payments_suppliers","hasMappingEntry":true,"mappingTarget":"PAYMENTS_SUPPLIERS"}
{"timestamp":"2026-07-30T11:57:56.818Z","runId":10,"level":"debug","phase":"mapping_debug","tableName":"payments_suppliers","mappedSource":"PAYMENTSSUPP","firebirdTableCount":192,"sampleFirebirdTables":["ACCCLASS","ACCDEPARTMENT","ACCOUNTLINKS","ACCOUNTS","ACCOUNT_OPENING"]}
{"timestamp":"2026-07-30T11:57:56.963Z","runId":10,"level":"debug","phase":"clean_decision","tableName":"payments_suppliers","cleanBefore":false,"dryRun":false,"mode":"INSERT"}
{"timestamp":"2026-07-30T11:57:56.963Z","runId":10,"level":"info","phase":"table_start","tableName":"payments_suppliers","tableRunId":179,"mode":"INSERT","keyStrategy":"preserve","dedupeKeys":[]}
{"timestamp":"2026-07-30T11:57:56.968Z","runId":10,"level":"info","phase":"fetch","tableName":"payments_suppliers","tableRunId":179,"sourceRows":0,"dateFilter":null}
{"timestamp":"2026-07-30T11:57:56.972Z","runId":10,"level":"info","phase":"table_finalize","tableName":"payments_suppliers","tableRunId":179,"status":"success","inserted":0,"updated":0,"skipped":0,"errors":0,"durationMs":5}
{"timestamp":"2026-07-30T11:57:56.972Z","runId":10,"level":"debug","phase":"table_loop","action":"processing","tableName":"credit_notes_supplier","mappingTableKeys":["BANKS","CNOTE","STAFF","STOCK","PRICING"]}
{"timestamp":"2026-07-30T11:57:56.972Z","runId":10,"level":"debug","phase":"table_loop","action":"mapping_resolved","tableName":"credit_notes_supplier","hasMappingEntry":true,"mappingTarget":"CREDIT_NOTES_SUPPLIER"}
{"timestamp":"2026-07-30T11:57:56.972Z","runId":10,"level":"debug","phase":"mapping_debug","tableName":"credit_notes_supplier","mappedSource":"CNOTESUPP","firebirdTableCount":192,"sampleFirebirdTables":["ACCCLASS","ACCDEPARTMENT","ACCOUNTLINKS","ACCOUNTS","ACCOUNT_OPENING"]}
{"timestamp":"2026-07-30T11:57:57.102Z","runId":10,"level":"debug","phase":"clean_decision","tableName":"credit_notes_supplier","cleanBefore":false,"dryRun":false,"mode":"INSERT"}
{"timestamp":"2026-07-30T11:57:57.103Z","runId":10,"level":"info","phase":"table_start","tableName":"credit_notes_supplier","tableRunId":180,"mode":"INSERT","keyStrategy":"preserve","dedupeKeys":[]}
{"timestamp":"2026-07-30T11:57:57.107Z","runId":10,"level":"info","phase":"fetch","tableName":"credit_notes_supplier","tableRunId":180,"sourceRows":0,"dateFilter":null}
{"timestamp":"2026-07-30T11:57:57.115Z","runId":10,"level":"info","phase":"table_finalize","tableName":"credit_notes_supplier","tableRunId":180,"status":"success","inserted":0,"updated":0,"skipped":0,"errors":0,"durationMs":5}
{"timestamp":"2026-07-30T11:57:57.115Z","runId":10,"level":"info","phase":"post_migration_gl_validation","status":"start"}
{"timestamp":"2026-07-30T11:57:57.138Z","runId":10,"level":"info","phase":"post_migration_gl_validation","check":"E","name":"GL Account Types Canonical","passed":true,"errorCount":0,"errors":[]}
{"timestamp":"2026-07-30T11:57:57.138Z","runId":10,"level":"info","phase":"post_migration_gl_validation","check":"F","name":"All Accounts Typed","passed":true,"errorCount":0,"errors":[]}
{"timestamp":"2026-07-30T11:57:57.138Z","runId":10,"level":"info","phase":"post_migration_gl_validation","check":"A","name":"Account Type Mismatches","passed":true,"errorCount":0,"errors":[]}
{"timestamp":"2026-07-30T11:57:57.138Z","runId":10,"level":"info","phase":"post_migration_gl_validation","check":"B","name":"Posting Line Type Alignment","passed":true,"errorCount":0,"errors":[]}
{"timestamp":"2026-07-30T11:57:57.138Z","runId":10,"level":"info","phase":"post_migration_gl_validation","check":"C","name":"Orphan / Invalid Postings","passed":true,"errorCount":0,"errors":[]}
{"timestamp":"2026-07-30T11:57:57.138Z","runId":10,"level":"info","phase":"post_migration_gl_validation","check":"D","name":"COS Integrity","passed":true,"errorCount":0,"errors":[]}
{"timestamp":"2026-07-30T11:57:57.138Z","runId":10,"level":"info","phase":"post_migration_gl_validation","status":"passed"}
{"timestamp":"2026-07-30T11:57:57.143Z","runId":10,"level":"info","phase":"run_finalize","status":"success"}
