{"timestamp":"2026-06-08T15:37:34.505Z","runId":13,"level":"info","phase":"run_start","dryRun":false,"batchSize":1000,"fkChecks":true,"tables":[{"table":"WORK_DONE","mode":"INSERT","keyStrategy":"preserve","dedupeKeys":[],"onDuplicate":"SKIP","cleanBefore":true}]}
{"timestamp":"2026-06-08T15:37:34.505Z","runId":13,"level":"info","phase":"preflight","action":"firebird_config_check","host":"localhost","port":3050,"database":"C:\\Autoneer\\data\\AUTONEER.FDB","user":"SYSDBA","passwordSet":true,"passwordLength":9,"passwordSource":"state","useDefaultSysdbaMasterkey":true,"rawPasswordSet":true,"rawPasswordLength":9}
{"timestamp":"2026-06-08T15:37:34.560Z","runId":13,"level":"info","phase":"preflight","attempt":1,"status":"ok"}
{"timestamp":"2026-06-08T15:37:34.560Z","runId":13,"level":"debug","phase":"preflight","durationMs":55}
{"timestamp":"2026-06-08T15:37:34.560Z","runId":13,"level":"info","phase":"preflight","action":"nullability_validation","status":"start"}
{"timestamp":"2026-06-08T15:37:34.561Z","runId":13,"level":"info","phase":"preflight","action":"nullability_validation","status":"passed"}
{"timestamp":"2026-06-08T15:37:34.562Z","runId":13,"level":"info","phase":"preflight","action":"gl_account_types_seed","status":"start"}
{"timestamp":"2026-06-08T15:37:34.564Z","runId":13,"level":"info","phase":"preflight","action":"gl_account_types_seed","status":"passed"}
{"timestamp":"2026-06-08T15:37:34.658Z","runId":13,"level":"info","phase":"preflight","action":"accnr_conversion_map","source":"firebird","sourceTable":"ACCOUNTS","count":85}
{"timestamp":"2026-06-08T15:37:34.658Z","runId":13,"level":"debug","phase":"table_loop","action":"starting","includedCount":1,"mappingTableCount":1}
{"timestamp":"2026-06-08T15:37:34.658Z","runId":13,"level":"info","phase":"table_loop","action":"normalized_tables","sampleTables":["WORK_DONE"]}
{"timestamp":"2026-06-08T15:37:34.658Z","runId":13,"level":"debug","phase":"table_loop","action":"processing","tableName":"work_done","mappingTableKeys":["WORKDONE"]}
{"timestamp":"2026-06-08T15:37:34.658Z","runId":13,"level":"debug","phase":"table_loop","action":"mapping_resolved","tableName":"work_done","hasMappingEntry":true,"mappingTarget":"WORK_DONE"}
{"timestamp":"2026-06-08T15:37:34.658Z","runId":13,"level":"debug","phase":"mapping_debug","tableName":"work_done","mappedSource":"WORKDONE","firebirdTableCount":189,"sampleFirebirdTables":["ACCCLASS","ACCDEPARTMENT","ACCOUNTLINKS","ACCOUNTS","ACCOUNT_OPENING"]}
{"timestamp":"2026-06-08T15:37:34.747Z","runId":13,"level":"debug","phase":"clean_decision","tableName":"work_done","cleanBefore":true,"dryRun":false,"mode":"INSERT"}
{"timestamp":"2026-06-08T15:37:34.747Z","runId":13,"type":"table_cleaning_started","table":"work_done","tableRunId":94}
{"timestamp":"2026-06-08T15:37:34.748Z","runId":13,"level":"info","phase":"clean","tableName":"work_done","tableRunId":94,"status":"start"}
{"timestamp":"2026-06-08T15:37:34.748Z","runId":13,"level":"debug","phase":"clean","tableName":"work_done","tableRunId":94,"action":"fk_checks_disabled"}
{"timestamp":"2026-06-08T15:37:34.795Z","runId":13,"level":"info","phase":"clean","tableName":"work_done","tableRunId":94,"status":"success","method":"TRUNCATE","affectedRows":null,"postCount":0,"durationMs":47}
{"timestamp":"2026-06-08T15:37:34.804Z","runId":13,"type":"table_cleaned","table":"work_done","tableRunId":94,"method":"TRUNCATE","affectedRows":null,"postCount":0}
{"timestamp":"2026-06-08T15:37:34.804Z","runId":13,"level":"debug","phase":"clean","tableName":"work_done","tableRunId":94,"action":"fk_checks_restored"}
{"timestamp":"2026-06-08T15:37:34.804Z","runId":13,"level":"info","phase":"table_start","tableName":"work_done","tableRunId":94,"mode":"INSERT","keyStrategy":"preserve","dedupeKeys":[]}
{"timestamp":"2026-06-08T15:37:34.839Z","runId":13,"level":"info","phase":"fetch","tableName":"work_done","tableRunId":94,"sourceRows":49260,"dateFilter":null}
{"timestamp":"2026-06-08T15:37:35.032Z","runId":13,"level":"debug","phase":"write","tableName":"work_done","tableRunId":94,"status":"start","batchSize":1000}
{"timestamp":"2026-06-08T15:37:35.066Z","runId":13,"level":"debug","phase":"write","tableName":"work_done","tableRunId":94,"status":"end","inserted":1000,"updated":0,"skipped":0,"durationMs":34}
{"timestamp":"2026-06-08T15:37:35.260Z","runId":13,"level":"debug","phase":"write","tableName":"work_done","tableRunId":94,"status":"start","batchSize":1000}
{"timestamp":"2026-06-08T15:37:35.321Z","runId":13,"level":"debug","phase":"write","tableName":"work_done","tableRunId":94,"status":"end","inserted":1000,"updated":0,"skipped":0,"durationMs":61}
{"timestamp":"2026-06-08T15:37:35.525Z","runId":13,"level":"debug","phase":"write","tableName":"work_done","tableRunId":94,"status":"start","batchSize":1000}
{"timestamp":"2026-06-08T15:37:35.557Z","runId":13,"level":"debug","phase":"write","tableName":"work_done","tableRunId":94,"status":"end","inserted":1000,"updated":0,"skipped":0,"durationMs":32}
{"timestamp":"2026-06-08T15:37:35.743Z","runId":13,"level":"debug","phase":"write","tableName":"work_done","tableRunId":94,"status":"start","batchSize":1000}
{"timestamp":"2026-06-08T15:37:35.787Z","runId":13,"level":"debug","phase":"write","tableName":"work_done","tableRunId":94,"status":"end","inserted":1000,"updated":0,"skipped":0,"durationMs":44}
{"timestamp":"2026-06-08T15:37:35.995Z","runId":13,"level":"debug","phase":"write","tableName":"work_done","tableRunId":94,"status":"start","batchSize":1000}
{"timestamp":"2026-06-08T15:37:36.025Z","runId":13,"level":"debug","phase":"write","tableName":"work_done","tableRunId":94,"status":"end","inserted":1000,"updated":0,"skipped":0,"durationMs":30}
{"timestamp":"2026-06-08T15:37:36.218Z","runId":13,"level":"debug","phase":"write","tableName":"work_done","tableRunId":94,"status":"start","batchSize":1000}
{"timestamp":"2026-06-08T15:37:36.243Z","runId":13,"level":"debug","phase":"write","tableName":"work_done","tableRunId":94,"status":"end","inserted":1000,"updated":0,"skipped":0,"durationMs":25}
{"timestamp":"2026-06-08T15:37:36.444Z","runId":13,"level":"debug","phase":"write","tableName":"work_done","tableRunId":94,"status":"start","batchSize":1000}
{"timestamp":"2026-06-08T15:37:36.466Z","runId":13,"level":"debug","phase":"write","tableName":"work_done","tableRunId":94,"status":"end","inserted":1000,"updated":0,"skipped":0,"durationMs":22}
{"timestamp":"2026-06-08T15:37:36.669Z","runId":13,"level":"debug","phase":"write","tableName":"work_done","tableRunId":94,"status":"start","batchSize":1000}
{"timestamp":"2026-06-08T15:37:36.693Z","runId":13,"level":"debug","phase":"write","tableName":"work_done","tableRunId":94,"status":"end","inserted":1000,"updated":0,"skipped":0,"durationMs":24}
{"timestamp":"2026-06-08T15:37:36.904Z","runId":13,"level":"debug","phase":"write","tableName":"work_done","tableRunId":94,"status":"start","batchSize":1000}
{"timestamp":"2026-06-08T15:37:36.946Z","runId":13,"level":"debug","phase":"write","tableName":"work_done","tableRunId":94,"status":"end","inserted":1000,"updated":0,"skipped":0,"durationMs":42}
{"timestamp":"2026-06-08T15:37:37.156Z","runId":13,"level":"debug","phase":"write","tableName":"work_done","tableRunId":94,"status":"start","batchSize":1000}
{"timestamp":"2026-06-08T15:37:37.179Z","runId":13,"level":"debug","phase":"write","tableName":"work_done","tableRunId":94,"status":"end","inserted":1000,"updated":0,"skipped":0,"durationMs":23}
{"timestamp":"2026-06-08T15:37:37.387Z","runId":13,"level":"debug","phase":"write","tableName":"work_done","tableRunId":94,"status":"start","batchSize":1000}
{"timestamp":"2026-06-08T15:37:37.414Z","runId":13,"level":"debug","phase":"write","tableName":"work_done","tableRunId":94,"status":"end","inserted":1000,"updated":0,"skipped":0,"durationMs":27}
{"timestamp":"2026-06-08T15:37:37.608Z","runId":13,"level":"debug","phase":"write","tableName":"work_done","tableRunId":94,"status":"start","batchSize":1000}
{"timestamp":"2026-06-08T15:37:37.633Z","runId":13,"level":"debug","phase":"write","tableName":"work_done","tableRunId":94,"status":"end","inserted":1000,"updated":0,"skipped":0,"durationMs":25}
{"timestamp":"2026-06-08T15:37:37.836Z","runId":13,"level":"debug","phase":"write","tableName":"work_done","tableRunId":94,"status":"start","batchSize":1000}
{"timestamp":"2026-06-08T15:37:37.860Z","runId":13,"level":"debug","phase":"write","tableName":"work_done","tableRunId":94,"status":"end","inserted":1000,"updated":0,"skipped":0,"durationMs":24}
{"timestamp":"2026-06-08T15:37:38.071Z","runId":13,"level":"debug","phase":"write","tableName":"work_done","tableRunId":94,"status":"start","batchSize":1000}
{"timestamp":"2026-06-08T15:37:38.094Z","runId":13,"level":"debug","phase":"write","tableName":"work_done","tableRunId":94,"status":"end","inserted":1000,"updated":0,"skipped":0,"durationMs":23}
{"timestamp":"2026-06-08T15:37:38.302Z","runId":13,"level":"debug","phase":"write","tableName":"work_done","tableRunId":94,"status":"start","batchSize":1000}
{"timestamp":"2026-06-08T15:37:38.326Z","runId":13,"level":"debug","phase":"write","tableName":"work_done","tableRunId":94,"status":"end","inserted":1000,"updated":0,"skipped":0,"durationMs":24}
{"timestamp":"2026-06-08T15:37:38.529Z","runId":13,"level":"debug","phase":"write","tableName":"work_done","tableRunId":94,"status":"start","batchSize":1000}
{"timestamp":"2026-06-08T15:37:38.553Z","runId":13,"level":"debug","phase":"write","tableName":"work_done","tableRunId":94,"status":"end","inserted":1000,"updated":0,"skipped":0,"durationMs":24}
{"timestamp":"2026-06-08T15:37:38.770Z","runId":13,"level":"debug","phase":"write","tableName":"work_done","tableRunId":94,"status":"start","batchSize":1000}
{"timestamp":"2026-06-08T15:37:38.804Z","runId":13,"level":"debug","phase":"write","tableName":"work_done","tableRunId":94,"status":"end","inserted":1000,"updated":0,"skipped":0,"durationMs":34}
{"timestamp":"2026-06-08T15:37:39.021Z","runId":13,"level":"debug","phase":"write","tableName":"work_done","tableRunId":94,"status":"start","batchSize":1000}
{"timestamp":"2026-06-08T15:37:39.043Z","runId":13,"level":"debug","phase":"write","tableName":"work_done","tableRunId":94,"status":"end","inserted":1000,"updated":0,"skipped":0,"durationMs":22}
{"timestamp":"2026-06-08T15:37:39.261Z","runId":13,"level":"debug","phase":"write","tableName":"work_done","tableRunId":94,"status":"start","batchSize":1000}
{"timestamp":"2026-06-08T15:37:39.284Z","runId":13,"level":"debug","phase":"write","tableName":"work_done","tableRunId":94,"status":"end","inserted":1000,"updated":0,"skipped":0,"durationMs":23}
{"timestamp":"2026-06-08T15:37:39.501Z","runId":13,"level":"debug","phase":"write","tableName":"work_done","tableRunId":94,"status":"start","batchSize":1000}
{"timestamp":"2026-06-08T15:37:39.524Z","runId":13,"level":"debug","phase":"write","tableName":"work_done","tableRunId":94,"status":"end","inserted":1000,"updated":0,"skipped":0,"durationMs":23}
{"timestamp":"2026-06-08T15:37:39.743Z","runId":13,"level":"debug","phase":"write","tableName":"work_done","tableRunId":94,"status":"start","batchSize":1000}
{"timestamp":"2026-06-08T15:37:39.766Z","runId":13,"level":"debug","phase":"write","tableName":"work_done","tableRunId":94,"status":"end","inserted":1000,"updated":0,"skipped":0,"durationMs":23}
{"timestamp":"2026-06-08T15:37:39.984Z","runId":13,"level":"debug","phase":"write","tableName":"work_done","tableRunId":94,"status":"start","batchSize":1000}
{"timestamp":"2026-06-08T15:37:40.010Z","runId":13,"level":"debug","phase":"write","tableName":"work_done","tableRunId":94,"status":"end","inserted":1000,"updated":0,"skipped":0,"durationMs":26}
{"timestamp":"2026-06-08T15:37:40.232Z","runId":13,"level":"debug","phase":"write","tableName":"work_done","tableRunId":94,"status":"start","batchSize":1000}
{"timestamp":"2026-06-08T15:37:40.254Z","runId":13,"level":"debug","phase":"write","tableName":"work_done","tableRunId":94,"status":"end","inserted":1000,"updated":0,"skipped":0,"durationMs":22}
{"timestamp":"2026-06-08T15:37:40.476Z","runId":13,"level":"debug","phase":"write","tableName":"work_done","tableRunId":94,"status":"start","batchSize":1000}
{"timestamp":"2026-06-08T15:37:40.503Z","runId":13,"level":"debug","phase":"write","tableName":"work_done","tableRunId":94,"status":"end","inserted":1000,"updated":0,"skipped":0,"durationMs":27}
{"timestamp":"2026-06-08T15:37:40.730Z","runId":13,"level":"debug","phase":"write","tableName":"work_done","tableRunId":94,"status":"start","batchSize":1000}
{"timestamp":"2026-06-08T15:37:40.753Z","runId":13,"level":"debug","phase":"write","tableName":"work_done","tableRunId":94,"status":"end","inserted":1000,"updated":0,"skipped":0,"durationMs":23}
{"timestamp":"2026-06-08T15:37:40.971Z","runId":13,"level":"debug","phase":"write","tableName":"work_done","tableRunId":94,"status":"start","batchSize":1000}
{"timestamp":"2026-06-08T15:37:41.009Z","runId":13,"level":"debug","phase":"write","tableName":"work_done","tableRunId":94,"status":"end","inserted":1000,"updated":0,"skipped":0,"durationMs":38}
{"timestamp":"2026-06-08T15:37:41.235Z","runId":13,"level":"debug","phase":"write","tableName":"work_done","tableRunId":94,"status":"start","batchSize":1000}
{"timestamp":"2026-06-08T15:37:41.259Z","runId":13,"level":"debug","phase":"write","tableName":"work_done","tableRunId":94,"status":"end","inserted":1000,"updated":0,"skipped":0,"durationMs":24}
{"timestamp":"2026-06-08T15:37:41.480Z","runId":13,"level":"debug","phase":"write","tableName":"work_done","tableRunId":94,"status":"start","batchSize":1000}
{"timestamp":"2026-06-08T15:37:41.505Z","runId":13,"level":"debug","phase":"write","tableName":"work_done","tableRunId":94,"status":"end","inserted":1000,"updated":0,"skipped":0,"durationMs":25}
{"timestamp":"2026-06-08T15:37:41.729Z","runId":13,"level":"debug","phase":"write","tableName":"work_done","tableRunId":94,"status":"start","batchSize":1000}
{"timestamp":"2026-06-08T15:37:41.753Z","runId":13,"level":"debug","phase":"write","tableName":"work_done","tableRunId":94,"status":"end","inserted":1000,"updated":0,"skipped":0,"durationMs":24}
{"timestamp":"2026-06-08T15:37:41.975Z","runId":13,"level":"debug","phase":"write","tableName":"work_done","tableRunId":94,"status":"start","batchSize":1000}
{"timestamp":"2026-06-08T15:37:41.997Z","runId":13,"level":"debug","phase":"write","tableName":"work_done","tableRunId":94,"status":"end","inserted":1000,"updated":0,"skipped":0,"durationMs":22}
{"timestamp":"2026-06-08T15:37:42.223Z","runId":13,"level":"debug","phase":"write","tableName":"work_done","tableRunId":94,"status":"start","batchSize":1000}
{"timestamp":"2026-06-08T15:37:42.244Z","runId":13,"level":"debug","phase":"write","tableName":"work_done","tableRunId":94,"status":"end","inserted":1000,"updated":0,"skipped":0,"durationMs":21}
{"timestamp":"2026-06-08T15:37:42.479Z","runId":13,"level":"debug","phase":"write","tableName":"work_done","tableRunId":94,"status":"start","batchSize":1000}
{"timestamp":"2026-06-08T15:37:42.503Z","runId":13,"level":"debug","phase":"write","tableName":"work_done","tableRunId":94,"status":"end","inserted":1000,"updated":0,"skipped":0,"durationMs":24}
{"timestamp":"2026-06-08T15:37:42.742Z","runId":13,"level":"debug","phase":"write","tableName":"work_done","tableRunId":94,"status":"start","batchSize":1000}
{"timestamp":"2026-06-08T15:37:42.765Z","runId":13,"level":"debug","phase":"write","tableName":"work_done","tableRunId":94,"status":"end","inserted":1000,"updated":0,"skipped":0,"durationMs":23}
{"timestamp":"2026-06-08T15:37:42.993Z","runId":13,"level":"debug","phase":"write","tableName":"work_done","tableRunId":94,"status":"start","batchSize":1000}
{"timestamp":"2026-06-08T15:37:43.031Z","runId":13,"level":"debug","phase":"write","tableName":"work_done","tableRunId":94,"status":"end","inserted":1000,"updated":0,"skipped":0,"durationMs":38}
{"timestamp":"2026-06-08T15:37:43.266Z","runId":13,"level":"debug","phase":"write","tableName":"work_done","tableRunId":94,"status":"start","batchSize":1000}
{"timestamp":"2026-06-08T15:37:43.292Z","runId":13,"level":"debug","phase":"write","tableName":"work_done","tableRunId":94,"status":"end","inserted":1000,"updated":0,"skipped":0,"durationMs":26}
{"timestamp":"2026-06-08T15:37:43.529Z","runId":13,"level":"debug","phase":"write","tableName":"work_done","tableRunId":94,"status":"start","batchSize":1000}
{"timestamp":"2026-06-08T15:37:43.551Z","runId":13,"level":"debug","phase":"write","tableName":"work_done","tableRunId":94,"status":"end","inserted":1000,"updated":0,"skipped":0,"durationMs":22}
{"timestamp":"2026-06-08T15:37:43.790Z","runId":13,"level":"debug","phase":"write","tableName":"work_done","tableRunId":94,"status":"start","batchSize":1000}
{"timestamp":"2026-06-08T15:37:43.813Z","runId":13,"level":"debug","phase":"write","tableName":"work_done","tableRunId":94,"status":"end","inserted":1000,"updated":0,"skipped":0,"durationMs":23}
{"timestamp":"2026-06-08T15:37:44.052Z","runId":13,"level":"debug","phase":"write","tableName":"work_done","tableRunId":94,"status":"start","batchSize":1000}
{"timestamp":"2026-06-08T15:37:44.076Z","runId":13,"level":"debug","phase":"write","tableName":"work_done","tableRunId":94,"status":"end","inserted":1000,"updated":0,"skipped":0,"durationMs":24}
{"timestamp":"2026-06-08T15:37:44.315Z","runId":13,"level":"debug","phase":"write","tableName":"work_done","tableRunId":94,"status":"start","batchSize":1000}
{"timestamp":"2026-06-08T15:37:44.340Z","runId":13,"level":"debug","phase":"write","tableName":"work_done","tableRunId":94,"status":"end","inserted":1000,"updated":0,"skipped":0,"durationMs":25}
{"timestamp":"2026-06-08T15:37:44.573Z","runId":13,"level":"debug","phase":"write","tableName":"work_done","tableRunId":94,"status":"start","batchSize":1000}
{"timestamp":"2026-06-08T15:37:44.596Z","runId":13,"level":"debug","phase":"write","tableName":"work_done","tableRunId":94,"status":"end","inserted":1000,"updated":0,"skipped":0,"durationMs":23}
{"timestamp":"2026-06-08T15:37:44.830Z","runId":13,"level":"debug","phase":"write","tableName":"work_done","tableRunId":94,"status":"start","batchSize":1000}
{"timestamp":"2026-06-08T15:37:44.856Z","runId":13,"level":"debug","phase":"write","tableName":"work_done","tableRunId":94,"status":"end","inserted":1000,"updated":0,"skipped":0,"durationMs":26}
{"timestamp":"2026-06-08T15:37:45.096Z","runId":13,"level":"debug","phase":"write","tableName":"work_done","tableRunId":94,"status":"start","batchSize":1000}
{"timestamp":"2026-06-08T15:37:45.141Z","runId":13,"level":"debug","phase":"write","tableName":"work_done","tableRunId":94,"status":"end","inserted":1000,"updated":0,"skipped":0,"durationMs":45}
{"timestamp":"2026-06-08T15:37:45.379Z","runId":13,"level":"debug","phase":"write","tableName":"work_done","tableRunId":94,"status":"start","batchSize":1000}
{"timestamp":"2026-06-08T15:37:45.403Z","runId":13,"level":"debug","phase":"write","tableName":"work_done","tableRunId":94,"status":"end","inserted":1000,"updated":0,"skipped":0,"durationMs":24}
{"timestamp":"2026-06-08T15:37:45.642Z","runId":13,"level":"debug","phase":"write","tableName":"work_done","tableRunId":94,"status":"start","batchSize":1000}
{"timestamp":"2026-06-08T15:37:45.668Z","runId":13,"level":"debug","phase":"write","tableName":"work_done","tableRunId":94,"status":"end","inserted":1000,"updated":0,"skipped":0,"durationMs":26}
{"timestamp":"2026-06-08T15:37:45.923Z","runId":13,"level":"debug","phase":"write","tableName":"work_done","tableRunId":94,"status":"start","batchSize":1000}
{"timestamp":"2026-06-08T15:37:45.945Z","runId":13,"level":"debug","phase":"write","tableName":"work_done","tableRunId":94,"status":"end","inserted":1000,"updated":0,"skipped":0,"durationMs":22}
{"timestamp":"2026-06-08T15:37:46.185Z","runId":13,"level":"debug","phase":"write","tableName":"work_done","tableRunId":94,"status":"start","batchSize":1000}
{"timestamp":"2026-06-08T15:37:46.209Z","runId":13,"level":"debug","phase":"write","tableName":"work_done","tableRunId":94,"status":"end","inserted":1000,"updated":0,"skipped":0,"durationMs":24}
{"timestamp":"2026-06-08T15:37:46.451Z","runId":13,"level":"debug","phase":"write","tableName":"work_done","tableRunId":94,"status":"start","batchSize":1000}
{"timestamp":"2026-06-08T15:37:46.474Z","runId":13,"level":"debug","phase":"write","tableName":"work_done","tableRunId":94,"status":"end","inserted":1000,"updated":0,"skipped":0,"durationMs":23}
{"timestamp":"2026-06-08T15:37:46.716Z","runId":13,"level":"debug","phase":"write","tableName":"work_done","tableRunId":94,"status":"start","batchSize":1000}
{"timestamp":"2026-06-08T15:37:46.741Z","runId":13,"level":"debug","phase":"write","tableName":"work_done","tableRunId":94,"status":"end","inserted":1000,"updated":0,"skipped":0,"durationMs":25}
{"timestamp":"2026-06-08T15:37:46.996Z","runId":13,"level":"debug","phase":"write","tableName":"work_done","tableRunId":94,"status":"start","batchSize":1000}
{"timestamp":"2026-06-08T15:37:47.022Z","runId":13,"level":"debug","phase":"write","tableName":"work_done","tableRunId":94,"status":"end","inserted":1000,"updated":0,"skipped":0,"durationMs":26}
{"timestamp":"2026-06-08T15:37:47.252Z","runId":13,"level":"debug","phase":"write","tableName":"work_done","tableRunId":94,"status":"start","batchSize":260}
{"timestamp":"2026-06-08T15:37:47.264Z","runId":13,"level":"debug","phase":"write","tableName":"work_done","tableRunId":94,"status":"end","inserted":260,"updated":0,"skipped":0,"durationMs":12}
{"timestamp":"2026-06-08T15:37:47.276Z","runId":13,"level":"info","phase":"table_finalize","tableName":"work_done","tableRunId":94,"status":"success","inserted":49260,"updated":0,"skipped":0,"errors":0,"durationMs":12466}
{"timestamp":"2026-06-08T15:37:47.280Z","runId":13,"level":"info","phase":"run_finalize","status":"success"}
