{"timestamp":"2026-05-29T11:14:07.120Z","runId":14,"level":"info","phase":"run_start","dryRun":false,"batchSize":10000,"fkChecks":true,"tables":[{"table":"JOB_INFORMATION","mode":"INSERT","keyStrategy":"preserve","dedupeKeys":[],"onDuplicate":"SKIP","cleanBefore":true}]}
{"timestamp":"2026-05-29T11:14:07.121Z","runId":14,"level":"info","phase":"preflight","action":"firebird_config_check","host":"localhost","port":3050,"database":"C:\\Autoneer\\data\\AUTONEER.FDB","user":"SYSDBA","passwordSet":true,"passwordLength":9,"passwordSource":"state","useDefaultSysdbaMasterkey":true,"rawPasswordSet":true,"rawPasswordLength":9}
{"timestamp":"2026-05-29T11:14:07.177Z","runId":14,"level":"info","phase":"preflight","attempt":1,"status":"ok"}
{"timestamp":"2026-05-29T11:14:07.177Z","runId":14,"level":"debug","phase":"preflight","durationMs":56}
{"timestamp":"2026-05-29T11:14:07.177Z","runId":14,"level":"info","phase":"preflight","action":"nullability_validation","status":"start"}
{"timestamp":"2026-05-29T11:14:07.180Z","runId":14,"level":"info","phase":"preflight","action":"nullability_validation","status":"passed"}
{"timestamp":"2026-05-29T11:14:07.181Z","runId":14,"level":"info","phase":"preflight","action":"gl_account_types_seed","status":"start"}
{"timestamp":"2026-05-29T11:14:07.186Z","runId":14,"level":"info","phase":"preflight","action":"gl_account_types_seed","status":"passed"}
{"timestamp":"2026-05-29T11:14:07.328Z","runId":14,"level":"info","phase":"preflight","action":"accnr_conversion_map","source":"firebird","sourceTable":"ACCOUNTS","count":135}
{"timestamp":"2026-05-29T11:14:07.329Z","runId":14,"level":"debug","phase":"table_loop","action":"starting","includedCount":1,"mappingTableCount":1}
{"timestamp":"2026-05-29T11:14:07.329Z","runId":14,"level":"info","phase":"table_loop","action":"normalized_tables","sampleTables":["JOB_INFORMATION"]}
{"timestamp":"2026-05-29T11:14:07.329Z","runId":14,"level":"debug","phase":"table_loop","action":"processing","tableName":"job_information","mappingTableKeys":["JOB_INFORMATION"]}
{"timestamp":"2026-05-29T11:14:07.329Z","runId":14,"level":"debug","phase":"table_loop","action":"mapping_resolved","tableName":"job_information","hasMappingEntry":true,"mappingTarget":"JOB_INFORMATION"}
{"timestamp":"2026-05-29T11:14:07.329Z","runId":14,"level":"debug","phase":"mapping_debug","tableName":"job_information","mappedSource":"JOB_INFORMATION","firebirdTableCount":190,"sampleFirebirdTables":["ACCCLASS","ACCDEPARTMENT","ACCOUNTLINKS","ACCOUNTS","ACCOUNT_OPENING"]}
{"timestamp":"2026-05-29T11:14:07.452Z","runId":14,"level":"debug","phase":"clean_decision","tableName":"job_information","cleanBefore":true,"dryRun":false,"mode":"INSERT"}
{"timestamp":"2026-05-29T11:14:07.453Z","runId":14,"type":"table_cleaning_started","table":"job_information","tableRunId":137}
{"timestamp":"2026-05-29T11:14:07.453Z","runId":14,"level":"info","phase":"clean","tableName":"job_information","tableRunId":137,"status":"start"}
{"timestamp":"2026-05-29T11:14:07.454Z","runId":14,"level":"debug","phase":"clean","tableName":"job_information","tableRunId":137,"action":"fk_checks_disabled"}
{"timestamp":"2026-05-29T11:14:07.520Z","runId":14,"level":"info","phase":"clean","tableName":"job_information","tableRunId":137,"status":"success","method":"TRUNCATE","affectedRows":null,"postCount":0,"durationMs":67}
{"timestamp":"2026-05-29T11:14:07.530Z","runId":14,"type":"table_cleaned","table":"job_information","tableRunId":137,"method":"TRUNCATE","affectedRows":null,"postCount":0}
{"timestamp":"2026-05-29T11:14:07.530Z","runId":14,"level":"debug","phase":"clean","tableName":"job_information","tableRunId":137,"action":"fk_checks_restored"}
{"timestamp":"2026-05-29T11:14:07.530Z","runId":14,"level":"info","phase":"table_start","tableName":"job_information","tableRunId":137,"mode":"INSERT","keyStrategy":"preserve","dedupeKeys":[]}
{"timestamp":"2026-05-29T11:14:07.557Z","runId":14,"level":"info","phase":"fetch","tableName":"job_information","tableRunId":137,"sourceRows":11885,"dateFilter":null}
{"timestamp":"2026-05-29T11:14:08.114Z","runId":14,"level":"debug","phase":"write","tableName":"job_information","tableRunId":137,"status":"start","batchSize":10000}
{"timestamp":"2026-05-29T11:14:27.179Z","runId":14,"level":"info","phase":"preflight","action":"firebird_config_check","host":"localhost","port":3050,"database":"C:\\Autoneer\\data\\AUTONEER.FDB","user":"SYSDBA","passwordSet":true,"passwordLength":9,"passwordSource":"state","useDefaultSysdbaMasterkey":true,"rawPasswordSet":true,"rawPasswordLength":9}
{"timestamp":"2026-05-29T11:14:27.238Z","runId":14,"level":"info","phase":"preflight","attempt":1,"status":"ok"}
{"timestamp":"2026-05-29T11:14:27.239Z","runId":14,"level":"debug","phase":"keepalive","status":"ok"}
{"timestamp":"2026-05-29T11:14:47.180Z","runId":14,"level":"info","phase":"preflight","action":"firebird_config_check","host":"localhost","port":3050,"database":"C:\\Autoneer\\data\\AUTONEER.FDB","user":"SYSDBA","passwordSet":true,"passwordLength":9,"passwordSource":"state","useDefaultSysdbaMasterkey":true,"rawPasswordSet":true,"rawPasswordLength":9}
{"timestamp":"2026-05-29T11:14:47.222Z","runId":14,"level":"info","phase":"preflight","attempt":1,"status":"ok"}
{"timestamp":"2026-05-29T11:14:47.223Z","runId":14,"level":"debug","phase":"keepalive","status":"ok"}
{"timestamp":"2026-05-29T11:15:07.182Z","runId":14,"level":"info","phase":"preflight","action":"firebird_config_check","host":"localhost","port":3050,"database":"C:\\Autoneer\\data\\AUTONEER.FDB","user":"SYSDBA","passwordSet":true,"passwordLength":9,"passwordSource":"state","useDefaultSysdbaMasterkey":true,"rawPasswordSet":true,"rawPasswordLength":9}
{"timestamp":"2026-05-29T11:15:07.243Z","runId":14,"level":"info","phase":"preflight","attempt":1,"status":"ok"}
{"timestamp":"2026-05-29T11:15:07.243Z","runId":14,"level":"debug","phase":"keepalive","status":"ok"}
{"timestamp":"2026-05-29T11:15:21.848Z","runId":14,"level":"debug","phase":"write","tableName":"job_information","tableRunId":137,"status":"end","inserted":0,"updated":0,"skipped":0,"durationMs":73734}
{"timestamp":"2026-05-29T11:15:21.955Z","runId":14,"level":"debug","phase":"write","tableName":"job_information","tableRunId":137,"status":"start","batchSize":1885}
{"timestamp":"2026-05-29T11:15:27.189Z","runId":14,"level":"info","phase":"preflight","action":"firebird_config_check","host":"localhost","port":3050,"database":"C:\\Autoneer\\data\\AUTONEER.FDB","user":"SYSDBA","passwordSet":true,"passwordLength":9,"passwordSource":"state","useDefaultSysdbaMasterkey":true,"rawPasswordSet":true,"rawPasswordLength":9}
{"timestamp":"2026-05-29T11:15:27.246Z","runId":14,"level":"info","phase":"preflight","attempt":1,"status":"ok"}
{"timestamp":"2026-05-29T11:15:27.246Z","runId":14,"level":"debug","phase":"keepalive","status":"ok"}
{"timestamp":"2026-05-29T11:15:32.391Z","runId":14,"level":"debug","phase":"write","tableName":"job_information","tableRunId":137,"status":"end","inserted":0,"updated":0,"skipped":0,"durationMs":10436}
{"timestamp":"2026-05-29T11:15:32.399Z","runId":14,"level":"error","phase":"table_finalize","tableName":"job_information","tableRunId":137,"status":"failed","error":"Table job_information completed with 11885 errors.","hint":"Fix the row errors, then run the migration again."}
{"timestamp":"2026-05-29T11:15:32.400Z","runId":14,"level":"error","phase":"run_error","error":"Data truncated for column 'status' at row 1","stack":"Error: Data truncated for column 'status' at row 1\n    at PromisePool.query (C:\\Projects\\Autoneer-Migrate\\node_modules\\mysql2\\lib\\promise\\pool.js:36:22)\n    at Object.finishRun (C:\\Projects\\Autoneer-Migrate\\src\\migrate\\runStore.js:41:13)\n    at runMigrationInternal (C:\\Projects\\Autoneer-Migrate\\src\\migrate\\runner.js:2378:20)\n    at process.processTicksAndRejections (node:internal/process/task_queues:105:5)"}
