{"timestamp":"2026-01-22T07:55:16.815Z","runId":145,"level":"info","phase":"run_start","dryRun":false,"batchSize":1000,"fkChecks":true,"tables":[{"table":"ACC_CLASS","mode":"INSERT","keyStrategy":"preserve","dedupeKeys":[],"onDuplicate":"SKIP","clean":false},{"table":"ACC_DEPARTMENT","mode":"INSERT","keyStrategy":"preserve","dedupeKeys":[],"onDuplicate":"SKIP","clean":false}]}
{"timestamp":"2026-01-22T07:55:17.449Z","runId":145,"level":"info","phase":"preflight","attempt":1,"status":"ok"}
{"timestamp":"2026-01-22T07:55:17.449Z","runId":145,"level":"debug","phase":"preflight","durationMs":634}
{"timestamp":"2026-01-22T07:55:17.449Z","runId":145,"level":"info","phase":"preflight","action":"nullability_validation","status":"start"}
{"timestamp":"2026-01-22T07:55:17.452Z","runId":145,"level":"info","phase":"preflight","action":"nullability_validation","status":"passed"}
{"timestamp":"2026-01-22T07:55:17.513Z","runId":145,"level":"info","phase":"preflight","action":"foreign_key_checks_disabled","original_state":true}
{"timestamp":"2026-01-22T07:55:17.513Z","runId":145,"level":"debug","phase":"table_loop","action":"starting","includedCount":2,"mappingTableCount":2}
{"timestamp":"2026-01-22T07:55:17.514Z","runId":145,"level":"debug","phase":"table_loop","action":"processing","tableName":"ACC_CLASS","mappingTableKeys":["ACCCLASS","ACCDEPARTMENT"]}
{"timestamp":"2026-01-22T07:55:17.514Z","runId":145,"level":"debug","phase":"table_loop","action":"mapping_resolved","tableName":"ACC_CLASS","hasMappingEntry":true,"mappingTarget":"ACC_CLASS"}
{"timestamp":"2026-01-22T07:55:17.584Z","runId":145,"level":"info","phase":"table_start","tableName":"ACC_CLASS","tableRunId":155,"mode":"INSERT","keyStrategy":"preserve","dedupeKeys":[]}
{"timestamp":"2026-01-22T07:55:17.654Z","runId":145,"level":"info","phase":"fetch","tableName":"ACC_CLASS","tableRunId":155,"sourceRows":7}
{"timestamp":"2026-01-22T07:55:17.716Z","runId":145,"level":"debug","phase":"write","tableName":"ACC_CLASS","tableRunId":155,"status":"start","batchSize":7}
{"timestamp":"2026-01-22T07:55:17.720Z","runId":145,"level":"debug","phase":"write","tableName":"ACC_CLASS","tableRunId":155,"status":"end","inserted":7,"updated":0,"skipped":0,"durationMs":4}
{"timestamp":"2026-01-22T07:55:17.735Z","runId":145,"level":"info","phase":"table_finalize","tableName":"ACC_CLASS","tableRunId":155,"status":"success","inserted":7,"updated":0,"skipped":0,"errors":0,"durationMs":145}
{"timestamp":"2026-01-22T07:55:17.736Z","runId":145,"level":"debug","phase":"table_loop","action":"processing","tableName":"ACC_DEPARTMENT","mappingTableKeys":["ACCCLASS","ACCDEPARTMENT"]}
{"timestamp":"2026-01-22T07:55:17.736Z","runId":145,"level":"debug","phase":"table_loop","action":"mapping_resolved","tableName":"ACC_DEPARTMENT","hasMappingEntry":true,"mappingTarget":"ACC_DEPARTMENT"}
{"timestamp":"2026-01-22T07:55:17.796Z","runId":145,"level":"info","phase":"table_start","tableName":"ACC_DEPARTMENT","tableRunId":156,"mode":"INSERT","keyStrategy":"preserve","dedupeKeys":[]}
{"timestamp":"2026-01-22T07:55:17.864Z","runId":145,"level":"info","phase":"fetch","tableName":"ACC_DEPARTMENT","tableRunId":156,"sourceRows":8}
{"timestamp":"2026-01-22T07:55:18.495Z","runId":145,"level":"debug","phase":"write","tableName":"ACC_DEPARTMENT","tableRunId":156,"status":"start","batchSize":8}
{"timestamp":"2026-01-22T07:55:18.501Z","runId":145,"level":"debug","phase":"write","tableName":"ACC_DEPARTMENT","tableRunId":156,"status":"end","inserted":8,"updated":0,"skipped":0,"durationMs":6}
{"timestamp":"2026-01-22T07:55:18.515Z","runId":145,"level":"info","phase":"table_finalize","tableName":"ACC_DEPARTMENT","tableRunId":156,"status":"success","inserted":8,"updated":0,"skipped":0,"errors":0,"durationMs":712}
{"timestamp":"2026-01-22T07:55:18.519Z","runId":145,"level":"info","phase":"run_finalize","status":"success"}
