{"timestamp":"2026-05-29T11:21:23.050Z","runId":15,"level":"info","phase":"run_start","dryRun":false,"batchSize":10000,"fkChecks":true,"tables":[{"table":"JOB_INFORMATION","mode":"INSERT","keyStrategy":"preserve","dedupeKeys":[],"onDuplicate":"SKIP","cleanBefore":true}]}
{"timestamp":"2026-05-29T11:21:23.050Z","runId":15,"level":"info","phase":"preflight","action":"firebird_config_check","host":"localhost","port":3050,"database":"C:\\Autoneer\\data\\AUTONEER.FDB","user":"SYSDBA","passwordSet":true,"passwordLength":9,"passwordSource":"state","useDefaultSysdbaMasterkey":true,"rawPasswordSet":true,"rawPasswordLength":9}
{"timestamp":"2026-05-29T11:21:23.103Z","runId":15,"level":"info","phase":"preflight","attempt":1,"status":"ok"}
{"timestamp":"2026-05-29T11:21:23.104Z","runId":15,"level":"debug","phase":"preflight","durationMs":54}
{"timestamp":"2026-05-29T11:21:23.104Z","runId":15,"level":"info","phase":"preflight","action":"nullability_validation","status":"start"}
{"timestamp":"2026-05-29T11:21:23.106Z","runId":15,"level":"info","phase":"preflight","action":"nullability_validation","status":"passed"}
{"timestamp":"2026-05-29T11:21:23.106Z","runId":15,"level":"info","phase":"preflight","action":"gl_account_types_seed","status":"start"}
{"timestamp":"2026-05-29T11:21:23.109Z","runId":15,"level":"info","phase":"preflight","action":"gl_account_types_seed","status":"passed"}
{"timestamp":"2026-05-29T11:21:23.208Z","runId":15,"level":"info","phase":"preflight","action":"accnr_conversion_map","source":"firebird","sourceTable":"ACCOUNTS","count":135}
{"timestamp":"2026-05-29T11:21:23.208Z","runId":15,"level":"info","phase":"mapping_migrate","table":"JOB_INFORMATION","source":"INVTOTAL","oldTarget":"job_number","newTarget":"invoice_total"}
{"timestamp":"2026-05-29T11:21:23.208Z","runId":15,"level":"info","phase":"mapping_migrate","table":"JOB_INFORMATION","source":"CONT_JOBNR","oldTarget":"cont_id","newTarget":"cont_job_number"}
{"timestamp":"2026-05-29T11:21:23.208Z","runId":15,"level":"debug","phase":"table_loop","action":"starting","includedCount":1,"mappingTableCount":1}
{"timestamp":"2026-05-29T11:21:23.208Z","runId":15,"level":"info","phase":"table_loop","action":"normalized_tables","sampleTables":["JOB_INFORMATION"]}
{"timestamp":"2026-05-29T11:21:23.208Z","runId":15,"level":"debug","phase":"table_loop","action":"processing","tableName":"job_information","mappingTableKeys":["JOB_INFORMATION"]}
{"timestamp":"2026-05-29T11:21:23.208Z","runId":15,"level":"debug","phase":"table_loop","action":"mapping_resolved","tableName":"job_information","hasMappingEntry":true,"mappingTarget":"JOB_INFORMATION"}
{"timestamp":"2026-05-29T11:21:23.208Z","runId":15,"level":"debug","phase":"mapping_debug","tableName":"job_information","mappedSource":"JOB_INFORMATION","firebirdTableCount":190,"sampleFirebirdTables":["ACCCLASS","ACCDEPARTMENT","ACCOUNTLINKS","ACCOUNTS","ACCOUNT_OPENING"]}
{"timestamp":"2026-05-29T11:21:23.863Z","runId":15,"level":"debug","phase":"clean_decision","tableName":"job_information","cleanBefore":true,"dryRun":false,"mode":"INSERT"}
{"timestamp":"2026-05-29T11:21:23.863Z","runId":15,"type":"table_cleaning_started","table":"job_information","tableRunId":139}
{"timestamp":"2026-05-29T11:21:23.863Z","runId":15,"level":"info","phase":"clean","tableName":"job_information","tableRunId":139,"status":"start"}
{"timestamp":"2026-05-29T11:21:23.864Z","runId":15,"level":"debug","phase":"clean","tableName":"job_information","tableRunId":139,"action":"fk_checks_disabled"}
{"timestamp":"2026-05-29T11:21:23.921Z","runId":15,"level":"info","phase":"clean","tableName":"job_information","tableRunId":139,"status":"success","method":"TRUNCATE","affectedRows":null,"postCount":0,"durationMs":58}
{"timestamp":"2026-05-29T11:21:23.932Z","runId":15,"type":"table_cleaned","table":"job_information","tableRunId":139,"method":"TRUNCATE","affectedRows":null,"postCount":0}
{"timestamp":"2026-05-29T11:21:23.932Z","runId":15,"level":"debug","phase":"clean","tableName":"job_information","tableRunId":139,"action":"fk_checks_restored"}
{"timestamp":"2026-05-29T11:21:23.932Z","runId":15,"level":"info","phase":"table_start","tableName":"job_information","tableRunId":139,"mode":"INSERT","keyStrategy":"preserve","dedupeKeys":[]}
{"timestamp":"2026-05-29T11:21:23.954Z","runId":15,"level":"info","phase":"fetch","tableName":"job_information","tableRunId":139,"sourceRows":11885,"dateFilter":null}
{"timestamp":"2026-05-29T11:21:24.566Z","runId":15,"level":"debug","phase":"write","tableName":"job_information","tableRunId":139,"status":"start","batchSize":10000}
{"timestamp":"2026-05-29T11:21:26.294Z","runId":15,"level":"debug","phase":"write","tableName":"job_information","tableRunId":139,"status":"end","inserted":9994,"updated":0,"skipped":6,"durationMs":1728}
{"timestamp":"2026-05-29T11:21:26.452Z","runId":15,"level":"debug","phase":"write","tableName":"job_information","tableRunId":139,"status":"start","batchSize":1885}
{"timestamp":"2026-05-29T11:21:26.725Z","runId":15,"level":"debug","phase":"write","tableName":"job_information","tableRunId":139,"status":"end","inserted":1885,"updated":0,"skipped":0,"durationMs":273}
{"timestamp":"2026-05-29T11:21:26.743Z","runId":15,"level":"info","phase":"table_finalize","tableName":"job_information","tableRunId":139,"status":"success","inserted":11879,"updated":0,"skipped":6,"errors":0,"durationMs":2803}
{"timestamp":"2026-05-29T11:21:26.749Z","runId":15,"level":"info","phase":"run_finalize","status":"success"}
