{"timestamp":"2026-01-22T12:04:43.625Z","runId":158,"level":"info","phase":"run_start","dryRun":false,"batchSize":1000,"fkChecks":true,"tables":[{"table":"ACC_CLASS","mode":"INSERT","keyStrategy":"preserve","dedupeKeys":[],"onDuplicate":"SKIP","clean":false},{"table":"CUSTOMERS","mode":"INSERT","keyStrategy":"preserve","dedupeKeys":[],"onDuplicate":"SKIP","clean":false},{"table":"ACC_DEPARTMENT","mode":"INSERT","keyStrategy":"preserve","dedupeKeys":[],"onDuplicate":"SKIP","clean":false}]}
{"timestamp":"2026-01-22T12:04:43.701Z","runId":158,"level":"info","phase":"preflight","attempt":1,"status":"ok"}
{"timestamp":"2026-01-22T12:04:43.701Z","runId":158,"level":"debug","phase":"preflight","durationMs":75}
{"timestamp":"2026-01-22T12:04:43.702Z","runId":158,"level":"info","phase":"preflight","action":"nullability_validation","status":"start"}
{"timestamp":"2026-01-22T12:04:43.707Z","runId":158,"level":"info","phase":"preflight","action":"nullability_validation","status":"passed"}
{"timestamp":"2026-01-22T12:04:43.777Z","runId":158,"level":"info","phase":"preflight","action":"foreign_key_checks_disabled","original_state":true}
{"timestamp":"2026-01-22T12:04:43.778Z","runId":158,"level":"debug","phase":"table_loop","action":"starting","includedCount":3,"mappingTableCount":3}
{"timestamp":"2026-01-22T12:04:43.779Z","runId":158,"level":"debug","phase":"table_loop","action":"processing","tableName":"ACC_CLASS","mappingTableKeys":["ACCCLASS","ACCDEPARTMENT","CUSTOMER"]}
{"timestamp":"2026-01-22T12:04:43.779Z","runId":158,"level":"debug","phase":"table_loop","action":"mapping_resolved","tableName":"ACC_CLASS","hasMappingEntry":true,"mappingTarget":"ACC_CLASS"}
{"timestamp":"2026-01-22T12:04:44.646Z","runId":158,"level":"info","phase":"table_start","tableName":"ACC_CLASS","tableRunId":169,"mode":"INSERT","keyStrategy":"preserve","dedupeKeys":[]}
{"timestamp":"2026-01-22T12:04:44.726Z","runId":158,"level":"info","phase":"fetch","tableName":"ACC_CLASS","tableRunId":169,"sourceRows":7}
{"timestamp":"2026-01-22T12:04:45.469Z","runId":158,"level":"debug","phase":"write","tableName":"ACC_CLASS","tableRunId":169,"status":"start","batchSize":7}
{"timestamp":"2026-01-22T12:04:45.476Z","runId":158,"level":"debug","phase":"write","tableName":"ACC_CLASS","tableRunId":169,"status":"end","inserted":7,"updated":0,"skipped":0,"durationMs":7}
{"timestamp":"2026-01-22T12:04:45.491Z","runId":158,"level":"info","phase":"table_finalize","tableName":"ACC_CLASS","tableRunId":169,"status":"success","inserted":7,"updated":0,"skipped":0,"errors":0,"durationMs":838}
{"timestamp":"2026-01-22T12:04:45.491Z","runId":158,"level":"debug","phase":"table_loop","action":"processing","tableName":"CUSTOMERS","mappingTableKeys":["ACCCLASS","ACCDEPARTMENT","CUSTOMER"]}
{"timestamp":"2026-01-22T12:04:45.492Z","runId":158,"level":"debug","phase":"table_loop","action":"mapping_resolved","tableName":"CUSTOMERS","hasMappingEntry":true,"mappingTarget":"CUSTOMERS"}
{"timestamp":"2026-01-22T12:04:45.551Z","runId":158,"level":"info","phase":"table_start","tableName":"CUSTOMERS","tableRunId":170,"mode":"INSERT","keyStrategy":"preserve","dedupeKeys":[]}
{"timestamp":"2026-01-22T12:04:45.641Z","runId":158,"level":"info","phase":"fetch","tableName":"CUSTOMERS","tableRunId":170,"sourceRows":6285}
{"timestamp":"2026-01-22T12:04:45.779Z","runId":158,"level":"debug","phase":"write","tableName":"CUSTOMERS","tableRunId":170,"status":"start","batchSize":1000}
{"timestamp":"2026-01-22T12:04:45.835Z","runId":158,"level":"debug","phase":"write","tableName":"CUSTOMERS","tableRunId":170,"status":"end","inserted":1000,"updated":0,"skipped":0,"durationMs":56}
{"timestamp":"2026-01-22T12:04:45.954Z","runId":158,"level":"debug","phase":"write","tableName":"CUSTOMERS","tableRunId":170,"status":"start","batchSize":1000}
{"timestamp":"2026-01-22T12:04:45.991Z","runId":158,"level":"debug","phase":"write","tableName":"CUSTOMERS","tableRunId":170,"status":"end","inserted":1000,"updated":0,"skipped":0,"durationMs":37}
{"timestamp":"2026-01-22T12:04:46.113Z","runId":158,"level":"debug","phase":"write","tableName":"CUSTOMERS","tableRunId":170,"status":"start","batchSize":1000}
{"timestamp":"2026-01-22T12:04:46.147Z","runId":158,"level":"debug","phase":"write","tableName":"CUSTOMERS","tableRunId":170,"status":"end","inserted":1000,"updated":0,"skipped":0,"durationMs":34}
{"timestamp":"2026-01-22T12:04:46.277Z","runId":158,"level":"debug","phase":"write","tableName":"CUSTOMERS","tableRunId":170,"status":"start","batchSize":1000}
{"timestamp":"2026-01-22T12:04:46.347Z","runId":158,"level":"debug","phase":"write","tableName":"CUSTOMERS","tableRunId":170,"status":"end","inserted":1000,"updated":0,"skipped":0,"durationMs":70}
{"timestamp":"2026-01-22T12:04:46.486Z","runId":158,"level":"debug","phase":"write","tableName":"CUSTOMERS","tableRunId":170,"status":"start","batchSize":1000}
{"timestamp":"2026-01-22T12:04:46.511Z","runId":158,"level":"debug","phase":"write","tableName":"CUSTOMERS","tableRunId":170,"status":"end","inserted":1000,"updated":0,"skipped":0,"durationMs":25}
{"timestamp":"2026-01-22T12:04:46.629Z","runId":158,"level":"debug","phase":"write","tableName":"CUSTOMERS","tableRunId":170,"status":"start","batchSize":1000}
{"timestamp":"2026-01-22T12:04:46.659Z","runId":158,"level":"debug","phase":"write","tableName":"CUSTOMERS","tableRunId":170,"status":"end","inserted":1000,"updated":0,"skipped":0,"durationMs":30}
{"timestamp":"2026-01-22T12:04:46.765Z","runId":158,"level":"debug","phase":"write","tableName":"CUSTOMERS","tableRunId":170,"status":"start","batchSize":285}
{"timestamp":"2026-01-22T12:04:46.781Z","runId":158,"level":"debug","phase":"write","tableName":"CUSTOMERS","tableRunId":170,"status":"end","inserted":285,"updated":0,"skipped":0,"durationMs":16}
{"timestamp":"2026-01-22T12:04:46.793Z","runId":158,"level":"info","phase":"table_finalize","tableName":"CUSTOMERS","tableRunId":170,"status":"success","inserted":6285,"updated":0,"skipped":0,"errors":0,"durationMs":1236}
{"timestamp":"2026-01-22T12:04:46.793Z","runId":158,"level":"debug","phase":"table_loop","action":"processing","tableName":"ACC_DEPARTMENT","mappingTableKeys":["ACCCLASS","ACCDEPARTMENT","CUSTOMER"]}
{"timestamp":"2026-01-22T12:04:46.794Z","runId":158,"level":"debug","phase":"table_loop","action":"mapping_resolved","tableName":"ACC_DEPARTMENT","hasMappingEntry":true,"mappingTarget":"ACC_DEPARTMENT"}
{"timestamp":"2026-01-22T12:04:46.855Z","runId":158,"level":"info","phase":"table_start","tableName":"ACC_DEPARTMENT","tableRunId":171,"mode":"INSERT","keyStrategy":"preserve","dedupeKeys":[]}
{"timestamp":"2026-01-22T12:04:46.931Z","runId":158,"level":"info","phase":"fetch","tableName":"ACC_DEPARTMENT","tableRunId":171,"sourceRows":8}
{"timestamp":"2026-01-22T12:04:47.007Z","runId":158,"level":"debug","phase":"write","tableName":"ACC_DEPARTMENT","tableRunId":171,"status":"start","batchSize":8}
{"timestamp":"2026-01-22T12:04:47.014Z","runId":158,"level":"debug","phase":"write","tableName":"ACC_DEPARTMENT","tableRunId":171,"status":"end","inserted":8,"updated":0,"skipped":0,"durationMs":7}
{"timestamp":"2026-01-22T12:04:47.031Z","runId":158,"level":"info","phase":"table_finalize","tableName":"ACC_DEPARTMENT","tableRunId":171,"status":"success","inserted":8,"updated":0,"skipped":0,"errors":0,"durationMs":168}
{"timestamp":"2026-01-22T12:04:47.035Z","runId":158,"level":"info","phase":"run_finalize","status":"success"}
