{"timestamp":"2026-01-22T12:38:10.731Z","runId":160,"level":"info","phase":"run_start","dryRun":false,"batchSize":1000,"fkChecks":true,"tables":[{"table":"STOCK","mode":"INSERT","keyStrategy":"preserve","dedupeKeys":[],"onDuplicate":"SKIP","clean":false}]}
{"timestamp":"2026-01-22T12:38:10.828Z","runId":160,"level":"info","phase":"preflight","attempt":1,"status":"ok"}
{"timestamp":"2026-01-22T12:38:10.829Z","runId":160,"level":"debug","phase":"preflight","durationMs":98}
{"timestamp":"2026-01-22T12:38:10.829Z","runId":160,"level":"info","phase":"preflight","action":"nullability_validation","status":"start"}
{"timestamp":"2026-01-22T12:38:10.834Z","runId":160,"level":"info","phase":"preflight","action":"nullability_validation","status":"passed"}
{"timestamp":"2026-01-22T12:38:10.944Z","runId":160,"level":"info","phase":"preflight","action":"foreign_key_checks_disabled","original_state":true}
{"timestamp":"2026-01-22T12:38:10.944Z","runId":160,"level":"debug","phase":"table_loop","action":"starting","includedCount":1,"mappingTableCount":1}
{"timestamp":"2026-01-22T12:38:10.944Z","runId":160,"level":"debug","phase":"table_loop","action":"processing","tableName":"STOCK","mappingTableKeys":["STOCK"]}
{"timestamp":"2026-01-22T12:38:10.945Z","runId":160,"level":"debug","phase":"table_loop","action":"mapping_resolved","tableName":"STOCK","hasMappingEntry":true,"mappingTarget":"STOCK"}
{"timestamp":"2026-01-22T12:38:11.072Z","runId":160,"level":"info","phase":"table_start","tableName":"STOCK","tableRunId":173,"mode":"INSERT","keyStrategy":"preserve","dedupeKeys":[]}
{"timestamp":"2026-01-22T12:38:11.226Z","runId":160,"level":"info","phase":"fetch","tableName":"STOCK","tableRunId":173,"sourceRows":25568}
{"timestamp":"2026-01-22T12:38:11.449Z","runId":160,"level":"debug","phase":"write","tableName":"STOCK","tableRunId":173,"status":"start","batchSize":1000}
{"timestamp":"2026-01-22T12:38:11.484Z","runId":160,"level":"debug","phase":"write","tableName":"STOCK","tableRunId":173,"status":"end","inserted":181,"updated":0,"skipped":819,"durationMs":35}
{"timestamp":"2026-01-22T12:38:11.711Z","runId":160,"level":"debug","phase":"write","tableName":"STOCK","tableRunId":173,"status":"start","batchSize":1000}
{"timestamp":"2026-01-22T12:38:11.797Z","runId":160,"level":"debug","phase":"write","tableName":"STOCK","tableRunId":173,"status":"end","inserted":1000,"updated":0,"skipped":0,"durationMs":86}
{"timestamp":"2026-01-22T12:38:12.006Z","runId":160,"level":"debug","phase":"write","tableName":"STOCK","tableRunId":173,"status":"start","batchSize":1000}
{"timestamp":"2026-01-22T12:38:12.071Z","runId":160,"level":"debug","phase":"write","tableName":"STOCK","tableRunId":173,"status":"end","inserted":1000,"updated":0,"skipped":0,"durationMs":65}
{"timestamp":"2026-01-22T12:38:13.004Z","runId":160,"level":"debug","phase":"write","tableName":"STOCK","tableRunId":173,"status":"start","batchSize":1000}
{"timestamp":"2026-01-22T12:38:13.039Z","runId":160,"level":"debug","phase":"write","tableName":"STOCK","tableRunId":173,"status":"end","inserted":1000,"updated":0,"skipped":0,"durationMs":35}
{"timestamp":"2026-01-22T12:38:14.104Z","runId":160,"level":"debug","phase":"write","tableName":"STOCK","tableRunId":173,"status":"start","batchSize":1000}
{"timestamp":"2026-01-22T12:38:14.148Z","runId":160,"level":"debug","phase":"write","tableName":"STOCK","tableRunId":173,"status":"end","inserted":1000,"updated":0,"skipped":0,"durationMs":44}
{"timestamp":"2026-01-22T12:38:15.118Z","runId":160,"level":"debug","phase":"write","tableName":"STOCK","tableRunId":173,"status":"start","batchSize":1000}
{"timestamp":"2026-01-22T12:38:15.188Z","runId":160,"level":"debug","phase":"write","tableName":"STOCK","tableRunId":173,"status":"end","inserted":1000,"updated":0,"skipped":0,"durationMs":70}
{"timestamp":"2026-01-22T12:38:15.381Z","runId":160,"level":"debug","phase":"write","tableName":"STOCK","tableRunId":173,"status":"start","batchSize":1000}
{"timestamp":"2026-01-22T12:38:15.421Z","runId":160,"level":"debug","phase":"write","tableName":"STOCK","tableRunId":173,"status":"end","inserted":1000,"updated":0,"skipped":0,"durationMs":40}
{"timestamp":"2026-01-22T12:38:15.609Z","runId":160,"level":"debug","phase":"write","tableName":"STOCK","tableRunId":173,"status":"start","batchSize":1000}
{"timestamp":"2026-01-22T12:38:15.700Z","runId":160,"level":"debug","phase":"write","tableName":"STOCK","tableRunId":173,"status":"end","inserted":1000,"updated":0,"skipped":0,"durationMs":91}
{"timestamp":"2026-01-22T12:38:15.892Z","runId":160,"level":"debug","phase":"write","tableName":"STOCK","tableRunId":173,"status":"start","batchSize":1000}
{"timestamp":"2026-01-22T12:38:15.931Z","runId":160,"level":"debug","phase":"write","tableName":"STOCK","tableRunId":173,"status":"end","inserted":1000,"updated":0,"skipped":0,"durationMs":39}
{"timestamp":"2026-01-22T12:38:16.114Z","runId":160,"level":"debug","phase":"write","tableName":"STOCK","tableRunId":173,"status":"start","batchSize":1000}
{"timestamp":"2026-01-22T12:38:16.162Z","runId":160,"level":"debug","phase":"write","tableName":"STOCK","tableRunId":173,"status":"end","inserted":1000,"updated":0,"skipped":0,"durationMs":48}
{"timestamp":"2026-01-22T12:38:16.340Z","runId":160,"level":"debug","phase":"write","tableName":"STOCK","tableRunId":173,"status":"start","batchSize":1000}
{"timestamp":"2026-01-22T12:38:16.370Z","runId":160,"level":"debug","phase":"write","tableName":"STOCK","tableRunId":173,"status":"end","inserted":1000,"updated":0,"skipped":0,"durationMs":30}
{"timestamp":"2026-01-22T12:38:16.562Z","runId":160,"level":"debug","phase":"write","tableName":"STOCK","tableRunId":173,"status":"start","batchSize":1000}
{"timestamp":"2026-01-22T12:38:16.611Z","runId":160,"level":"debug","phase":"write","tableName":"STOCK","tableRunId":173,"status":"end","inserted":1000,"updated":0,"skipped":0,"durationMs":49}
{"timestamp":"2026-01-22T12:38:16.816Z","runId":160,"level":"debug","phase":"write","tableName":"STOCK","tableRunId":173,"status":"start","batchSize":1000}
{"timestamp":"2026-01-22T12:38:16.852Z","runId":160,"level":"debug","phase":"write","tableName":"STOCK","tableRunId":173,"status":"end","inserted":1000,"updated":0,"skipped":0,"durationMs":36}
{"timestamp":"2026-01-22T12:38:17.025Z","runId":160,"level":"debug","phase":"write","tableName":"STOCK","tableRunId":173,"status":"start","batchSize":1000}
{"timestamp":"2026-01-22T12:38:17.065Z","runId":160,"level":"debug","phase":"write","tableName":"STOCK","tableRunId":173,"status":"end","inserted":1000,"updated":0,"skipped":0,"durationMs":40}
{"timestamp":"2026-01-22T12:38:17.293Z","runId":160,"level":"debug","phase":"write","tableName":"STOCK","tableRunId":173,"status":"start","batchSize":1000}
{"timestamp":"2026-01-22T12:38:17.360Z","runId":160,"level":"debug","phase":"write","tableName":"STOCK","tableRunId":173,"status":"end","inserted":1000,"updated":0,"skipped":0,"durationMs":67}
{"timestamp":"2026-01-22T12:38:17.567Z","runId":160,"level":"debug","phase":"write","tableName":"STOCK","tableRunId":173,"status":"start","batchSize":1000}
{"timestamp":"2026-01-22T12:38:17.608Z","runId":160,"level":"debug","phase":"write","tableName":"STOCK","tableRunId":173,"status":"end","inserted":1000,"updated":0,"skipped":0,"durationMs":41}
{"timestamp":"2026-01-22T12:38:17.813Z","runId":160,"level":"debug","phase":"write","tableName":"STOCK","tableRunId":173,"status":"start","batchSize":1000}
{"timestamp":"2026-01-22T12:38:17.852Z","runId":160,"level":"debug","phase":"write","tableName":"STOCK","tableRunId":173,"status":"end","inserted":1000,"updated":0,"skipped":0,"durationMs":39}
{"timestamp":"2026-01-22T12:38:18.067Z","runId":160,"level":"debug","phase":"write","tableName":"STOCK","tableRunId":173,"status":"start","batchSize":1000}
{"timestamp":"2026-01-22T12:38:18.153Z","runId":160,"level":"debug","phase":"write","tableName":"STOCK","tableRunId":173,"status":"end","inserted":1000,"updated":0,"skipped":0,"durationMs":86}
{"timestamp":"2026-01-22T12:38:18.363Z","runId":160,"level":"debug","phase":"write","tableName":"STOCK","tableRunId":173,"status":"start","batchSize":1000}
{"timestamp":"2026-01-22T12:38:18.414Z","runId":160,"level":"debug","phase":"write","tableName":"STOCK","tableRunId":173,"status":"end","inserted":1000,"updated":0,"skipped":0,"durationMs":51}
{"timestamp":"2026-01-22T12:38:18.636Z","runId":160,"level":"debug","phase":"write","tableName":"STOCK","tableRunId":173,"status":"start","batchSize":1000}
{"timestamp":"2026-01-22T12:38:18.705Z","runId":160,"level":"debug","phase":"write","tableName":"STOCK","tableRunId":173,"status":"end","inserted":1000,"updated":0,"skipped":0,"durationMs":69}
{"timestamp":"2026-01-22T12:38:18.935Z","runId":160,"level":"debug","phase":"write","tableName":"STOCK","tableRunId":173,"status":"start","batchSize":1000}
{"timestamp":"2026-01-22T12:38:18.978Z","runId":160,"level":"debug","phase":"write","tableName":"STOCK","tableRunId":173,"status":"end","inserted":1000,"updated":0,"skipped":0,"durationMs":43}
{"timestamp":"2026-01-22T12:38:19.206Z","runId":160,"level":"debug","phase":"write","tableName":"STOCK","tableRunId":173,"status":"start","batchSize":1000}
{"timestamp":"2026-01-22T12:38:19.241Z","runId":160,"level":"debug","phase":"write","tableName":"STOCK","tableRunId":173,"status":"end","inserted":1000,"updated":0,"skipped":0,"durationMs":35}
{"timestamp":"2026-01-22T12:38:19.463Z","runId":160,"level":"debug","phase":"write","tableName":"STOCK","tableRunId":173,"status":"start","batchSize":1000}
{"timestamp":"2026-01-22T12:38:19.503Z","runId":160,"level":"debug","phase":"write","tableName":"STOCK","tableRunId":173,"status":"end","inserted":1000,"updated":0,"skipped":0,"durationMs":40}
{"timestamp":"2026-01-22T12:38:19.724Z","runId":160,"level":"debug","phase":"write","tableName":"STOCK","tableRunId":173,"status":"start","batchSize":1000}
{"timestamp":"2026-01-22T12:38:19.780Z","runId":160,"level":"debug","phase":"write","tableName":"STOCK","tableRunId":173,"status":"end","inserted":1000,"updated":0,"skipped":0,"durationMs":56}
{"timestamp":"2026-01-22T12:38:19.994Z","runId":160,"level":"debug","phase":"write","tableName":"STOCK","tableRunId":173,"status":"start","batchSize":1000}
{"timestamp":"2026-01-22T12:38:20.035Z","runId":160,"level":"debug","phase":"write","tableName":"STOCK","tableRunId":173,"status":"end","inserted":1000,"updated":0,"skipped":0,"durationMs":41}
{"timestamp":"2026-01-22T12:38:20.224Z","runId":160,"level":"debug","phase":"write","tableName":"STOCK","tableRunId":173,"status":"start","batchSize":568}
{"timestamp":"2026-01-22T12:38:20.256Z","runId":160,"level":"debug","phase":"write","tableName":"STOCK","tableRunId":173,"status":"end","inserted":568,"updated":0,"skipped":0,"durationMs":32}
{"timestamp":"2026-01-22T12:38:20.269Z","runId":160,"level":"info","phase":"table_finalize","tableName":"STOCK","tableRunId":173,"status":"success","inserted":24749,"updated":0,"skipped":819,"errors":0,"durationMs":9191}
{"timestamp":"2026-01-22T12:38:20.273Z","runId":160,"level":"info","phase":"run_finalize","status":"success"}
