{"timestamp":"2026-01-23T06:03:12.374Z","runId":165,"level":"info","phase":"run_start","dryRun":false,"batchSize":1000,"fkChecks":true,"tables":[{"table":"SUPPLIERS","mode":"INSERT","keyStrategy":"preserve","dedupeKeys":[],"onDuplicate":"SKIP","clean":false},{"table":"CREDITORS","mode":"INSERT","keyStrategy":"preserve","dedupeKeys":[],"onDuplicate":"SKIP","clean":false}]}
{"timestamp":"2026-01-23T06:03:12.447Z","runId":165,"level":"info","phase":"preflight","attempt":1,"status":"ok"}
{"timestamp":"2026-01-23T06:03:12.448Z","runId":165,"level":"debug","phase":"preflight","durationMs":74}
{"timestamp":"2026-01-23T06:03:12.448Z","runId":165,"level":"info","phase":"preflight","action":"nullability_validation","status":"start"}
{"timestamp":"2026-01-23T06:03:12.452Z","runId":165,"level":"info","phase":"preflight","action":"nullability_validation","status":"passed"}
{"timestamp":"2026-01-23T06:03:12.518Z","runId":165,"level":"info","phase":"preflight","action":"foreign_key_checks_disabled","original_state":true}
{"timestamp":"2026-01-23T06:03:12.519Z","runId":165,"level":"debug","phase":"table_loop","action":"starting","includedCount":2,"mappingTableCount":2}
{"timestamp":"2026-01-23T06:03:12.519Z","runId":165,"level":"debug","phase":"table_loop","action":"processing","tableName":"SUPPLIERS","mappingTableKeys":["SUPPLIER","CREDITORS"]}
{"timestamp":"2026-01-23T06:03:12.519Z","runId":165,"level":"debug","phase":"table_loop","action":"mapping_resolved","tableName":"SUPPLIERS","hasMappingEntry":true,"mappingTarget":"SUPPLIERS"}
{"timestamp":"2026-01-23T06:03:13.272Z","runId":165,"level":"info","phase":"table_start","tableName":"SUPPLIERS","tableRunId":183,"mode":"INSERT","keyStrategy":"preserve","dedupeKeys":[]}
{"timestamp":"2026-01-23T06:03:13.352Z","runId":165,"level":"info","phase":"fetch","tableName":"SUPPLIERS","tableRunId":183,"sourceRows":206}
{"timestamp":"2026-01-23T06:03:13.440Z","runId":165,"level":"debug","phase":"write","tableName":"SUPPLIERS","tableRunId":183,"status":"start","batchSize":206}
{"timestamp":"2026-01-23T06:03:13.455Z","runId":165,"level":"debug","phase":"write","tableName":"SUPPLIERS","tableRunId":183,"status":"end","inserted":206,"updated":0,"skipped":0,"durationMs":15}
{"timestamp":"2026-01-23T06:03:13.469Z","runId":165,"level":"info","phase":"table_finalize","tableName":"SUPPLIERS","tableRunId":183,"status":"success","inserted":206,"updated":0,"skipped":0,"errors":0,"durationMs":189}
{"timestamp":"2026-01-23T06:03:13.470Z","runId":165,"level":"debug","phase":"table_loop","action":"processing","tableName":"CREDITORS","mappingTableKeys":["SUPPLIER","CREDITORS"]}
{"timestamp":"2026-01-23T06:03:13.470Z","runId":165,"level":"debug","phase":"table_loop","action":"mapping_resolved","tableName":"CREDITORS","hasMappingEntry":true,"mappingTarget":"CREDITORS"}
{"timestamp":"2026-01-23T06:03:13.541Z","runId":165,"level":"info","phase":"table_start","tableName":"CREDITORS","tableRunId":184,"mode":"INSERT","keyStrategy":"preserve","dedupeKeys":[]}
{"timestamp":"2026-01-23T06:03:14.328Z","runId":165,"level":"info","phase":"fetch","tableName":"CREDITORS","tableRunId":184,"sourceRows":215}
{"timestamp":"2026-01-23T06:03:14.400Z","runId":165,"level":"debug","phase":"write","tableName":"CREDITORS","tableRunId":184,"status":"start","batchSize":215}
{"timestamp":"2026-01-23T06:03:14.410Z","runId":165,"level":"debug","phase":"write","tableName":"CREDITORS","tableRunId":184,"status":"end","inserted":215,"updated":0,"skipped":0,"durationMs":10}
{"timestamp":"2026-01-23T06:03:14.425Z","runId":165,"level":"info","phase":"table_finalize","tableName":"CREDITORS","tableRunId":184,"status":"success","inserted":215,"updated":0,"skipped":0,"errors":0,"durationMs":877}
{"timestamp":"2026-01-23T06:03:14.430Z","runId":165,"level":"info","phase":"run_finalize","status":"success"}
