{"timestamp":"2026-01-26T06:16:45.539Z","runId":181,"level":"info","phase":"run_start","dryRun":false,"batchSize":1000,"fkChecks":true,"tables":[{"table":"WORK_DONE","mode":"INSERT","keyStrategy":"preserve","dedupeKeys":[],"onDuplicate":"SKIP","clean":false}]}
{"timestamp":"2026-01-26T06:16:45.590Z","runId":181,"level":"info","phase":"preflight","attempt":1,"status":"ok"}
{"timestamp":"2026-01-26T06:16:45.590Z","runId":181,"level":"debug","phase":"preflight","durationMs":51}
{"timestamp":"2026-01-26T06:16:45.591Z","runId":181,"level":"info","phase":"preflight","action":"nullability_validation","status":"start"}
{"timestamp":"2026-01-26T06:16:45.594Z","runId":181,"level":"info","phase":"preflight","action":"nullability_validation","status":"passed"}
{"timestamp":"2026-01-26T06:16:45.642Z","runId":181,"level":"info","phase":"preflight","action":"foreign_key_checks_disabled","original_state":true}
{"timestamp":"2026-01-26T06:16:45.642Z","runId":181,"level":"debug","phase":"table_loop","action":"starting","includedCount":1,"mappingTableCount":1}
{"timestamp":"2026-01-26T06:16:45.642Z","runId":181,"level":"debug","phase":"table_loop","action":"processing","tableName":"WORK_DONE","mappingTableKeys":["WORKDONE"]}
{"timestamp":"2026-01-26T06:16:45.643Z","runId":181,"level":"debug","phase":"table_loop","action":"mapping_resolved","tableName":"WORK_DONE","hasMappingEntry":true,"mappingTarget":"WORK_DONE"}
{"timestamp":"2026-01-26T06:16:45.695Z","runId":181,"level":"info","phase":"table_start","tableName":"WORK_DONE","tableRunId":199,"mode":"INSERT","keyStrategy":"preserve","dedupeKeys":[]}
{"timestamp":"2026-01-26T06:16:45.759Z","runId":181,"level":"info","phase":"fetch","tableName":"WORK_DONE","tableRunId":199,"sourceRows":5861}
{"timestamp":"2026-01-26T06:16:45.870Z","runId":181,"level":"debug","phase":"write","tableName":"WORK_DONE","tableRunId":199,"status":"start","batchSize":1000}
{"timestamp":"2026-01-26T06:16:45.891Z","runId":181,"level":"debug","phase":"write","tableName":"WORK_DONE","tableRunId":199,"status":"end","inserted":94,"updated":0,"skipped":906,"durationMs":21}
{"timestamp":"2026-01-26T06:16:45.993Z","runId":181,"level":"debug","phase":"write","tableName":"WORK_DONE","tableRunId":199,"status":"start","batchSize":1000}
{"timestamp":"2026-01-26T06:16:46.011Z","runId":181,"level":"debug","phase":"write","tableName":"WORK_DONE","tableRunId":199,"status":"end","inserted":43,"updated":0,"skipped":957,"durationMs":18}
{"timestamp":"2026-01-26T06:16:46.106Z","runId":181,"level":"debug","phase":"write","tableName":"WORK_DONE","tableRunId":199,"status":"start","batchSize":1000}
{"timestamp":"2026-01-26T06:16:46.125Z","runId":181,"level":"debug","phase":"write","tableName":"WORK_DONE","tableRunId":199,"status":"end","inserted":103,"updated":0,"skipped":897,"durationMs":19}
{"timestamp":"2026-01-26T06:16:46.207Z","runId":181,"level":"debug","phase":"write","tableName":"WORK_DONE","tableRunId":199,"status":"start","batchSize":1000}
{"timestamp":"2026-01-26T06:16:46.246Z","runId":181,"level":"debug","phase":"write","tableName":"WORK_DONE","tableRunId":199,"status":"end","inserted":218,"updated":0,"skipped":782,"durationMs":39}
{"timestamp":"2026-01-26T06:16:46.339Z","runId":181,"level":"debug","phase":"write","tableName":"WORK_DONE","tableRunId":199,"status":"start","batchSize":1000}
{"timestamp":"2026-01-26T06:16:46.357Z","runId":181,"level":"debug","phase":"write","tableName":"WORK_DONE","tableRunId":199,"status":"end","inserted":153,"updated":0,"skipped":847,"durationMs":18}
{"timestamp":"2026-01-26T06:16:46.457Z","runId":181,"level":"debug","phase":"write","tableName":"WORK_DONE","tableRunId":199,"status":"start","batchSize":861}
{"timestamp":"2026-01-26T06:16:46.473Z","runId":181,"level":"debug","phase":"write","tableName":"WORK_DONE","tableRunId":199,"status":"end","inserted":138,"updated":0,"skipped":723,"durationMs":16}
{"timestamp":"2026-01-26T06:16:46.488Z","runId":181,"level":"info","phase":"table_finalize","tableName":"WORK_DONE","tableRunId":199,"status":"success","inserted":749,"updated":0,"skipped":5112,"errors":0,"durationMs":785}
{"timestamp":"2026-01-26T06:16:46.492Z","runId":181,"level":"info","phase":"run_finalize","status":"success"}
