{"timestamp":"2026-10-06T20:57:44.844Z","runId":2,"level":"info","phase":"run_start","retryOfRunId":null,"dryRun":false,"batchSize":1000,"fkChecks":true,"tables":[{"table":"JOB_INFORMATION","mode":"INSERT","keyStrategy":"preserve","dedupeKeys":[],"onDuplicate":"SKIP","cleanBefore":false}]}
{"timestamp":"2026-10-06T20:57:44.844Z","runId":2,"level":"info","phase":"preflight","action":"firebird_config_check","host":"localhost","port":3050,"database":"C:\\Autoneer\\data\\AUTONEER.FDB","user":"SYSDBA","passwordSet":true,"passwordLength":9,"passwordSource":"state","useDefaultSysdbaMasterkey":true,"rawPasswordSet":true,"rawPasswordLength":9}
{"timestamp":"2026-10-06T20:57:44.903Z","runId":2,"level":"info","phase":"preflight","attempt":1,"status":"ok"}
{"timestamp":"2026-10-06T20:57:44.903Z","runId":2,"level":"debug","phase":"preflight","durationMs":59}
{"timestamp":"2026-10-06T20:57:44.903Z","runId":2,"level":"info","phase":"preflight","action":"firebird_invoice_cleanup","status":"start"}
{"timestamp":"2026-10-06T20:57:45.988Z","runId":2,"level":"info","phase":"preflight","action":"firebird_invoice_cleanup","status":"passed"}
{"timestamp":"2026-10-06T20:57:45.988Z","runId":2,"level":"info","phase":"preflight","action":"mysql_staff_cleanup","schema":"dm_trucks","status":"start"}
{"timestamp":"2026-10-06T20:57:46.026Z","runId":2,"level":"info","phase":"preflight","action":"mysql_staff_cleanup","schema":"dm_trucks","status":"passed","deletedRows":35}
{"timestamp":"2026-10-06T20:57:46.026Z","runId":2,"level":"info","phase":"preflight","action":"nullability_validation","status":"start"}
{"timestamp":"2026-10-06T20:57:46.028Z","runId":2,"level":"info","phase":"preflight","action":"nullability_validation","status":"passed"}
{"timestamp":"2026-10-06T20:57:46.028Z","runId":2,"level":"info","phase":"preflight","action":"gl_account_types_seed","status":"start"}
{"timestamp":"2026-10-06T20:57:46.032Z","runId":2,"level":"info","phase":"preflight","action":"gl_account_types_seed","status":"passed"}
{"timestamp":"2026-10-06T20:57:46.146Z","runId":2,"level":"info","phase":"preflight","action":"accnr_conversion_map","source":"firebird","sourceTable":"ACCOUNTS","count":89}
{"timestamp":"2026-10-06T20:57:46.147Z","runId":2,"level":"debug","phase":"table_loop","action":"starting","includedCount":1,"mappingTableCount":1}
{"timestamp":"2026-10-06T20:57:46.147Z","runId":2,"level":"info","phase":"table_loop","action":"normalized_tables","sampleTables":["JOB_INFORMATION"]}
{"timestamp":"2026-10-06T20:57:46.147Z","runId":2,"level":"debug","phase":"table_loop","action":"processing","tableName":"job_information","mappingTableKeys":["JOB_INFORMATION"]}
{"timestamp":"2026-10-06T20:57:46.147Z","runId":2,"level":"debug","phase":"table_loop","action":"mapping_resolved","tableName":"job_information","hasMappingEntry":true,"mappingTarget":"JOB_INFORMATION"}
{"timestamp":"2026-10-06T20:57:46.147Z","runId":2,"level":"debug","phase":"mapping_debug","tableName":"job_information","mappedSource":"JOB_INFORMATION","firebirdTableCount":189,"sampleFirebirdTables":["ACCCLASS","ACCDEPARTMENT","ACCOUNTLINKS","ACCOUNTS","ACCOUNT_OPENING"]}
{"timestamp":"2026-10-06T20:57:46.304Z","runId":2,"level":"debug","phase":"clean_decision","tableName":"job_information","cleanBefore":false,"dryRun":false,"mode":"INSERT"}
{"timestamp":"2026-10-06T20:57:46.304Z","runId":2,"level":"info","phase":"table_start","tableName":"job_information","tableRunId":22,"mode":"INSERT","keyStrategy":"preserve","dedupeKeys":[]}
{"timestamp":"2026-10-06T20:57:46.304Z","runId":2,"level":"info","phase":"fetch","tableName":"job_information","tableRunId":22,"sourceRows":17384,"dateFilter":null}
{"timestamp":"2026-10-06T20:57:46.375Z","runId":2,"level":"debug","phase":"write","tableName":"job_information","tableRunId":22,"status":"start","batchSize":1000}
{"timestamp":"2026-10-06T20:57:46.466Z","runId":2,"level":"debug","phase":"write","tableName":"job_information","tableRunId":22,"status":"end","inserted":995,"updated":0,"skipped":5,"durationMs":91}
{"timestamp":"2026-10-06T20:57:46.527Z","runId":2,"level":"debug","phase":"write","tableName":"job_information","tableRunId":22,"status":"start","batchSize":1000}
{"timestamp":"2026-10-06T20:57:46.603Z","runId":2,"level":"debug","phase":"write","tableName":"job_information","tableRunId":22,"status":"end","inserted":994,"updated":0,"skipped":6,"durationMs":76}
{"timestamp":"2026-10-06T20:57:46.661Z","runId":2,"level":"debug","phase":"write","tableName":"job_information","tableRunId":22,"status":"start","batchSize":1000}
{"timestamp":"2026-10-06T20:57:46.760Z","runId":2,"level":"debug","phase":"write","tableName":"job_information","tableRunId":22,"status":"end","inserted":986,"updated":0,"skipped":14,"durationMs":99}
{"timestamp":"2026-10-06T20:57:46.819Z","runId":2,"level":"debug","phase":"write","tableName":"job_information","tableRunId":22,"status":"start","batchSize":1000}
{"timestamp":"2026-10-06T20:57:46.934Z","runId":2,"level":"debug","phase":"write","tableName":"job_information","tableRunId":22,"status":"end","inserted":989,"updated":0,"skipped":11,"durationMs":115}
{"timestamp":"2026-10-06T20:57:46.995Z","runId":2,"level":"debug","phase":"write","tableName":"job_information","tableRunId":22,"status":"start","batchSize":1000}
{"timestamp":"2026-10-06T20:57:47.096Z","runId":2,"level":"debug","phase":"write","tableName":"job_information","tableRunId":22,"status":"end","inserted":992,"updated":0,"skipped":8,"durationMs":101}
{"timestamp":"2026-10-06T20:57:47.161Z","runId":2,"level":"debug","phase":"write","tableName":"job_information","tableRunId":22,"status":"start","batchSize":1000}
{"timestamp":"2026-10-06T20:57:47.268Z","runId":2,"level":"debug","phase":"write","tableName":"job_information","tableRunId":22,"status":"end","inserted":991,"updated":0,"skipped":9,"durationMs":107}
{"timestamp":"2026-10-06T20:57:47.336Z","runId":2,"level":"debug","phase":"write","tableName":"job_information","tableRunId":22,"status":"start","batchSize":1000}
{"timestamp":"2026-10-06T20:57:47.414Z","runId":2,"level":"debug","phase":"write","tableName":"job_information","tableRunId":22,"status":"end","inserted":983,"updated":0,"skipped":17,"durationMs":78}
{"timestamp":"2026-10-06T20:57:47.479Z","runId":2,"level":"debug","phase":"write","tableName":"job_information","tableRunId":22,"status":"start","batchSize":1000}
{"timestamp":"2026-10-06T20:57:47.560Z","runId":2,"level":"debug","phase":"write","tableName":"job_information","tableRunId":22,"status":"end","inserted":978,"updated":0,"skipped":22,"durationMs":81}
{"timestamp":"2026-10-06T20:57:47.623Z","runId":2,"level":"debug","phase":"write","tableName":"job_information","tableRunId":22,"status":"start","batchSize":1000}
{"timestamp":"2026-10-06T20:57:47.684Z","runId":2,"level":"debug","phase":"write","tableName":"job_information","tableRunId":22,"status":"end","inserted":977,"updated":0,"skipped":23,"durationMs":61}
{"timestamp":"2026-10-06T20:57:47.749Z","runId":2,"level":"debug","phase":"write","tableName":"job_information","tableRunId":22,"status":"start","batchSize":1000}
{"timestamp":"2026-10-06T20:57:47.837Z","runId":2,"level":"debug","phase":"write","tableName":"job_information","tableRunId":22,"status":"end","inserted":981,"updated":0,"skipped":19,"durationMs":88}
{"timestamp":"2026-10-06T20:57:47.907Z","runId":2,"level":"debug","phase":"write","tableName":"job_information","tableRunId":22,"status":"start","batchSize":1000}
{"timestamp":"2026-10-06T20:57:47.995Z","runId":2,"level":"debug","phase":"write","tableName":"job_information","tableRunId":22,"status":"end","inserted":973,"updated":0,"skipped":27,"durationMs":88}
{"timestamp":"2026-10-06T20:57:48.083Z","runId":2,"level":"debug","phase":"write","tableName":"job_information","tableRunId":22,"status":"start","batchSize":1000}
{"timestamp":"2026-10-06T20:57:48.169Z","runId":2,"level":"debug","phase":"write","tableName":"job_information","tableRunId":22,"status":"end","inserted":993,"updated":0,"skipped":7,"durationMs":86}
{"timestamp":"2026-10-06T20:57:48.241Z","runId":2,"level":"debug","phase":"write","tableName":"job_information","tableRunId":22,"status":"start","batchSize":1000}
{"timestamp":"2026-10-06T20:57:48.328Z","runId":2,"level":"debug","phase":"write","tableName":"job_information","tableRunId":22,"status":"end","inserted":988,"updated":0,"skipped":12,"durationMs":87}
{"timestamp":"2026-10-06T20:57:48.403Z","runId":2,"level":"debug","phase":"write","tableName":"job_information","tableRunId":22,"status":"start","batchSize":1000}
{"timestamp":"2026-10-06T20:57:48.468Z","runId":2,"level":"debug","phase":"write","tableName":"job_information","tableRunId":22,"status":"end","inserted":991,"updated":0,"skipped":9,"durationMs":65}
{"timestamp":"2026-10-06T20:57:48.562Z","runId":2,"level":"debug","phase":"write","tableName":"job_information","tableRunId":22,"status":"start","batchSize":1000}
{"timestamp":"2026-10-06T20:57:48.647Z","runId":2,"level":"debug","phase":"write","tableName":"job_information","tableRunId":22,"status":"end","inserted":986,"updated":0,"skipped":14,"durationMs":85}
{"timestamp":"2026-10-06T20:57:48.728Z","runId":2,"level":"debug","phase":"write","tableName":"job_information","tableRunId":22,"status":"start","batchSize":1000}
{"timestamp":"2026-10-06T20:57:48.797Z","runId":2,"level":"debug","phase":"write","tableName":"job_information","tableRunId":22,"status":"end","inserted":990,"updated":0,"skipped":10,"durationMs":69}
{"timestamp":"2026-10-06T20:57:48.898Z","runId":2,"level":"debug","phase":"write","tableName":"job_information","tableRunId":22,"status":"start","batchSize":1000}
{"timestamp":"2026-10-06T20:57:48.997Z","runId":2,"level":"debug","phase":"write","tableName":"job_information","tableRunId":22,"status":"end","inserted":995,"updated":0,"skipped":5,"durationMs":99}
{"timestamp":"2026-10-06T20:57:49.060Z","runId":2,"level":"debug","phase":"write","tableName":"job_information","tableRunId":22,"status":"start","batchSize":384}
{"timestamp":"2026-10-06T20:57:49.088Z","runId":2,"level":"debug","phase":"write","tableName":"job_information","tableRunId":22,"status":"end","inserted":365,"updated":0,"skipped":19,"durationMs":28}
{"timestamp":"2026-10-06T20:57:49.097Z","runId":2,"level":"info","phase":"table_finalize","tableName":"job_information","tableRunId":22,"status":"success","inserted":17147,"updated":0,"skipped":237,"errors":0,"durationMs":2946}
{"timestamp":"2026-10-06T20:57:49.113Z","runId":2,"level":"info","phase":"run_finalize","status":"success"}
