{"timestamp":"2026-01-26T12:12:57.709Z","runId":204,"level":"info","phase":"run_start","dryRun":false,"batchSize":1000,"fkChecks":true,"tables":[{"table":"CREDIT_NOTES","mode":"INSERT","keyStrategy":"preserve","dedupeKeys":[],"onDuplicate":"SKIP","clean":false},{"table":"CREDIT_NOTES_SUPPLIER","mode":"INSERT","keyStrategy":"preserve","dedupeKeys":[],"onDuplicate":"SKIP","clean":false}]}
{"timestamp":"2026-01-26T12:12:57.777Z","runId":204,"level":"info","phase":"preflight","attempt":1,"status":"ok"}
{"timestamp":"2026-01-26T12:12:57.778Z","runId":204,"level":"debug","phase":"preflight","durationMs":68}
{"timestamp":"2026-01-26T12:12:57.778Z","runId":204,"level":"info","phase":"preflight","action":"nullability_validation","status":"start"}
{"timestamp":"2026-01-26T12:12:57.782Z","runId":204,"level":"info","phase":"preflight","action":"nullability_validation","status":"passed"}
{"timestamp":"2026-01-26T12:12:57.849Z","runId":204,"level":"info","phase":"preflight","action":"foreign_key_checks_disabled","original_state":true}
{"timestamp":"2026-01-26T12:12:57.850Z","runId":204,"level":"debug","phase":"table_loop","action":"starting","includedCount":2,"mappingTableCount":2}
{"timestamp":"2026-01-26T12:12:57.850Z","runId":204,"level":"info","phase":"table_loop","action":"normalized_tables","sampleTables":["CREDIT_NOTES","CREDIT_NOTES_SUPPLIER"]}
{"timestamp":"2026-01-26T12:12:57.850Z","runId":204,"level":"debug","phase":"table_loop","action":"processing","tableName":"CREDIT_NOTES","mappingTableKeys":["CNOTE","CNOTESUPP"]}
{"timestamp":"2026-01-26T12:12:57.851Z","runId":204,"level":"debug","phase":"table_loop","action":"mapping_resolved","tableName":"CREDIT_NOTES","hasMappingEntry":true,"mappingTarget":"CREDIT_NOTES"}
{"timestamp":"2026-01-26T12:12:58.710Z","runId":204,"level":"info","phase":"table_start","tableName":"CREDIT_NOTES","tableRunId":218,"mode":"INSERT","keyStrategy":"preserve","dedupeKeys":[]}
{"timestamp":"2026-01-26T12:12:59.416Z","runId":204,"level":"info","phase":"fetch","tableName":"CREDIT_NOTES","tableRunId":218,"sourceRows":59}
{"timestamp":"2026-01-26T12:12:59.499Z","runId":204,"level":"debug","phase":"write","tableName":"CREDIT_NOTES","tableRunId":218,"status":"start","batchSize":59}
{"timestamp":"2026-01-26T12:12:59.507Z","runId":204,"level":"debug","phase":"write","tableName":"CREDIT_NOTES","tableRunId":218,"status":"end","inserted":59,"updated":0,"skipped":0,"durationMs":8}
{"timestamp":"2026-01-26T12:12:59.521Z","runId":204,"level":"info","phase":"table_finalize","tableName":"CREDIT_NOTES","tableRunId":218,"status":"success","inserted":59,"updated":0,"skipped":0,"errors":0,"durationMs":805}
{"timestamp":"2026-01-26T12:12:59.521Z","runId":204,"level":"debug","phase":"table_loop","action":"processing","tableName":"CREDIT_NOTES_SUPPLIER","mappingTableKeys":["CNOTE","CNOTESUPP"]}
{"timestamp":"2026-01-26T12:12:59.522Z","runId":204,"level":"debug","phase":"table_loop","action":"mapping_resolved","tableName":"CREDIT_NOTES_SUPPLIER","hasMappingEntry":true,"mappingTarget":"CREDIT_NOTES_SUPPLIER"}
{"timestamp":"2026-01-26T12:12:59.591Z","runId":204,"level":"info","phase":"table_start","tableName":"CREDIT_NOTES_SUPPLIER","tableRunId":219,"mode":"INSERT","keyStrategy":"preserve","dedupeKeys":[]}
{"timestamp":"2026-01-26T12:12:59.664Z","runId":204,"level":"info","phase":"fetch","tableName":"CREDIT_NOTES_SUPPLIER","tableRunId":219,"sourceRows":0}
{"timestamp":"2026-01-26T12:12:59.673Z","runId":204,"level":"info","phase":"table_finalize","tableName":"CREDIT_NOTES_SUPPLIER","tableRunId":219,"status":"success","inserted":0,"updated":0,"skipped":0,"errors":0,"durationMs":73}
{"timestamp":"2026-01-26T12:12:59.679Z","runId":204,"level":"info","phase":"run_finalize","status":"success"}
