{"timestamp":"2026-01-27T07:50:39.948Z","runId":233,"level":"info","phase":"run_start","dryRun":false,"batchSize":1000,"fkChecks":true,"tables":[{"table":"ACC_CLASS","mode":"INSERT","keyStrategy":"preserve","dedupeKeys":[],"onDuplicate":"SKIP","cleanBefore":true}]}
{"timestamp":"2026-01-27T07:50:40.006Z","runId":233,"level":"info","phase":"preflight","attempt":1,"status":"ok"}
{"timestamp":"2026-01-27T07:50:40.007Z","runId":233,"level":"debug","phase":"preflight","durationMs":59}
{"timestamp":"2026-01-27T07:50:40.008Z","runId":233,"level":"info","phase":"preflight","action":"nullability_validation","status":"start"}
{"timestamp":"2026-01-27T07:50:40.010Z","runId":233,"level":"info","phase":"preflight","action":"nullability_validation","status":"passed"}
{"timestamp":"2026-01-27T07:50:40.072Z","runId":233,"level":"debug","phase":"table_loop","action":"starting","includedCount":1,"mappingTableCount":1}
{"timestamp":"2026-01-27T07:50:40.073Z","runId":233,"level":"info","phase":"table_loop","action":"normalized_tables","sampleTables":["ACC_CLASS"]}
{"timestamp":"2026-01-27T07:50:40.073Z","runId":233,"level":"debug","phase":"table_loop","action":"processing","tableName":"ACC_CLASS","mappingTableKeys":["ACCCLASS"]}
{"timestamp":"2026-01-27T07:50:40.074Z","runId":233,"level":"debug","phase":"table_loop","action":"mapping_resolved","tableName":"ACC_CLASS","hasMappingEntry":true,"mappingTarget":"ACC_CLASS"}
{"timestamp":"2026-01-27T07:50:40.074Z","runId":233,"level":"debug","phase":"mapping_debug","tableName":"ACC_CLASS","mappedSource":"ACCCLASS","firebirdTableCount":188,"sampleFirebirdTables":["ACCCLASS","ACCDEPARTMENT","ACCOUNTLINKS","ACCOUNTS","ACCRANGE"]}
{"timestamp":"2026-01-27T07:50:40.141Z","runId":233,"level":"debug","phase":"clean_decision","tableName":"ACC_CLASS","cleanBefore":true,"dryRun":false,"mode":"INSERT"}
{"timestamp":"2026-01-27T07:50:40.142Z","runId":233,"type":"table_cleaning_started","table":"ACC_CLASS","tableRunId":248}
{"timestamp":"2026-01-27T07:50:40.142Z","runId":233,"level":"info","phase":"clean","tableName":"ACC_CLASS","tableRunId":248,"status":"start"}
{"timestamp":"2026-01-27T07:50:40.143Z","runId":233,"level":"debug","phase":"clean","tableName":"ACC_CLASS","tableRunId":248,"action":"fk_checks_disabled"}
{"timestamp":"2026-01-27T07:50:40.169Z","runId":233,"level":"info","phase":"clean","tableName":"ACC_CLASS","tableRunId":248,"status":"success","method":"TRUNCATE","affectedRows":null,"postCount":0,"durationMs":25}
{"timestamp":"2026-01-27T07:50:40.177Z","runId":233,"type":"table_cleaned","table":"ACC_CLASS","tableRunId":248,"method":"TRUNCATE","affectedRows":null,"postCount":0}
{"timestamp":"2026-01-27T07:50:40.178Z","runId":233,"level":"debug","phase":"clean","tableName":"ACC_CLASS","tableRunId":248,"action":"fk_checks_restored"}
{"timestamp":"2026-01-27T07:50:40.178Z","runId":233,"level":"info","phase":"table_start","tableName":"ACC_CLASS","tableRunId":248,"mode":"INSERT","keyStrategy":"preserve","dedupeKeys":[]}
{"timestamp":"2026-01-27T07:50:40.246Z","runId":233,"level":"info","phase":"fetch","tableName":"ACC_CLASS","tableRunId":248,"sourceRows":7}
{"timestamp":"2026-01-27T07:50:40.315Z","runId":233,"level":"debug","phase":"write","tableName":"ACC_CLASS","tableRunId":248,"status":"start","batchSize":7}
{"timestamp":"2026-01-27T07:50:40.321Z","runId":233,"level":"debug","phase":"write","tableName":"ACC_CLASS","tableRunId":248,"status":"end","inserted":7,"updated":0,"skipped":0,"durationMs":6}
{"timestamp":"2026-01-27T07:50:40.337Z","runId":233,"level":"info","phase":"table_finalize","tableName":"ACC_CLASS","tableRunId":248,"status":"success","inserted":7,"updated":0,"skipped":0,"errors":0,"durationMs":151}
{"timestamp":"2026-01-27T07:50:40.343Z","runId":233,"level":"info","phase":"run_finalize","status":"success"}
