{"timestamp":"2026-01-27T07:54:49.319Z","runId":234,"level":"info","phase":"run_start","dryRun":false,"batchSize":1000,"fkChecks":true,"tables":[{"table":"ACC_CLASS","mode":"INSERT","keyStrategy":"preserve","dedupeKeys":[],"onDuplicate":"SKIP","cleanBefore":true}]}
{"timestamp":"2026-01-27T07:54:49.388Z","runId":234,"level":"info","phase":"preflight","attempt":1,"status":"ok"}
{"timestamp":"2026-01-27T07:54:49.389Z","runId":234,"level":"debug","phase":"preflight","durationMs":69}
{"timestamp":"2026-01-27T07:54:49.389Z","runId":234,"level":"info","phase":"preflight","action":"nullability_validation","status":"start"}
{"timestamp":"2026-01-27T07:54:49.392Z","runId":234,"level":"info","phase":"preflight","action":"nullability_validation","status":"passed"}
{"timestamp":"2026-01-27T07:54:49.466Z","runId":234,"level":"debug","phase":"table_loop","action":"starting","includedCount":1,"mappingTableCount":1}
{"timestamp":"2026-01-27T07:54:49.467Z","runId":234,"level":"info","phase":"table_loop","action":"normalized_tables","sampleTables":["ACC_CLASS"]}
{"timestamp":"2026-01-27T07:54:49.468Z","runId":234,"level":"debug","phase":"table_loop","action":"processing","tableName":"ACC_CLASS","mappingTableKeys":["ACCCLASS"]}
{"timestamp":"2026-01-27T07:54:49.468Z","runId":234,"level":"debug","phase":"table_loop","action":"mapping_resolved","tableName":"ACC_CLASS","hasMappingEntry":true,"mappingTarget":"ACC_CLASS"}
{"timestamp":"2026-01-27T07:54:49.469Z","runId":234,"level":"debug","phase":"mapping_debug","tableName":"ACC_CLASS","mappedSource":"ACCCLASS","firebirdTableCount":188,"sampleFirebirdTables":["ACCCLASS","ACCDEPARTMENT","ACCOUNTLINKS","ACCOUNTS","ACCRANGE"]}
{"timestamp":"2026-01-27T07:54:49.537Z","runId":234,"level":"debug","phase":"clean_decision","tableName":"ACC_CLASS","cleanBefore":true,"dryRun":false,"mode":"INSERT"}
{"timestamp":"2026-01-27T07:54:49.538Z","runId":234,"type":"table_cleaning_started","table":"ACC_CLASS","tableRunId":249}
{"timestamp":"2026-01-27T07:54:49.538Z","runId":234,"level":"info","phase":"clean","tableName":"ACC_CLASS","tableRunId":249,"status":"start"}
{"timestamp":"2026-01-27T07:54:49.540Z","runId":234,"level":"debug","phase":"clean","tableName":"ACC_CLASS","tableRunId":249,"action":"fk_checks_disabled"}
{"timestamp":"2026-01-27T07:54:49.568Z","runId":234,"level":"info","phase":"clean","tableName":"ACC_CLASS","tableRunId":249,"status":"success","method":"TRUNCATE","affectedRows":null,"postCount":0,"durationMs":30}
{"timestamp":"2026-01-27T07:54:49.578Z","runId":234,"type":"table_cleaned","table":"ACC_CLASS","tableRunId":249,"method":"TRUNCATE","affectedRows":null,"postCount":0}
{"timestamp":"2026-01-27T07:54:49.579Z","runId":234,"level":"debug","phase":"clean","tableName":"ACC_CLASS","tableRunId":249,"action":"fk_checks_restored"}
{"timestamp":"2026-01-27T07:54:49.579Z","runId":234,"level":"info","phase":"table_start","tableName":"ACC_CLASS","tableRunId":249,"mode":"INSERT","keyStrategy":"preserve","dedupeKeys":[]}
{"timestamp":"2026-01-27T07:54:49.661Z","runId":234,"level":"info","phase":"fetch","tableName":"ACC_CLASS","tableRunId":249,"sourceRows":7}
{"timestamp":"2026-01-27T07:54:49.740Z","runId":234,"level":"debug","phase":"write","tableName":"ACC_CLASS","tableRunId":249,"status":"start","batchSize":7}
{"timestamp":"2026-01-27T07:54:49.746Z","runId":234,"level":"debug","phase":"write","tableName":"ACC_CLASS","tableRunId":249,"status":"end","inserted":7,"updated":0,"skipped":0,"durationMs":6}
{"timestamp":"2026-01-27T07:54:49.764Z","runId":234,"level":"info","phase":"table_finalize","tableName":"ACC_CLASS","tableRunId":249,"status":"success","inserted":7,"updated":0,"skipped":0,"errors":0,"durationMs":175}
{"timestamp":"2026-01-27T07:54:49.769Z","runId":234,"level":"info","phase":"run_finalize","status":"success"}
