{"timestamp":"2026-01-27T08:25:46.051Z","runId":235,"level":"info","phase":"run_start","dryRun":false,"batchSize":1000,"fkChecks":true,"tables":[{"table":"STOCK","mode":"INSERT","keyStrategy":"preserve","dedupeKeys":[],"onDuplicate":"SKIP","cleanBefore":true},{"table":"CUSTOMERS","mode":"INSERT","keyStrategy":"preserve","dedupeKeys":[],"onDuplicate":"SKIP","cleanBefore":true},{"table":"SUPPLIERS","mode":"INSERT","keyStrategy":"preserve","dedupeKeys":[],"onDuplicate":"SKIP","cleanBefore":true}]}
{"timestamp":"2026-01-27T08:25:46.120Z","runId":235,"level":"info","phase":"preflight","attempt":1,"status":"ok"}
{"timestamp":"2026-01-27T08:25:46.121Z","runId":235,"level":"debug","phase":"preflight","durationMs":70}
{"timestamp":"2026-01-27T08:25:46.121Z","runId":235,"level":"info","phase":"preflight","action":"nullability_validation","status":"start"}
{"timestamp":"2026-01-27T08:25:46.125Z","runId":235,"level":"info","phase":"preflight","action":"nullability_validation","status":"passed"}
{"timestamp":"2026-01-27T08:25:46.195Z","runId":235,"level":"debug","phase":"table_loop","action":"starting","includedCount":3,"mappingTableCount":3}
{"timestamp":"2026-01-27T08:25:46.195Z","runId":235,"level":"info","phase":"table_loop","action":"normalized_tables","sampleTables":["STOCK","CUSTOMERS","SUPPLIERS"]}
{"timestamp":"2026-01-27T08:25:46.196Z","runId":235,"level":"debug","phase":"table_loop","action":"processing","tableName":"STOCK","mappingTableKeys":["CUSTOMER","STOCK","SUPPLIER"]}
{"timestamp":"2026-01-27T08:25:46.196Z","runId":235,"level":"debug","phase":"table_loop","action":"mapping_resolved","tableName":"STOCK","hasMappingEntry":true,"mappingTarget":"STOCK"}
{"timestamp":"2026-01-27T08:25:46.197Z","runId":235,"level":"debug","phase":"mapping_debug","tableName":"STOCK","mappedSource":"STOCK","firebirdTableCount":190,"sampleFirebirdTables":["ACCCLASS","ACCDEPARTMENT","ACCOUNTLINKS","ACCOUNTS","ACCRANGE"]}
{"timestamp":"2026-01-27T08:25:46.951Z","runId":235,"level":"debug","phase":"clean_decision","tableName":"STOCK","cleanBefore":true,"dryRun":false,"mode":"INSERT"}
{"timestamp":"2026-01-27T08:25:46.951Z","runId":235,"type":"table_cleaning_started","table":"STOCK","tableRunId":250}
{"timestamp":"2026-01-27T08:25:46.952Z","runId":235,"level":"info","phase":"clean","tableName":"STOCK","tableRunId":250,"status":"start"}
{"timestamp":"2026-01-27T08:25:46.953Z","runId":235,"level":"debug","phase":"clean","tableName":"STOCK","tableRunId":250,"action":"fk_checks_disabled"}
{"timestamp":"2026-01-27T08:25:46.982Z","runId":235,"level":"info","phase":"clean","tableName":"STOCK","tableRunId":250,"status":"success","method":"TRUNCATE","affectedRows":null,"postCount":0,"durationMs":30}
{"timestamp":"2026-01-27T08:25:46.991Z","runId":235,"type":"table_cleaned","table":"STOCK","tableRunId":250,"method":"TRUNCATE","affectedRows":null,"postCount":0}
{"timestamp":"2026-01-27T08:25:46.992Z","runId":235,"level":"debug","phase":"clean","tableName":"STOCK","tableRunId":250,"action":"fk_checks_restored"}
{"timestamp":"2026-01-27T08:25:46.992Z","runId":235,"level":"info","phase":"table_start","tableName":"STOCK","tableRunId":250,"mode":"INSERT","keyStrategy":"preserve","dedupeKeys":[]}
{"timestamp":"2026-01-27T08:25:47.069Z","runId":235,"level":"info","phase":"fetch","tableName":"STOCK","tableRunId":250,"sourceRows":4}
{"timestamp":"2026-01-27T08:25:47.145Z","runId":235,"level":"debug","phase":"write","tableName":"STOCK","tableRunId":250,"status":"start","batchSize":4}
{"timestamp":"2026-01-27T08:25:47.151Z","runId":235,"level":"debug","phase":"write","tableName":"STOCK","tableRunId":250,"status":"end","inserted":4,"updated":0,"skipped":0,"durationMs":6}
{"timestamp":"2026-01-27T08:25:47.165Z","runId":235,"level":"info","phase":"table_finalize","tableName":"STOCK","tableRunId":250,"status":"success","inserted":4,"updated":0,"skipped":0,"errors":0,"durationMs":166}
{"timestamp":"2026-01-27T08:25:47.166Z","runId":235,"level":"debug","phase":"table_loop","action":"processing","tableName":"CUSTOMERS","mappingTableKeys":["CUSTOMER","STOCK","SUPPLIER"]}
{"timestamp":"2026-01-27T08:25:47.166Z","runId":235,"level":"debug","phase":"table_loop","action":"mapping_resolved","tableName":"CUSTOMERS","hasMappingEntry":true,"mappingTarget":"CUSTOMERS"}
{"timestamp":"2026-01-27T08:25:47.166Z","runId":235,"level":"debug","phase":"mapping_debug","tableName":"CUSTOMERS","mappedSource":"CUSTOMER","firebirdTableCount":190,"sampleFirebirdTables":["ACCCLASS","ACCDEPARTMENT","ACCOUNTLINKS","ACCOUNTS","ACCRANGE"]}
{"timestamp":"2026-01-27T08:25:47.236Z","runId":235,"level":"debug","phase":"clean_decision","tableName":"CUSTOMERS","cleanBefore":true,"dryRun":false,"mode":"INSERT"}
{"timestamp":"2026-01-27T08:25:47.237Z","runId":235,"type":"table_cleaning_started","table":"CUSTOMERS","tableRunId":251}
{"timestamp":"2026-01-27T08:25:47.237Z","runId":235,"level":"info","phase":"clean","tableName":"CUSTOMERS","tableRunId":251,"status":"start"}
{"timestamp":"2026-01-27T08:25:47.238Z","runId":235,"level":"debug","phase":"clean","tableName":"CUSTOMERS","tableRunId":251,"action":"fk_checks_disabled"}
{"timestamp":"2026-01-27T08:25:47.277Z","runId":235,"level":"info","phase":"clean","tableName":"CUSTOMERS","tableRunId":251,"status":"success","method":"TRUNCATE","affectedRows":null,"postCount":0,"durationMs":40}
{"timestamp":"2026-01-27T08:25:47.282Z","runId":235,"type":"table_cleaned","table":"CUSTOMERS","tableRunId":251,"method":"TRUNCATE","affectedRows":null,"postCount":0}
{"timestamp":"2026-01-27T08:25:47.283Z","runId":235,"level":"debug","phase":"clean","tableName":"CUSTOMERS","tableRunId":251,"action":"fk_checks_restored"}
{"timestamp":"2026-01-27T08:25:47.283Z","runId":235,"level":"info","phase":"table_start","tableName":"CUSTOMERS","tableRunId":251,"mode":"INSERT","keyStrategy":"preserve","dedupeKeys":[]}
{"timestamp":"2026-01-27T08:25:47.365Z","runId":235,"level":"info","phase":"fetch","tableName":"CUSTOMERS","tableRunId":251,"sourceRows":4}
{"timestamp":"2026-01-27T08:25:47.446Z","runId":235,"level":"debug","phase":"write","tableName":"CUSTOMERS","tableRunId":251,"status":"start","batchSize":4}
{"timestamp":"2026-01-27T08:25:47.451Z","runId":235,"level":"debug","phase":"write","tableName":"CUSTOMERS","tableRunId":251,"status":"end","inserted":4,"updated":0,"skipped":0,"durationMs":5}
{"timestamp":"2026-01-27T08:25:47.465Z","runId":235,"level":"info","phase":"table_finalize","tableName":"CUSTOMERS","tableRunId":251,"status":"success","inserted":4,"updated":0,"skipped":0,"errors":0,"durationMs":177}
{"timestamp":"2026-01-27T08:25:47.466Z","runId":235,"level":"debug","phase":"table_loop","action":"processing","tableName":"SUPPLIERS","mappingTableKeys":["CUSTOMER","STOCK","SUPPLIER"]}
{"timestamp":"2026-01-27T08:25:47.466Z","runId":235,"level":"debug","phase":"table_loop","action":"mapping_resolved","tableName":"SUPPLIERS","hasMappingEntry":true,"mappingTarget":"SUPPLIERS"}
{"timestamp":"2026-01-27T08:25:47.466Z","runId":235,"level":"debug","phase":"mapping_debug","tableName":"SUPPLIERS","mappedSource":"SUPPLIER","firebirdTableCount":190,"sampleFirebirdTables":["ACCCLASS","ACCDEPARTMENT","ACCOUNTLINKS","ACCOUNTS","ACCRANGE"]}
{"timestamp":"2026-01-27T08:25:47.541Z","runId":235,"level":"debug","phase":"clean_decision","tableName":"SUPPLIERS","cleanBefore":true,"dryRun":false,"mode":"INSERT"}
{"timestamp":"2026-01-27T08:25:47.541Z","runId":235,"type":"table_cleaning_started","table":"SUPPLIERS","tableRunId":252}
{"timestamp":"2026-01-27T08:25:47.542Z","runId":235,"level":"info","phase":"clean","tableName":"SUPPLIERS","tableRunId":252,"status":"start"}
{"timestamp":"2026-01-27T08:25:47.542Z","runId":235,"level":"debug","phase":"clean","tableName":"SUPPLIERS","tableRunId":252,"action":"fk_checks_disabled"}
{"timestamp":"2026-01-27T08:25:47.571Z","runId":235,"level":"info","phase":"clean","tableName":"SUPPLIERS","tableRunId":252,"status":"success","method":"TRUNCATE","affectedRows":null,"postCount":0,"durationMs":29}
{"timestamp":"2026-01-27T08:25:47.577Z","runId":235,"type":"table_cleaned","table":"SUPPLIERS","tableRunId":252,"method":"TRUNCATE","affectedRows":null,"postCount":0}
{"timestamp":"2026-01-27T08:25:47.578Z","runId":235,"level":"debug","phase":"clean","tableName":"SUPPLIERS","tableRunId":252,"action":"fk_checks_restored"}
{"timestamp":"2026-01-27T08:25:47.578Z","runId":235,"level":"info","phase":"table_start","tableName":"SUPPLIERS","tableRunId":252,"mode":"INSERT","keyStrategy":"preserve","dedupeKeys":[]}
{"timestamp":"2026-01-27T08:25:47.658Z","runId":235,"level":"info","phase":"fetch","tableName":"SUPPLIERS","tableRunId":252,"sourceRows":9}
{"timestamp":"2026-01-27T08:25:48.389Z","runId":235,"level":"debug","phase":"write","tableName":"SUPPLIERS","tableRunId":252,"status":"start","batchSize":9}
{"timestamp":"2026-01-27T08:25:48.395Z","runId":235,"level":"debug","phase":"write","tableName":"SUPPLIERS","tableRunId":252,"status":"end","inserted":9,"updated":0,"skipped":0,"durationMs":6}
{"timestamp":"2026-01-27T08:25:48.410Z","runId":235,"level":"info","phase":"table_finalize","tableName":"SUPPLIERS","tableRunId":252,"status":"success","inserted":9,"updated":0,"skipped":0,"errors":0,"durationMs":825}
{"timestamp":"2026-01-27T08:25:48.415Z","runId":235,"level":"info","phase":"run_finalize","status":"success"}
