{"timestamp":"2026-01-27T08:30:15.866Z","runId":236,"level":"info","phase":"run_start","dryRun":false,"batchSize":1000,"fkChecks":true,"tables":[{"table":"INVOICES","mode":"INSERT","keyStrategy":"preserve","dedupeKeys":[],"onDuplicate":"SKIP","cleanBefore":true},{"table":"PAYMENTS","mode":"INSERT","keyStrategy":"preserve","dedupeKeys":[],"onDuplicate":"SKIP","cleanBefore":true},{"table":"SPARES_USED","mode":"INSERT","keyStrategy":"preserve","dedupeKeys":[],"onDuplicate":"SKIP","cleanBefore":true},{"table":"INVOICES_SUPPLIER","mode":"INSERT","keyStrategy":"preserve","dedupeKeys":[],"onDuplicate":"SKIP","cleanBefore":true},{"table":"PAYMENTS_SUPPLIERS","mode":"INSERT","keyStrategy":"preserve","dedupeKeys":[],"onDuplicate":"SKIP","cleanBefore":true}]}
{"timestamp":"2026-01-27T08:30:15.940Z","runId":236,"level":"info","phase":"preflight","attempt":1,"status":"ok"}
{"timestamp":"2026-01-27T08:30:15.941Z","runId":236,"level":"debug","phase":"preflight","durationMs":74}
{"timestamp":"2026-01-27T08:30:15.941Z","runId":236,"level":"info","phase":"preflight","action":"nullability_validation","status":"start"}
{"timestamp":"2026-01-27T08:30:15.950Z","runId":236,"level":"info","phase":"preflight","action":"nullability_validation","status":"passed"}
{"timestamp":"2026-01-27T08:30:16.024Z","runId":236,"level":"debug","phase":"table_loop","action":"starting","includedCount":5,"mappingTableCount":5}
{"timestamp":"2026-01-27T08:30:16.024Z","runId":236,"level":"info","phase":"table_loop","action":"normalized_tables","sampleTables":["INVOICES","PAYMENTS","SPARES_USED","INVOICES_SUPPLIER","PAYMENTS_SUPPLIERS"]}
{"timestamp":"2026-01-27T08:30:16.025Z","runId":236,"level":"debug","phase":"table_loop","action":"processing","tableName":"INVOICES","mappingTableKeys":["INVOICES","INVOICESUPPLIER","PAYMENTS","PAYMENTSSUPP","SPARES_USED"]}
{"timestamp":"2026-01-27T08:30:16.025Z","runId":236,"level":"debug","phase":"table_loop","action":"mapping_resolved","tableName":"INVOICES","hasMappingEntry":true,"mappingTarget":"INVOICES"}
{"timestamp":"2026-01-27T08:30:16.025Z","runId":236,"level":"debug","phase":"mapping_debug","tableName":"INVOICES","mappedSource":"INVOICES","firebirdTableCount":190,"sampleFirebirdTables":["ACCCLASS","ACCDEPARTMENT","ACCOUNTLINKS","ACCOUNTS","ACCRANGE"]}
{"timestamp":"2026-01-27T08:30:16.101Z","runId":236,"level":"debug","phase":"clean_decision","tableName":"INVOICES","cleanBefore":true,"dryRun":false,"mode":"INSERT"}
{"timestamp":"2026-01-27T08:30:16.102Z","runId":236,"type":"table_cleaning_started","table":"INVOICES","tableRunId":253}
{"timestamp":"2026-01-27T08:30:16.102Z","runId":236,"level":"info","phase":"clean","tableName":"INVOICES","tableRunId":253,"status":"start"}
{"timestamp":"2026-01-27T08:30:16.103Z","runId":236,"level":"debug","phase":"clean","tableName":"INVOICES","tableRunId":253,"action":"fk_checks_disabled"}
{"timestamp":"2026-01-27T08:30:16.147Z","runId":236,"level":"info","phase":"clean","tableName":"INVOICES","tableRunId":253,"status":"success","method":"TRUNCATE","affectedRows":null,"postCount":0,"durationMs":45}
{"timestamp":"2026-01-27T08:30:16.155Z","runId":236,"type":"table_cleaned","table":"INVOICES","tableRunId":253,"method":"TRUNCATE","affectedRows":null,"postCount":0}
{"timestamp":"2026-01-27T08:30:16.156Z","runId":236,"level":"debug","phase":"clean","tableName":"INVOICES","tableRunId":253,"action":"fk_checks_restored"}
{"timestamp":"2026-01-27T08:30:16.156Z","runId":236,"level":"info","phase":"table_start","tableName":"INVOICES","tableRunId":253,"mode":"INSERT","keyStrategy":"preserve","dedupeKeys":[]}
{"timestamp":"2026-01-27T08:30:16.239Z","runId":236,"level":"info","phase":"fetch","tableName":"INVOICES","tableRunId":253,"sourceRows":2}
{"timestamp":"2026-01-27T08:30:16.319Z","runId":236,"level":"debug","phase":"write","tableName":"INVOICES","tableRunId":253,"status":"start","batchSize":2}
{"timestamp":"2026-01-27T08:30:16.324Z","runId":236,"level":"debug","phase":"write","tableName":"INVOICES","tableRunId":253,"status":"end","inserted":2,"updated":0,"skipped":0,"durationMs":5}
{"timestamp":"2026-01-27T08:30:16.342Z","runId":236,"level":"info","phase":"table_finalize","tableName":"INVOICES","tableRunId":253,"status":"success","inserted":2,"updated":0,"skipped":0,"errors":0,"durationMs":178}
{"timestamp":"2026-01-27T08:30:16.342Z","runId":236,"level":"debug","phase":"table_loop","action":"processing","tableName":"PAYMENTS","mappingTableKeys":["INVOICES","INVOICESUPPLIER","PAYMENTS","PAYMENTSSUPP","SPARES_USED"]}
{"timestamp":"2026-01-27T08:30:16.343Z","runId":236,"level":"debug","phase":"table_loop","action":"mapping_resolved","tableName":"PAYMENTS","hasMappingEntry":true,"mappingTarget":"PAYMENTS"}
{"timestamp":"2026-01-27T08:30:16.343Z","runId":236,"level":"debug","phase":"mapping_debug","tableName":"PAYMENTS","mappedSource":"PAYMENTS","firebirdTableCount":190,"sampleFirebirdTables":["ACCCLASS","ACCDEPARTMENT","ACCOUNTLINKS","ACCOUNTS","ACCRANGE"]}
{"timestamp":"2026-01-27T08:30:16.427Z","runId":236,"level":"debug","phase":"clean_decision","tableName":"PAYMENTS","cleanBefore":true,"dryRun":false,"mode":"INSERT"}
{"timestamp":"2026-01-27T08:30:16.428Z","runId":236,"type":"table_cleaning_started","table":"PAYMENTS","tableRunId":254}
{"timestamp":"2026-01-27T08:30:16.428Z","runId":236,"level":"info","phase":"clean","tableName":"PAYMENTS","tableRunId":254,"status":"start"}
{"timestamp":"2026-01-27T08:30:16.429Z","runId":236,"level":"debug","phase":"clean","tableName":"PAYMENTS","tableRunId":254,"action":"fk_checks_disabled"}
{"timestamp":"2026-01-27T08:30:16.467Z","runId":236,"level":"info","phase":"clean","tableName":"PAYMENTS","tableRunId":254,"status":"success","method":"TRUNCATE","affectedRows":null,"postCount":0,"durationMs":39}
{"timestamp":"2026-01-27T08:30:16.473Z","runId":236,"type":"table_cleaned","table":"PAYMENTS","tableRunId":254,"method":"TRUNCATE","affectedRows":null,"postCount":0}
{"timestamp":"2026-01-27T08:30:16.474Z","runId":236,"level":"debug","phase":"clean","tableName":"PAYMENTS","tableRunId":254,"action":"fk_checks_restored"}
{"timestamp":"2026-01-27T08:30:16.474Z","runId":236,"level":"info","phase":"table_start","tableName":"PAYMENTS","tableRunId":254,"mode":"INSERT","keyStrategy":"preserve","dedupeKeys":[]}
{"timestamp":"2026-01-27T08:30:16.554Z","runId":236,"level":"info","phase":"fetch","tableName":"PAYMENTS","tableRunId":254,"sourceRows":3}
{"timestamp":"2026-01-27T08:30:16.630Z","runId":236,"level":"debug","phase":"write","tableName":"PAYMENTS","tableRunId":254,"status":"start","batchSize":3}
{"timestamp":"2026-01-27T08:30:16.635Z","runId":236,"level":"debug","phase":"write","tableName":"PAYMENTS","tableRunId":254,"status":"end","inserted":3,"updated":0,"skipped":0,"durationMs":5}
{"timestamp":"2026-01-27T08:30:16.651Z","runId":236,"level":"info","phase":"table_finalize","tableName":"PAYMENTS","tableRunId":254,"status":"success","inserted":3,"updated":0,"skipped":0,"errors":0,"durationMs":169}
{"timestamp":"2026-01-27T08:30:16.651Z","runId":236,"level":"debug","phase":"table_loop","action":"processing","tableName":"SPARES_USED","mappingTableKeys":["INVOICES","INVOICESUPPLIER","PAYMENTS","PAYMENTSSUPP","SPARES_USED"]}
{"timestamp":"2026-01-27T08:30:16.651Z","runId":236,"level":"debug","phase":"table_loop","action":"mapping_resolved","tableName":"SPARES_USED","hasMappingEntry":true,"mappingTarget":"SPARES_USED"}
{"timestamp":"2026-01-27T08:30:16.652Z","runId":236,"level":"debug","phase":"mapping_debug","tableName":"SPARES_USED","mappedSource":"SPARES_USED","firebirdTableCount":190,"sampleFirebirdTables":["ACCCLASS","ACCDEPARTMENT","ACCOUNTLINKS","ACCOUNTS","ACCRANGE"]}
{"timestamp":"2026-01-27T08:30:16.730Z","runId":236,"level":"debug","phase":"clean_decision","tableName":"SPARES_USED","cleanBefore":true,"dryRun":false,"mode":"INSERT"}
{"timestamp":"2026-01-27T08:30:16.730Z","runId":236,"type":"table_cleaning_started","table":"SPARES_USED","tableRunId":255}
{"timestamp":"2026-01-27T08:30:16.731Z","runId":236,"level":"info","phase":"clean","tableName":"SPARES_USED","tableRunId":255,"status":"start"}
{"timestamp":"2026-01-27T08:30:16.732Z","runId":236,"level":"debug","phase":"clean","tableName":"SPARES_USED","tableRunId":255,"action":"fk_checks_disabled"}
{"timestamp":"2026-01-27T08:30:16.776Z","runId":236,"level":"info","phase":"clean","tableName":"SPARES_USED","tableRunId":255,"status":"success","method":"TRUNCATE","affectedRows":null,"postCount":0,"durationMs":45}
{"timestamp":"2026-01-27T08:30:16.781Z","runId":236,"type":"table_cleaned","table":"SPARES_USED","tableRunId":255,"method":"TRUNCATE","affectedRows":null,"postCount":0}
{"timestamp":"2026-01-27T08:30:16.782Z","runId":236,"level":"debug","phase":"clean","tableName":"SPARES_USED","tableRunId":255,"action":"fk_checks_restored"}
{"timestamp":"2026-01-27T08:30:16.782Z","runId":236,"level":"info","phase":"table_start","tableName":"SPARES_USED","tableRunId":255,"mode":"INSERT","keyStrategy":"preserve","dedupeKeys":[]}
{"timestamp":"2026-01-27T08:30:16.867Z","runId":236,"level":"info","phase":"fetch","tableName":"SPARES_USED","tableRunId":255,"sourceRows":4}
{"timestamp":"2026-01-27T08:30:16.941Z","runId":236,"level":"debug","phase":"write","tableName":"SPARES_USED","tableRunId":255,"status":"start","batchSize":4}
{"timestamp":"2026-01-27T08:30:16.946Z","runId":236,"level":"debug","phase":"write","tableName":"SPARES_USED","tableRunId":255,"status":"end","inserted":4,"updated":0,"skipped":0,"durationMs":5}
{"timestamp":"2026-01-27T08:30:16.961Z","runId":236,"level":"info","phase":"table_finalize","tableName":"SPARES_USED","tableRunId":255,"status":"success","inserted":4,"updated":0,"skipped":0,"errors":0,"durationMs":173}
{"timestamp":"2026-01-27T08:30:16.961Z","runId":236,"level":"debug","phase":"table_loop","action":"processing","tableName":"INVOICES_SUPPLIER","mappingTableKeys":["INVOICES","INVOICESUPPLIER","PAYMENTS","PAYMENTSSUPP","SPARES_USED"]}
{"timestamp":"2026-01-27T08:30:16.962Z","runId":236,"level":"debug","phase":"table_loop","action":"mapping_resolved","tableName":"INVOICES_SUPPLIER","hasMappingEntry":true,"mappingTarget":"INVOICES_SUPPLIER"}
{"timestamp":"2026-01-27T08:30:16.962Z","runId":236,"level":"debug","phase":"mapping_debug","tableName":"INVOICES_SUPPLIER","mappedSource":"INVOICESUPPLIER","firebirdTableCount":190,"sampleFirebirdTables":["ACCCLASS","ACCDEPARTMENT","ACCOUNTLINKS","ACCOUNTS","ACCRANGE"]}
{"timestamp":"2026-01-27T08:30:17.040Z","runId":236,"level":"debug","phase":"clean_decision","tableName":"INVOICES_SUPPLIER","cleanBefore":true,"dryRun":false,"mode":"INSERT"}
{"timestamp":"2026-01-27T08:30:17.041Z","runId":236,"type":"table_cleaning_started","table":"INVOICES_SUPPLIER","tableRunId":256}
{"timestamp":"2026-01-27T08:30:17.041Z","runId":236,"level":"info","phase":"clean","tableName":"INVOICES_SUPPLIER","tableRunId":256,"status":"start"}
{"timestamp":"2026-01-27T08:30:17.042Z","runId":236,"level":"debug","phase":"clean","tableName":"INVOICES_SUPPLIER","tableRunId":256,"action":"fk_checks_disabled"}
{"timestamp":"2026-01-27T08:30:17.073Z","runId":236,"level":"info","phase":"clean","tableName":"INVOICES_SUPPLIER","tableRunId":256,"status":"success","method":"TRUNCATE","affectedRows":null,"postCount":0,"durationMs":32}
{"timestamp":"2026-01-27T08:30:17.080Z","runId":236,"type":"table_cleaned","table":"INVOICES_SUPPLIER","tableRunId":256,"method":"TRUNCATE","affectedRows":null,"postCount":0}
{"timestamp":"2026-01-27T08:30:17.080Z","runId":236,"level":"debug","phase":"clean","tableName":"INVOICES_SUPPLIER","tableRunId":256,"action":"fk_checks_restored"}
{"timestamp":"2026-01-27T08:30:17.081Z","runId":236,"level":"info","phase":"table_start","tableName":"INVOICES_SUPPLIER","tableRunId":256,"mode":"INSERT","keyStrategy":"preserve","dedupeKeys":[]}
{"timestamp":"2026-01-27T08:30:17.159Z","runId":236,"level":"info","phase":"fetch","tableName":"INVOICES_SUPPLIER","tableRunId":256,"sourceRows":3}
{"timestamp":"2026-01-27T08:30:17.227Z","runId":236,"level":"debug","phase":"write","tableName":"INVOICES_SUPPLIER","tableRunId":256,"status":"start","batchSize":3}
{"timestamp":"2026-01-27T08:30:17.232Z","runId":236,"level":"debug","phase":"write","tableName":"INVOICES_SUPPLIER","tableRunId":256,"status":"end","inserted":3,"updated":0,"skipped":0,"durationMs":5}
{"timestamp":"2026-01-27T08:30:17.248Z","runId":236,"level":"info","phase":"table_finalize","tableName":"INVOICES_SUPPLIER","tableRunId":256,"status":"success","inserted":3,"updated":0,"skipped":0,"errors":0,"durationMs":159}
{"timestamp":"2026-01-27T08:30:17.248Z","runId":236,"level":"debug","phase":"table_loop","action":"processing","tableName":"PAYMENTS_SUPPLIERS","mappingTableKeys":["INVOICES","INVOICESUPPLIER","PAYMENTS","PAYMENTSSUPP","SPARES_USED"]}
{"timestamp":"2026-01-27T08:30:17.248Z","runId":236,"level":"debug","phase":"table_loop","action":"mapping_resolved","tableName":"PAYMENTS_SUPPLIERS","hasMappingEntry":true,"mappingTarget":"PAYMENTS_SUPPLIERS"}
{"timestamp":"2026-01-27T08:30:17.249Z","runId":236,"level":"debug","phase":"mapping_debug","tableName":"PAYMENTS_SUPPLIERS","mappedSource":"PAYMENTSSUPP","firebirdTableCount":190,"sampleFirebirdTables":["ACCCLASS","ACCDEPARTMENT","ACCOUNTLINKS","ACCOUNTS","ACCRANGE"]}
{"timestamp":"2026-01-27T08:30:17.314Z","runId":236,"level":"debug","phase":"clean_decision","tableName":"PAYMENTS_SUPPLIERS","cleanBefore":true,"dryRun":false,"mode":"INSERT"}
{"timestamp":"2026-01-27T08:30:17.314Z","runId":236,"type":"table_cleaning_started","table":"PAYMENTS_SUPPLIERS","tableRunId":257}
{"timestamp":"2026-01-27T08:30:17.314Z","runId":236,"level":"info","phase":"clean","tableName":"PAYMENTS_SUPPLIERS","tableRunId":257,"status":"start"}
{"timestamp":"2026-01-27T08:30:17.315Z","runId":236,"level":"debug","phase":"clean","tableName":"PAYMENTS_SUPPLIERS","tableRunId":257,"action":"fk_checks_disabled"}
{"timestamp":"2026-01-27T08:30:17.356Z","runId":236,"level":"info","phase":"clean","tableName":"PAYMENTS_SUPPLIERS","tableRunId":257,"status":"success","method":"TRUNCATE","affectedRows":null,"postCount":0,"durationMs":41}
{"timestamp":"2026-01-27T08:30:17.362Z","runId":236,"type":"table_cleaned","table":"PAYMENTS_SUPPLIERS","tableRunId":257,"method":"TRUNCATE","affectedRows":null,"postCount":0}
{"timestamp":"2026-01-27T08:30:17.362Z","runId":236,"level":"debug","phase":"clean","tableName":"PAYMENTS_SUPPLIERS","tableRunId":257,"action":"fk_checks_restored"}
{"timestamp":"2026-01-27T08:30:17.363Z","runId":236,"level":"info","phase":"table_start","tableName":"PAYMENTS_SUPPLIERS","tableRunId":257,"mode":"INSERT","keyStrategy":"preserve","dedupeKeys":[]}
{"timestamp":"2026-01-27T08:30:17.429Z","runId":236,"level":"info","phase":"fetch","tableName":"PAYMENTS_SUPPLIERS","tableRunId":257,"sourceRows":2}
{"timestamp":"2026-01-27T08:30:17.495Z","runId":236,"level":"debug","phase":"write","tableName":"PAYMENTS_SUPPLIERS","tableRunId":257,"status":"start","batchSize":2}
{"timestamp":"2026-01-27T08:30:17.501Z","runId":236,"level":"debug","phase":"write","tableName":"PAYMENTS_SUPPLIERS","tableRunId":257,"status":"end","inserted":2,"updated":0,"skipped":0,"durationMs":6}
{"timestamp":"2026-01-27T08:30:17.513Z","runId":236,"level":"info","phase":"table_finalize","tableName":"PAYMENTS_SUPPLIERS","tableRunId":257,"status":"success","inserted":2,"updated":0,"skipped":0,"errors":0,"durationMs":144}
{"timestamp":"2026-01-27T08:30:17.516Z","runId":236,"level":"info","phase":"run_finalize","status":"success"}
