{"timestamp":"2026-01-27T08:33:06.204Z","runId":237,"level":"info","phase":"run_start","dryRun":false,"batchSize":1000,"fkChecks":true,"tables":[{"table":"INVOICE_ITEMS","mode":"INSERT","keyStrategy":"preserve","dedupeKeys":[],"onDuplicate":"SKIP","cleanBefore":true}]}
{"timestamp":"2026-01-27T08:33:06.273Z","runId":237,"level":"info","phase":"preflight","attempt":1,"status":"ok"}
{"timestamp":"2026-01-27T08:33:06.274Z","runId":237,"level":"debug","phase":"preflight","durationMs":70}
{"timestamp":"2026-01-27T08:33:06.274Z","runId":237,"level":"info","phase":"preflight","action":"nullability_validation","status":"start"}
{"timestamp":"2026-01-27T08:33:06.277Z","runId":237,"level":"info","phase":"preflight","action":"nullability_validation","status":"passed"}
{"timestamp":"2026-01-27T08:33:06.351Z","runId":237,"level":"debug","phase":"table_loop","action":"starting","includedCount":1,"mappingTableCount":1}
{"timestamp":"2026-01-27T08:33:06.352Z","runId":237,"level":"info","phase":"table_loop","action":"normalized_tables","sampleTables":["INVOICE_ITEMS"]}
{"timestamp":"2026-01-27T08:33:06.353Z","runId":237,"level":"debug","phase":"table_loop","action":"processing","tableName":"INVOICE_ITEMS","mappingTableKeys":["INVTOTAL"]}
{"timestamp":"2026-01-27T08:33:06.353Z","runId":237,"level":"debug","phase":"table_loop","action":"mapping_resolved","tableName":"INVOICE_ITEMS","hasMappingEntry":true,"mappingTarget":"INVOICE_ITEMS"}
{"timestamp":"2026-01-27T08:33:06.353Z","runId":237,"level":"debug","phase":"mapping_debug","tableName":"INVOICE_ITEMS","mappedSource":"INVTOTAL","firebirdTableCount":190,"sampleFirebirdTables":["ACCCLASS","ACCDEPARTMENT","ACCOUNTLINKS","ACCOUNTS","ACCRANGE"]}
{"timestamp":"2026-01-27T08:33:07.198Z","runId":237,"level":"debug","phase":"clean_decision","tableName":"INVOICE_ITEMS","cleanBefore":true,"dryRun":false,"mode":"INSERT"}
{"timestamp":"2026-01-27T08:33:07.198Z","runId":237,"type":"table_cleaning_started","table":"INVOICE_ITEMS","tableRunId":258}
{"timestamp":"2026-01-27T08:33:07.199Z","runId":237,"level":"info","phase":"clean","tableName":"INVOICE_ITEMS","tableRunId":258,"status":"start"}
{"timestamp":"2026-01-27T08:33:07.199Z","runId":237,"level":"debug","phase":"clean","tableName":"INVOICE_ITEMS","tableRunId":258,"action":"fk_checks_disabled"}
{"timestamp":"2026-01-27T08:33:07.228Z","runId":237,"level":"info","phase":"clean","tableName":"INVOICE_ITEMS","tableRunId":258,"status":"success","method":"TRUNCATE","affectedRows":null,"postCount":0,"durationMs":29}
{"timestamp":"2026-01-27T08:33:07.237Z","runId":237,"type":"table_cleaned","table":"INVOICE_ITEMS","tableRunId":258,"method":"TRUNCATE","affectedRows":null,"postCount":0}
{"timestamp":"2026-01-27T08:33:07.237Z","runId":237,"level":"debug","phase":"clean","tableName":"INVOICE_ITEMS","tableRunId":258,"action":"fk_checks_restored"}
{"timestamp":"2026-01-27T08:33:07.238Z","runId":237,"level":"info","phase":"table_start","tableName":"INVOICE_ITEMS","tableRunId":258,"mode":"INSERT","keyStrategy":"preserve","dedupeKeys":[]}
{"timestamp":"2026-01-27T08:33:07.302Z","runId":237,"level":"info","phase":"fetch","tableName":"INVOICE_ITEMS","tableRunId":258,"sourceRows":5}
{"timestamp":"2026-01-27T08:33:07.373Z","runId":237,"level":"debug","phase":"write","tableName":"INVOICE_ITEMS","tableRunId":258,"status":"start","batchSize":5}
{"timestamp":"2026-01-27T08:33:07.380Z","runId":237,"level":"debug","phase":"write","tableName":"INVOICE_ITEMS","tableRunId":258,"status":"end","inserted":5,"updated":0,"skipped":0,"durationMs":7}
{"timestamp":"2026-01-27T08:33:07.392Z","runId":237,"level":"info","phase":"table_finalize","tableName":"INVOICE_ITEMS","tableRunId":258,"status":"success","inserted":5,"updated":0,"skipped":0,"errors":0,"durationMs":148}
{"timestamp":"2026-01-27T08:33:07.395Z","runId":237,"level":"info","phase":"run_finalize","status":"success"}
