{"timestamp":"2026-01-27T08:36:26.643Z","runId":238,"level":"info","phase":"run_start","dryRun":false,"batchSize":1000,"fkChecks":true,"tables":[{"table":"JOB_INFORMATION","mode":"INSERT","keyStrategy":"preserve","dedupeKeys":[],"onDuplicate":"SKIP","cleanBefore":true}]}
{"timestamp":"2026-01-27T08:36:26.708Z","runId":238,"level":"info","phase":"preflight","attempt":1,"status":"ok"}
{"timestamp":"2026-01-27T08:36:26.708Z","runId":238,"level":"debug","phase":"preflight","durationMs":65}
{"timestamp":"2026-01-27T08:36:26.709Z","runId":238,"level":"info","phase":"preflight","action":"nullability_validation","status":"start"}
{"timestamp":"2026-01-27T08:36:26.711Z","runId":238,"level":"info","phase":"preflight","action":"nullability_validation","status":"passed"}
{"timestamp":"2026-01-27T08:36:27.435Z","runId":238,"level":"debug","phase":"table_loop","action":"starting","includedCount":1,"mappingTableCount":1}
{"timestamp":"2026-01-27T08:36:27.436Z","runId":238,"level":"info","phase":"table_loop","action":"normalized_tables","sampleTables":["JOB_INFORMATION"]}
{"timestamp":"2026-01-27T08:36:27.437Z","runId":238,"level":"debug","phase":"table_loop","action":"processing","tableName":"JOB_INFORMATION","mappingTableKeys":["JOB_INFORMATION"]}
{"timestamp":"2026-01-27T08:36:27.437Z","runId":238,"level":"debug","phase":"table_loop","action":"mapping_resolved","tableName":"JOB_INFORMATION","hasMappingEntry":true,"mappingTarget":"JOB_INFORMATION"}
{"timestamp":"2026-01-27T08:36:27.437Z","runId":238,"level":"debug","phase":"mapping_debug","tableName":"JOB_INFORMATION","mappedSource":"JOB_INFORMATION","firebirdTableCount":190,"sampleFirebirdTables":["ACCCLASS","ACCDEPARTMENT","ACCOUNTLINKS","ACCOUNTS","ACCRANGE"]}
{"timestamp":"2026-01-27T08:36:27.514Z","runId":238,"level":"debug","phase":"clean_decision","tableName":"JOB_INFORMATION","cleanBefore":true,"dryRun":false,"mode":"INSERT"}
{"timestamp":"2026-01-27T08:36:27.514Z","runId":238,"type":"table_cleaning_started","table":"JOB_INFORMATION","tableRunId":259}
{"timestamp":"2026-01-27T08:36:27.515Z","runId":238,"level":"info","phase":"clean","tableName":"JOB_INFORMATION","tableRunId":259,"status":"start"}
{"timestamp":"2026-01-27T08:36:27.516Z","runId":238,"level":"debug","phase":"clean","tableName":"JOB_INFORMATION","tableRunId":259,"action":"fk_checks_disabled"}
{"timestamp":"2026-01-27T08:36:27.554Z","runId":238,"level":"info","phase":"clean","tableName":"JOB_INFORMATION","tableRunId":259,"status":"success","method":"TRUNCATE","affectedRows":null,"postCount":0,"durationMs":39}
{"timestamp":"2026-01-27T08:36:27.563Z","runId":238,"type":"table_cleaned","table":"JOB_INFORMATION","tableRunId":259,"method":"TRUNCATE","affectedRows":null,"postCount":0}
{"timestamp":"2026-01-27T08:36:27.564Z","runId":238,"level":"debug","phase":"clean","tableName":"JOB_INFORMATION","tableRunId":259,"action":"fk_checks_restored"}
{"timestamp":"2026-01-27T08:36:27.564Z","runId":238,"level":"info","phase":"table_start","tableName":"JOB_INFORMATION","tableRunId":259,"mode":"INSERT","keyStrategy":"preserve","dedupeKeys":[]}
{"timestamp":"2026-01-27T08:36:27.645Z","runId":238,"level":"info","phase":"fetch","tableName":"JOB_INFORMATION","tableRunId":259,"sourceRows":2}
{"timestamp":"2026-01-27T08:36:27.725Z","runId":238,"level":"debug","phase":"write","tableName":"JOB_INFORMATION","tableRunId":259,"status":"start","batchSize":2}
{"timestamp":"2026-01-27T08:36:27.732Z","runId":238,"level":"debug","phase":"write","tableName":"JOB_INFORMATION","tableRunId":259,"status":"end","inserted":2,"updated":0,"skipped":0,"durationMs":7}
{"timestamp":"2026-01-27T08:36:27.748Z","runId":238,"level":"info","phase":"table_finalize","tableName":"JOB_INFORMATION","tableRunId":259,"status":"success","inserted":2,"updated":0,"skipped":0,"errors":0,"durationMs":176}
{"timestamp":"2026-01-27T08:36:27.753Z","runId":238,"level":"info","phase":"run_finalize","status":"success"}
