{"timestamp":"2026-01-27T08:38:40.022Z","runId":239,"level":"info","phase":"run_start","dryRun":false,"batchSize":1000,"fkChecks":true,"tables":[{"table":"WORK_DONE","mode":"INSERT","keyStrategy":"preserve","dedupeKeys":[],"onDuplicate":"SKIP","cleanBefore":true},{"table":"LABOUR_PRICING","mode":"INSERT","keyStrategy":"preserve","dedupeKeys":[],"onDuplicate":"SKIP","cleanBefore":true}]}
{"timestamp":"2026-01-27T08:38:40.086Z","runId":239,"level":"info","phase":"preflight","attempt":1,"status":"ok"}
{"timestamp":"2026-01-27T08:38:40.087Z","runId":239,"level":"debug","phase":"preflight","durationMs":65}
{"timestamp":"2026-01-27T08:38:40.087Z","runId":239,"level":"info","phase":"preflight","action":"nullability_validation","status":"start"}
{"timestamp":"2026-01-27T08:38:40.090Z","runId":239,"level":"info","phase":"preflight","action":"nullability_validation","status":"passed"}
{"timestamp":"2026-01-27T08:38:40.161Z","runId":239,"level":"debug","phase":"table_loop","action":"starting","includedCount":2,"mappingTableCount":2}
{"timestamp":"2026-01-27T08:38:40.162Z","runId":239,"level":"info","phase":"table_loop","action":"normalized_tables","sampleTables":["WORK_DONE","LABOUR_PRICING"]}
{"timestamp":"2026-01-27T08:38:40.162Z","runId":239,"level":"debug","phase":"table_loop","action":"processing","tableName":"WORK_DONE","mappingTableKeys":["PRICING","WORKDONE"]}
{"timestamp":"2026-01-27T08:38:40.162Z","runId":239,"level":"debug","phase":"table_loop","action":"mapping_resolved","tableName":"WORK_DONE","hasMappingEntry":true,"mappingTarget":"WORK_DONE"}
{"timestamp":"2026-01-27T08:38:40.163Z","runId":239,"level":"debug","phase":"mapping_debug","tableName":"WORK_DONE","mappedSource":"WORKDONE","firebirdTableCount":190,"sampleFirebirdTables":["ACCCLASS","ACCDEPARTMENT","ACCOUNTLINKS","ACCOUNTS","ACCRANGE"]}
{"timestamp":"2026-01-27T08:38:40.862Z","runId":239,"level":"debug","phase":"clean_decision","tableName":"WORK_DONE","cleanBefore":true,"dryRun":false,"mode":"INSERT"}
{"timestamp":"2026-01-27T08:38:40.863Z","runId":239,"type":"table_cleaning_started","table":"WORK_DONE","tableRunId":260}
{"timestamp":"2026-01-27T08:38:40.863Z","runId":239,"level":"info","phase":"clean","tableName":"WORK_DONE","tableRunId":260,"status":"start"}
{"timestamp":"2026-01-27T08:38:40.864Z","runId":239,"level":"debug","phase":"clean","tableName":"WORK_DONE","tableRunId":260,"action":"fk_checks_disabled"}
{"timestamp":"2026-01-27T08:38:40.910Z","runId":239,"level":"info","phase":"clean","tableName":"WORK_DONE","tableRunId":260,"status":"success","method":"TRUNCATE","affectedRows":null,"postCount":0,"durationMs":46}
{"timestamp":"2026-01-27T08:38:40.921Z","runId":239,"type":"table_cleaned","table":"WORK_DONE","tableRunId":260,"method":"TRUNCATE","affectedRows":null,"postCount":0}
{"timestamp":"2026-01-27T08:38:40.922Z","runId":239,"level":"debug","phase":"clean","tableName":"WORK_DONE","tableRunId":260,"action":"fk_checks_restored"}
{"timestamp":"2026-01-27T08:38:40.922Z","runId":239,"level":"info","phase":"table_start","tableName":"WORK_DONE","tableRunId":260,"mode":"INSERT","keyStrategy":"preserve","dedupeKeys":[]}
{"timestamp":"2026-01-27T08:38:40.992Z","runId":239,"level":"info","phase":"fetch","tableName":"WORK_DONE","tableRunId":260,"sourceRows":4}
{"timestamp":"2026-01-27T08:38:41.051Z","runId":239,"level":"debug","phase":"write","tableName":"WORK_DONE","tableRunId":260,"status":"start","batchSize":4}
{"timestamp":"2026-01-27T08:38:41.056Z","runId":239,"level":"debug","phase":"write","tableName":"WORK_DONE","tableRunId":260,"status":"end","inserted":4,"updated":0,"skipped":0,"durationMs":5}
{"timestamp":"2026-01-27T08:38:41.066Z","runId":239,"level":"info","phase":"table_finalize","tableName":"WORK_DONE","tableRunId":260,"status":"success","inserted":4,"updated":0,"skipped":0,"errors":0,"durationMs":139}
{"timestamp":"2026-01-27T08:38:41.067Z","runId":239,"level":"debug","phase":"table_loop","action":"processing","tableName":"LABOUR_PRICING","mappingTableKeys":["PRICING","WORKDONE"]}
{"timestamp":"2026-01-27T08:38:41.067Z","runId":239,"level":"debug","phase":"table_loop","action":"mapping_resolved","tableName":"LABOUR_PRICING","hasMappingEntry":true,"mappingTarget":"LABOUR_PRICING"}
{"timestamp":"2026-01-27T08:38:41.067Z","runId":239,"level":"debug","phase":"mapping_debug","tableName":"LABOUR_PRICING","mappedSource":"PRICING","firebirdTableCount":190,"sampleFirebirdTables":["ACCCLASS","ACCDEPARTMENT","ACCOUNTLINKS","ACCOUNTS","ACCRANGE"]}
{"timestamp":"2026-01-27T08:38:41.142Z","runId":239,"level":"debug","phase":"clean_decision","tableName":"LABOUR_PRICING","cleanBefore":true,"dryRun":false,"mode":"INSERT"}
{"timestamp":"2026-01-27T08:38:41.143Z","runId":239,"type":"table_cleaning_started","table":"LABOUR_PRICING","tableRunId":261}
{"timestamp":"2026-01-27T08:38:41.143Z","runId":239,"level":"info","phase":"clean","tableName":"LABOUR_PRICING","tableRunId":261,"status":"start"}
{"timestamp":"2026-01-27T08:38:41.144Z","runId":239,"level":"debug","phase":"clean","tableName":"LABOUR_PRICING","tableRunId":261,"action":"fk_checks_disabled"}
{"timestamp":"2026-01-27T08:38:41.181Z","runId":239,"level":"info","phase":"clean","tableName":"LABOUR_PRICING","tableRunId":261,"status":"success","method":"TRUNCATE","affectedRows":null,"postCount":0,"durationMs":38}
{"timestamp":"2026-01-27T08:38:41.188Z","runId":239,"type":"table_cleaned","table":"LABOUR_PRICING","tableRunId":261,"method":"TRUNCATE","affectedRows":null,"postCount":0}
{"timestamp":"2026-01-27T08:38:41.188Z","runId":239,"level":"debug","phase":"clean","tableName":"LABOUR_PRICING","tableRunId":261,"action":"fk_checks_restored"}
{"timestamp":"2026-01-27T08:38:41.188Z","runId":239,"level":"info","phase":"table_start","tableName":"LABOUR_PRICING","tableRunId":261,"mode":"INSERT","keyStrategy":"preserve","dedupeKeys":[]}
{"timestamp":"2026-01-27T08:38:41.262Z","runId":239,"level":"info","phase":"fetch","tableName":"LABOUR_PRICING","tableRunId":261,"sourceRows":2834}
{"timestamp":"2026-01-27T08:38:41.360Z","runId":239,"level":"debug","phase":"write","tableName":"LABOUR_PRICING","tableRunId":261,"status":"start","batchSize":1000}
{"timestamp":"2026-01-27T08:38:41.399Z","runId":239,"level":"debug","phase":"write","tableName":"LABOUR_PRICING","tableRunId":261,"status":"end","inserted":1000,"updated":0,"skipped":0,"durationMs":39}
{"timestamp":"2026-01-27T08:38:41.490Z","runId":239,"level":"debug","phase":"write","tableName":"LABOUR_PRICING","tableRunId":261,"status":"start","batchSize":1000}
{"timestamp":"2026-01-27T08:38:41.512Z","runId":239,"level":"debug","phase":"write","tableName":"LABOUR_PRICING","tableRunId":261,"status":"end","inserted":1000,"updated":0,"skipped":0,"durationMs":22}
{"timestamp":"2026-01-27T08:38:41.600Z","runId":239,"level":"debug","phase":"write","tableName":"LABOUR_PRICING","tableRunId":261,"status":"start","batchSize":834}
{"timestamp":"2026-01-27T08:38:41.616Z","runId":239,"level":"debug","phase":"write","tableName":"LABOUR_PRICING","tableRunId":261,"status":"end","inserted":834,"updated":0,"skipped":0,"durationMs":16}
{"timestamp":"2026-01-27T08:38:41.627Z","runId":239,"level":"info","phase":"table_finalize","tableName":"LABOUR_PRICING","tableRunId":261,"status":"success","inserted":2834,"updated":0,"skipped":0,"errors":0,"durationMs":435}
{"timestamp":"2026-01-27T08:38:41.631Z","runId":239,"level":"info","phase":"run_finalize","status":"success"}
