{"timestamp":"2026-01-27T09:02:23.945Z","runId":240,"level":"info","phase":"run_start","dryRun":false,"batchSize":1000,"fkChecks":true,"tables":[{"table":"STOCK","mode":"INSERT","keyStrategy":"preserve","dedupeKeys":[],"onDuplicate":"SKIP","cleanBefore":true},{"table":"INVOICES","mode":"INSERT","keyStrategy":"preserve","dedupeKeys":[],"onDuplicate":"SKIP","cleanBefore":true},{"table":"PAYMENTS","mode":"INSERT","keyStrategy":"preserve","dedupeKeys":[],"onDuplicate":"SKIP","cleanBefore":true},{"table":"CUSTOMERS","mode":"INSERT","keyStrategy":"preserve","dedupeKeys":[],"onDuplicate":"SKIP","cleanBefore":true},{"table":"WORK_DONE","mode":"INSERT","keyStrategy":"preserve","dedupeKeys":[],"onDuplicate":"SKIP","cleanBefore":true},{"table":"JOB_REPORT","mode":"INSERT","keyStrategy":"preserve","dedupeKeys":[],"onDuplicate":"SKIP","cleanBefore":true},{"table":"SPARES_USED","mode":"INSERT","keyStrategy":"preserve","dedupeKeys":[],"onDuplicate":"SKIP","cleanBefore":true},{"table":"CREDIT_NOTES","mode":"INSERT","keyStrategy":"preserve","dedupeKeys":[],"onDuplicate":"SKIP","cleanBefore":true},{"table":"LABOUR_PRICING","mode":"INSERT","keyStrategy":"preserve","dedupeKeys":[],"onDuplicate":"SKIP","cleanBefore":true},{"table":"JOB_INFORMATION","mode":"INSERT","keyStrategy":"preserve","dedupeKeys":[],"onDuplicate":"SKIP","cleanBefore":true}]}
{"timestamp":"2026-01-27T09:02:24.046Z","runId":240,"level":"info","phase":"preflight","attempt":1,"status":"ok"}
{"timestamp":"2026-01-27T09:02:24.046Z","runId":240,"level":"debug","phase":"preflight","durationMs":100}
{"timestamp":"2026-01-27T09:02:24.047Z","runId":240,"level":"info","phase":"preflight","action":"nullability_validation","status":"start"}
{"timestamp":"2026-01-27T09:02:24.061Z","runId":240,"level":"info","phase":"preflight","action":"nullability_validation","status":"passed"}
{"timestamp":"2026-01-27T09:02:24.780Z","runId":240,"level":"debug","phase":"table_loop","action":"starting","includedCount":10,"mappingTableCount":10}
{"timestamp":"2026-01-27T09:02:24.780Z","runId":240,"level":"info","phase":"table_loop","action":"normalized_tables","sampleTables":["STOCK","INVOICES","PAYMENTS","CUSTOMERS","WORK_DONE"]}
{"timestamp":"2026-01-27T09:02:24.781Z","runId":240,"level":"debug","phase":"table_loop","action":"processing","tableName":"STOCK","mappingTableKeys":["CUSTOMER","INVOICES","JOBREPORT","JOB_INFORMATION","CNOTE"]}
{"timestamp":"2026-01-27T09:02:24.781Z","runId":240,"level":"debug","phase":"table_loop","action":"mapping_resolved","tableName":"STOCK","hasMappingEntry":true,"mappingTarget":"STOCK"}
{"timestamp":"2026-01-27T09:02:24.781Z","runId":240,"level":"debug","phase":"mapping_debug","tableName":"STOCK","mappedSource":"STOCK","firebirdTableCount":187,"sampleFirebirdTables":["ACCCLASS","ACCDEPARTMENT","ACCOUNTLINKS","ACCOUNTS","ACCRANGE"]}
{"timestamp":"2026-01-27T09:02:24.891Z","runId":240,"level":"debug","phase":"clean_decision","tableName":"STOCK","cleanBefore":true,"dryRun":false,"mode":"INSERT"}
{"timestamp":"2026-01-27T09:02:24.892Z","runId":240,"type":"table_cleaning_started","table":"STOCK","tableRunId":262}
{"timestamp":"2026-01-27T09:02:24.892Z","runId":240,"level":"info","phase":"clean","tableName":"STOCK","tableRunId":262,"status":"start"}
{"timestamp":"2026-01-27T09:02:24.893Z","runId":240,"level":"debug","phase":"clean","tableName":"STOCK","tableRunId":262,"action":"fk_checks_disabled"}
{"timestamp":"2026-01-27T09:02:24.929Z","runId":240,"level":"info","phase":"clean","tableName":"STOCK","tableRunId":262,"status":"success","method":"TRUNCATE","affectedRows":null,"postCount":0,"durationMs":36}
{"timestamp":"2026-01-27T09:02:24.942Z","runId":240,"type":"table_cleaned","table":"STOCK","tableRunId":262,"method":"TRUNCATE","affectedRows":null,"postCount":0}
{"timestamp":"2026-01-27T09:02:24.944Z","runId":240,"level":"debug","phase":"clean","tableName":"STOCK","tableRunId":262,"action":"fk_checks_restored"}
{"timestamp":"2026-01-27T09:02:24.945Z","runId":240,"level":"info","phase":"table_start","tableName":"STOCK","tableRunId":262,"mode":"INSERT","keyStrategy":"preserve","dedupeKeys":[]}
{"timestamp":"2026-01-27T09:02:25.092Z","runId":240,"level":"info","phase":"fetch","tableName":"STOCK","tableRunId":262,"sourceRows":19043}
{"timestamp":"2026-01-27T09:02:25.264Z","runId":240,"level":"debug","phase":"write","tableName":"STOCK","tableRunId":262,"status":"start","batchSize":1000}
{"timestamp":"2026-01-27T09:02:25.313Z","runId":240,"level":"debug","phase":"write","tableName":"STOCK","tableRunId":262,"status":"end","inserted":1000,"updated":0,"skipped":0,"durationMs":49}
{"timestamp":"2026-01-27T09:02:25.487Z","runId":240,"level":"debug","phase":"write","tableName":"STOCK","tableRunId":262,"status":"start","batchSize":1000}
{"timestamp":"2026-01-27T09:02:25.534Z","runId":240,"level":"debug","phase":"write","tableName":"STOCK","tableRunId":262,"status":"end","inserted":1000,"updated":0,"skipped":0,"durationMs":47}
{"timestamp":"2026-01-27T09:02:25.734Z","runId":240,"level":"debug","phase":"write","tableName":"STOCK","tableRunId":262,"status":"start","batchSize":1000}
{"timestamp":"2026-01-27T09:02:25.809Z","runId":240,"level":"debug","phase":"write","tableName":"STOCK","tableRunId":262,"status":"end","inserted":1000,"updated":0,"skipped":0,"durationMs":75}
{"timestamp":"2026-01-27T09:02:25.994Z","runId":240,"level":"debug","phase":"write","tableName":"STOCK","tableRunId":262,"status":"start","batchSize":1000}
{"timestamp":"2026-01-27T09:02:26.033Z","runId":240,"level":"debug","phase":"write","tableName":"STOCK","tableRunId":262,"status":"end","inserted":1000,"updated":0,"skipped":0,"durationMs":39}
{"timestamp":"2026-01-27T09:02:26.218Z","runId":240,"level":"debug","phase":"write","tableName":"STOCK","tableRunId":262,"status":"start","batchSize":1000}
{"timestamp":"2026-01-27T09:02:26.257Z","runId":240,"level":"debug","phase":"write","tableName":"STOCK","tableRunId":262,"status":"end","inserted":1000,"updated":0,"skipped":0,"durationMs":39}
{"timestamp":"2026-01-27T09:02:26.432Z","runId":240,"level":"debug","phase":"write","tableName":"STOCK","tableRunId":262,"status":"start","batchSize":1000}
{"timestamp":"2026-01-27T09:02:26.469Z","runId":240,"level":"debug","phase":"write","tableName":"STOCK","tableRunId":262,"status":"end","inserted":1000,"updated":0,"skipped":0,"durationMs":37}
{"timestamp":"2026-01-27T09:02:26.669Z","runId":240,"level":"debug","phase":"write","tableName":"STOCK","tableRunId":262,"status":"start","batchSize":1000}
{"timestamp":"2026-01-27T09:02:26.735Z","runId":240,"level":"debug","phase":"write","tableName":"STOCK","tableRunId":262,"status":"end","inserted":1000,"updated":0,"skipped":0,"durationMs":66}
{"timestamp":"2026-01-27T09:02:26.923Z","runId":240,"level":"debug","phase":"write","tableName":"STOCK","tableRunId":262,"status":"start","batchSize":1000}
{"timestamp":"2026-01-27T09:02:26.969Z","runId":240,"level":"debug","phase":"write","tableName":"STOCK","tableRunId":262,"status":"end","inserted":1000,"updated":0,"skipped":0,"durationMs":46}
{"timestamp":"2026-01-27T09:02:27.170Z","runId":240,"level":"debug","phase":"write","tableName":"STOCK","tableRunId":262,"status":"start","batchSize":1000}
{"timestamp":"2026-01-27T09:02:27.211Z","runId":240,"level":"debug","phase":"write","tableName":"STOCK","tableRunId":262,"status":"end","inserted":1000,"updated":0,"skipped":0,"durationMs":41}
{"timestamp":"2026-01-27T09:02:27.395Z","runId":240,"level":"debug","phase":"write","tableName":"STOCK","tableRunId":262,"status":"start","batchSize":1000}
{"timestamp":"2026-01-27T09:02:27.430Z","runId":240,"level":"debug","phase":"write","tableName":"STOCK","tableRunId":262,"status":"end","inserted":1000,"updated":0,"skipped":0,"durationMs":35}
{"timestamp":"2026-01-27T09:02:27.628Z","runId":240,"level":"debug","phase":"write","tableName":"STOCK","tableRunId":262,"status":"start","batchSize":1000}
{"timestamp":"2026-01-27T09:02:27.664Z","runId":240,"level":"debug","phase":"write","tableName":"STOCK","tableRunId":262,"status":"end","inserted":1000,"updated":0,"skipped":0,"durationMs":36}
{"timestamp":"2026-01-27T09:02:27.862Z","runId":240,"level":"debug","phase":"write","tableName":"STOCK","tableRunId":262,"status":"start","batchSize":1000}
{"timestamp":"2026-01-27T09:02:27.900Z","runId":240,"level":"debug","phase":"write","tableName":"STOCK","tableRunId":262,"status":"end","inserted":1000,"updated":0,"skipped":0,"durationMs":38}
{"timestamp":"2026-01-27T09:02:28.108Z","runId":240,"level":"debug","phase":"write","tableName":"STOCK","tableRunId":262,"status":"start","batchSize":1000}
{"timestamp":"2026-01-27T09:02:28.147Z","runId":240,"level":"debug","phase":"write","tableName":"STOCK","tableRunId":262,"status":"end","inserted":1000,"updated":0,"skipped":0,"durationMs":39}
{"timestamp":"2026-01-27T09:02:28.356Z","runId":240,"level":"debug","phase":"write","tableName":"STOCK","tableRunId":262,"status":"start","batchSize":1000}
{"timestamp":"2026-01-27T09:02:28.397Z","runId":240,"level":"debug","phase":"write","tableName":"STOCK","tableRunId":262,"status":"end","inserted":1000,"updated":0,"skipped":0,"durationMs":41}
{"timestamp":"2026-01-27T09:02:28.603Z","runId":240,"level":"debug","phase":"write","tableName":"STOCK","tableRunId":262,"status":"start","batchSize":1000}
{"timestamp":"2026-01-27T09:02:28.647Z","runId":240,"level":"debug","phase":"write","tableName":"STOCK","tableRunId":262,"status":"end","inserted":1000,"updated":0,"skipped":0,"durationMs":44}
{"timestamp":"2026-01-27T09:02:29.521Z","runId":240,"level":"debug","phase":"write","tableName":"STOCK","tableRunId":262,"status":"start","batchSize":1000}
{"timestamp":"2026-01-27T09:02:29.564Z","runId":240,"level":"debug","phase":"write","tableName":"STOCK","tableRunId":262,"status":"end","inserted":1000,"updated":0,"skipped":0,"durationMs":43}
{"timestamp":"2026-01-27T09:02:30.490Z","runId":240,"level":"debug","phase":"write","tableName":"STOCK","tableRunId":262,"status":"start","batchSize":1000}
{"timestamp":"2026-01-27T09:02:30.544Z","runId":240,"level":"debug","phase":"write","tableName":"STOCK","tableRunId":262,"status":"end","inserted":1000,"updated":0,"skipped":0,"durationMs":54}
{"timestamp":"2026-01-27T09:02:30.749Z","runId":240,"level":"debug","phase":"write","tableName":"STOCK","tableRunId":262,"status":"start","batchSize":1000}
{"timestamp":"2026-01-27T09:02:30.787Z","runId":240,"level":"debug","phase":"write","tableName":"STOCK","tableRunId":262,"status":"end","inserted":1000,"updated":0,"skipped":0,"durationMs":38}
{"timestamp":"2026-01-27T09:02:30.992Z","runId":240,"level":"debug","phase":"write","tableName":"STOCK","tableRunId":262,"status":"start","batchSize":1000}
{"timestamp":"2026-01-27T09:02:31.035Z","runId":240,"level":"debug","phase":"write","tableName":"STOCK","tableRunId":262,"status":"end","inserted":1000,"updated":0,"skipped":0,"durationMs":43}
{"timestamp":"2026-01-27T09:02:31.189Z","runId":240,"level":"debug","phase":"write","tableName":"STOCK","tableRunId":262,"status":"start","batchSize":43}
{"timestamp":"2026-01-27T09:02:31.197Z","runId":240,"level":"debug","phase":"write","tableName":"STOCK","tableRunId":262,"status":"end","inserted":43,"updated":0,"skipped":0,"durationMs":8}
{"timestamp":"2026-01-27T09:02:31.217Z","runId":240,"level":"info","phase":"table_finalize","tableName":"STOCK","tableRunId":262,"status":"success","inserted":19043,"updated":0,"skipped":0,"errors":0,"durationMs":6263}
{"timestamp":"2026-01-27T09:02:31.218Z","runId":240,"level":"debug","phase":"table_loop","action":"processing","tableName":"INVOICES","mappingTableKeys":["CUSTOMER","INVOICES","JOBREPORT","JOB_INFORMATION","CNOTE"]}
{"timestamp":"2026-01-27T09:02:31.219Z","runId":240,"level":"debug","phase":"table_loop","action":"mapping_resolved","tableName":"INVOICES","hasMappingEntry":true,"mappingTarget":"INVOICES"}
{"timestamp":"2026-01-27T09:02:31.219Z","runId":240,"level":"debug","phase":"mapping_debug","tableName":"INVOICES","mappedSource":"INVOICES","firebirdTableCount":187,"sampleFirebirdTables":["ACCCLASS","ACCDEPARTMENT","ACCOUNTLINKS","ACCOUNTS","ACCRANGE"]}
{"timestamp":"2026-01-27T09:02:31.332Z","runId":240,"level":"debug","phase":"clean_decision","tableName":"INVOICES","cleanBefore":true,"dryRun":false,"mode":"INSERT"}
{"timestamp":"2026-01-27T09:02:31.333Z","runId":240,"type":"table_cleaning_started","table":"INVOICES","tableRunId":263}
{"timestamp":"2026-01-27T09:02:31.333Z","runId":240,"level":"info","phase":"clean","tableName":"INVOICES","tableRunId":263,"status":"start"}
{"timestamp":"2026-01-27T09:02:31.335Z","runId":240,"level":"debug","phase":"clean","tableName":"INVOICES","tableRunId":263,"action":"fk_checks_disabled"}
{"timestamp":"2026-01-27T09:02:31.384Z","runId":240,"level":"info","phase":"clean","tableName":"INVOICES","tableRunId":263,"status":"success","method":"TRUNCATE","affectedRows":null,"postCount":0,"durationMs":50}
{"timestamp":"2026-01-27T09:02:31.394Z","runId":240,"type":"table_cleaned","table":"INVOICES","tableRunId":263,"method":"TRUNCATE","affectedRows":null,"postCount":0}
{"timestamp":"2026-01-27T09:02:31.395Z","runId":240,"level":"debug","phase":"clean","tableName":"INVOICES","tableRunId":263,"action":"fk_checks_restored"}
{"timestamp":"2026-01-27T09:02:31.396Z","runId":240,"level":"info","phase":"table_start","tableName":"INVOICES","tableRunId":263,"mode":"INSERT","keyStrategy":"preserve","dedupeKeys":[]}
{"timestamp":"2026-01-27T09:02:31.523Z","runId":240,"level":"info","phase":"fetch","tableName":"INVOICES","tableRunId":263,"sourceRows":23351}
{"timestamp":"2026-01-27T09:02:31.688Z","runId":240,"level":"debug","phase":"write","tableName":"INVOICES","tableRunId":263,"status":"start","batchSize":1000}
{"timestamp":"2026-01-27T09:02:31.749Z","runId":240,"level":"debug","phase":"write","tableName":"INVOICES","tableRunId":263,"status":"end","inserted":1000,"updated":0,"skipped":0,"durationMs":61}
{"timestamp":"2026-01-27T09:02:31.918Z","runId":240,"level":"debug","phase":"write","tableName":"INVOICES","tableRunId":263,"status":"start","batchSize":1000}
{"timestamp":"2026-01-27T09:02:31.983Z","runId":240,"level":"debug","phase":"write","tableName":"INVOICES","tableRunId":263,"status":"end","inserted":1000,"updated":0,"skipped":0,"durationMs":65}
{"timestamp":"2026-01-27T09:02:32.177Z","runId":240,"level":"debug","phase":"write","tableName":"INVOICES","tableRunId":263,"status":"start","batchSize":1000}
{"timestamp":"2026-01-27T09:02:32.224Z","runId":240,"level":"debug","phase":"write","tableName":"INVOICES","tableRunId":263,"status":"end","inserted":999,"updated":0,"skipped":1,"durationMs":47}
{"timestamp":"2026-01-27T09:02:32.404Z","runId":240,"level":"debug","phase":"write","tableName":"INVOICES","tableRunId":263,"status":"start","batchSize":1000}
{"timestamp":"2026-01-27T09:02:32.442Z","runId":240,"level":"debug","phase":"write","tableName":"INVOICES","tableRunId":263,"status":"end","inserted":1000,"updated":0,"skipped":0,"durationMs":38}
{"timestamp":"2026-01-27T09:02:32.624Z","runId":240,"level":"debug","phase":"write","tableName":"INVOICES","tableRunId":263,"status":"start","batchSize":1000}
{"timestamp":"2026-01-27T09:02:32.683Z","runId":240,"level":"debug","phase":"write","tableName":"INVOICES","tableRunId":263,"status":"end","inserted":998,"updated":0,"skipped":2,"durationMs":59}
{"timestamp":"2026-01-27T09:02:33.610Z","runId":240,"level":"debug","phase":"write","tableName":"INVOICES","tableRunId":263,"status":"start","batchSize":1000}
{"timestamp":"2026-01-27T09:02:33.649Z","runId":240,"level":"debug","phase":"write","tableName":"INVOICES","tableRunId":263,"status":"end","inserted":1000,"updated":0,"skipped":0,"durationMs":39}
{"timestamp":"2026-01-27T09:02:33.838Z","runId":240,"level":"debug","phase":"write","tableName":"INVOICES","tableRunId":263,"status":"start","batchSize":1000}
{"timestamp":"2026-01-27T09:02:33.883Z","runId":240,"level":"debug","phase":"write","tableName":"INVOICES","tableRunId":263,"status":"end","inserted":1000,"updated":0,"skipped":0,"durationMs":45}
{"timestamp":"2026-01-27T09:02:34.061Z","runId":240,"level":"debug","phase":"write","tableName":"INVOICES","tableRunId":263,"status":"start","batchSize":1000}
{"timestamp":"2026-01-27T09:02:34.101Z","runId":240,"level":"debug","phase":"write","tableName":"INVOICES","tableRunId":263,"status":"end","inserted":1000,"updated":0,"skipped":0,"durationMs":40}
{"timestamp":"2026-01-27T09:02:34.284Z","runId":240,"level":"debug","phase":"write","tableName":"INVOICES","tableRunId":263,"status":"start","batchSize":1000}
{"timestamp":"2026-01-27T09:02:34.323Z","runId":240,"level":"debug","phase":"write","tableName":"INVOICES","tableRunId":263,"status":"end","inserted":1000,"updated":0,"skipped":0,"durationMs":39}
{"timestamp":"2026-01-27T09:02:34.514Z","runId":240,"level":"debug","phase":"write","tableName":"INVOICES","tableRunId":263,"status":"start","batchSize":1000}
{"timestamp":"2026-01-27T09:02:34.577Z","runId":240,"level":"debug","phase":"write","tableName":"INVOICES","tableRunId":263,"status":"end","inserted":1000,"updated":0,"skipped":0,"durationMs":63}
{"timestamp":"2026-01-27T09:02:35.499Z","runId":240,"level":"debug","phase":"write","tableName":"INVOICES","tableRunId":263,"status":"start","batchSize":1000}
{"timestamp":"2026-01-27T09:02:35.539Z","runId":240,"level":"debug","phase":"write","tableName":"INVOICES","tableRunId":263,"status":"end","inserted":1000,"updated":0,"skipped":0,"durationMs":40}
{"timestamp":"2026-01-27T09:02:35.727Z","runId":240,"level":"debug","phase":"write","tableName":"INVOICES","tableRunId":263,"status":"start","batchSize":1000}
{"timestamp":"2026-01-27T09:02:35.762Z","runId":240,"level":"debug","phase":"write","tableName":"INVOICES","tableRunId":263,"status":"end","inserted":1000,"updated":0,"skipped":0,"durationMs":35}
{"timestamp":"2026-01-27T09:02:35.955Z","runId":240,"level":"debug","phase":"write","tableName":"INVOICES","tableRunId":263,"status":"start","batchSize":1000}
{"timestamp":"2026-01-27T09:02:35.997Z","runId":240,"level":"debug","phase":"write","tableName":"INVOICES","tableRunId":263,"status":"end","inserted":1000,"updated":0,"skipped":0,"durationMs":42}
{"timestamp":"2026-01-27T09:02:36.852Z","runId":240,"level":"debug","phase":"write","tableName":"INVOICES","tableRunId":263,"status":"start","batchSize":1000}
{"timestamp":"2026-01-27T09:02:36.896Z","runId":240,"level":"debug","phase":"write","tableName":"INVOICES","tableRunId":263,"status":"end","inserted":1000,"updated":0,"skipped":0,"durationMs":44}
{"timestamp":"2026-01-27T09:02:37.092Z","runId":240,"level":"debug","phase":"write","tableName":"INVOICES","tableRunId":263,"status":"start","batchSize":1000}
{"timestamp":"2026-01-27T09:02:37.131Z","runId":240,"level":"debug","phase":"write","tableName":"INVOICES","tableRunId":263,"status":"end","inserted":1000,"updated":0,"skipped":0,"durationMs":39}
{"timestamp":"2026-01-27T09:02:38.013Z","runId":240,"level":"debug","phase":"write","tableName":"INVOICES","tableRunId":263,"status":"start","batchSize":1000}
{"timestamp":"2026-01-27T09:02:38.084Z","runId":240,"level":"debug","phase":"write","tableName":"INVOICES","tableRunId":263,"status":"end","inserted":1000,"updated":0,"skipped":0,"durationMs":71}
{"timestamp":"2026-01-27T09:02:38.275Z","runId":240,"level":"debug","phase":"write","tableName":"INVOICES","tableRunId":263,"status":"start","batchSize":1000}
{"timestamp":"2026-01-27T09:02:38.308Z","runId":240,"level":"debug","phase":"write","tableName":"INVOICES","tableRunId":263,"status":"end","inserted":999,"updated":0,"skipped":1,"durationMs":33}
{"timestamp":"2026-01-27T09:02:38.501Z","runId":240,"level":"debug","phase":"write","tableName":"INVOICES","tableRunId":263,"status":"start","batchSize":1000}
{"timestamp":"2026-01-27T09:02:38.546Z","runId":240,"level":"debug","phase":"write","tableName":"INVOICES","tableRunId":263,"status":"end","inserted":993,"updated":0,"skipped":7,"durationMs":45}
{"timestamp":"2026-01-27T09:02:38.745Z","runId":240,"level":"debug","phase":"write","tableName":"INVOICES","tableRunId":263,"status":"start","batchSize":1000}
{"timestamp":"2026-01-27T09:02:38.788Z","runId":240,"level":"debug","phase":"write","tableName":"INVOICES","tableRunId":263,"status":"end","inserted":990,"updated":0,"skipped":10,"durationMs":43}
{"timestamp":"2026-01-27T09:02:39.004Z","runId":240,"level":"debug","phase":"write","tableName":"INVOICES","tableRunId":263,"status":"start","batchSize":1000}
{"timestamp":"2026-01-27T09:02:39.047Z","runId":240,"level":"debug","phase":"write","tableName":"INVOICES","tableRunId":263,"status":"end","inserted":999,"updated":0,"skipped":1,"durationMs":43}
{"timestamp":"2026-01-27T09:02:39.250Z","runId":240,"level":"debug","phase":"write","tableName":"INVOICES","tableRunId":263,"status":"start","batchSize":1000}
{"timestamp":"2026-01-27T09:02:39.290Z","runId":240,"level":"debug","phase":"write","tableName":"INVOICES","tableRunId":263,"status":"end","inserted":1000,"updated":0,"skipped":0,"durationMs":40}
{"timestamp":"2026-01-27T09:02:39.502Z","runId":240,"level":"debug","phase":"write","tableName":"INVOICES","tableRunId":263,"status":"start","batchSize":1000}
{"timestamp":"2026-01-27T09:02:39.560Z","runId":240,"level":"debug","phase":"write","tableName":"INVOICES","tableRunId":263,"status":"end","inserted":1000,"updated":0,"skipped":0,"durationMs":58}
{"timestamp":"2026-01-27T09:02:39.762Z","runId":240,"level":"debug","phase":"write","tableName":"INVOICES","tableRunId":263,"status":"start","batchSize":1000}
{"timestamp":"2026-01-27T09:02:39.798Z","runId":240,"level":"debug","phase":"write","tableName":"INVOICES","tableRunId":263,"status":"end","inserted":999,"updated":0,"skipped":1,"durationMs":36}
{"timestamp":"2026-01-27T09:02:39.973Z","runId":240,"level":"debug","phase":"write","tableName":"INVOICES","tableRunId":263,"status":"start","batchSize":351}
{"timestamp":"2026-01-27T09:02:39.992Z","runId":240,"level":"debug","phase":"write","tableName":"INVOICES","tableRunId":263,"status":"end","inserted":346,"updated":0,"skipped":5,"durationMs":19}
{"timestamp":"2026-01-27T09:02:40.006Z","runId":240,"level":"info","phase":"table_finalize","tableName":"INVOICES","tableRunId":263,"status":"success","inserted":23323,"updated":0,"skipped":28,"errors":0,"durationMs":8605}
{"timestamp":"2026-01-27T09:02:40.007Z","runId":240,"level":"debug","phase":"table_loop","action":"processing","tableName":"PAYMENTS","mappingTableKeys":["CUSTOMER","INVOICES","JOBREPORT","JOB_INFORMATION","CNOTE"]}
{"timestamp":"2026-01-27T09:02:40.007Z","runId":240,"level":"debug","phase":"table_loop","action":"mapping_resolved","tableName":"PAYMENTS","hasMappingEntry":true,"mappingTarget":"PAYMENTS"}
{"timestamp":"2026-01-27T09:02:40.008Z","runId":240,"level":"debug","phase":"mapping_debug","tableName":"PAYMENTS","mappedSource":"PAYMENTS","firebirdTableCount":187,"sampleFirebirdTables":["ACCCLASS","ACCDEPARTMENT","ACCOUNTLINKS","ACCOUNTS","ACCRANGE"]}
{"timestamp":"2026-01-27T09:02:40.859Z","runId":240,"level":"debug","phase":"clean_decision","tableName":"PAYMENTS","cleanBefore":true,"dryRun":false,"mode":"INSERT"}
{"timestamp":"2026-01-27T09:02:40.860Z","runId":240,"type":"table_cleaning_started","table":"PAYMENTS","tableRunId":264}
{"timestamp":"2026-01-27T09:02:40.861Z","runId":240,"level":"info","phase":"clean","tableName":"PAYMENTS","tableRunId":264,"status":"start"}
{"timestamp":"2026-01-27T09:02:40.862Z","runId":240,"level":"debug","phase":"clean","tableName":"PAYMENTS","tableRunId":264,"action":"fk_checks_disabled"}
{"timestamp":"2026-01-27T09:02:40.908Z","runId":240,"level":"info","phase":"clean","tableName":"PAYMENTS","tableRunId":264,"status":"success","method":"TRUNCATE","affectedRows":null,"postCount":0,"durationMs":46}
{"timestamp":"2026-01-27T09:02:40.915Z","runId":240,"type":"table_cleaned","table":"PAYMENTS","tableRunId":264,"method":"TRUNCATE","affectedRows":null,"postCount":0}
{"timestamp":"2026-01-27T09:02:40.916Z","runId":240,"level":"debug","phase":"clean","tableName":"PAYMENTS","tableRunId":264,"action":"fk_checks_restored"}
{"timestamp":"2026-01-27T09:02:40.916Z","runId":240,"level":"info","phase":"table_start","tableName":"PAYMENTS","tableRunId":264,"mode":"INSERT","keyStrategy":"preserve","dedupeKeys":[]}
{"timestamp":"2026-01-27T09:02:41.041Z","runId":240,"level":"info","phase":"fetch","tableName":"PAYMENTS","tableRunId":264,"sourceRows":22576}
{"timestamp":"2026-01-27T09:02:41.232Z","runId":240,"level":"debug","phase":"write","tableName":"PAYMENTS","tableRunId":264,"status":"start","batchSize":1000}
{"timestamp":"2026-01-27T09:02:41.275Z","runId":240,"level":"debug","phase":"write","tableName":"PAYMENTS","tableRunId":264,"status":"end","inserted":1000,"updated":0,"skipped":0,"durationMs":43}
{"timestamp":"2026-01-27T09:02:41.482Z","runId":240,"level":"debug","phase":"write","tableName":"PAYMENTS","tableRunId":264,"status":"start","batchSize":1000}
{"timestamp":"2026-01-27T09:02:41.520Z","runId":240,"level":"debug","phase":"write","tableName":"PAYMENTS","tableRunId":264,"status":"end","inserted":1000,"updated":0,"skipped":0,"durationMs":38}
{"timestamp":"2026-01-27T09:02:41.722Z","runId":240,"level":"debug","phase":"write","tableName":"PAYMENTS","tableRunId":264,"status":"start","batchSize":1000}
{"timestamp":"2026-01-27T09:02:41.751Z","runId":240,"level":"debug","phase":"write","tableName":"PAYMENTS","tableRunId":264,"status":"end","inserted":1000,"updated":0,"skipped":0,"durationMs":29}
{"timestamp":"2026-01-27T09:02:41.954Z","runId":240,"level":"debug","phase":"write","tableName":"PAYMENTS","tableRunId":264,"status":"start","batchSize":1000}
{"timestamp":"2026-01-27T09:02:42.002Z","runId":240,"level":"debug","phase":"write","tableName":"PAYMENTS","tableRunId":264,"status":"end","inserted":1000,"updated":0,"skipped":0,"durationMs":48}
{"timestamp":"2026-01-27T09:02:42.194Z","runId":240,"level":"debug","phase":"write","tableName":"PAYMENTS","tableRunId":264,"status":"start","batchSize":1000}
{"timestamp":"2026-01-27T09:02:42.226Z","runId":240,"level":"debug","phase":"write","tableName":"PAYMENTS","tableRunId":264,"status":"end","inserted":1000,"updated":0,"skipped":0,"durationMs":32}
{"timestamp":"2026-01-27T09:02:43.237Z","runId":240,"level":"debug","phase":"write","tableName":"PAYMENTS","tableRunId":264,"status":"start","batchSize":1000}
{"timestamp":"2026-01-27T09:02:43.268Z","runId":240,"level":"debug","phase":"write","tableName":"PAYMENTS","tableRunId":264,"status":"end","inserted":1000,"updated":0,"skipped":0,"durationMs":31}
{"timestamp":"2026-01-27T09:02:43.472Z","runId":240,"level":"debug","phase":"write","tableName":"PAYMENTS","tableRunId":264,"status":"start","batchSize":1000}
{"timestamp":"2026-01-27T09:02:43.524Z","runId":240,"level":"debug","phase":"write","tableName":"PAYMENTS","tableRunId":264,"status":"end","inserted":1000,"updated":0,"skipped":0,"durationMs":52}
{"timestamp":"2026-01-27T09:02:43.732Z","runId":240,"level":"debug","phase":"write","tableName":"PAYMENTS","tableRunId":264,"status":"start","batchSize":1000}
{"timestamp":"2026-01-27T09:02:43.764Z","runId":240,"level":"debug","phase":"write","tableName":"PAYMENTS","tableRunId":264,"status":"end","inserted":1000,"updated":0,"skipped":0,"durationMs":32}
{"timestamp":"2026-01-27T09:02:43.973Z","runId":240,"level":"debug","phase":"write","tableName":"PAYMENTS","tableRunId":264,"status":"start","batchSize":1000}
{"timestamp":"2026-01-27T09:02:44.004Z","runId":240,"level":"debug","phase":"write","tableName":"PAYMENTS","tableRunId":264,"status":"end","inserted":1000,"updated":0,"skipped":0,"durationMs":32}
{"timestamp":"2026-01-27T09:02:44.155Z","runId":240,"level":"info","phase":"preflight","attempt":1,"status":"ok"}
{"timestamp":"2026-01-27T09:02:44.155Z","runId":240,"level":"debug","phase":"keepalive","status":"ok"}
{"timestamp":"2026-01-27T09:02:44.207Z","runId":240,"level":"debug","phase":"write","tableName":"PAYMENTS","tableRunId":264,"status":"start","batchSize":1000}
{"timestamp":"2026-01-27T09:02:44.238Z","runId":240,"level":"debug","phase":"write","tableName":"PAYMENTS","tableRunId":264,"status":"end","inserted":1000,"updated":0,"skipped":0,"durationMs":31}
{"timestamp":"2026-01-27T09:02:44.448Z","runId":240,"level":"debug","phase":"write","tableName":"PAYMENTS","tableRunId":264,"status":"start","batchSize":1000}
{"timestamp":"2026-01-27T09:02:44.484Z","runId":240,"level":"debug","phase":"write","tableName":"PAYMENTS","tableRunId":264,"status":"end","inserted":1000,"updated":0,"skipped":0,"durationMs":36}
{"timestamp":"2026-01-27T09:02:45.286Z","runId":240,"level":"debug","phase":"write","tableName":"PAYMENTS","tableRunId":264,"status":"start","batchSize":1000}
{"timestamp":"2026-01-27T09:02:45.318Z","runId":240,"level":"debug","phase":"write","tableName":"PAYMENTS","tableRunId":264,"status":"end","inserted":1000,"updated":0,"skipped":0,"durationMs":32}
{"timestamp":"2026-01-27T09:02:45.532Z","runId":240,"level":"debug","phase":"write","tableName":"PAYMENTS","tableRunId":264,"status":"start","batchSize":1000}
{"timestamp":"2026-01-27T09:02:45.567Z","runId":240,"level":"debug","phase":"write","tableName":"PAYMENTS","tableRunId":264,"status":"end","inserted":1000,"updated":0,"skipped":0,"durationMs":35}
{"timestamp":"2026-01-27T09:02:45.785Z","runId":240,"level":"debug","phase":"write","tableName":"PAYMENTS","tableRunId":264,"status":"start","batchSize":1000}
{"timestamp":"2026-01-27T09:02:45.813Z","runId":240,"level":"debug","phase":"write","tableName":"PAYMENTS","tableRunId":264,"status":"end","inserted":1000,"updated":0,"skipped":0,"durationMs":28}
{"timestamp":"2026-01-27T09:02:46.027Z","runId":240,"level":"debug","phase":"write","tableName":"PAYMENTS","tableRunId":264,"status":"start","batchSize":1000}
{"timestamp":"2026-01-27T09:02:46.064Z","runId":240,"level":"debug","phase":"write","tableName":"PAYMENTS","tableRunId":264,"status":"end","inserted":1000,"updated":0,"skipped":0,"durationMs":37}
{"timestamp":"2026-01-27T09:02:46.265Z","runId":240,"level":"debug","phase":"write","tableName":"PAYMENTS","tableRunId":264,"status":"start","batchSize":1000}
{"timestamp":"2026-01-27T09:02:46.318Z","runId":240,"level":"debug","phase":"write","tableName":"PAYMENTS","tableRunId":264,"status":"end","inserted":1000,"updated":0,"skipped":0,"durationMs":53}
{"timestamp":"2026-01-27T09:02:46.524Z","runId":240,"level":"debug","phase":"write","tableName":"PAYMENTS","tableRunId":264,"status":"start","batchSize":1000}
{"timestamp":"2026-01-27T09:02:46.557Z","runId":240,"level":"debug","phase":"write","tableName":"PAYMENTS","tableRunId":264,"status":"end","inserted":1000,"updated":0,"skipped":0,"durationMs":33}
{"timestamp":"2026-01-27T09:02:46.773Z","runId":240,"level":"debug","phase":"write","tableName":"PAYMENTS","tableRunId":264,"status":"start","batchSize":1000}
{"timestamp":"2026-01-27T09:02:46.802Z","runId":240,"level":"debug","phase":"write","tableName":"PAYMENTS","tableRunId":264,"status":"end","inserted":1000,"updated":0,"skipped":0,"durationMs":29}
{"timestamp":"2026-01-27T09:02:47.011Z","runId":240,"level":"debug","phase":"write","tableName":"PAYMENTS","tableRunId":264,"status":"start","batchSize":1000}
{"timestamp":"2026-01-27T09:02:47.042Z","runId":240,"level":"debug","phase":"write","tableName":"PAYMENTS","tableRunId":264,"status":"end","inserted":1000,"updated":0,"skipped":0,"durationMs":31}
{"timestamp":"2026-01-27T09:02:47.262Z","runId":240,"level":"debug","phase":"write","tableName":"PAYMENTS","tableRunId":264,"status":"start","batchSize":1000}
{"timestamp":"2026-01-27T09:02:47.297Z","runId":240,"level":"debug","phase":"write","tableName":"PAYMENTS","tableRunId":264,"status":"end","inserted":1000,"updated":0,"skipped":0,"durationMs":35}
{"timestamp":"2026-01-27T09:02:47.443Z","runId":240,"level":"debug","phase":"write","tableName":"PAYMENTS","tableRunId":264,"status":"start","batchSize":1000}
{"timestamp":"2026-01-27T09:02:47.472Z","runId":240,"level":"debug","phase":"write","tableName":"PAYMENTS","tableRunId":264,"status":"end","inserted":1000,"updated":0,"skipped":0,"durationMs":29}
{"timestamp":"2026-01-27T09:02:47.623Z","runId":240,"level":"debug","phase":"write","tableName":"PAYMENTS","tableRunId":264,"status":"start","batchSize":1000}
{"timestamp":"2026-01-27T09:02:47.647Z","runId":240,"level":"debug","phase":"write","tableName":"PAYMENTS","tableRunId":264,"status":"end","inserted":1000,"updated":0,"skipped":0,"durationMs":24}
{"timestamp":"2026-01-27T09:02:47.815Z","runId":240,"level":"debug","phase":"write","tableName":"PAYMENTS","tableRunId":264,"status":"start","batchSize":576}
{"timestamp":"2026-01-27T09:02:47.832Z","runId":240,"level":"debug","phase":"write","tableName":"PAYMENTS","tableRunId":264,"status":"end","inserted":576,"updated":0,"skipped":0,"durationMs":17}
{"timestamp":"2026-01-27T09:02:47.844Z","runId":240,"level":"info","phase":"table_finalize","tableName":"PAYMENTS","tableRunId":264,"status":"success","inserted":22576,"updated":0,"skipped":0,"errors":0,"durationMs":6923}
{"timestamp":"2026-01-27T09:02:47.845Z","runId":240,"level":"debug","phase":"table_loop","action":"processing","tableName":"CUSTOMERS","mappingTableKeys":["CUSTOMER","INVOICES","JOBREPORT","JOB_INFORMATION","CNOTE"]}
{"timestamp":"2026-01-27T09:02:47.845Z","runId":240,"level":"debug","phase":"table_loop","action":"mapping_resolved","tableName":"CUSTOMERS","hasMappingEntry":true,"mappingTarget":"CUSTOMERS"}
{"timestamp":"2026-01-27T09:02:47.845Z","runId":240,"level":"debug","phase":"mapping_debug","tableName":"CUSTOMERS","mappedSource":"CUSTOMER","firebirdTableCount":187,"sampleFirebirdTables":["ACCCLASS","ACCDEPARTMENT","ACCOUNTLINKS","ACCOUNTS","ACCRANGE"]}
{"timestamp":"2026-01-27T09:02:47.918Z","runId":240,"level":"debug","phase":"clean_decision","tableName":"CUSTOMERS","cleanBefore":true,"dryRun":false,"mode":"INSERT"}
{"timestamp":"2026-01-27T09:02:47.919Z","runId":240,"type":"table_cleaning_started","table":"CUSTOMERS","tableRunId":265}
{"timestamp":"2026-01-27T09:02:47.919Z","runId":240,"level":"info","phase":"clean","tableName":"CUSTOMERS","tableRunId":265,"status":"start"}
{"timestamp":"2026-01-27T09:02:47.920Z","runId":240,"level":"debug","phase":"clean","tableName":"CUSTOMERS","tableRunId":265,"action":"fk_checks_disabled"}
{"timestamp":"2026-01-27T09:02:47.955Z","runId":240,"level":"info","phase":"clean","tableName":"CUSTOMERS","tableRunId":265,"status":"success","method":"TRUNCATE","affectedRows":null,"postCount":0,"durationMs":36}
{"timestamp":"2026-01-27T09:02:47.961Z","runId":240,"type":"table_cleaned","table":"CUSTOMERS","tableRunId":265,"method":"TRUNCATE","affectedRows":null,"postCount":0}
{"timestamp":"2026-01-27T09:02:47.961Z","runId":240,"level":"debug","phase":"clean","tableName":"CUSTOMERS","tableRunId":265,"action":"fk_checks_restored"}
{"timestamp":"2026-01-27T09:02:47.961Z","runId":240,"level":"info","phase":"table_start","tableName":"CUSTOMERS","tableRunId":265,"mode":"INSERT","keyStrategy":"preserve","dedupeKeys":[]}
{"timestamp":"2026-01-27T09:02:48.881Z","runId":240,"level":"info","phase":"fetch","tableName":"CUSTOMERS","tableRunId":265,"sourceRows":4590}
{"timestamp":"2026-01-27T09:02:48.990Z","runId":240,"level":"debug","phase":"write","tableName":"CUSTOMERS","tableRunId":265,"status":"start","batchSize":1000}
{"timestamp":"2026-01-27T09:02:49.028Z","runId":240,"level":"debug","phase":"write","tableName":"CUSTOMERS","tableRunId":265,"status":"end","inserted":1000,"updated":0,"skipped":0,"durationMs":38}
{"timestamp":"2026-01-27T09:02:49.136Z","runId":240,"level":"debug","phase":"write","tableName":"CUSTOMERS","tableRunId":265,"status":"start","batchSize":1000}
{"timestamp":"2026-01-27T09:02:49.204Z","runId":240,"level":"debug","phase":"write","tableName":"CUSTOMERS","tableRunId":265,"status":"end","inserted":1000,"updated":0,"skipped":0,"durationMs":68}
{"timestamp":"2026-01-27T09:02:49.315Z","runId":240,"level":"debug","phase":"write","tableName":"CUSTOMERS","tableRunId":265,"status":"start","batchSize":1000}
{"timestamp":"2026-01-27T09:02:49.357Z","runId":240,"level":"debug","phase":"write","tableName":"CUSTOMERS","tableRunId":265,"status":"end","inserted":1000,"updated":0,"skipped":0,"durationMs":42}
{"timestamp":"2026-01-27T09:02:49.471Z","runId":240,"level":"debug","phase":"write","tableName":"CUSTOMERS","tableRunId":265,"status":"start","batchSize":1000}
{"timestamp":"2026-01-27T09:02:49.498Z","runId":240,"level":"debug","phase":"write","tableName":"CUSTOMERS","tableRunId":265,"status":"end","inserted":1000,"updated":0,"skipped":0,"durationMs":27}
{"timestamp":"2026-01-27T09:02:49.605Z","runId":240,"level":"debug","phase":"write","tableName":"CUSTOMERS","tableRunId":265,"status":"start","batchSize":590}
{"timestamp":"2026-01-27T09:02:49.625Z","runId":240,"level":"debug","phase":"write","tableName":"CUSTOMERS","tableRunId":265,"status":"end","inserted":590,"updated":0,"skipped":0,"durationMs":20}
{"timestamp":"2026-01-27T09:02:49.635Z","runId":240,"level":"info","phase":"table_finalize","tableName":"CUSTOMERS","tableRunId":265,"status":"success","inserted":4590,"updated":0,"skipped":0,"errors":0,"durationMs":1669}
{"timestamp":"2026-01-27T09:02:49.635Z","runId":240,"level":"debug","phase":"table_loop","action":"processing","tableName":"WORK_DONE","mappingTableKeys":["CUSTOMER","INVOICES","JOBREPORT","JOB_INFORMATION","CNOTE"]}
{"timestamp":"2026-01-27T09:02:49.635Z","runId":240,"level":"debug","phase":"table_loop","action":"mapping_resolved","tableName":"WORK_DONE","hasMappingEntry":true,"mappingTarget":"WORK_DONE"}
{"timestamp":"2026-01-27T09:02:49.635Z","runId":240,"level":"debug","phase":"mapping_debug","tableName":"WORK_DONE","mappedSource":"WORKDONE","firebirdTableCount":187,"sampleFirebirdTables":["ACCCLASS","ACCDEPARTMENT","ACCOUNTLINKS","ACCOUNTS","ACCRANGE"]}
{"timestamp":"2026-01-27T09:02:49.712Z","runId":240,"level":"debug","phase":"clean_decision","tableName":"WORK_DONE","cleanBefore":true,"dryRun":false,"mode":"INSERT"}
{"timestamp":"2026-01-27T09:02:49.713Z","runId":240,"type":"table_cleaning_started","table":"WORK_DONE","tableRunId":266}
{"timestamp":"2026-01-27T09:02:49.713Z","runId":240,"level":"info","phase":"clean","tableName":"WORK_DONE","tableRunId":266,"status":"start"}
{"timestamp":"2026-01-27T09:02:49.713Z","runId":240,"level":"debug","phase":"clean","tableName":"WORK_DONE","tableRunId":266,"action":"fk_checks_disabled"}
{"timestamp":"2026-01-27T09:02:49.761Z","runId":240,"level":"info","phase":"clean","tableName":"WORK_DONE","tableRunId":266,"status":"success","method":"TRUNCATE","affectedRows":null,"postCount":0,"durationMs":48}
{"timestamp":"2026-01-27T09:02:49.765Z","runId":240,"type":"table_cleaned","table":"WORK_DONE","tableRunId":266,"method":"TRUNCATE","affectedRows":null,"postCount":0}
{"timestamp":"2026-01-27T09:02:49.766Z","runId":240,"level":"debug","phase":"clean","tableName":"WORK_DONE","tableRunId":266,"action":"fk_checks_restored"}
{"timestamp":"2026-01-27T09:02:49.766Z","runId":240,"level":"info","phase":"table_start","tableName":"WORK_DONE","tableRunId":266,"mode":"INSERT","keyStrategy":"preserve","dedupeKeys":[]}
{"timestamp":"2026-01-27T09:02:49.879Z","runId":240,"level":"info","phase":"fetch","tableName":"WORK_DONE","tableRunId":266,"sourceRows":44106}
{"timestamp":"2026-01-27T09:02:50.155Z","runId":240,"level":"debug","phase":"write","tableName":"WORK_DONE","tableRunId":266,"status":"start","batchSize":1000}
{"timestamp":"2026-01-27T09:02:50.187Z","runId":240,"level":"debug","phase":"write","tableName":"WORK_DONE","tableRunId":266,"status":"end","inserted":998,"updated":0,"skipped":2,"durationMs":32}
{"timestamp":"2026-01-27T09:02:50.472Z","runId":240,"level":"debug","phase":"write","tableName":"WORK_DONE","tableRunId":266,"status":"start","batchSize":1000}
{"timestamp":"2026-01-27T09:02:50.507Z","runId":240,"level":"debug","phase":"write","tableName":"WORK_DONE","tableRunId":266,"status":"end","inserted":993,"updated":0,"skipped":7,"durationMs":35}
{"timestamp":"2026-01-27T09:02:50.792Z","runId":240,"level":"debug","phase":"write","tableName":"WORK_DONE","tableRunId":266,"status":"start","batchSize":1000}
{"timestamp":"2026-01-27T09:02:50.824Z","runId":240,"level":"debug","phase":"write","tableName":"WORK_DONE","tableRunId":266,"status":"end","inserted":996,"updated":0,"skipped":4,"durationMs":32}
{"timestamp":"2026-01-27T09:02:51.108Z","runId":240,"level":"debug","phase":"write","tableName":"WORK_DONE","tableRunId":266,"status":"start","batchSize":1000}
{"timestamp":"2026-01-27T09:02:51.129Z","runId":240,"level":"debug","phase":"write","tableName":"WORK_DONE","tableRunId":266,"status":"end","inserted":1000,"updated":0,"skipped":0,"durationMs":21}
{"timestamp":"2026-01-27T09:02:51.416Z","runId":240,"level":"debug","phase":"write","tableName":"WORK_DONE","tableRunId":266,"status":"start","batchSize":1000}
{"timestamp":"2026-01-27T09:02:51.437Z","runId":240,"level":"debug","phase":"write","tableName":"WORK_DONE","tableRunId":266,"status":"end","inserted":983,"updated":0,"skipped":17,"durationMs":21}
{"timestamp":"2026-01-27T09:02:51.722Z","runId":240,"level":"debug","phase":"write","tableName":"WORK_DONE","tableRunId":266,"status":"start","batchSize":1000}
{"timestamp":"2026-01-27T09:02:51.776Z","runId":240,"level":"debug","phase":"write","tableName":"WORK_DONE","tableRunId":266,"status":"end","inserted":990,"updated":0,"skipped":10,"durationMs":54}
{"timestamp":"2026-01-27T09:02:52.045Z","runId":240,"level":"debug","phase":"write","tableName":"WORK_DONE","tableRunId":266,"status":"start","batchSize":1000}
{"timestamp":"2026-01-27T09:02:52.069Z","runId":240,"level":"debug","phase":"write","tableName":"WORK_DONE","tableRunId":266,"status":"end","inserted":978,"updated":0,"skipped":22,"durationMs":24}
{"timestamp":"2026-01-27T09:02:52.353Z","runId":240,"level":"debug","phase":"write","tableName":"WORK_DONE","tableRunId":266,"status":"start","batchSize":1000}
{"timestamp":"2026-01-27T09:02:52.378Z","runId":240,"level":"debug","phase":"write","tableName":"WORK_DONE","tableRunId":266,"status":"end","inserted":995,"updated":0,"skipped":5,"durationMs":25}
{"timestamp":"2026-01-27T09:02:53.428Z","runId":240,"level":"debug","phase":"write","tableName":"WORK_DONE","tableRunId":266,"status":"start","batchSize":1000}
{"timestamp":"2026-01-27T09:02:53.451Z","runId":240,"level":"debug","phase":"write","tableName":"WORK_DONE","tableRunId":266,"status":"end","inserted":996,"updated":0,"skipped":4,"durationMs":23}
{"timestamp":"2026-01-27T09:02:53.731Z","runId":240,"level":"debug","phase":"write","tableName":"WORK_DONE","tableRunId":266,"status":"start","batchSize":1000}
{"timestamp":"2026-01-27T09:02:53.755Z","runId":240,"level":"debug","phase":"write","tableName":"WORK_DONE","tableRunId":266,"status":"end","inserted":990,"updated":0,"skipped":10,"durationMs":24}
{"timestamp":"2026-01-27T09:02:54.386Z","runId":240,"level":"error","phase":"run_error","error":"Your user name and password are not defined. Ask your database\nadministrator to set up a Firebird login\n. Likely causes: empty user, empty password, Firebird Embedded security misconfiguration, or connecting to the wrong server/port. Verify credentials on Setup. Config used: host=localhost port=3050 database=C:\\Autoneer\\data\\AUTONEER.FDB user=SYSDBA","stack":"Error: Your user name and password are not defined. Ask your database\nadministrator to set up a Firebird login\n\n    at doCallback (C:\\Projects\\Autoneer-Migrate\\node_modules\\node-firebird\\lib\\callback.js:23:21)\n    at C:\\Projects\\Autoneer-Migrate\\node_modules\\node-firebird\\lib\\wire\\connection.js:172:21"}
