{"timestamp":"2026-01-27T09:04:07.889Z","runId":241,"level":"info","phase":"run_start","dryRun":false,"batchSize":1000,"fkChecks":true,"tables":[{"table":"STOCK","mode":"INSERT","keyStrategy":"preserve","dedupeKeys":[],"onDuplicate":"SKIP","cleanBefore":true},{"table":"INVOICES","mode":"INSERT","keyStrategy":"preserve","dedupeKeys":[],"onDuplicate":"SKIP","cleanBefore":true},{"table":"PAYMENTS","mode":"INSERT","keyStrategy":"preserve","dedupeKeys":[],"onDuplicate":"SKIP","cleanBefore":true},{"table":"CUSTOMERS","mode":"INSERT","keyStrategy":"preserve","dedupeKeys":[],"onDuplicate":"SKIP","cleanBefore":true},{"table":"WORK_DONE","mode":"INSERT","keyStrategy":"preserve","dedupeKeys":[],"onDuplicate":"SKIP","cleanBefore":true},{"table":"JOB_REPORT","mode":"INSERT","keyStrategy":"preserve","dedupeKeys":[],"onDuplicate":"SKIP","cleanBefore":true},{"table":"SPARES_USED","mode":"INSERT","keyStrategy":"preserve","dedupeKeys":[],"onDuplicate":"SKIP","cleanBefore":true},{"table":"CREDIT_NOTES","mode":"INSERT","keyStrategy":"preserve","dedupeKeys":[],"onDuplicate":"SKIP","cleanBefore":true},{"table":"LABOUR_PRICING","mode":"INSERT","keyStrategy":"preserve","dedupeKeys":[],"onDuplicate":"SKIP","cleanBefore":true},{"table":"JOB_INFORMATION","mode":"INSERT","keyStrategy":"preserve","dedupeKeys":[],"onDuplicate":"SKIP","cleanBefore":true}]}
{"timestamp":"2026-01-27T09:04:07.956Z","runId":241,"level":"info","phase":"preflight","attempt":1,"status":"ok"}
{"timestamp":"2026-01-27T09:04:07.957Z","runId":241,"level":"debug","phase":"preflight","durationMs":68}
{"timestamp":"2026-01-27T09:04:07.957Z","runId":241,"level":"info","phase":"preflight","action":"nullability_validation","status":"start"}
{"timestamp":"2026-01-27T09:04:07.966Z","runId":241,"level":"info","phase":"preflight","action":"nullability_validation","status":"passed"}
{"timestamp":"2026-01-27T09:04:08.038Z","runId":241,"level":"debug","phase":"table_loop","action":"starting","includedCount":10,"mappingTableCount":10}
{"timestamp":"2026-01-27T09:04:08.039Z","runId":241,"level":"info","phase":"table_loop","action":"normalized_tables","sampleTables":["STOCK","INVOICES","PAYMENTS","CUSTOMERS","WORK_DONE"]}
{"timestamp":"2026-01-27T09:04:08.039Z","runId":241,"level":"debug","phase":"table_loop","action":"processing","tableName":"STOCK","mappingTableKeys":["CUSTOMER","INVOICES","JOBREPORT","JOB_INFORMATION","CNOTE"]}
{"timestamp":"2026-01-27T09:04:08.040Z","runId":241,"level":"debug","phase":"table_loop","action":"mapping_resolved","tableName":"STOCK","hasMappingEntry":true,"mappingTarget":"STOCK"}
{"timestamp":"2026-01-27T09:04:08.040Z","runId":241,"level":"debug","phase":"mapping_debug","tableName":"STOCK","mappedSource":"STOCK","firebirdTableCount":187,"sampleFirebirdTables":["ACCCLASS","ACCDEPARTMENT","ACCOUNTLINKS","ACCOUNTS","ACCRANGE"]}
{"timestamp":"2026-01-27T09:04:08.121Z","runId":241,"level":"debug","phase":"clean_decision","tableName":"STOCK","cleanBefore":true,"dryRun":false,"mode":"INSERT"}
{"timestamp":"2026-01-27T09:04:08.121Z","runId":241,"type":"table_cleaning_started","table":"STOCK","tableRunId":267}
{"timestamp":"2026-01-27T09:04:08.121Z","runId":241,"level":"info","phase":"clean","tableName":"STOCK","tableRunId":267,"status":"start"}
{"timestamp":"2026-01-27T09:04:08.122Z","runId":241,"level":"debug","phase":"clean","tableName":"STOCK","tableRunId":267,"action":"fk_checks_disabled"}
{"timestamp":"2026-01-27T09:04:08.154Z","runId":241,"level":"info","phase":"clean","tableName":"STOCK","tableRunId":267,"status":"success","method":"TRUNCATE","affectedRows":null,"postCount":0,"durationMs":32}
{"timestamp":"2026-01-27T09:04:08.164Z","runId":241,"type":"table_cleaned","table":"STOCK","tableRunId":267,"method":"TRUNCATE","affectedRows":null,"postCount":0}
{"timestamp":"2026-01-27T09:04:08.164Z","runId":241,"level":"debug","phase":"clean","tableName":"STOCK","tableRunId":267,"action":"fk_checks_restored"}
{"timestamp":"2026-01-27T09:04:08.165Z","runId":241,"level":"info","phase":"table_start","tableName":"STOCK","tableRunId":267,"mode":"INSERT","keyStrategy":"preserve","dedupeKeys":[]}
{"timestamp":"2026-01-27T09:04:08.261Z","runId":241,"level":"info","phase":"fetch","tableName":"STOCK","tableRunId":267,"sourceRows":19043}
{"timestamp":"2026-01-27T09:04:08.384Z","runId":241,"level":"debug","phase":"write","tableName":"STOCK","tableRunId":267,"status":"start","batchSize":1000}
{"timestamp":"2026-01-27T09:04:08.424Z","runId":241,"level":"debug","phase":"write","tableName":"STOCK","tableRunId":267,"status":"end","inserted":1000,"updated":0,"skipped":0,"durationMs":40}
{"timestamp":"2026-01-27T09:04:08.554Z","runId":241,"level":"debug","phase":"write","tableName":"STOCK","tableRunId":267,"status":"start","batchSize":1000}
{"timestamp":"2026-01-27T09:04:08.606Z","runId":241,"level":"debug","phase":"write","tableName":"STOCK","tableRunId":267,"status":"end","inserted":1000,"updated":0,"skipped":0,"durationMs":52}
{"timestamp":"2026-01-27T09:04:08.740Z","runId":241,"level":"debug","phase":"write","tableName":"STOCK","tableRunId":267,"status":"start","batchSize":1000}
{"timestamp":"2026-01-27T09:04:08.801Z","runId":241,"level":"debug","phase":"write","tableName":"STOCK","tableRunId":267,"status":"end","inserted":1000,"updated":0,"skipped":0,"durationMs":61}
{"timestamp":"2026-01-27T09:04:08.940Z","runId":241,"level":"debug","phase":"write","tableName":"STOCK","tableRunId":267,"status":"start","batchSize":1000}
{"timestamp":"2026-01-27T09:04:08.967Z","runId":241,"level":"debug","phase":"write","tableName":"STOCK","tableRunId":267,"status":"end","inserted":1000,"updated":0,"skipped":0,"durationMs":27}
{"timestamp":"2026-01-27T09:04:09.091Z","runId":241,"level":"debug","phase":"write","tableName":"STOCK","tableRunId":267,"status":"start","batchSize":1000}
{"timestamp":"2026-01-27T09:04:09.120Z","runId":241,"level":"debug","phase":"write","tableName":"STOCK","tableRunId":267,"status":"end","inserted":1000,"updated":0,"skipped":0,"durationMs":29}
{"timestamp":"2026-01-27T09:04:09.263Z","runId":241,"level":"debug","phase":"write","tableName":"STOCK","tableRunId":267,"status":"start","batchSize":1000}
{"timestamp":"2026-01-27T09:04:09.314Z","runId":241,"level":"debug","phase":"write","tableName":"STOCK","tableRunId":267,"status":"end","inserted":1000,"updated":0,"skipped":0,"durationMs":51}
{"timestamp":"2026-01-27T09:04:10.019Z","runId":241,"level":"debug","phase":"write","tableName":"STOCK","tableRunId":267,"status":"start","batchSize":1000}
{"timestamp":"2026-01-27T09:04:10.045Z","runId":241,"level":"debug","phase":"write","tableName":"STOCK","tableRunId":267,"status":"end","inserted":1000,"updated":0,"skipped":0,"durationMs":26}
{"timestamp":"2026-01-27T09:04:10.162Z","runId":241,"level":"debug","phase":"write","tableName":"STOCK","tableRunId":267,"status":"start","batchSize":1000}
{"timestamp":"2026-01-27T09:04:10.193Z","runId":241,"level":"debug","phase":"write","tableName":"STOCK","tableRunId":267,"status":"end","inserted":1000,"updated":0,"skipped":0,"durationMs":31}
{"timestamp":"2026-01-27T09:04:10.317Z","runId":241,"level":"debug","phase":"write","tableName":"STOCK","tableRunId":267,"status":"start","batchSize":1000}
{"timestamp":"2026-01-27T09:04:10.344Z","runId":241,"level":"debug","phase":"write","tableName":"STOCK","tableRunId":267,"status":"end","inserted":1000,"updated":0,"skipped":0,"durationMs":27}
{"timestamp":"2026-01-27T09:04:10.468Z","runId":241,"level":"debug","phase":"write","tableName":"STOCK","tableRunId":267,"status":"start","batchSize":1000}
{"timestamp":"2026-01-27T09:04:10.494Z","runId":241,"level":"debug","phase":"write","tableName":"STOCK","tableRunId":267,"status":"end","inserted":1000,"updated":0,"skipped":0,"durationMs":26}
{"timestamp":"2026-01-27T09:04:10.622Z","runId":241,"level":"debug","phase":"write","tableName":"STOCK","tableRunId":267,"status":"start","batchSize":1000}
{"timestamp":"2026-01-27T09:04:10.651Z","runId":241,"level":"debug","phase":"write","tableName":"STOCK","tableRunId":267,"status":"end","inserted":1000,"updated":0,"skipped":0,"durationMs":29}
{"timestamp":"2026-01-27T09:04:10.788Z","runId":241,"level":"debug","phase":"write","tableName":"STOCK","tableRunId":267,"status":"start","batchSize":1000}
{"timestamp":"2026-01-27T09:04:10.815Z","runId":241,"level":"debug","phase":"write","tableName":"STOCK","tableRunId":267,"status":"end","inserted":1000,"updated":0,"skipped":0,"durationMs":27}
{"timestamp":"2026-01-27T09:04:10.947Z","runId":241,"level":"debug","phase":"write","tableName":"STOCK","tableRunId":267,"status":"start","batchSize":1000}
{"timestamp":"2026-01-27T09:04:10.975Z","runId":241,"level":"debug","phase":"write","tableName":"STOCK","tableRunId":267,"status":"end","inserted":1000,"updated":0,"skipped":0,"durationMs":28}
{"timestamp":"2026-01-27T09:04:11.119Z","runId":241,"level":"debug","phase":"write","tableName":"STOCK","tableRunId":267,"status":"start","batchSize":1000}
{"timestamp":"2026-01-27T09:04:11.146Z","runId":241,"level":"debug","phase":"write","tableName":"STOCK","tableRunId":267,"status":"end","inserted":1000,"updated":0,"skipped":0,"durationMs":27}
{"timestamp":"2026-01-27T09:04:11.286Z","runId":241,"level":"debug","phase":"write","tableName":"STOCK","tableRunId":267,"status":"start","batchSize":1000}
{"timestamp":"2026-01-27T09:04:11.348Z","runId":241,"level":"debug","phase":"write","tableName":"STOCK","tableRunId":267,"status":"end","inserted":1000,"updated":0,"skipped":0,"durationMs":62}
{"timestamp":"2026-01-27T09:04:11.488Z","runId":241,"level":"debug","phase":"write","tableName":"STOCK","tableRunId":267,"status":"start","batchSize":1000}
{"timestamp":"2026-01-27T09:04:11.516Z","runId":241,"level":"debug","phase":"write","tableName":"STOCK","tableRunId":267,"status":"end","inserted":1000,"updated":0,"skipped":0,"durationMs":28}
{"timestamp":"2026-01-27T09:04:12.307Z","runId":241,"level":"debug","phase":"write","tableName":"STOCK","tableRunId":267,"status":"start","batchSize":1000}
{"timestamp":"2026-01-27T09:04:12.335Z","runId":241,"level":"debug","phase":"write","tableName":"STOCK","tableRunId":267,"status":"end","inserted":1000,"updated":0,"skipped":0,"durationMs":28}
{"timestamp":"2026-01-27T09:04:12.483Z","runId":241,"level":"debug","phase":"write","tableName":"STOCK","tableRunId":267,"status":"start","batchSize":1000}
{"timestamp":"2026-01-27T09:04:12.520Z","runId":241,"level":"debug","phase":"write","tableName":"STOCK","tableRunId":267,"status":"end","inserted":1000,"updated":0,"skipped":0,"durationMs":37}
{"timestamp":"2026-01-27T09:04:12.665Z","runId":241,"level":"debug","phase":"write","tableName":"STOCK","tableRunId":267,"status":"start","batchSize":1000}
{"timestamp":"2026-01-27T09:04:12.698Z","runId":241,"level":"debug","phase":"write","tableName":"STOCK","tableRunId":267,"status":"end","inserted":1000,"updated":0,"skipped":0,"durationMs":33}
{"timestamp":"2026-01-27T09:04:13.513Z","runId":241,"level":"error","phase":"run_error","error":"Your user name and password are not defined. Ask your database\nadministrator to set up a Firebird login\n. Likely causes: empty user, empty password, Firebird Embedded security misconfiguration, or connecting to the wrong server/port. Verify credentials on Setup. Config used: host=localhost port=3050 database=C:\\Autoneer\\data\\AUTONEER.FDB user=SYSDBA","stack":"Error: Your user name and password are not defined. Ask your database\nadministrator to set up a Firebird login\n\n    at doCallback (C:\\Projects\\Autoneer-Migrate\\node_modules\\node-firebird\\lib\\callback.js:23:21)\n    at C:\\Projects\\Autoneer-Migrate\\node_modules\\node-firebird\\lib\\wire\\connection.js:172:21"}
