{"timestamp":"2026-01-27T09:07:17.622Z","runId":242,"level":"info","phase":"run_start","dryRun":false,"batchSize":1000,"fkChecks":true,"tables":[{"table":"INVOICES","mode":"INSERT","keyStrategy":"preserve","dedupeKeys":[],"onDuplicate":"SKIP","cleanBefore":true},{"table":"PAYMENTS","mode":"INSERT","keyStrategy":"preserve","dedupeKeys":[],"onDuplicate":"SKIP","cleanBefore":true},{"table":"WORK_DONE","mode":"INSERT","keyStrategy":"preserve","dedupeKeys":[],"onDuplicate":"SKIP","cleanBefore":true},{"table":"JOB_REPORT","mode":"INSERT","keyStrategy":"preserve","dedupeKeys":[],"onDuplicate":"SKIP","cleanBefore":true},{"table":"SPARES_USED","mode":"INSERT","keyStrategy":"preserve","dedupeKeys":[],"onDuplicate":"SKIP","cleanBefore":true},{"table":"JOB_INFORMATION","mode":"INSERT","keyStrategy":"preserve","dedupeKeys":[],"onDuplicate":"SKIP","cleanBefore":true}]}
{"timestamp":"2026-01-27T09:07:17.702Z","runId":242,"level":"info","phase":"preflight","attempt":1,"status":"ok"}
{"timestamp":"2026-01-27T09:07:17.703Z","runId":242,"level":"debug","phase":"preflight","durationMs":80}
{"timestamp":"2026-01-27T09:07:17.703Z","runId":242,"level":"info","phase":"preflight","action":"nullability_validation","status":"start"}
{"timestamp":"2026-01-27T09:07:17.710Z","runId":242,"level":"info","phase":"preflight","action":"nullability_validation","status":"passed"}
{"timestamp":"2026-01-27T09:07:17.785Z","runId":242,"level":"debug","phase":"table_loop","action":"starting","includedCount":6,"mappingTableCount":6}
{"timestamp":"2026-01-27T09:07:17.785Z","runId":242,"level":"info","phase":"table_loop","action":"normalized_tables","sampleTables":["INVOICES","PAYMENTS","WORK_DONE","JOB_REPORT","SPARES_USED"]}
{"timestamp":"2026-01-27T09:07:17.786Z","runId":242,"level":"debug","phase":"table_loop","action":"processing","tableName":"INVOICES","mappingTableKeys":["INVOICES","JOBREPORT","JOB_INFORMATION","PAYMENTS","SPARES_USED"]}
{"timestamp":"2026-01-27T09:07:17.786Z","runId":242,"level":"debug","phase":"table_loop","action":"mapping_resolved","tableName":"INVOICES","hasMappingEntry":true,"mappingTarget":"INVOICES"}
{"timestamp":"2026-01-27T09:07:17.786Z","runId":242,"level":"debug","phase":"mapping_debug","tableName":"INVOICES","mappedSource":"INVOICES","firebirdTableCount":187,"sampleFirebirdTables":["ACCCLASS","ACCDEPARTMENT","ACCOUNTLINKS","ACCOUNTS","ACCRANGE"]}
{"timestamp":"2026-01-27T09:07:17.861Z","runId":242,"level":"debug","phase":"clean_decision","tableName":"INVOICES","cleanBefore":true,"dryRun":false,"mode":"INSERT"}
{"timestamp":"2026-01-27T09:07:17.861Z","runId":242,"type":"table_cleaning_started","table":"INVOICES","tableRunId":268}
{"timestamp":"2026-01-27T09:07:17.862Z","runId":242,"level":"info","phase":"clean","tableName":"INVOICES","tableRunId":268,"status":"start"}
{"timestamp":"2026-01-27T09:07:17.862Z","runId":242,"level":"debug","phase":"clean","tableName":"INVOICES","tableRunId":268,"action":"fk_checks_disabled"}
{"timestamp":"2026-01-27T09:07:17.905Z","runId":242,"level":"info","phase":"clean","tableName":"INVOICES","tableRunId":268,"status":"success","method":"TRUNCATE","affectedRows":null,"postCount":0,"durationMs":43}
{"timestamp":"2026-01-27T09:07:17.916Z","runId":242,"type":"table_cleaned","table":"INVOICES","tableRunId":268,"method":"TRUNCATE","affectedRows":null,"postCount":0}
{"timestamp":"2026-01-27T09:07:17.917Z","runId":242,"level":"debug","phase":"clean","tableName":"INVOICES","tableRunId":268,"action":"fk_checks_restored"}
{"timestamp":"2026-01-27T09:07:17.917Z","runId":242,"level":"info","phase":"table_start","tableName":"INVOICES","tableRunId":268,"mode":"INSERT","keyStrategy":"preserve","dedupeKeys":[]}
{"timestamp":"2026-01-27T09:07:18.696Z","runId":242,"level":"info","phase":"fetch","tableName":"INVOICES","tableRunId":268,"sourceRows":23351}
{"timestamp":"2026-01-27T09:07:19.420Z","runId":242,"level":"debug","phase":"write","tableName":"INVOICES","tableRunId":268,"status":"start","batchSize":1000}
{"timestamp":"2026-01-27T09:07:19.473Z","runId":242,"level":"debug","phase":"write","tableName":"INVOICES","tableRunId":268,"status":"end","inserted":1000,"updated":0,"skipped":0,"durationMs":53}
{"timestamp":"2026-01-27T09:07:19.577Z","runId":242,"level":"debug","phase":"write","tableName":"INVOICES","tableRunId":268,"status":"start","batchSize":1000}
{"timestamp":"2026-01-27T09:07:19.627Z","runId":242,"level":"debug","phase":"write","tableName":"INVOICES","tableRunId":268,"status":"end","inserted":1000,"updated":0,"skipped":0,"durationMs":50}
{"timestamp":"2026-01-27T09:07:19.736Z","runId":242,"level":"debug","phase":"write","tableName":"INVOICES","tableRunId":268,"status":"start","batchSize":1000}
{"timestamp":"2026-01-27T09:07:19.793Z","runId":242,"level":"debug","phase":"write","tableName":"INVOICES","tableRunId":268,"status":"end","inserted":999,"updated":0,"skipped":1,"durationMs":57}
{"timestamp":"2026-01-27T09:07:19.907Z","runId":242,"level":"debug","phase":"write","tableName":"INVOICES","tableRunId":268,"status":"start","batchSize":1000}
{"timestamp":"2026-01-27T09:07:19.940Z","runId":242,"level":"debug","phase":"write","tableName":"INVOICES","tableRunId":268,"status":"end","inserted":1000,"updated":0,"skipped":0,"durationMs":33}
{"timestamp":"2026-01-27T09:07:20.058Z","runId":242,"level":"debug","phase":"write","tableName":"INVOICES","tableRunId":268,"status":"start","batchSize":1000}
{"timestamp":"2026-01-27T09:07:20.094Z","runId":242,"level":"debug","phase":"write","tableName":"INVOICES","tableRunId":268,"status":"end","inserted":998,"updated":0,"skipped":2,"durationMs":36}
{"timestamp":"2026-01-27T09:07:20.223Z","runId":242,"level":"debug","phase":"write","tableName":"INVOICES","tableRunId":268,"status":"start","batchSize":1000}
{"timestamp":"2026-01-27T09:07:20.253Z","runId":242,"level":"debug","phase":"write","tableName":"INVOICES","tableRunId":268,"status":"end","inserted":1000,"updated":0,"skipped":0,"durationMs":30}
{"timestamp":"2026-01-27T09:07:21.155Z","runId":242,"level":"debug","phase":"write","tableName":"INVOICES","tableRunId":268,"status":"start","batchSize":1000}
{"timestamp":"2026-01-27T09:07:21.183Z","runId":242,"level":"debug","phase":"write","tableName":"INVOICES","tableRunId":268,"status":"end","inserted":1000,"updated":0,"skipped":0,"durationMs":28}
{"timestamp":"2026-01-27T09:07:21.303Z","runId":242,"level":"debug","phase":"write","tableName":"INVOICES","tableRunId":268,"status":"start","batchSize":1000}
{"timestamp":"2026-01-27T09:07:21.336Z","runId":242,"level":"debug","phase":"write","tableName":"INVOICES","tableRunId":268,"status":"end","inserted":1000,"updated":0,"skipped":0,"durationMs":33}
{"timestamp":"2026-01-27T09:07:21.459Z","runId":242,"level":"debug","phase":"write","tableName":"INVOICES","tableRunId":268,"status":"start","batchSize":1000}
{"timestamp":"2026-01-27T09:07:21.512Z","runId":242,"level":"debug","phase":"write","tableName":"INVOICES","tableRunId":268,"status":"end","inserted":1000,"updated":0,"skipped":0,"durationMs":53}
{"timestamp":"2026-01-27T09:07:21.639Z","runId":242,"level":"debug","phase":"write","tableName":"INVOICES","tableRunId":268,"status":"start","batchSize":1000}
{"timestamp":"2026-01-27T09:07:21.670Z","runId":242,"level":"debug","phase":"write","tableName":"INVOICES","tableRunId":268,"status":"end","inserted":1000,"updated":0,"skipped":0,"durationMs":31}
{"timestamp":"2026-01-27T09:07:21.802Z","runId":242,"level":"debug","phase":"write","tableName":"INVOICES","tableRunId":268,"status":"start","batchSize":1000}
{"timestamp":"2026-01-27T09:07:21.832Z","runId":242,"level":"debug","phase":"write","tableName":"INVOICES","tableRunId":268,"status":"end","inserted":1000,"updated":0,"skipped":0,"durationMs":30}
{"timestamp":"2026-01-27T09:07:21.954Z","runId":242,"level":"debug","phase":"write","tableName":"INVOICES","tableRunId":268,"status":"start","batchSize":1000}
{"timestamp":"2026-01-27T09:07:21.984Z","runId":242,"level":"debug","phase":"write","tableName":"INVOICES","tableRunId":268,"status":"end","inserted":1000,"updated":0,"skipped":0,"durationMs":30}
{"timestamp":"2026-01-27T09:07:22.124Z","runId":242,"level":"debug","phase":"write","tableName":"INVOICES","tableRunId":268,"status":"start","batchSize":1000}
{"timestamp":"2026-01-27T09:07:22.154Z","runId":242,"level":"debug","phase":"write","tableName":"INVOICES","tableRunId":268,"status":"end","inserted":1000,"updated":0,"skipped":0,"durationMs":30}
{"timestamp":"2026-01-27T09:07:22.282Z","runId":242,"level":"debug","phase":"write","tableName":"INVOICES","tableRunId":268,"status":"start","batchSize":1000}
{"timestamp":"2026-01-27T09:07:22.312Z","runId":242,"level":"debug","phase":"write","tableName":"INVOICES","tableRunId":268,"status":"end","inserted":1000,"updated":0,"skipped":0,"durationMs":30}
{"timestamp":"2026-01-27T09:07:22.447Z","runId":242,"level":"debug","phase":"write","tableName":"INVOICES","tableRunId":268,"status":"start","batchSize":1000}
{"timestamp":"2026-01-27T09:07:22.500Z","runId":242,"level":"debug","phase":"write","tableName":"INVOICES","tableRunId":268,"status":"end","inserted":1000,"updated":0,"skipped":0,"durationMs":53}
{"timestamp":"2026-01-27T09:07:23.469Z","runId":242,"level":"debug","phase":"write","tableName":"INVOICES","tableRunId":268,"status":"start","batchSize":1000}
{"timestamp":"2026-01-27T09:07:23.498Z","runId":242,"level":"debug","phase":"write","tableName":"INVOICES","tableRunId":268,"status":"end","inserted":1000,"updated":0,"skipped":0,"durationMs":29}
{"timestamp":"2026-01-27T09:07:23.631Z","runId":242,"level":"debug","phase":"write","tableName":"INVOICES","tableRunId":268,"status":"start","batchSize":1000}
{"timestamp":"2026-01-27T09:07:23.657Z","runId":242,"level":"debug","phase":"write","tableName":"INVOICES","tableRunId":268,"status":"end","inserted":999,"updated":0,"skipped":1,"durationMs":26}
{"timestamp":"2026-01-27T09:07:23.792Z","runId":242,"level":"debug","phase":"write","tableName":"INVOICES","tableRunId":268,"status":"start","batchSize":1000}
{"timestamp":"2026-01-27T09:07:23.818Z","runId":242,"level":"debug","phase":"write","tableName":"INVOICES","tableRunId":268,"status":"end","inserted":993,"updated":0,"skipped":7,"durationMs":26}
{"timestamp":"2026-01-27T09:07:23.963Z","runId":242,"level":"debug","phase":"write","tableName":"INVOICES","tableRunId":268,"status":"start","batchSize":1000}
{"timestamp":"2026-01-27T09:07:23.994Z","runId":242,"level":"debug","phase":"write","tableName":"INVOICES","tableRunId":268,"status":"end","inserted":990,"updated":0,"skipped":10,"durationMs":32}
{"timestamp":"2026-01-27T09:07:24.138Z","runId":242,"level":"debug","phase":"write","tableName":"INVOICES","tableRunId":268,"status":"start","batchSize":1000}
{"timestamp":"2026-01-27T09:07:24.167Z","runId":242,"level":"debug","phase":"write","tableName":"INVOICES","tableRunId":268,"status":"end","inserted":999,"updated":0,"skipped":1,"durationMs":29}
{"timestamp":"2026-01-27T09:07:24.318Z","runId":242,"level":"debug","phase":"write","tableName":"INVOICES","tableRunId":268,"status":"start","batchSize":1000}
{"timestamp":"2026-01-27T09:07:24.368Z","runId":242,"level":"debug","phase":"write","tableName":"INVOICES","tableRunId":268,"status":"end","inserted":1000,"updated":0,"skipped":0,"durationMs":50}
{"timestamp":"2026-01-27T09:07:25.350Z","runId":242,"level":"debug","phase":"write","tableName":"INVOICES","tableRunId":268,"status":"start","batchSize":1000}
{"timestamp":"2026-01-27T09:07:25.382Z","runId":242,"level":"debug","phase":"write","tableName":"INVOICES","tableRunId":268,"status":"end","inserted":1000,"updated":0,"skipped":0,"durationMs":32}
{"timestamp":"2026-01-27T09:07:25.536Z","runId":242,"level":"debug","phase":"write","tableName":"INVOICES","tableRunId":268,"status":"start","batchSize":1000}
{"timestamp":"2026-01-27T09:07:25.563Z","runId":242,"level":"debug","phase":"write","tableName":"INVOICES","tableRunId":268,"status":"end","inserted":999,"updated":0,"skipped":1,"durationMs":27}
{"timestamp":"2026-01-27T09:07:25.692Z","runId":242,"level":"debug","phase":"write","tableName":"INVOICES","tableRunId":268,"status":"start","batchSize":351}
{"timestamp":"2026-01-27T09:07:25.707Z","runId":242,"level":"debug","phase":"write","tableName":"INVOICES","tableRunId":268,"status":"end","inserted":346,"updated":0,"skipped":5,"durationMs":15}
{"timestamp":"2026-01-27T09:07:25.719Z","runId":242,"level":"info","phase":"table_finalize","tableName":"INVOICES","tableRunId":268,"status":"success","inserted":23323,"updated":0,"skipped":28,"errors":0,"durationMs":7797}
{"timestamp":"2026-01-27T09:07:25.720Z","runId":242,"level":"debug","phase":"table_loop","action":"processing","tableName":"PAYMENTS","mappingTableKeys":["INVOICES","JOBREPORT","JOB_INFORMATION","PAYMENTS","SPARES_USED"]}
{"timestamp":"2026-01-27T09:07:25.720Z","runId":242,"level":"debug","phase":"table_loop","action":"mapping_resolved","tableName":"PAYMENTS","hasMappingEntry":true,"mappingTarget":"PAYMENTS"}
{"timestamp":"2026-01-27T09:07:25.720Z","runId":242,"level":"debug","phase":"mapping_debug","tableName":"PAYMENTS","mappedSource":"PAYMENTS","firebirdTableCount":187,"sampleFirebirdTables":["ACCCLASS","ACCDEPARTMENT","ACCOUNTLINKS","ACCOUNTS","ACCRANGE"]}
{"timestamp":"2026-01-27T09:07:25.791Z","runId":242,"level":"debug","phase":"clean_decision","tableName":"PAYMENTS","cleanBefore":true,"dryRun":false,"mode":"INSERT"}
{"timestamp":"2026-01-27T09:07:25.791Z","runId":242,"type":"table_cleaning_started","table":"PAYMENTS","tableRunId":269}
{"timestamp":"2026-01-27T09:07:25.792Z","runId":242,"level":"info","phase":"clean","tableName":"PAYMENTS","tableRunId":269,"status":"start"}
{"timestamp":"2026-01-27T09:07:25.793Z","runId":242,"level":"debug","phase":"clean","tableName":"PAYMENTS","tableRunId":269,"action":"fk_checks_disabled"}
{"timestamp":"2026-01-27T09:07:25.829Z","runId":242,"level":"info","phase":"clean","tableName":"PAYMENTS","tableRunId":269,"status":"success","method":"TRUNCATE","affectedRows":null,"postCount":0,"durationMs":37}
{"timestamp":"2026-01-27T09:07:25.835Z","runId":242,"type":"table_cleaned","table":"PAYMENTS","tableRunId":269,"method":"TRUNCATE","affectedRows":null,"postCount":0}
{"timestamp":"2026-01-27T09:07:25.835Z","runId":242,"level":"debug","phase":"clean","tableName":"PAYMENTS","tableRunId":269,"action":"fk_checks_restored"}
{"timestamp":"2026-01-27T09:07:25.836Z","runId":242,"level":"info","phase":"table_start","tableName":"PAYMENTS","tableRunId":269,"mode":"INSERT","keyStrategy":"preserve","dedupeKeys":[]}
{"timestamp":"2026-01-27T09:07:25.926Z","runId":242,"level":"info","phase":"fetch","tableName":"PAYMENTS","tableRunId":269,"sourceRows":22576}
{"timestamp":"2026-01-27T09:07:26.075Z","runId":242,"level":"debug","phase":"write","tableName":"PAYMENTS","tableRunId":269,"status":"start","batchSize":1000}
{"timestamp":"2026-01-27T09:07:26.105Z","runId":242,"level":"debug","phase":"write","tableName":"PAYMENTS","tableRunId":269,"status":"end","inserted":1000,"updated":0,"skipped":0,"durationMs":30}
{"timestamp":"2026-01-27T09:07:26.260Z","runId":242,"level":"debug","phase":"write","tableName":"PAYMENTS","tableRunId":269,"status":"start","batchSize":1000}
{"timestamp":"2026-01-27T09:07:26.291Z","runId":242,"level":"debug","phase":"write","tableName":"PAYMENTS","tableRunId":269,"status":"end","inserted":1000,"updated":0,"skipped":0,"durationMs":31}
{"timestamp":"2026-01-27T09:07:27.030Z","runId":242,"level":"debug","phase":"write","tableName":"PAYMENTS","tableRunId":269,"status":"start","batchSize":1000}
{"timestamp":"2026-01-27T09:07:27.059Z","runId":242,"level":"debug","phase":"write","tableName":"PAYMENTS","tableRunId":269,"status":"end","inserted":1000,"updated":0,"skipped":0,"durationMs":29}
{"timestamp":"2026-01-27T09:07:27.875Z","runId":242,"level":"debug","phase":"write","tableName":"PAYMENTS","tableRunId":269,"status":"start","batchSize":1000}
{"timestamp":"2026-01-27T09:07:27.915Z","runId":242,"level":"debug","phase":"write","tableName":"PAYMENTS","tableRunId":269,"status":"end","inserted":1000,"updated":0,"skipped":0,"durationMs":40}
{"timestamp":"2026-01-27T09:07:28.076Z","runId":242,"level":"debug","phase":"write","tableName":"PAYMENTS","tableRunId":269,"status":"start","batchSize":1000}
{"timestamp":"2026-01-27T09:07:28.133Z","runId":242,"level":"debug","phase":"write","tableName":"PAYMENTS","tableRunId":269,"status":"end","inserted":1000,"updated":0,"skipped":0,"durationMs":57}
{"timestamp":"2026-01-27T09:07:28.292Z","runId":242,"level":"debug","phase":"write","tableName":"PAYMENTS","tableRunId":269,"status":"start","batchSize":1000}
{"timestamp":"2026-01-27T09:07:28.317Z","runId":242,"level":"debug","phase":"write","tableName":"PAYMENTS","tableRunId":269,"status":"end","inserted":1000,"updated":0,"skipped":0,"durationMs":25}
{"timestamp":"2026-01-27T09:07:28.472Z","runId":242,"level":"debug","phase":"write","tableName":"PAYMENTS","tableRunId":269,"status":"start","batchSize":1000}
{"timestamp":"2026-01-27T09:07:28.493Z","runId":242,"level":"debug","phase":"write","tableName":"PAYMENTS","tableRunId":269,"status":"end","inserted":1000,"updated":0,"skipped":0,"durationMs":21}
{"timestamp":"2026-01-27T09:07:28.654Z","runId":242,"level":"debug","phase":"write","tableName":"PAYMENTS","tableRunId":269,"status":"start","batchSize":1000}
{"timestamp":"2026-01-27T09:07:28.677Z","runId":242,"level":"debug","phase":"write","tableName":"PAYMENTS","tableRunId":269,"status":"end","inserted":1000,"updated":0,"skipped":0,"durationMs":23}
{"timestamp":"2026-01-27T09:07:29.583Z","runId":242,"level":"debug","phase":"write","tableName":"PAYMENTS","tableRunId":269,"status":"start","batchSize":1000}
{"timestamp":"2026-01-27T09:07:29.607Z","runId":242,"level":"debug","phase":"write","tableName":"PAYMENTS","tableRunId":269,"status":"end","inserted":1000,"updated":0,"skipped":0,"durationMs":24}
{"timestamp":"2026-01-27T09:07:29.763Z","runId":242,"level":"debug","phase":"write","tableName":"PAYMENTS","tableRunId":269,"status":"start","batchSize":1000}
{"timestamp":"2026-01-27T09:07:29.785Z","runId":242,"level":"debug","phase":"write","tableName":"PAYMENTS","tableRunId":269,"status":"end","inserted":1000,"updated":0,"skipped":0,"durationMs":22}
{"timestamp":"2026-01-27T09:07:29.941Z","runId":242,"level":"debug","phase":"write","tableName":"PAYMENTS","tableRunId":269,"status":"start","batchSize":1000}
{"timestamp":"2026-01-27T09:07:29.963Z","runId":242,"level":"debug","phase":"write","tableName":"PAYMENTS","tableRunId":269,"status":"end","inserted":1000,"updated":0,"skipped":0,"durationMs":22}
{"timestamp":"2026-01-27T09:07:30.127Z","runId":242,"level":"debug","phase":"write","tableName":"PAYMENTS","tableRunId":269,"status":"start","batchSize":1000}
{"timestamp":"2026-01-27T09:07:30.150Z","runId":242,"level":"debug","phase":"write","tableName":"PAYMENTS","tableRunId":269,"status":"end","inserted":1000,"updated":0,"skipped":0,"durationMs":23}
{"timestamp":"2026-01-27T09:07:30.314Z","runId":242,"level":"debug","phase":"write","tableName":"PAYMENTS","tableRunId":269,"status":"start","batchSize":1000}
{"timestamp":"2026-01-27T09:07:30.336Z","runId":242,"level":"debug","phase":"write","tableName":"PAYMENTS","tableRunId":269,"status":"end","inserted":1000,"updated":0,"skipped":0,"durationMs":22}
{"timestamp":"2026-01-27T09:07:30.504Z","runId":242,"level":"debug","phase":"write","tableName":"PAYMENTS","tableRunId":269,"status":"start","batchSize":1000}
{"timestamp":"2026-01-27T09:07:30.550Z","runId":242,"level":"debug","phase":"write","tableName":"PAYMENTS","tableRunId":269,"status":"end","inserted":1000,"updated":0,"skipped":0,"durationMs":46}
{"timestamp":"2026-01-27T09:07:30.715Z","runId":242,"level":"debug","phase":"write","tableName":"PAYMENTS","tableRunId":269,"status":"start","batchSize":1000}
{"timestamp":"2026-01-27T09:07:30.737Z","runId":242,"level":"debug","phase":"write","tableName":"PAYMENTS","tableRunId":269,"status":"end","inserted":1000,"updated":0,"skipped":0,"durationMs":22}
{"timestamp":"2026-01-27T09:07:30.899Z","runId":242,"level":"debug","phase":"write","tableName":"PAYMENTS","tableRunId":269,"status":"start","batchSize":1000}
{"timestamp":"2026-01-27T09:07:30.922Z","runId":242,"level":"debug","phase":"write","tableName":"PAYMENTS","tableRunId":269,"status":"end","inserted":1000,"updated":0,"skipped":0,"durationMs":23}
{"timestamp":"2026-01-27T09:07:31.085Z","runId":242,"level":"debug","phase":"write","tableName":"PAYMENTS","tableRunId":269,"status":"start","batchSize":1000}
{"timestamp":"2026-01-27T09:07:31.107Z","runId":242,"level":"debug","phase":"write","tableName":"PAYMENTS","tableRunId":269,"status":"end","inserted":1000,"updated":0,"skipped":0,"durationMs":22}
{"timestamp":"2026-01-27T09:07:31.278Z","runId":242,"level":"debug","phase":"write","tableName":"PAYMENTS","tableRunId":269,"status":"start","batchSize":1000}
{"timestamp":"2026-01-27T09:07:31.301Z","runId":242,"level":"debug","phase":"write","tableName":"PAYMENTS","tableRunId":269,"status":"end","inserted":1000,"updated":0,"skipped":0,"durationMs":23}
{"timestamp":"2026-01-27T09:07:31.466Z","runId":242,"level":"debug","phase":"write","tableName":"PAYMENTS","tableRunId":269,"status":"start","batchSize":1000}
{"timestamp":"2026-01-27T09:07:31.488Z","runId":242,"level":"debug","phase":"write","tableName":"PAYMENTS","tableRunId":269,"status":"end","inserted":1000,"updated":0,"skipped":0,"durationMs":22}
{"timestamp":"2026-01-27T09:07:31.656Z","runId":242,"level":"debug","phase":"write","tableName":"PAYMENTS","tableRunId":269,"status":"start","batchSize":1000}
{"timestamp":"2026-01-27T09:07:31.679Z","runId":242,"level":"debug","phase":"write","tableName":"PAYMENTS","tableRunId":269,"status":"end","inserted":1000,"updated":0,"skipped":0,"durationMs":23}
{"timestamp":"2026-01-27T09:07:31.850Z","runId":242,"level":"debug","phase":"write","tableName":"PAYMENTS","tableRunId":269,"status":"start","batchSize":1000}
{"timestamp":"2026-01-27T09:07:31.879Z","runId":242,"level":"debug","phase":"write","tableName":"PAYMENTS","tableRunId":269,"status":"end","inserted":1000,"updated":0,"skipped":0,"durationMs":29}
{"timestamp":"2026-01-27T09:07:32.046Z","runId":242,"level":"debug","phase":"write","tableName":"PAYMENTS","tableRunId":269,"status":"start","batchSize":1000}
{"timestamp":"2026-01-27T09:07:32.070Z","runId":242,"level":"debug","phase":"write","tableName":"PAYMENTS","tableRunId":269,"status":"end","inserted":1000,"updated":0,"skipped":0,"durationMs":24}
{"timestamp":"2026-01-27T09:07:32.250Z","runId":242,"level":"debug","phase":"write","tableName":"PAYMENTS","tableRunId":269,"status":"start","batchSize":576}
{"timestamp":"2026-01-27T09:07:32.268Z","runId":242,"level":"debug","phase":"write","tableName":"PAYMENTS","tableRunId":269,"status":"end","inserted":576,"updated":0,"skipped":0,"durationMs":18}
{"timestamp":"2026-01-27T09:07:32.280Z","runId":242,"level":"info","phase":"table_finalize","tableName":"PAYMENTS","tableRunId":269,"status":"success","inserted":22576,"updated":0,"skipped":0,"errors":0,"durationMs":6439}
{"timestamp":"2026-01-27T09:07:32.280Z","runId":242,"level":"debug","phase":"table_loop","action":"processing","tableName":"WORK_DONE","mappingTableKeys":["INVOICES","JOBREPORT","JOB_INFORMATION","PAYMENTS","SPARES_USED"]}
{"timestamp":"2026-01-27T09:07:32.280Z","runId":242,"level":"debug","phase":"table_loop","action":"mapping_resolved","tableName":"WORK_DONE","hasMappingEntry":true,"mappingTarget":"WORK_DONE"}
{"timestamp":"2026-01-27T09:07:32.280Z","runId":242,"level":"debug","phase":"mapping_debug","tableName":"WORK_DONE","mappedSource":"WORKDONE","firebirdTableCount":187,"sampleFirebirdTables":["ACCCLASS","ACCDEPARTMENT","ACCOUNTLINKS","ACCOUNTS","ACCRANGE"]}
{"timestamp":"2026-01-27T09:07:32.349Z","runId":242,"level":"debug","phase":"clean_decision","tableName":"WORK_DONE","cleanBefore":true,"dryRun":false,"mode":"INSERT"}
{"timestamp":"2026-01-27T09:07:32.350Z","runId":242,"type":"table_cleaning_started","table":"WORK_DONE","tableRunId":270}
{"timestamp":"2026-01-27T09:07:32.350Z","runId":242,"level":"info","phase":"clean","tableName":"WORK_DONE","tableRunId":270,"status":"start"}
{"timestamp":"2026-01-27T09:07:32.350Z","runId":242,"level":"debug","phase":"clean","tableName":"WORK_DONE","tableRunId":270,"action":"fk_checks_disabled"}
{"timestamp":"2026-01-27T09:07:32.416Z","runId":242,"level":"info","phase":"clean","tableName":"WORK_DONE","tableRunId":270,"status":"success","method":"TRUNCATE","affectedRows":null,"postCount":0,"durationMs":66}
{"timestamp":"2026-01-27T09:07:32.423Z","runId":242,"type":"table_cleaned","table":"WORK_DONE","tableRunId":270,"method":"TRUNCATE","affectedRows":null,"postCount":0}
{"timestamp":"2026-01-27T09:07:32.423Z","runId":242,"level":"debug","phase":"clean","tableName":"WORK_DONE","tableRunId":270,"action":"fk_checks_restored"}
{"timestamp":"2026-01-27T09:07:32.424Z","runId":242,"level":"info","phase":"table_start","tableName":"WORK_DONE","tableRunId":270,"mode":"INSERT","keyStrategy":"preserve","dedupeKeys":[]}
{"timestamp":"2026-01-27T09:07:32.527Z","runId":242,"level":"info","phase":"fetch","tableName":"WORK_DONE","tableRunId":270,"sourceRows":44106}
{"timestamp":"2026-01-27T09:07:32.800Z","runId":242,"level":"debug","phase":"write","tableName":"WORK_DONE","tableRunId":270,"status":"start","batchSize":1000}
{"timestamp":"2026-01-27T09:07:32.843Z","runId":242,"level":"debug","phase":"write","tableName":"WORK_DONE","tableRunId":270,"status":"end","inserted":998,"updated":0,"skipped":2,"durationMs":43}
{"timestamp":"2026-01-27T09:07:33.137Z","runId":242,"level":"debug","phase":"write","tableName":"WORK_DONE","tableRunId":270,"status":"start","batchSize":1000}
{"timestamp":"2026-01-27T09:07:33.172Z","runId":242,"level":"debug","phase":"write","tableName":"WORK_DONE","tableRunId":270,"status":"end","inserted":993,"updated":0,"skipped":7,"durationMs":35}
{"timestamp":"2026-01-27T09:07:33.445Z","runId":242,"level":"debug","phase":"write","tableName":"WORK_DONE","tableRunId":270,"status":"start","batchSize":1000}
{"timestamp":"2026-01-27T09:07:33.480Z","runId":242,"level":"debug","phase":"write","tableName":"WORK_DONE","tableRunId":270,"status":"end","inserted":996,"updated":0,"skipped":4,"durationMs":35}
{"timestamp":"2026-01-27T09:07:33.724Z","runId":242,"level":"debug","phase":"write","tableName":"WORK_DONE","tableRunId":270,"status":"start","batchSize":1000}
{"timestamp":"2026-01-27T09:07:33.744Z","runId":242,"level":"debug","phase":"write","tableName":"WORK_DONE","tableRunId":270,"status":"end","inserted":1000,"updated":0,"skipped":0,"durationMs":20}
{"timestamp":"2026-01-27T09:07:34.036Z","runId":242,"level":"debug","phase":"write","tableName":"WORK_DONE","tableRunId":270,"status":"start","batchSize":1000}
{"timestamp":"2026-01-27T09:07:34.061Z","runId":242,"level":"debug","phase":"write","tableName":"WORK_DONE","tableRunId":270,"status":"end","inserted":983,"updated":0,"skipped":17,"durationMs":25}
{"timestamp":"2026-01-27T09:07:34.357Z","runId":242,"level":"debug","phase":"write","tableName":"WORK_DONE","tableRunId":270,"status":"start","batchSize":1000}
{"timestamp":"2026-01-27T09:07:34.381Z","runId":242,"level":"debug","phase":"write","tableName":"WORK_DONE","tableRunId":270,"status":"end","inserted":990,"updated":0,"skipped":10,"durationMs":24}
{"timestamp":"2026-01-27T09:07:34.677Z","runId":242,"level":"debug","phase":"write","tableName":"WORK_DONE","tableRunId":270,"status":"start","batchSize":1000}
{"timestamp":"2026-01-27T09:07:34.699Z","runId":242,"level":"debug","phase":"write","tableName":"WORK_DONE","tableRunId":270,"status":"end","inserted":978,"updated":0,"skipped":22,"durationMs":22}
{"timestamp":"2026-01-27T09:07:34.991Z","runId":242,"level":"debug","phase":"write","tableName":"WORK_DONE","tableRunId":270,"status":"start","batchSize":1000}
{"timestamp":"2026-01-27T09:07:35.015Z","runId":242,"level":"debug","phase":"write","tableName":"WORK_DONE","tableRunId":270,"status":"end","inserted":995,"updated":0,"skipped":5,"durationMs":24}
{"timestamp":"2026-01-27T09:07:35.279Z","runId":242,"level":"debug","phase":"write","tableName":"WORK_DONE","tableRunId":270,"status":"start","batchSize":1000}
{"timestamp":"2026-01-27T09:07:35.302Z","runId":242,"level":"debug","phase":"write","tableName":"WORK_DONE","tableRunId":270,"status":"end","inserted":996,"updated":0,"skipped":4,"durationMs":23}
{"timestamp":"2026-01-27T09:07:35.598Z","runId":242,"level":"debug","phase":"write","tableName":"WORK_DONE","tableRunId":270,"status":"start","batchSize":1000}
{"timestamp":"2026-01-27T09:07:35.639Z","runId":242,"level":"debug","phase":"write","tableName":"WORK_DONE","tableRunId":270,"status":"end","inserted":990,"updated":0,"skipped":10,"durationMs":41}
{"timestamp":"2026-01-27T09:07:35.929Z","runId":242,"level":"debug","phase":"write","tableName":"WORK_DONE","tableRunId":270,"status":"start","batchSize":1000}
{"timestamp":"2026-01-27T09:07:35.951Z","runId":242,"level":"debug","phase":"write","tableName":"WORK_DONE","tableRunId":270,"status":"end","inserted":996,"updated":0,"skipped":4,"durationMs":22}
{"timestamp":"2026-01-27T09:07:36.246Z","runId":242,"level":"debug","phase":"write","tableName":"WORK_DONE","tableRunId":270,"status":"start","batchSize":1000}
{"timestamp":"2026-01-27T09:07:36.268Z","runId":242,"level":"debug","phase":"write","tableName":"WORK_DONE","tableRunId":270,"status":"end","inserted":999,"updated":0,"skipped":1,"durationMs":22}
{"timestamp":"2026-01-27T09:07:36.567Z","runId":242,"level":"debug","phase":"write","tableName":"WORK_DONE","tableRunId":270,"status":"start","batchSize":1000}
{"timestamp":"2026-01-27T09:07:36.586Z","runId":242,"level":"debug","phase":"write","tableName":"WORK_DONE","tableRunId":270,"status":"end","inserted":998,"updated":0,"skipped":2,"durationMs":19}
{"timestamp":"2026-01-27T09:07:36.871Z","runId":242,"level":"debug","phase":"write","tableName":"WORK_DONE","tableRunId":270,"status":"start","batchSize":1000}
{"timestamp":"2026-01-27T09:07:36.894Z","runId":242,"level":"debug","phase":"write","tableName":"WORK_DONE","tableRunId":270,"status":"end","inserted":1000,"updated":0,"skipped":0,"durationMs":23}
{"timestamp":"2026-01-27T09:07:37.769Z","runId":242,"level":"info","phase":"preflight","attempt":1,"status":"ok"}
{"timestamp":"2026-01-27T09:07:37.770Z","runId":242,"level":"debug","phase":"keepalive","status":"ok"}
{"timestamp":"2026-01-27T09:07:37.979Z","runId":242,"level":"debug","phase":"write","tableName":"WORK_DONE","tableRunId":270,"status":"start","batchSize":1000}
{"timestamp":"2026-01-27T09:07:38.001Z","runId":242,"level":"debug","phase":"write","tableName":"WORK_DONE","tableRunId":270,"status":"end","inserted":1000,"updated":0,"skipped":0,"durationMs":22}
{"timestamp":"2026-01-27T09:07:38.305Z","runId":242,"level":"debug","phase":"write","tableName":"WORK_DONE","tableRunId":270,"status":"start","batchSize":1000}
{"timestamp":"2026-01-27T09:07:38.332Z","runId":242,"level":"debug","phase":"write","tableName":"WORK_DONE","tableRunId":270,"status":"end","inserted":999,"updated":0,"skipped":1,"durationMs":27}
{"timestamp":"2026-01-27T09:07:38.633Z","runId":242,"level":"debug","phase":"write","tableName":"WORK_DONE","tableRunId":270,"status":"start","batchSize":1000}
{"timestamp":"2026-01-27T09:07:38.656Z","runId":242,"level":"debug","phase":"write","tableName":"WORK_DONE","tableRunId":270,"status":"end","inserted":995,"updated":0,"skipped":5,"durationMs":23}
{"timestamp":"2026-01-27T09:07:38.944Z","runId":242,"level":"debug","phase":"write","tableName":"WORK_DONE","tableRunId":270,"status":"start","batchSize":1000}
{"timestamp":"2026-01-27T09:07:38.964Z","runId":242,"level":"debug","phase":"write","tableName":"WORK_DONE","tableRunId":270,"status":"end","inserted":999,"updated":0,"skipped":1,"durationMs":20}
{"timestamp":"2026-01-27T09:07:39.271Z","runId":242,"level":"debug","phase":"write","tableName":"WORK_DONE","tableRunId":270,"status":"start","batchSize":1000}
{"timestamp":"2026-01-27T09:07:39.291Z","runId":242,"level":"debug","phase":"write","tableName":"WORK_DONE","tableRunId":270,"status":"end","inserted":1000,"updated":0,"skipped":0,"durationMs":20}
{"timestamp":"2026-01-27T09:07:39.602Z","runId":242,"level":"debug","phase":"write","tableName":"WORK_DONE","tableRunId":270,"status":"start","batchSize":1000}
{"timestamp":"2026-01-27T09:07:39.625Z","runId":242,"level":"debug","phase":"write","tableName":"WORK_DONE","tableRunId":270,"status":"end","inserted":973,"updated":0,"skipped":27,"durationMs":23}
{"timestamp":"2026-01-27T09:07:39.929Z","runId":242,"level":"debug","phase":"write","tableName":"WORK_DONE","tableRunId":270,"status":"start","batchSize":1000}
{"timestamp":"2026-01-27T09:07:39.972Z","runId":242,"level":"debug","phase":"write","tableName":"WORK_DONE","tableRunId":270,"status":"end","inserted":1000,"updated":0,"skipped":0,"durationMs":43}
{"timestamp":"2026-01-27T09:07:40.283Z","runId":242,"level":"debug","phase":"write","tableName":"WORK_DONE","tableRunId":270,"status":"start","batchSize":1000}
{"timestamp":"2026-01-27T09:07:40.303Z","runId":242,"level":"debug","phase":"write","tableName":"WORK_DONE","tableRunId":270,"status":"end","inserted":989,"updated":0,"skipped":11,"durationMs":20}
{"timestamp":"2026-01-27T09:07:40.614Z","runId":242,"level":"debug","phase":"write","tableName":"WORK_DONE","tableRunId":270,"status":"start","batchSize":1000}
{"timestamp":"2026-01-27T09:07:40.636Z","runId":242,"level":"debug","phase":"write","tableName":"WORK_DONE","tableRunId":270,"status":"end","inserted":999,"updated":0,"skipped":1,"durationMs":22}
{"timestamp":"2026-01-27T09:07:40.943Z","runId":242,"level":"debug","phase":"write","tableName":"WORK_DONE","tableRunId":270,"status":"start","batchSize":1000}
{"timestamp":"2026-01-27T09:07:40.962Z","runId":242,"level":"debug","phase":"write","tableName":"WORK_DONE","tableRunId":270,"status":"end","inserted":993,"updated":0,"skipped":7,"durationMs":19}
{"timestamp":"2026-01-27T09:07:41.277Z","runId":242,"level":"debug","phase":"write","tableName":"WORK_DONE","tableRunId":270,"status":"start","batchSize":1000}
{"timestamp":"2026-01-27T09:07:41.301Z","runId":242,"level":"debug","phase":"write","tableName":"WORK_DONE","tableRunId":270,"status":"end","inserted":994,"updated":0,"skipped":6,"durationMs":24}
{"timestamp":"2026-01-27T09:07:41.612Z","runId":242,"level":"debug","phase":"write","tableName":"WORK_DONE","tableRunId":270,"status":"start","batchSize":1000}
{"timestamp":"2026-01-27T09:07:41.637Z","runId":242,"level":"debug","phase":"write","tableName":"WORK_DONE","tableRunId":270,"status":"end","inserted":1000,"updated":0,"skipped":0,"durationMs":25}
{"timestamp":"2026-01-27T09:07:41.938Z","runId":242,"level":"debug","phase":"write","tableName":"WORK_DONE","tableRunId":270,"status":"start","batchSize":1000}
{"timestamp":"2026-01-27T09:07:41.958Z","runId":242,"level":"debug","phase":"write","tableName":"WORK_DONE","tableRunId":270,"status":"end","inserted":992,"updated":0,"skipped":8,"durationMs":20}
{"timestamp":"2026-01-27T09:07:42.274Z","runId":242,"level":"debug","phase":"write","tableName":"WORK_DONE","tableRunId":270,"status":"start","batchSize":1000}
{"timestamp":"2026-01-27T09:07:42.301Z","runId":242,"level":"debug","phase":"write","tableName":"WORK_DONE","tableRunId":270,"status":"end","inserted":993,"updated":0,"skipped":7,"durationMs":27}
{"timestamp":"2026-01-27T09:07:42.610Z","runId":242,"level":"debug","phase":"write","tableName":"WORK_DONE","tableRunId":270,"status":"start","batchSize":1000}
{"timestamp":"2026-01-27T09:07:42.631Z","runId":242,"level":"debug","phase":"write","tableName":"WORK_DONE","tableRunId":270,"status":"end","inserted":993,"updated":0,"skipped":7,"durationMs":21}
{"timestamp":"2026-01-27T09:07:42.940Z","runId":242,"level":"debug","phase":"write","tableName":"WORK_DONE","tableRunId":270,"status":"start","batchSize":1000}
{"timestamp":"2026-01-27T09:07:42.962Z","runId":242,"level":"debug","phase":"write","tableName":"WORK_DONE","tableRunId":270,"status":"end","inserted":992,"updated":0,"skipped":8,"durationMs":22}
{"timestamp":"2026-01-27T09:07:43.243Z","runId":242,"level":"debug","phase":"write","tableName":"WORK_DONE","tableRunId":270,"status":"start","batchSize":1000}
{"timestamp":"2026-01-27T09:07:43.294Z","runId":242,"level":"debug","phase":"write","tableName":"WORK_DONE","tableRunId":270,"status":"end","inserted":989,"updated":0,"skipped":11,"durationMs":51}
{"timestamp":"2026-01-27T09:07:43.616Z","runId":242,"level":"debug","phase":"write","tableName":"WORK_DONE","tableRunId":270,"status":"start","batchSize":1000}
{"timestamp":"2026-01-27T09:07:43.642Z","runId":242,"level":"debug","phase":"write","tableName":"WORK_DONE","tableRunId":270,"status":"end","inserted":995,"updated":0,"skipped":5,"durationMs":26}
{"timestamp":"2026-01-27T09:07:43.932Z","runId":242,"level":"debug","phase":"write","tableName":"WORK_DONE","tableRunId":270,"status":"start","batchSize":1000}
{"timestamp":"2026-01-27T09:07:43.956Z","runId":242,"level":"debug","phase":"write","tableName":"WORK_DONE","tableRunId":270,"status":"end","inserted":994,"updated":0,"skipped":6,"durationMs":24}
{"timestamp":"2026-01-27T09:07:44.271Z","runId":242,"level":"debug","phase":"write","tableName":"WORK_DONE","tableRunId":270,"status":"start","batchSize":1000}
{"timestamp":"2026-01-27T09:07:44.293Z","runId":242,"level":"debug","phase":"write","tableName":"WORK_DONE","tableRunId":270,"status":"end","inserted":989,"updated":0,"skipped":11,"durationMs":22}
{"timestamp":"2026-01-27T09:07:44.616Z","runId":242,"level":"debug","phase":"write","tableName":"WORK_DONE","tableRunId":270,"status":"start","batchSize":1000}
{"timestamp":"2026-01-27T09:07:44.643Z","runId":242,"level":"debug","phase":"write","tableName":"WORK_DONE","tableRunId":270,"status":"end","inserted":994,"updated":0,"skipped":6,"durationMs":27}
{"timestamp":"2026-01-27T09:07:44.966Z","runId":242,"level":"debug","phase":"write","tableName":"WORK_DONE","tableRunId":270,"status":"start","batchSize":1000}
{"timestamp":"2026-01-27T09:07:44.989Z","runId":242,"level":"debug","phase":"write","tableName":"WORK_DONE","tableRunId":270,"status":"end","inserted":996,"updated":0,"skipped":4,"durationMs":23}
{"timestamp":"2026-01-27T09:07:45.324Z","runId":242,"level":"debug","phase":"write","tableName":"WORK_DONE","tableRunId":270,"status":"start","batchSize":1000}
{"timestamp":"2026-01-27T09:07:45.349Z","runId":242,"level":"debug","phase":"write","tableName":"WORK_DONE","tableRunId":270,"status":"end","inserted":992,"updated":0,"skipped":8,"durationMs":25}
{"timestamp":"2026-01-27T09:07:46.458Z","runId":242,"level":"debug","phase":"write","tableName":"WORK_DONE","tableRunId":270,"status":"start","batchSize":1000}
{"timestamp":"2026-01-27T09:07:46.482Z","runId":242,"level":"debug","phase":"write","tableName":"WORK_DONE","tableRunId":270,"status":"end","inserted":996,"updated":0,"skipped":4,"durationMs":24}
{"timestamp":"2026-01-27T09:07:46.826Z","runId":242,"level":"debug","phase":"write","tableName":"WORK_DONE","tableRunId":270,"status":"start","batchSize":1000}
{"timestamp":"2026-01-27T09:07:46.848Z","runId":242,"level":"debug","phase":"write","tableName":"WORK_DONE","tableRunId":270,"status":"end","inserted":993,"updated":0,"skipped":7,"durationMs":22}
{"timestamp":"2026-01-27T09:07:47.185Z","runId":242,"level":"debug","phase":"write","tableName":"WORK_DONE","tableRunId":270,"status":"start","batchSize":1000}
{"timestamp":"2026-01-27T09:07:47.208Z","runId":242,"level":"debug","phase":"write","tableName":"WORK_DONE","tableRunId":270,"status":"end","inserted":988,"updated":0,"skipped":12,"durationMs":23}
{"timestamp":"2026-01-27T09:07:47.533Z","runId":242,"level":"debug","phase":"write","tableName":"WORK_DONE","tableRunId":270,"status":"start","batchSize":1000}
{"timestamp":"2026-01-27T09:07:47.581Z","runId":242,"level":"debug","phase":"write","tableName":"WORK_DONE","tableRunId":270,"status":"end","inserted":985,"updated":0,"skipped":15,"durationMs":48}
{"timestamp":"2026-01-27T09:07:47.807Z","runId":242,"level":"debug","phase":"write","tableName":"WORK_DONE","tableRunId":270,"status":"start","batchSize":1000}
{"timestamp":"2026-01-27T09:07:47.829Z","runId":242,"level":"debug","phase":"write","tableName":"WORK_DONE","tableRunId":270,"status":"end","inserted":989,"updated":0,"skipped":11,"durationMs":22}
{"timestamp":"2026-01-27T09:07:48.175Z","runId":242,"level":"debug","phase":"write","tableName":"WORK_DONE","tableRunId":270,"status":"start","batchSize":1000}
{"timestamp":"2026-01-27T09:07:48.200Z","runId":242,"level":"debug","phase":"write","tableName":"WORK_DONE","tableRunId":270,"status":"end","inserted":992,"updated":0,"skipped":8,"durationMs":25}
{"timestamp":"2026-01-27T09:07:48.533Z","runId":242,"level":"debug","phase":"write","tableName":"WORK_DONE","tableRunId":270,"status":"start","batchSize":1000}
{"timestamp":"2026-01-27T09:07:48.554Z","runId":242,"level":"debug","phase":"write","tableName":"WORK_DONE","tableRunId":270,"status":"end","inserted":997,"updated":0,"skipped":3,"durationMs":21}
{"timestamp":"2026-01-27T09:07:48.830Z","runId":242,"level":"debug","phase":"write","tableName":"WORK_DONE","tableRunId":270,"status":"start","batchSize":106}
{"timestamp":"2026-01-27T09:07:48.837Z","runId":242,"level":"debug","phase":"write","tableName":"WORK_DONE","tableRunId":270,"status":"end","inserted":106,"updated":0,"skipped":0,"durationMs":7}
{"timestamp":"2026-01-27T09:07:48.852Z","runId":242,"level":"info","phase":"table_finalize","tableName":"WORK_DONE","tableRunId":270,"status":"success","inserted":43818,"updated":0,"skipped":288,"errors":0,"durationMs":16420}
{"timestamp":"2026-01-27T09:07:48.852Z","runId":242,"level":"debug","phase":"table_loop","action":"processing","tableName":"JOB_REPORT","mappingTableKeys":["INVOICES","JOBREPORT","JOB_INFORMATION","PAYMENTS","SPARES_USED"]}
{"timestamp":"2026-01-27T09:07:48.852Z","runId":242,"level":"debug","phase":"table_loop","action":"mapping_resolved","tableName":"JOB_REPORT","hasMappingEntry":true,"mappingTarget":"JOB_REPORT"}
{"timestamp":"2026-01-27T09:07:48.852Z","runId":242,"level":"debug","phase":"mapping_debug","tableName":"JOB_REPORT","mappedSource":"JOBREPORT","firebirdTableCount":187,"sampleFirebirdTables":["ACCCLASS","ACCDEPARTMENT","ACCOUNTLINKS","ACCOUNTS","ACCRANGE"]}
{"timestamp":"2026-01-27T09:07:48.924Z","runId":242,"level":"debug","phase":"clean_decision","tableName":"JOB_REPORT","cleanBefore":true,"dryRun":false,"mode":"INSERT"}
{"timestamp":"2026-01-27T09:07:48.924Z","runId":242,"type":"table_cleaning_started","table":"JOB_REPORT","tableRunId":271}
{"timestamp":"2026-01-27T09:07:48.925Z","runId":242,"level":"info","phase":"clean","tableName":"JOB_REPORT","tableRunId":271,"status":"start"}
{"timestamp":"2026-01-27T09:07:48.925Z","runId":242,"level":"debug","phase":"clean","tableName":"JOB_REPORT","tableRunId":271,"action":"fk_checks_disabled"}
{"timestamp":"2026-01-27T09:07:48.952Z","runId":242,"level":"info","phase":"clean","tableName":"JOB_REPORT","tableRunId":271,"status":"success","method":"TRUNCATE","affectedRows":null,"postCount":0,"durationMs":27}
{"timestamp":"2026-01-27T09:07:48.959Z","runId":242,"type":"table_cleaned","table":"JOB_REPORT","tableRunId":271,"method":"TRUNCATE","affectedRows":null,"postCount":0}
{"timestamp":"2026-01-27T09:07:48.960Z","runId":242,"level":"debug","phase":"clean","tableName":"JOB_REPORT","tableRunId":271,"action":"fk_checks_restored"}
{"timestamp":"2026-01-27T09:07:48.960Z","runId":242,"level":"info","phase":"table_start","tableName":"JOB_REPORT","tableRunId":271,"mode":"INSERT","keyStrategy":"preserve","dedupeKeys":[]}
{"timestamp":"2026-01-27T09:07:49.051Z","runId":242,"level":"info","phase":"fetch","tableName":"JOB_REPORT","tableRunId":271,"sourceRows":13962}
{"timestamp":"2026-01-27T09:07:49.301Z","runId":242,"level":"debug","phase":"write","tableName":"JOB_REPORT","tableRunId":271,"status":"start","batchSize":1000}
{"timestamp":"2026-01-27T09:07:49.327Z","runId":242,"level":"debug","phase":"write","tableName":"JOB_REPORT","tableRunId":271,"status":"end","inserted":1000,"updated":0,"skipped":0,"durationMs":26}
{"timestamp":"2026-01-27T09:07:49.533Z","runId":242,"level":"debug","phase":"write","tableName":"JOB_REPORT","tableRunId":271,"status":"start","batchSize":1000}
{"timestamp":"2026-01-27T09:07:49.557Z","runId":242,"level":"debug","phase":"write","tableName":"JOB_REPORT","tableRunId":271,"status":"end","inserted":1000,"updated":0,"skipped":0,"durationMs":24}
{"timestamp":"2026-01-27T09:07:49.799Z","runId":242,"level":"debug","phase":"write","tableName":"JOB_REPORT","tableRunId":271,"status":"start","batchSize":1000}
{"timestamp":"2026-01-27T09:07:49.831Z","runId":242,"level":"debug","phase":"write","tableName":"JOB_REPORT","tableRunId":271,"status":"end","inserted":1000,"updated":0,"skipped":0,"durationMs":32}
{"timestamp":"2026-01-27T09:07:50.101Z","runId":242,"level":"debug","phase":"write","tableName":"JOB_REPORT","tableRunId":271,"status":"start","batchSize":1000}
{"timestamp":"2026-01-27T09:07:50.116Z","runId":242,"level":"debug","phase":"write","tableName":"JOB_REPORT","tableRunId":271,"status":"end","inserted":1000,"updated":0,"skipped":0,"durationMs":15}
{"timestamp":"2026-01-27T09:07:51.219Z","runId":242,"level":"debug","phase":"write","tableName":"JOB_REPORT","tableRunId":271,"status":"start","batchSize":1000}
{"timestamp":"2026-01-27T09:07:51.236Z","runId":242,"level":"debug","phase":"write","tableName":"JOB_REPORT","tableRunId":271,"status":"end","inserted":1000,"updated":0,"skipped":0,"durationMs":17}
{"timestamp":"2026-01-27T09:07:51.494Z","runId":242,"level":"debug","phase":"write","tableName":"JOB_REPORT","tableRunId":271,"status":"start","batchSize":1000}
{"timestamp":"2026-01-27T09:07:51.509Z","runId":242,"level":"debug","phase":"write","tableName":"JOB_REPORT","tableRunId":271,"status":"end","inserted":1000,"updated":0,"skipped":0,"durationMs":15}
{"timestamp":"2026-01-27T09:07:51.761Z","runId":242,"level":"debug","phase":"write","tableName":"JOB_REPORT","tableRunId":271,"status":"start","batchSize":1000}
{"timestamp":"2026-01-27T09:07:51.780Z","runId":242,"level":"debug","phase":"write","tableName":"JOB_REPORT","tableRunId":271,"status":"end","inserted":1000,"updated":0,"skipped":0,"durationMs":19}
{"timestamp":"2026-01-27T09:07:52.060Z","runId":242,"level":"debug","phase":"write","tableName":"JOB_REPORT","tableRunId":271,"status":"start","batchSize":1000}
{"timestamp":"2026-01-27T09:07:52.078Z","runId":242,"level":"debug","phase":"write","tableName":"JOB_REPORT","tableRunId":271,"status":"end","inserted":1000,"updated":0,"skipped":0,"durationMs":18}
{"timestamp":"2026-01-27T09:07:52.335Z","runId":242,"level":"debug","phase":"write","tableName":"JOB_REPORT","tableRunId":271,"status":"start","batchSize":1000}
{"timestamp":"2026-01-27T09:07:52.351Z","runId":242,"level":"debug","phase":"write","tableName":"JOB_REPORT","tableRunId":271,"status":"end","inserted":1000,"updated":0,"skipped":0,"durationMs":16}
{"timestamp":"2026-01-27T09:07:52.574Z","runId":242,"level":"debug","phase":"write","tableName":"JOB_REPORT","tableRunId":271,"status":"start","batchSize":1000}
{"timestamp":"2026-01-27T09:07:52.610Z","runId":242,"level":"debug","phase":"write","tableName":"JOB_REPORT","tableRunId":271,"status":"end","inserted":1000,"updated":0,"skipped":0,"durationMs":36}
{"timestamp":"2026-01-27T09:07:52.899Z","runId":242,"level":"debug","phase":"write","tableName":"JOB_REPORT","tableRunId":271,"status":"start","batchSize":1000}
{"timestamp":"2026-01-27T09:07:52.915Z","runId":242,"level":"debug","phase":"write","tableName":"JOB_REPORT","tableRunId":271,"status":"end","inserted":1000,"updated":0,"skipped":0,"durationMs":16}
{"timestamp":"2026-01-27T09:07:53.192Z","runId":242,"level":"debug","phase":"write","tableName":"JOB_REPORT","tableRunId":271,"status":"start","batchSize":1000}
{"timestamp":"2026-01-27T09:07:53.211Z","runId":242,"level":"debug","phase":"write","tableName":"JOB_REPORT","tableRunId":271,"status":"end","inserted":1000,"updated":0,"skipped":0,"durationMs":19}
{"timestamp":"2026-01-27T09:07:53.465Z","runId":242,"level":"debug","phase":"write","tableName":"JOB_REPORT","tableRunId":271,"status":"start","batchSize":1000}
{"timestamp":"2026-01-27T09:07:53.483Z","runId":242,"level":"debug","phase":"write","tableName":"JOB_REPORT","tableRunId":271,"status":"end","inserted":1000,"updated":0,"skipped":0,"durationMs":18}
{"timestamp":"2026-01-27T09:07:53.714Z","runId":242,"level":"debug","phase":"write","tableName":"JOB_REPORT","tableRunId":271,"status":"start","batchSize":962}
{"timestamp":"2026-01-27T09:07:53.729Z","runId":242,"level":"debug","phase":"write","tableName":"JOB_REPORT","tableRunId":271,"status":"end","inserted":962,"updated":0,"skipped":0,"durationMs":15}
{"timestamp":"2026-01-27T09:07:53.740Z","runId":242,"level":"info","phase":"table_finalize","tableName":"JOB_REPORT","tableRunId":271,"status":"success","inserted":13962,"updated":0,"skipped":0,"errors":0,"durationMs":4775}
{"timestamp":"2026-01-27T09:07:53.741Z","runId":242,"level":"debug","phase":"table_loop","action":"processing","tableName":"SPARES_USED","mappingTableKeys":["INVOICES","JOBREPORT","JOB_INFORMATION","PAYMENTS","SPARES_USED"]}
{"timestamp":"2026-01-27T09:07:53.741Z","runId":242,"level":"debug","phase":"table_loop","action":"mapping_resolved","tableName":"SPARES_USED","hasMappingEntry":true,"mappingTarget":"SPARES_USED"}
{"timestamp":"2026-01-27T09:07:53.742Z","runId":242,"level":"debug","phase":"mapping_debug","tableName":"SPARES_USED","mappedSource":"SPARES_USED","firebirdTableCount":187,"sampleFirebirdTables":["ACCCLASS","ACCDEPARTMENT","ACCOUNTLINKS","ACCOUNTS","ACCRANGE"]}
{"timestamp":"2026-01-27T09:07:53.814Z","runId":242,"level":"debug","phase":"clean_decision","tableName":"SPARES_USED","cleanBefore":true,"dryRun":false,"mode":"INSERT"}
{"timestamp":"2026-01-27T09:07:53.815Z","runId":242,"type":"table_cleaning_started","table":"SPARES_USED","tableRunId":272}
{"timestamp":"2026-01-27T09:07:53.815Z","runId":242,"level":"info","phase":"clean","tableName":"SPARES_USED","tableRunId":272,"status":"start"}
{"timestamp":"2026-01-27T09:07:53.815Z","runId":242,"level":"debug","phase":"clean","tableName":"SPARES_USED","tableRunId":272,"action":"fk_checks_disabled"}
{"timestamp":"2026-01-27T09:07:53.852Z","runId":242,"level":"info","phase":"clean","tableName":"SPARES_USED","tableRunId":272,"status":"success","method":"TRUNCATE","affectedRows":null,"postCount":0,"durationMs":37}
{"timestamp":"2026-01-27T09:07:53.859Z","runId":242,"type":"table_cleaned","table":"SPARES_USED","tableRunId":272,"method":"TRUNCATE","affectedRows":null,"postCount":0}
{"timestamp":"2026-01-27T09:07:53.859Z","runId":242,"level":"debug","phase":"clean","tableName":"SPARES_USED","tableRunId":272,"action":"fk_checks_restored"}
{"timestamp":"2026-01-27T09:07:53.859Z","runId":242,"level":"info","phase":"table_start","tableName":"SPARES_USED","tableRunId":272,"mode":"INSERT","keyStrategy":"preserve","dedupeKeys":[]}
{"timestamp":"2026-01-27T09:07:54.038Z","runId":242,"level":"info","phase":"fetch","tableName":"SPARES_USED","tableRunId":272,"sourceRows":104704}
{"timestamp":"2026-01-27T09:07:54.809Z","runId":242,"level":"debug","phase":"write","tableName":"SPARES_USED","tableRunId":272,"status":"start","batchSize":1000}
{"timestamp":"2026-01-27T09:07:54.850Z","runId":242,"level":"debug","phase":"write","tableName":"SPARES_USED","tableRunId":272,"status":"end","inserted":1000,"updated":0,"skipped":0,"durationMs":41}
{"timestamp":"2026-01-27T09:07:55.625Z","runId":242,"level":"debug","phase":"write","tableName":"SPARES_USED","tableRunId":272,"status":"start","batchSize":1000}
{"timestamp":"2026-01-27T09:07:55.667Z","runId":242,"level":"debug","phase":"write","tableName":"SPARES_USED","tableRunId":272,"status":"end","inserted":1000,"updated":0,"skipped":0,"durationMs":42}
{"timestamp":"2026-01-27T09:07:56.426Z","runId":242,"level":"debug","phase":"write","tableName":"SPARES_USED","tableRunId":272,"status":"start","batchSize":1000}
{"timestamp":"2026-01-27T09:07:56.496Z","runId":242,"level":"debug","phase":"write","tableName":"SPARES_USED","tableRunId":272,"status":"end","inserted":1000,"updated":0,"skipped":0,"durationMs":70}
{"timestamp":"2026-01-27T09:07:57.247Z","runId":242,"level":"debug","phase":"write","tableName":"SPARES_USED","tableRunId":272,"status":"start","batchSize":1000}
{"timestamp":"2026-01-27T09:07:57.272Z","runId":242,"level":"debug","phase":"write","tableName":"SPARES_USED","tableRunId":272,"status":"end","inserted":1000,"updated":0,"skipped":0,"durationMs":25}
{"timestamp":"2026-01-27T09:07:57.793Z","runId":242,"level":"info","phase":"preflight","attempt":1,"status":"ok"}
{"timestamp":"2026-01-27T09:07:57.793Z","runId":242,"level":"debug","phase":"keepalive","status":"ok"}
{"timestamp":"2026-01-27T09:07:57.980Z","runId":242,"level":"debug","phase":"write","tableName":"SPARES_USED","tableRunId":272,"status":"start","batchSize":1000}
{"timestamp":"2026-01-27T09:07:58.024Z","runId":242,"level":"debug","phase":"write","tableName":"SPARES_USED","tableRunId":272,"status":"end","inserted":1000,"updated":0,"skipped":0,"durationMs":44}
{"timestamp":"2026-01-27T09:07:58.765Z","runId":242,"level":"debug","phase":"write","tableName":"SPARES_USED","tableRunId":272,"status":"start","batchSize":1000}
{"timestamp":"2026-01-27T09:07:58.793Z","runId":242,"level":"debug","phase":"write","tableName":"SPARES_USED","tableRunId":272,"status":"end","inserted":1000,"updated":0,"skipped":0,"durationMs":28}
{"timestamp":"2026-01-27T09:07:59.551Z","runId":242,"level":"debug","phase":"write","tableName":"SPARES_USED","tableRunId":272,"status":"start","batchSize":1000}
{"timestamp":"2026-01-27T09:07:59.581Z","runId":242,"level":"debug","phase":"write","tableName":"SPARES_USED","tableRunId":272,"status":"end","inserted":1000,"updated":0,"skipped":0,"durationMs":30}
{"timestamp":"2026-01-27T09:08:01.165Z","runId":242,"level":"debug","phase":"write","tableName":"SPARES_USED","tableRunId":272,"status":"start","batchSize":1000}
{"timestamp":"2026-01-27T09:08:01.196Z","runId":242,"level":"debug","phase":"write","tableName":"SPARES_USED","tableRunId":272,"status":"end","inserted":1000,"updated":0,"skipped":0,"durationMs":31}
{"timestamp":"2026-01-27T09:08:01.956Z","runId":242,"level":"debug","phase":"write","tableName":"SPARES_USED","tableRunId":272,"status":"start","batchSize":1000}
{"timestamp":"2026-01-27T09:08:02.001Z","runId":242,"level":"debug","phase":"write","tableName":"SPARES_USED","tableRunId":272,"status":"end","inserted":1000,"updated":0,"skipped":0,"durationMs":45}
{"timestamp":"2026-01-27T09:08:02.769Z","runId":242,"level":"debug","phase":"write","tableName":"SPARES_USED","tableRunId":272,"status":"start","batchSize":1000}
{"timestamp":"2026-01-27T09:08:02.806Z","runId":242,"level":"debug","phase":"write","tableName":"SPARES_USED","tableRunId":272,"status":"end","inserted":1000,"updated":0,"skipped":0,"durationMs":37}
{"timestamp":"2026-01-27T09:08:03.574Z","runId":242,"level":"debug","phase":"write","tableName":"SPARES_USED","tableRunId":272,"status":"start","batchSize":1000}
{"timestamp":"2026-01-27T09:08:03.602Z","runId":242,"level":"debug","phase":"write","tableName":"SPARES_USED","tableRunId":272,"status":"end","inserted":1000,"updated":0,"skipped":0,"durationMs":28}
{"timestamp":"2026-01-27T09:08:04.332Z","runId":242,"level":"debug","phase":"write","tableName":"SPARES_USED","tableRunId":272,"status":"start","batchSize":1000}
{"timestamp":"2026-01-27T09:08:04.365Z","runId":242,"level":"debug","phase":"write","tableName":"SPARES_USED","tableRunId":272,"status":"end","inserted":1000,"updated":0,"skipped":0,"durationMs":33}
{"timestamp":"2026-01-27T09:08:05.128Z","runId":242,"level":"debug","phase":"write","tableName":"SPARES_USED","tableRunId":272,"status":"start","batchSize":1000}
{"timestamp":"2026-01-27T09:08:05.181Z","runId":242,"level":"debug","phase":"write","tableName":"SPARES_USED","tableRunId":272,"status":"end","inserted":1000,"updated":0,"skipped":0,"durationMs":53}
{"timestamp":"2026-01-27T09:08:05.937Z","runId":242,"level":"debug","phase":"write","tableName":"SPARES_USED","tableRunId":272,"status":"start","batchSize":1000}
{"timestamp":"2026-01-27T09:08:05.971Z","runId":242,"level":"debug","phase":"write","tableName":"SPARES_USED","tableRunId":272,"status":"end","inserted":1000,"updated":0,"skipped":0,"durationMs":34}
{"timestamp":"2026-01-27T09:08:06.741Z","runId":242,"level":"debug","phase":"write","tableName":"SPARES_USED","tableRunId":272,"status":"start","batchSize":1000}
{"timestamp":"2026-01-27T09:08:06.772Z","runId":242,"level":"debug","phase":"write","tableName":"SPARES_USED","tableRunId":272,"status":"end","inserted":1000,"updated":0,"skipped":0,"durationMs":31}
{"timestamp":"2026-01-27T09:08:07.542Z","runId":242,"level":"debug","phase":"write","tableName":"SPARES_USED","tableRunId":272,"status":"start","batchSize":1000}
{"timestamp":"2026-01-27T09:08:07.569Z","runId":242,"level":"debug","phase":"write","tableName":"SPARES_USED","tableRunId":272,"status":"end","inserted":1000,"updated":0,"skipped":0,"durationMs":27}
{"timestamp":"2026-01-27T09:08:09.027Z","runId":242,"level":"debug","phase":"write","tableName":"SPARES_USED","tableRunId":272,"status":"start","batchSize":1000}
{"timestamp":"2026-01-27T09:08:09.054Z","runId":242,"level":"debug","phase":"write","tableName":"SPARES_USED","tableRunId":272,"status":"end","inserted":1000,"updated":0,"skipped":0,"durationMs":27}
{"timestamp":"2026-01-27T09:08:09.821Z","runId":242,"level":"debug","phase":"write","tableName":"SPARES_USED","tableRunId":272,"status":"start","batchSize":1000}
{"timestamp":"2026-01-27T09:08:09.850Z","runId":242,"level":"debug","phase":"write","tableName":"SPARES_USED","tableRunId":272,"status":"end","inserted":1000,"updated":0,"skipped":0,"durationMs":29}
{"timestamp":"2026-01-27T09:08:10.613Z","runId":242,"level":"debug","phase":"write","tableName":"SPARES_USED","tableRunId":272,"status":"start","batchSize":1000}
{"timestamp":"2026-01-27T09:08:10.643Z","runId":242,"level":"debug","phase":"write","tableName":"SPARES_USED","tableRunId":272,"status":"end","inserted":1000,"updated":0,"skipped":0,"durationMs":30}
{"timestamp":"2026-01-27T09:08:11.414Z","runId":242,"level":"debug","phase":"write","tableName":"SPARES_USED","tableRunId":272,"status":"start","batchSize":1000}
{"timestamp":"2026-01-27T09:08:11.442Z","runId":242,"level":"debug","phase":"write","tableName":"SPARES_USED","tableRunId":272,"status":"end","inserted":1000,"updated":0,"skipped":0,"durationMs":28}
{"timestamp":"2026-01-27T09:08:12.209Z","runId":242,"level":"debug","phase":"write","tableName":"SPARES_USED","tableRunId":272,"status":"start","batchSize":1000}
{"timestamp":"2026-01-27T09:08:12.272Z","runId":242,"level":"debug","phase":"write","tableName":"SPARES_USED","tableRunId":272,"status":"end","inserted":1000,"updated":0,"skipped":0,"durationMs":63}
{"timestamp":"2026-01-27T09:08:13.704Z","runId":242,"level":"debug","phase":"write","tableName":"SPARES_USED","tableRunId":272,"status":"start","batchSize":1000}
{"timestamp":"2026-01-27T09:08:13.739Z","runId":242,"level":"debug","phase":"write","tableName":"SPARES_USED","tableRunId":272,"status":"end","inserted":1000,"updated":0,"skipped":0,"durationMs":35}
{"timestamp":"2026-01-27T09:08:14.554Z","runId":242,"level":"debug","phase":"write","tableName":"SPARES_USED","tableRunId":272,"status":"start","batchSize":1000}
{"timestamp":"2026-01-27T09:08:14.591Z","runId":242,"level":"debug","phase":"write","tableName":"SPARES_USED","tableRunId":272,"status":"end","inserted":1000,"updated":0,"skipped":0,"durationMs":37}
{"timestamp":"2026-01-27T09:08:15.385Z","runId":242,"level":"debug","phase":"write","tableName":"SPARES_USED","tableRunId":272,"status":"start","batchSize":1000}
{"timestamp":"2026-01-27T09:08:15.421Z","runId":242,"level":"debug","phase":"write","tableName":"SPARES_USED","tableRunId":272,"status":"end","inserted":1000,"updated":0,"skipped":0,"durationMs":36}
{"timestamp":"2026-01-27T09:08:16.250Z","runId":242,"level":"debug","phase":"write","tableName":"SPARES_USED","tableRunId":272,"status":"start","batchSize":1000}
{"timestamp":"2026-01-27T09:08:16.287Z","runId":242,"level":"debug","phase":"write","tableName":"SPARES_USED","tableRunId":272,"status":"end","inserted":1000,"updated":0,"skipped":0,"durationMs":37}
{"timestamp":"2026-01-27T09:08:17.100Z","runId":242,"level":"debug","phase":"write","tableName":"SPARES_USED","tableRunId":272,"status":"start","batchSize":1000}
{"timestamp":"2026-01-27T09:08:17.141Z","runId":242,"level":"debug","phase":"write","tableName":"SPARES_USED","tableRunId":272,"status":"end","inserted":1000,"updated":0,"skipped":0,"durationMs":41}
{"timestamp":"2026-01-27T09:08:17.813Z","runId":242,"level":"info","phase":"preflight","attempt":1,"status":"ok"}
{"timestamp":"2026-01-27T09:08:17.814Z","runId":242,"level":"debug","phase":"keepalive","status":"ok"}
{"timestamp":"2026-01-27T09:08:17.931Z","runId":242,"level":"debug","phase":"write","tableName":"SPARES_USED","tableRunId":272,"status":"start","batchSize":1000}
{"timestamp":"2026-01-27T09:08:17.974Z","runId":242,"level":"debug","phase":"write","tableName":"SPARES_USED","tableRunId":272,"status":"end","inserted":1000,"updated":0,"skipped":0,"durationMs":43}
{"timestamp":"2026-01-27T09:08:18.774Z","runId":242,"level":"debug","phase":"write","tableName":"SPARES_USED","tableRunId":272,"status":"start","batchSize":1000}
{"timestamp":"2026-01-27T09:08:18.806Z","runId":242,"level":"debug","phase":"write","tableName":"SPARES_USED","tableRunId":272,"status":"end","inserted":1000,"updated":0,"skipped":0,"durationMs":32}
{"timestamp":"2026-01-27T09:08:19.615Z","runId":242,"level":"debug","phase":"write","tableName":"SPARES_USED","tableRunId":272,"status":"start","batchSize":1000}
{"timestamp":"2026-01-27T09:08:19.688Z","runId":242,"level":"debug","phase":"write","tableName":"SPARES_USED","tableRunId":272,"status":"end","inserted":1000,"updated":0,"skipped":0,"durationMs":73}
{"timestamp":"2026-01-27T09:08:20.522Z","runId":242,"level":"debug","phase":"write","tableName":"SPARES_USED","tableRunId":272,"status":"start","batchSize":1000}
{"timestamp":"2026-01-27T09:08:20.554Z","runId":242,"level":"debug","phase":"write","tableName":"SPARES_USED","tableRunId":272,"status":"end","inserted":1000,"updated":0,"skipped":0,"durationMs":32}
{"timestamp":"2026-01-27T09:08:21.363Z","runId":242,"level":"debug","phase":"write","tableName":"SPARES_USED","tableRunId":272,"status":"start","batchSize":1000}
{"timestamp":"2026-01-27T09:08:21.391Z","runId":242,"level":"debug","phase":"write","tableName":"SPARES_USED","tableRunId":272,"status":"end","inserted":1000,"updated":0,"skipped":0,"durationMs":28}
{"timestamp":"2026-01-27T09:08:22.186Z","runId":242,"level":"debug","phase":"write","tableName":"SPARES_USED","tableRunId":272,"status":"start","batchSize":1000}
{"timestamp":"2026-01-27T09:08:22.216Z","runId":242,"level":"debug","phase":"write","tableName":"SPARES_USED","tableRunId":272,"status":"end","inserted":1000,"updated":0,"skipped":0,"durationMs":30}
{"timestamp":"2026-01-27T09:08:23.722Z","runId":242,"level":"debug","phase":"write","tableName":"SPARES_USED","tableRunId":272,"status":"start","batchSize":1000}
{"timestamp":"2026-01-27T09:08:23.752Z","runId":242,"level":"debug","phase":"write","tableName":"SPARES_USED","tableRunId":272,"status":"end","inserted":1000,"updated":0,"skipped":0,"durationMs":30}
{"timestamp":"2026-01-27T09:08:24.551Z","runId":242,"level":"debug","phase":"write","tableName":"SPARES_USED","tableRunId":272,"status":"start","batchSize":1000}
{"timestamp":"2026-01-27T09:08:24.586Z","runId":242,"level":"debug","phase":"write","tableName":"SPARES_USED","tableRunId":272,"status":"end","inserted":1000,"updated":0,"skipped":0,"durationMs":35}
{"timestamp":"2026-01-27T09:08:25.393Z","runId":242,"level":"debug","phase":"write","tableName":"SPARES_USED","tableRunId":272,"status":"start","batchSize":1000}
{"timestamp":"2026-01-27T09:08:25.423Z","runId":242,"level":"debug","phase":"write","tableName":"SPARES_USED","tableRunId":272,"status":"end","inserted":999,"updated":0,"skipped":1,"durationMs":30}
{"timestamp":"2026-01-27T09:08:26.222Z","runId":242,"level":"debug","phase":"write","tableName":"SPARES_USED","tableRunId":272,"status":"start","batchSize":1000}
{"timestamp":"2026-01-27T09:08:26.288Z","runId":242,"level":"debug","phase":"write","tableName":"SPARES_USED","tableRunId":272,"status":"end","inserted":998,"updated":0,"skipped":2,"durationMs":66}
{"timestamp":"2026-01-27T09:08:27.091Z","runId":242,"level":"debug","phase":"write","tableName":"SPARES_USED","tableRunId":272,"status":"start","batchSize":1000}
{"timestamp":"2026-01-27T09:08:27.122Z","runId":242,"level":"debug","phase":"write","tableName":"SPARES_USED","tableRunId":272,"status":"end","inserted":1000,"updated":0,"skipped":0,"durationMs":31}
{"timestamp":"2026-01-27T09:08:27.916Z","runId":242,"level":"debug","phase":"write","tableName":"SPARES_USED","tableRunId":272,"status":"start","batchSize":1000}
{"timestamp":"2026-01-27T09:08:27.949Z","runId":242,"level":"debug","phase":"write","tableName":"SPARES_USED","tableRunId":272,"status":"end","inserted":999,"updated":0,"skipped":1,"durationMs":33}
{"timestamp":"2026-01-27T09:08:29.272Z","runId":242,"level":"debug","phase":"write","tableName":"SPARES_USED","tableRunId":272,"status":"start","batchSize":1000}
{"timestamp":"2026-01-27T09:08:29.303Z","runId":242,"level":"debug","phase":"write","tableName":"SPARES_USED","tableRunId":272,"status":"end","inserted":998,"updated":0,"skipped":2,"durationMs":31}
{"timestamp":"2026-01-27T09:08:30.043Z","runId":242,"level":"debug","phase":"write","tableName":"SPARES_USED","tableRunId":272,"status":"start","batchSize":1000}
{"timestamp":"2026-01-27T09:08:30.089Z","runId":242,"level":"debug","phase":"write","tableName":"SPARES_USED","tableRunId":272,"status":"end","inserted":1000,"updated":0,"skipped":0,"durationMs":46}
{"timestamp":"2026-01-27T09:08:30.861Z","runId":242,"level":"debug","phase":"write","tableName":"SPARES_USED","tableRunId":272,"status":"start","batchSize":1000}
{"timestamp":"2026-01-27T09:08:30.895Z","runId":242,"level":"debug","phase":"write","tableName":"SPARES_USED","tableRunId":272,"status":"end","inserted":1000,"updated":0,"skipped":0,"durationMs":34}
{"timestamp":"2026-01-27T09:08:31.326Z","runId":242,"level":"debug","phase":"write","tableName":"SPARES_USED","tableRunId":272,"status":"start","batchSize":1000}
{"timestamp":"2026-01-27T09:08:31.358Z","runId":242,"level":"debug","phase":"write","tableName":"SPARES_USED","tableRunId":272,"status":"end","inserted":996,"updated":0,"skipped":4,"durationMs":32}
{"timestamp":"2026-01-27T09:08:32.199Z","runId":242,"level":"debug","phase":"write","tableName":"SPARES_USED","tableRunId":272,"status":"start","batchSize":1000}
{"timestamp":"2026-01-27T09:08:32.231Z","runId":242,"level":"debug","phase":"write","tableName":"SPARES_USED","tableRunId":272,"status":"end","inserted":1000,"updated":0,"skipped":0,"durationMs":32}
{"timestamp":"2026-01-27T09:08:33.043Z","runId":242,"level":"debug","phase":"write","tableName":"SPARES_USED","tableRunId":272,"status":"start","batchSize":1000}
{"timestamp":"2026-01-27T09:08:33.105Z","runId":242,"level":"debug","phase":"write","tableName":"SPARES_USED","tableRunId":272,"status":"end","inserted":996,"updated":0,"skipped":4,"durationMs":62}
{"timestamp":"2026-01-27T09:08:34.707Z","runId":242,"level":"debug","phase":"write","tableName":"SPARES_USED","tableRunId":272,"status":"start","batchSize":1000}
{"timestamp":"2026-01-27T09:08:34.737Z","runId":242,"level":"debug","phase":"write","tableName":"SPARES_USED","tableRunId":272,"status":"end","inserted":1000,"updated":0,"skipped":0,"durationMs":30}
{"timestamp":"2026-01-27T09:08:35.562Z","runId":242,"level":"debug","phase":"write","tableName":"SPARES_USED","tableRunId":272,"status":"start","batchSize":1000}
{"timestamp":"2026-01-27T09:08:35.598Z","runId":242,"level":"debug","phase":"write","tableName":"SPARES_USED","tableRunId":272,"status":"end","inserted":1000,"updated":0,"skipped":0,"durationMs":36}
{"timestamp":"2026-01-27T09:08:36.429Z","runId":242,"level":"debug","phase":"write","tableName":"SPARES_USED","tableRunId":272,"status":"start","batchSize":1000}
{"timestamp":"2026-01-27T09:08:36.459Z","runId":242,"level":"debug","phase":"write","tableName":"SPARES_USED","tableRunId":272,"status":"end","inserted":1000,"updated":0,"skipped":0,"durationMs":30}
{"timestamp":"2026-01-27T09:08:37.275Z","runId":242,"level":"debug","phase":"write","tableName":"SPARES_USED","tableRunId":272,"status":"start","batchSize":1000}
{"timestamp":"2026-01-27T09:08:37.311Z","runId":242,"level":"debug","phase":"write","tableName":"SPARES_USED","tableRunId":272,"status":"end","inserted":995,"updated":0,"skipped":5,"durationMs":36}
{"timestamp":"2026-01-27T09:08:37.814Z","runId":242,"level":"info","phase":"preflight","attempt":1,"status":"ok"}
{"timestamp":"2026-01-27T09:08:37.814Z","runId":242,"level":"debug","phase":"keepalive","status":"ok"}
{"timestamp":"2026-01-27T09:08:38.098Z","runId":242,"level":"debug","phase":"write","tableName":"SPARES_USED","tableRunId":272,"status":"start","batchSize":1000}
{"timestamp":"2026-01-27T09:08:38.132Z","runId":242,"level":"debug","phase":"write","tableName":"SPARES_USED","tableRunId":272,"status":"end","inserted":999,"updated":0,"skipped":1,"durationMs":34}
{"timestamp":"2026-01-27T09:08:38.926Z","runId":242,"level":"debug","phase":"write","tableName":"SPARES_USED","tableRunId":272,"status":"start","batchSize":1000}
{"timestamp":"2026-01-27T09:08:38.955Z","runId":242,"level":"debug","phase":"write","tableName":"SPARES_USED","tableRunId":272,"status":"end","inserted":1000,"updated":0,"skipped":0,"durationMs":29}
{"timestamp":"2026-01-27T09:08:39.771Z","runId":242,"level":"debug","phase":"write","tableName":"SPARES_USED","tableRunId":272,"status":"start","batchSize":1000}
{"timestamp":"2026-01-27T09:08:39.809Z","runId":242,"level":"debug","phase":"write","tableName":"SPARES_USED","tableRunId":272,"status":"end","inserted":1000,"updated":0,"skipped":0,"durationMs":38}
{"timestamp":"2026-01-27T09:08:40.668Z","runId":242,"level":"debug","phase":"write","tableName":"SPARES_USED","tableRunId":272,"status":"start","batchSize":1000}
{"timestamp":"2026-01-27T09:08:40.736Z","runId":242,"level":"debug","phase":"write","tableName":"SPARES_USED","tableRunId":272,"status":"end","inserted":1000,"updated":0,"skipped":0,"durationMs":68}
{"timestamp":"2026-01-27T09:08:41.579Z","runId":242,"level":"debug","phase":"write","tableName":"SPARES_USED","tableRunId":272,"status":"start","batchSize":1000}
{"timestamp":"2026-01-27T09:08:41.616Z","runId":242,"level":"debug","phase":"write","tableName":"SPARES_USED","tableRunId":272,"status":"end","inserted":1000,"updated":0,"skipped":0,"durationMs":37}
{"timestamp":"2026-01-27T09:08:42.425Z","runId":242,"level":"debug","phase":"write","tableName":"SPARES_USED","tableRunId":272,"status":"start","batchSize":1000}
{"timestamp":"2026-01-27T09:08:42.455Z","runId":242,"level":"debug","phase":"write","tableName":"SPARES_USED","tableRunId":272,"status":"end","inserted":1000,"updated":0,"skipped":0,"durationMs":30}
{"timestamp":"2026-01-27T09:08:43.298Z","runId":242,"level":"debug","phase":"write","tableName":"SPARES_USED","tableRunId":272,"status":"start","batchSize":1000}
{"timestamp":"2026-01-27T09:08:43.330Z","runId":242,"level":"debug","phase":"write","tableName":"SPARES_USED","tableRunId":272,"status":"end","inserted":998,"updated":0,"skipped":2,"durationMs":32}
{"timestamp":"2026-01-27T09:08:44.807Z","runId":242,"level":"debug","phase":"write","tableName":"SPARES_USED","tableRunId":272,"status":"start","batchSize":1000}
{"timestamp":"2026-01-27T09:08:44.834Z","runId":242,"level":"debug","phase":"write","tableName":"SPARES_USED","tableRunId":272,"status":"end","inserted":999,"updated":0,"skipped":1,"durationMs":27}
{"timestamp":"2026-01-27T09:08:45.670Z","runId":242,"level":"debug","phase":"write","tableName":"SPARES_USED","tableRunId":272,"status":"start","batchSize":1000}
{"timestamp":"2026-01-27T09:08:45.700Z","runId":242,"level":"debug","phase":"write","tableName":"SPARES_USED","tableRunId":272,"status":"end","inserted":998,"updated":0,"skipped":2,"durationMs":30}
{"timestamp":"2026-01-27T09:08:46.502Z","runId":242,"level":"debug","phase":"write","tableName":"SPARES_USED","tableRunId":272,"status":"start","batchSize":1000}
{"timestamp":"2026-01-27T09:08:46.533Z","runId":242,"level":"debug","phase":"write","tableName":"SPARES_USED","tableRunId":272,"status":"end","inserted":999,"updated":0,"skipped":1,"durationMs":31}
{"timestamp":"2026-01-27T09:08:47.391Z","runId":242,"level":"debug","phase":"write","tableName":"SPARES_USED","tableRunId":272,"status":"start","batchSize":1000}
{"timestamp":"2026-01-27T09:08:47.421Z","runId":242,"level":"debug","phase":"write","tableName":"SPARES_USED","tableRunId":272,"status":"end","inserted":1000,"updated":0,"skipped":0,"durationMs":30}
{"timestamp":"2026-01-27T09:08:48.239Z","runId":242,"level":"debug","phase":"write","tableName":"SPARES_USED","tableRunId":272,"status":"start","batchSize":1000}
{"timestamp":"2026-01-27T09:08:48.272Z","runId":242,"level":"debug","phase":"write","tableName":"SPARES_USED","tableRunId":272,"status":"end","inserted":1000,"updated":0,"skipped":0,"durationMs":33}
{"timestamp":"2026-01-27T09:08:49.089Z","runId":242,"level":"debug","phase":"write","tableName":"SPARES_USED","tableRunId":272,"status":"start","batchSize":1000}
{"timestamp":"2026-01-27T09:08:49.116Z","runId":242,"level":"debug","phase":"write","tableName":"SPARES_USED","tableRunId":272,"status":"end","inserted":1000,"updated":0,"skipped":0,"durationMs":27}
{"timestamp":"2026-01-27T09:08:49.959Z","runId":242,"level":"debug","phase":"write","tableName":"SPARES_USED","tableRunId":272,"status":"start","batchSize":1000}
{"timestamp":"2026-01-27T09:08:49.993Z","runId":242,"level":"debug","phase":"write","tableName":"SPARES_USED","tableRunId":272,"status":"end","inserted":999,"updated":0,"skipped":1,"durationMs":33}
{"timestamp":"2026-01-27T09:08:50.835Z","runId":242,"level":"debug","phase":"write","tableName":"SPARES_USED","tableRunId":272,"status":"start","batchSize":1000}
{"timestamp":"2026-01-27T09:08:50.869Z","runId":242,"level":"debug","phase":"write","tableName":"SPARES_USED","tableRunId":272,"status":"end","inserted":1000,"updated":0,"skipped":0,"durationMs":34}
{"timestamp":"2026-01-27T09:08:51.722Z","runId":242,"level":"debug","phase":"write","tableName":"SPARES_USED","tableRunId":272,"status":"start","batchSize":1000}
{"timestamp":"2026-01-27T09:08:51.749Z","runId":242,"level":"debug","phase":"write","tableName":"SPARES_USED","tableRunId":272,"status":"end","inserted":1000,"updated":0,"skipped":0,"durationMs":27}
{"timestamp":"2026-01-27T09:08:52.597Z","runId":242,"level":"debug","phase":"write","tableName":"SPARES_USED","tableRunId":272,"status":"start","batchSize":1000}
{"timestamp":"2026-01-27T09:08:52.629Z","runId":242,"level":"debug","phase":"write","tableName":"SPARES_USED","tableRunId":272,"status":"end","inserted":1000,"updated":0,"skipped":0,"durationMs":32}
{"timestamp":"2026-01-27T09:08:53.480Z","runId":242,"level":"debug","phase":"write","tableName":"SPARES_USED","tableRunId":272,"status":"start","batchSize":1000}
{"timestamp":"2026-01-27T09:08:53.506Z","runId":242,"level":"debug","phase":"write","tableName":"SPARES_USED","tableRunId":272,"status":"end","inserted":1000,"updated":0,"skipped":0,"durationMs":26}
{"timestamp":"2026-01-27T09:08:54.330Z","runId":242,"level":"debug","phase":"write","tableName":"SPARES_USED","tableRunId":272,"status":"start","batchSize":1000}
{"timestamp":"2026-01-27T09:08:54.376Z","runId":242,"level":"debug","phase":"write","tableName":"SPARES_USED","tableRunId":272,"status":"end","inserted":1000,"updated":0,"skipped":0,"durationMs":46}
{"timestamp":"2026-01-27T09:08:55.243Z","runId":242,"level":"debug","phase":"write","tableName":"SPARES_USED","tableRunId":272,"status":"start","batchSize":1000}
{"timestamp":"2026-01-27T09:08:55.276Z","runId":242,"level":"debug","phase":"write","tableName":"SPARES_USED","tableRunId":272,"status":"end","inserted":1000,"updated":0,"skipped":0,"durationMs":33}
{"timestamp":"2026-01-27T09:08:56.158Z","runId":242,"level":"debug","phase":"write","tableName":"SPARES_USED","tableRunId":272,"status":"start","batchSize":1000}
{"timestamp":"2026-01-27T09:08:56.190Z","runId":242,"level":"debug","phase":"write","tableName":"SPARES_USED","tableRunId":272,"status":"end","inserted":1000,"updated":0,"skipped":0,"durationMs":32}
{"timestamp":"2026-01-27T09:08:57.047Z","runId":242,"level":"debug","phase":"write","tableName":"SPARES_USED","tableRunId":272,"status":"start","batchSize":1000}
{"timestamp":"2026-01-27T09:08:57.078Z","runId":242,"level":"debug","phase":"write","tableName":"SPARES_USED","tableRunId":272,"status":"end","inserted":1000,"updated":0,"skipped":0,"durationMs":31}
{"timestamp":"2026-01-27T09:08:57.811Z","runId":242,"level":"info","phase":"preflight","attempt":1,"status":"ok"}
{"timestamp":"2026-01-27T09:08:57.811Z","runId":242,"level":"debug","phase":"keepalive","status":"ok"}
{"timestamp":"2026-01-27T09:08:57.903Z","runId":242,"level":"debug","phase":"write","tableName":"SPARES_USED","tableRunId":272,"status":"start","batchSize":1000}
{"timestamp":"2026-01-27T09:08:57.936Z","runId":242,"level":"debug","phase":"write","tableName":"SPARES_USED","tableRunId":272,"status":"end","inserted":1000,"updated":0,"skipped":0,"durationMs":33}
{"timestamp":"2026-01-27T09:08:58.843Z","runId":242,"level":"debug","phase":"write","tableName":"SPARES_USED","tableRunId":272,"status":"start","batchSize":1000}
{"timestamp":"2026-01-27T09:08:58.884Z","runId":242,"level":"debug","phase":"write","tableName":"SPARES_USED","tableRunId":272,"status":"end","inserted":994,"updated":0,"skipped":6,"durationMs":41}
{"timestamp":"2026-01-27T09:08:59.788Z","runId":242,"level":"debug","phase":"write","tableName":"SPARES_USED","tableRunId":272,"status":"start","batchSize":1000}
{"timestamp":"2026-01-27T09:08:59.822Z","runId":242,"level":"debug","phase":"write","tableName":"SPARES_USED","tableRunId":272,"status":"end","inserted":995,"updated":0,"skipped":5,"durationMs":34}
{"timestamp":"2026-01-27T09:09:00.737Z","runId":242,"level":"debug","phase":"write","tableName":"SPARES_USED","tableRunId":272,"status":"start","batchSize":1000}
{"timestamp":"2026-01-27T09:09:00.774Z","runId":242,"level":"debug","phase":"write","tableName":"SPARES_USED","tableRunId":272,"status":"end","inserted":986,"updated":0,"skipped":14,"durationMs":37}
{"timestamp":"2026-01-27T09:09:01.701Z","runId":242,"level":"debug","phase":"write","tableName":"SPARES_USED","tableRunId":272,"status":"start","batchSize":1000}
{"timestamp":"2026-01-27T09:09:01.755Z","runId":242,"level":"debug","phase":"write","tableName":"SPARES_USED","tableRunId":272,"status":"end","inserted":992,"updated":0,"skipped":8,"durationMs":54}
{"timestamp":"2026-01-27T09:09:02.677Z","runId":242,"level":"debug","phase":"write","tableName":"SPARES_USED","tableRunId":272,"status":"start","batchSize":1000}
{"timestamp":"2026-01-27T09:09:02.710Z","runId":242,"level":"debug","phase":"write","tableName":"SPARES_USED","tableRunId":272,"status":"end","inserted":995,"updated":0,"skipped":5,"durationMs":33}
{"timestamp":"2026-01-27T09:09:03.613Z","runId":242,"level":"debug","phase":"write","tableName":"SPARES_USED","tableRunId":272,"status":"start","batchSize":1000}
{"timestamp":"2026-01-27T09:09:03.649Z","runId":242,"level":"debug","phase":"write","tableName":"SPARES_USED","tableRunId":272,"status":"end","inserted":997,"updated":0,"skipped":3,"durationMs":36}
{"timestamp":"2026-01-27T09:09:04.601Z","runId":242,"level":"debug","phase":"write","tableName":"SPARES_USED","tableRunId":272,"status":"start","batchSize":1000}
{"timestamp":"2026-01-27T09:09:04.633Z","runId":242,"level":"debug","phase":"write","tableName":"SPARES_USED","tableRunId":272,"status":"end","inserted":999,"updated":0,"skipped":1,"durationMs":32}
{"timestamp":"2026-01-27T09:09:05.560Z","runId":242,"level":"debug","phase":"write","tableName":"SPARES_USED","tableRunId":272,"status":"start","batchSize":1000}
{"timestamp":"2026-01-27T09:09:05.595Z","runId":242,"level":"debug","phase":"write","tableName":"SPARES_USED","tableRunId":272,"status":"end","inserted":997,"updated":0,"skipped":3,"durationMs":35}
{"timestamp":"2026-01-27T09:09:06.518Z","runId":242,"level":"debug","phase":"write","tableName":"SPARES_USED","tableRunId":272,"status":"start","batchSize":1000}
{"timestamp":"2026-01-27T09:09:06.551Z","runId":242,"level":"debug","phase":"write","tableName":"SPARES_USED","tableRunId":272,"status":"end","inserted":999,"updated":0,"skipped":1,"durationMs":33}
{"timestamp":"2026-01-27T09:09:07.497Z","runId":242,"level":"debug","phase":"write","tableName":"SPARES_USED","tableRunId":272,"status":"start","batchSize":1000}
{"timestamp":"2026-01-27T09:09:07.534Z","runId":242,"level":"debug","phase":"write","tableName":"SPARES_USED","tableRunId":272,"status":"end","inserted":996,"updated":0,"skipped":4,"durationMs":37}
{"timestamp":"2026-01-27T09:09:08.477Z","runId":242,"level":"debug","phase":"write","tableName":"SPARES_USED","tableRunId":272,"status":"start","batchSize":1000}
{"timestamp":"2026-01-27T09:09:08.516Z","runId":242,"level":"debug","phase":"write","tableName":"SPARES_USED","tableRunId":272,"status":"end","inserted":994,"updated":0,"skipped":6,"durationMs":39}
{"timestamp":"2026-01-27T09:09:09.452Z","runId":242,"level":"debug","phase":"write","tableName":"SPARES_USED","tableRunId":272,"status":"start","batchSize":1000}
{"timestamp":"2026-01-27T09:09:09.505Z","runId":242,"level":"debug","phase":"write","tableName":"SPARES_USED","tableRunId":272,"status":"end","inserted":997,"updated":0,"skipped":3,"durationMs":53}
{"timestamp":"2026-01-27T09:09:10.434Z","runId":242,"level":"debug","phase":"write","tableName":"SPARES_USED","tableRunId":272,"status":"start","batchSize":1000}
{"timestamp":"2026-01-27T09:09:10.469Z","runId":242,"level":"debug","phase":"write","tableName":"SPARES_USED","tableRunId":272,"status":"end","inserted":998,"updated":0,"skipped":2,"durationMs":35}
{"timestamp":"2026-01-27T09:09:11.408Z","runId":242,"level":"debug","phase":"write","tableName":"SPARES_USED","tableRunId":272,"status":"start","batchSize":1000}
{"timestamp":"2026-01-27T09:09:11.443Z","runId":242,"level":"debug","phase":"write","tableName":"SPARES_USED","tableRunId":272,"status":"end","inserted":1000,"updated":0,"skipped":0,"durationMs":35}
{"timestamp":"2026-01-27T09:09:12.362Z","runId":242,"level":"debug","phase":"write","tableName":"SPARES_USED","tableRunId":272,"status":"start","batchSize":1000}
{"timestamp":"2026-01-27T09:09:12.398Z","runId":242,"level":"debug","phase":"write","tableName":"SPARES_USED","tableRunId":272,"status":"end","inserted":998,"updated":0,"skipped":2,"durationMs":36}
{"timestamp":"2026-01-27T09:09:14.110Z","runId":242,"level":"debug","phase":"write","tableName":"SPARES_USED","tableRunId":272,"status":"start","batchSize":1000}
{"timestamp":"2026-01-27T09:09:14.154Z","runId":242,"level":"debug","phase":"write","tableName":"SPARES_USED","tableRunId":272,"status":"end","inserted":996,"updated":0,"skipped":4,"durationMs":44}
{"timestamp":"2026-01-27T09:09:15.106Z","runId":242,"level":"debug","phase":"write","tableName":"SPARES_USED","tableRunId":272,"status":"start","batchSize":1000}
{"timestamp":"2026-01-27T09:09:15.164Z","runId":242,"level":"debug","phase":"write","tableName":"SPARES_USED","tableRunId":272,"status":"end","inserted":998,"updated":0,"skipped":2,"durationMs":58}
{"timestamp":"2026-01-27T09:09:16.080Z","runId":242,"level":"debug","phase":"write","tableName":"SPARES_USED","tableRunId":272,"status":"start","batchSize":1000}
{"timestamp":"2026-01-27T09:09:16.115Z","runId":242,"level":"debug","phase":"write","tableName":"SPARES_USED","tableRunId":272,"status":"end","inserted":997,"updated":0,"skipped":3,"durationMs":35}
{"timestamp":"2026-01-27T09:09:17.069Z","runId":242,"level":"debug","phase":"write","tableName":"SPARES_USED","tableRunId":272,"status":"start","batchSize":1000}
{"timestamp":"2026-01-27T09:09:17.117Z","runId":242,"level":"debug","phase":"write","tableName":"SPARES_USED","tableRunId":272,"status":"end","inserted":996,"updated":0,"skipped":4,"durationMs":48}
{"timestamp":"2026-01-27T09:09:17.816Z","runId":242,"level":"info","phase":"preflight","attempt":1,"status":"ok"}
{"timestamp":"2026-01-27T09:09:17.817Z","runId":242,"level":"debug","phase":"keepalive","status":"ok"}
{"timestamp":"2026-01-27T09:09:17.985Z","runId":242,"level":"debug","phase":"write","tableName":"SPARES_USED","tableRunId":272,"status":"start","batchSize":1000}
{"timestamp":"2026-01-27T09:09:18.024Z","runId":242,"level":"debug","phase":"write","tableName":"SPARES_USED","tableRunId":272,"status":"end","inserted":981,"updated":0,"skipped":19,"durationMs":39}
{"timestamp":"2026-01-27T09:09:18.986Z","runId":242,"level":"debug","phase":"write","tableName":"SPARES_USED","tableRunId":272,"status":"start","batchSize":1000}
{"timestamp":"2026-01-27T09:09:19.035Z","runId":242,"level":"debug","phase":"write","tableName":"SPARES_USED","tableRunId":272,"status":"end","inserted":995,"updated":0,"skipped":5,"durationMs":49}
{"timestamp":"2026-01-27T09:09:20.010Z","runId":242,"level":"debug","phase":"write","tableName":"SPARES_USED","tableRunId":272,"status":"start","batchSize":1000}
{"timestamp":"2026-01-27T09:09:20.058Z","runId":242,"level":"debug","phase":"write","tableName":"SPARES_USED","tableRunId":272,"status":"end","inserted":983,"updated":0,"skipped":17,"durationMs":48}
{"timestamp":"2026-01-27T09:09:21.030Z","runId":242,"level":"debug","phase":"write","tableName":"SPARES_USED","tableRunId":272,"status":"start","batchSize":1000}
{"timestamp":"2026-01-27T09:09:21.067Z","runId":242,"level":"debug","phase":"write","tableName":"SPARES_USED","tableRunId":272,"status":"end","inserted":983,"updated":0,"skipped":17,"durationMs":37}
{"timestamp":"2026-01-27T09:09:22.041Z","runId":242,"level":"debug","phase":"write","tableName":"SPARES_USED","tableRunId":272,"status":"start","batchSize":1000}
{"timestamp":"2026-01-27T09:09:22.077Z","runId":242,"level":"debug","phase":"write","tableName":"SPARES_USED","tableRunId":272,"status":"end","inserted":991,"updated":0,"skipped":9,"durationMs":36}
{"timestamp":"2026-01-27T09:09:23.070Z","runId":242,"level":"debug","phase":"write","tableName":"SPARES_USED","tableRunId":272,"status":"start","batchSize":1000}
{"timestamp":"2026-01-27T09:09:23.120Z","runId":242,"level":"debug","phase":"write","tableName":"SPARES_USED","tableRunId":272,"status":"end","inserted":997,"updated":0,"skipped":3,"durationMs":50}
{"timestamp":"2026-01-27T09:09:24.819Z","runId":242,"level":"debug","phase":"write","tableName":"SPARES_USED","tableRunId":272,"status":"start","batchSize":1000}
{"timestamp":"2026-01-27T09:09:24.879Z","runId":242,"level":"debug","phase":"write","tableName":"SPARES_USED","tableRunId":272,"status":"end","inserted":990,"updated":0,"skipped":10,"durationMs":60}
{"timestamp":"2026-01-27T09:09:25.876Z","runId":242,"level":"debug","phase":"write","tableName":"SPARES_USED","tableRunId":272,"status":"start","batchSize":1000}
{"timestamp":"2026-01-27T09:09:25.927Z","runId":242,"level":"debug","phase":"write","tableName":"SPARES_USED","tableRunId":272,"status":"end","inserted":979,"updated":0,"skipped":21,"durationMs":51}
{"timestamp":"2026-01-27T09:09:26.796Z","runId":242,"level":"debug","phase":"write","tableName":"SPARES_USED","tableRunId":272,"status":"start","batchSize":1000}
{"timestamp":"2026-01-27T09:09:26.831Z","runId":242,"level":"debug","phase":"write","tableName":"SPARES_USED","tableRunId":272,"status":"end","inserted":988,"updated":0,"skipped":12,"durationMs":35}
{"timestamp":"2026-01-27T09:09:27.785Z","runId":242,"level":"debug","phase":"write","tableName":"SPARES_USED","tableRunId":272,"status":"start","batchSize":1000}
{"timestamp":"2026-01-27T09:09:27.817Z","runId":242,"level":"debug","phase":"write","tableName":"SPARES_USED","tableRunId":272,"status":"end","inserted":993,"updated":0,"skipped":7,"durationMs":32}
{"timestamp":"2026-01-27T09:09:28.747Z","runId":242,"level":"debug","phase":"write","tableName":"SPARES_USED","tableRunId":272,"status":"start","batchSize":1000}
{"timestamp":"2026-01-27T09:09:28.785Z","runId":242,"level":"debug","phase":"write","tableName":"SPARES_USED","tableRunId":272,"status":"end","inserted":991,"updated":0,"skipped":9,"durationMs":38}
{"timestamp":"2026-01-27T09:09:29.675Z","runId":242,"level":"debug","phase":"write","tableName":"SPARES_USED","tableRunId":272,"status":"start","batchSize":1000}
{"timestamp":"2026-01-27T09:09:29.727Z","runId":242,"level":"debug","phase":"write","tableName":"SPARES_USED","tableRunId":272,"status":"end","inserted":989,"updated":0,"skipped":11,"durationMs":52}
{"timestamp":"2026-01-27T09:09:30.677Z","runId":242,"level":"debug","phase":"write","tableName":"SPARES_USED","tableRunId":272,"status":"start","batchSize":1000}
{"timestamp":"2026-01-27T09:09:30.712Z","runId":242,"level":"debug","phase":"write","tableName":"SPARES_USED","tableRunId":272,"status":"end","inserted":999,"updated":0,"skipped":1,"durationMs":35}
{"timestamp":"2026-01-27T09:09:31.627Z","runId":242,"level":"debug","phase":"write","tableName":"SPARES_USED","tableRunId":272,"status":"start","batchSize":1000}
{"timestamp":"2026-01-27T09:09:31.657Z","runId":242,"level":"debug","phase":"write","tableName":"SPARES_USED","tableRunId":272,"status":"end","inserted":996,"updated":0,"skipped":4,"durationMs":30}
{"timestamp":"2026-01-27T09:09:32.571Z","runId":242,"level":"debug","phase":"write","tableName":"SPARES_USED","tableRunId":272,"status":"start","batchSize":704}
{"timestamp":"2026-01-27T09:09:32.604Z","runId":242,"level":"debug","phase":"write","tableName":"SPARES_USED","tableRunId":272,"status":"end","inserted":701,"updated":0,"skipped":3,"durationMs":33}
{"timestamp":"2026-01-27T09:09:32.617Z","runId":242,"level":"info","phase":"table_finalize","tableName":"SPARES_USED","tableRunId":272,"status":"success","inserted":104453,"updated":0,"skipped":251,"errors":0,"durationMs":98752}
{"timestamp":"2026-01-27T09:09:32.617Z","runId":242,"level":"debug","phase":"table_loop","action":"processing","tableName":"JOB_INFORMATION","mappingTableKeys":["INVOICES","JOBREPORT","JOB_INFORMATION","PAYMENTS","SPARES_USED"]}
{"timestamp":"2026-01-27T09:09:32.618Z","runId":242,"level":"debug","phase":"table_loop","action":"mapping_resolved","tableName":"JOB_INFORMATION","hasMappingEntry":true,"mappingTarget":"JOB_INFORMATION"}
{"timestamp":"2026-01-27T09:09:32.618Z","runId":242,"level":"debug","phase":"mapping_debug","tableName":"JOB_INFORMATION","mappedSource":"JOB_INFORMATION","firebirdTableCount":187,"sampleFirebirdTables":["ACCCLASS","ACCDEPARTMENT","ACCOUNTLINKS","ACCOUNTS","ACCRANGE"]}
{"timestamp":"2026-01-27T09:09:32.720Z","runId":242,"level":"debug","phase":"clean_decision","tableName":"JOB_INFORMATION","cleanBefore":true,"dryRun":false,"mode":"INSERT"}
{"timestamp":"2026-01-27T09:09:32.721Z","runId":242,"type":"table_cleaning_started","table":"JOB_INFORMATION","tableRunId":273}
{"timestamp":"2026-01-27T09:09:32.721Z","runId":242,"level":"info","phase":"clean","tableName":"JOB_INFORMATION","tableRunId":273,"status":"start"}
{"timestamp":"2026-01-27T09:09:32.722Z","runId":242,"level":"debug","phase":"clean","tableName":"JOB_INFORMATION","tableRunId":273,"action":"fk_checks_disabled"}
{"timestamp":"2026-01-27T09:09:32.769Z","runId":242,"level":"info","phase":"clean","tableName":"JOB_INFORMATION","tableRunId":273,"status":"success","method":"TRUNCATE","affectedRows":null,"postCount":0,"durationMs":47}
{"timestamp":"2026-01-27T09:09:32.776Z","runId":242,"type":"table_cleaned","table":"JOB_INFORMATION","tableRunId":273,"method":"TRUNCATE","affectedRows":null,"postCount":0}
{"timestamp":"2026-01-27T09:09:32.777Z","runId":242,"level":"debug","phase":"clean","tableName":"JOB_INFORMATION","tableRunId":273,"action":"fk_checks_restored"}
{"timestamp":"2026-01-27T09:09:32.778Z","runId":242,"level":"info","phase":"table_start","tableName":"JOB_INFORMATION","tableRunId":273,"mode":"INSERT","keyStrategy":"preserve","dedupeKeys":[]}
{"timestamp":"2026-01-27T09:09:32.916Z","runId":242,"level":"info","phase":"fetch","tableName":"JOB_INFORMATION","tableRunId":273,"sourceRows":17755}
{"timestamp":"2026-01-27T09:09:33.046Z","runId":242,"level":"debug","phase":"write","tableName":"JOB_INFORMATION","tableRunId":273,"status":"start","batchSize":1000}
{"timestamp":"2026-01-27T09:09:33.105Z","runId":242,"level":"debug","phase":"write","tableName":"JOB_INFORMATION","tableRunId":273,"status":"end","inserted":990,"updated":0,"skipped":10,"durationMs":59}
{"timestamp":"2026-01-27T09:09:33.987Z","runId":242,"level":"debug","phase":"write","tableName":"JOB_INFORMATION","tableRunId":273,"status":"start","batchSize":1000}
{"timestamp":"2026-01-27T09:09:34.047Z","runId":242,"level":"debug","phase":"write","tableName":"JOB_INFORMATION","tableRunId":273,"status":"end","inserted":977,"updated":0,"skipped":23,"durationMs":60}
{"timestamp":"2026-01-27T09:09:34.253Z","runId":242,"level":"debug","phase":"write","tableName":"JOB_INFORMATION","tableRunId":273,"status":"start","batchSize":1000}
{"timestamp":"2026-01-27T09:09:34.307Z","runId":242,"level":"debug","phase":"write","tableName":"JOB_INFORMATION","tableRunId":273,"status":"end","inserted":973,"updated":0,"skipped":27,"durationMs":54}
{"timestamp":"2026-01-27T09:09:34.513Z","runId":242,"level":"debug","phase":"write","tableName":"JOB_INFORMATION","tableRunId":273,"status":"start","batchSize":1000}
{"timestamp":"2026-01-27T09:09:34.577Z","runId":242,"level":"debug","phase":"write","tableName":"JOB_INFORMATION","tableRunId":273,"status":"end","inserted":983,"updated":0,"skipped":17,"durationMs":64}
{"timestamp":"2026-01-27T09:09:34.801Z","runId":242,"level":"debug","phase":"write","tableName":"JOB_INFORMATION","tableRunId":273,"status":"start","batchSize":1000}
{"timestamp":"2026-01-27T09:09:34.872Z","runId":242,"level":"debug","phase":"write","tableName":"JOB_INFORMATION","tableRunId":273,"status":"end","inserted":983,"updated":0,"skipped":17,"durationMs":71}
{"timestamp":"2026-01-27T09:09:35.101Z","runId":242,"level":"debug","phase":"write","tableName":"JOB_INFORMATION","tableRunId":273,"status":"start","batchSize":1000}
{"timestamp":"2026-01-27T09:09:35.175Z","runId":242,"level":"debug","phase":"write","tableName":"JOB_INFORMATION","tableRunId":273,"status":"end","inserted":970,"updated":0,"skipped":30,"durationMs":74}
{"timestamp":"2026-01-27T09:09:35.412Z","runId":242,"level":"debug","phase":"write","tableName":"JOB_INFORMATION","tableRunId":273,"status":"start","batchSize":1000}
{"timestamp":"2026-01-27T09:09:35.475Z","runId":242,"level":"debug","phase":"write","tableName":"JOB_INFORMATION","tableRunId":273,"status":"end","inserted":980,"updated":0,"skipped":20,"durationMs":63}
{"timestamp":"2026-01-27T09:09:35.682Z","runId":242,"level":"debug","phase":"write","tableName":"JOB_INFORMATION","tableRunId":273,"status":"start","batchSize":1000}
{"timestamp":"2026-01-27T09:09:35.728Z","runId":242,"level":"debug","phase":"write","tableName":"JOB_INFORMATION","tableRunId":273,"status":"end","inserted":972,"updated":0,"skipped":28,"durationMs":47}
{"timestamp":"2026-01-27T09:09:35.956Z","runId":242,"level":"debug","phase":"write","tableName":"JOB_INFORMATION","tableRunId":273,"status":"start","batchSize":1000}
{"timestamp":"2026-01-27T09:09:36.010Z","runId":242,"level":"debug","phase":"write","tableName":"JOB_INFORMATION","tableRunId":273,"status":"end","inserted":978,"updated":0,"skipped":22,"durationMs":54}
{"timestamp":"2026-01-27T09:09:37.017Z","runId":242,"level":"debug","phase":"write","tableName":"JOB_INFORMATION","tableRunId":273,"status":"start","batchSize":1000}
{"timestamp":"2026-01-27T09:09:37.061Z","runId":242,"level":"debug","phase":"write","tableName":"JOB_INFORMATION","tableRunId":273,"status":"end","inserted":978,"updated":0,"skipped":22,"durationMs":44}
{"timestamp":"2026-01-27T09:09:37.280Z","runId":242,"level":"debug","phase":"write","tableName":"JOB_INFORMATION","tableRunId":273,"status":"start","batchSize":1000}
{"timestamp":"2026-01-27T09:09:37.343Z","runId":242,"level":"debug","phase":"write","tableName":"JOB_INFORMATION","tableRunId":273,"status":"end","inserted":968,"updated":0,"skipped":32,"durationMs":63}
{"timestamp":"2026-01-27T09:09:37.555Z","runId":242,"level":"debug","phase":"write","tableName":"JOB_INFORMATION","tableRunId":273,"status":"start","batchSize":1000}
{"timestamp":"2026-01-27T09:09:37.600Z","runId":242,"level":"debug","phase":"write","tableName":"JOB_INFORMATION","tableRunId":273,"status":"end","inserted":978,"updated":0,"skipped":22,"durationMs":45}
{"timestamp":"2026-01-27T09:09:37.827Z","runId":242,"level":"debug","phase":"write","tableName":"JOB_INFORMATION","tableRunId":273,"status":"start","batchSize":1000}
{"timestamp":"2026-01-27T09:09:37.879Z","runId":242,"level":"info","phase":"preflight","attempt":1,"status":"ok"}
{"timestamp":"2026-01-27T09:09:37.879Z","runId":242,"level":"debug","phase":"keepalive","status":"ok"}
{"timestamp":"2026-01-27T09:09:37.898Z","runId":242,"level":"debug","phase":"write","tableName":"JOB_INFORMATION","tableRunId":273,"status":"end","inserted":984,"updated":0,"skipped":16,"durationMs":71}
{"timestamp":"2026-01-27T09:09:38.121Z","runId":242,"level":"debug","phase":"write","tableName":"JOB_INFORMATION","tableRunId":273,"status":"start","batchSize":1000}
{"timestamp":"2026-01-27T09:09:38.189Z","runId":242,"level":"debug","phase":"write","tableName":"JOB_INFORMATION","tableRunId":273,"status":"end","inserted":982,"updated":0,"skipped":18,"durationMs":68}
{"timestamp":"2026-01-27T09:09:38.436Z","runId":242,"level":"debug","phase":"write","tableName":"JOB_INFORMATION","tableRunId":273,"status":"start","batchSize":1000}
{"timestamp":"2026-01-27T09:09:38.526Z","runId":242,"level":"debug","phase":"write","tableName":"JOB_INFORMATION","tableRunId":273,"status":"end","inserted":961,"updated":0,"skipped":39,"durationMs":90}
{"timestamp":"2026-01-27T09:09:38.766Z","runId":242,"level":"debug","phase":"write","tableName":"JOB_INFORMATION","tableRunId":273,"status":"start","batchSize":1000}
{"timestamp":"2026-01-27T09:09:38.821Z","runId":242,"level":"debug","phase":"write","tableName":"JOB_INFORMATION","tableRunId":273,"status":"end","inserted":979,"updated":0,"skipped":21,"durationMs":55}
{"timestamp":"2026-01-27T09:09:39.075Z","runId":242,"level":"debug","phase":"write","tableName":"JOB_INFORMATION","tableRunId":273,"status":"start","batchSize":1000}
{"timestamp":"2026-01-27T09:09:39.143Z","runId":242,"level":"debug","phase":"write","tableName":"JOB_INFORMATION","tableRunId":273,"status":"end","inserted":965,"updated":0,"skipped":35,"durationMs":68}
{"timestamp":"2026-01-27T09:09:39.366Z","runId":242,"level":"debug","phase":"write","tableName":"JOB_INFORMATION","tableRunId":273,"status":"start","batchSize":755}
{"timestamp":"2026-01-27T09:09:39.409Z","runId":242,"level":"debug","phase":"write","tableName":"JOB_INFORMATION","tableRunId":273,"status":"end","inserted":737,"updated":0,"skipped":18,"durationMs":43}
{"timestamp":"2026-01-27T09:09:39.429Z","runId":242,"level":"info","phase":"table_finalize","tableName":"JOB_INFORMATION","tableRunId":273,"status":"success","inserted":17338,"updated":0,"skipped":417,"errors":0,"durationMs":6640}
{"timestamp":"2026-01-27T09:09:39.437Z","runId":242,"level":"info","phase":"run_finalize","status":"success"}
