{"timestamp":"2026-01-27T09:26:40.270Z","runId":243,"level":"info","phase":"run_start","dryRun":false,"batchSize":1000,"fkChecks":true,"tables":[{"table":"SUPPLIERS","mode":"INSERT","keyStrategy":"preserve","dedupeKeys":[],"onDuplicate":"SKIP","cleanBefore":true},{"table":"INVOICE_ITEMS","mode":"INSERT","keyStrategy":"preserve","dedupeKeys":[],"onDuplicate":"SKIP","cleanBefore":true},{"table":"INVOICES_SUPPLIER","mode":"INSERT","keyStrategy":"preserve","dedupeKeys":[],"onDuplicate":"SKIP","cleanBefore":true},{"table":"PAYMENTS_SUPPLIERS","mode":"INSERT","keyStrategy":"preserve","dedupeKeys":[],"onDuplicate":"SKIP","cleanBefore":true}]}
{"timestamp":"2026-01-27T09:26:40.340Z","runId":243,"level":"info","phase":"preflight","attempt":1,"status":"ok"}
{"timestamp":"2026-01-27T09:26:40.341Z","runId":243,"level":"debug","phase":"preflight","durationMs":71}
{"timestamp":"2026-01-27T09:26:40.341Z","runId":243,"level":"info","phase":"preflight","action":"nullability_validation","status":"start"}
{"timestamp":"2026-01-27T09:26:40.345Z","runId":243,"level":"info","phase":"preflight","action":"nullability_validation","status":"passed"}
{"timestamp":"2026-01-27T09:26:40.419Z","runId":243,"level":"debug","phase":"table_loop","action":"starting","includedCount":4,"mappingTableCount":4}
{"timestamp":"2026-01-27T09:26:40.419Z","runId":243,"level":"info","phase":"table_loop","action":"normalized_tables","sampleTables":["SUPPLIERS","INVOICE_ITEMS","INVOICES_SUPPLIER","PAYMENTS_SUPPLIERS"]}
{"timestamp":"2026-01-27T09:26:40.420Z","runId":243,"level":"debug","phase":"table_loop","action":"processing","tableName":"SUPPLIERS","mappingTableKeys":["INVTOTAL","INVOICESUPPLIER","SUPPLIER","PAYMENTSSUPP"]}
{"timestamp":"2026-01-27T09:26:40.420Z","runId":243,"level":"debug","phase":"table_loop","action":"mapping_resolved","tableName":"SUPPLIERS","hasMappingEntry":true,"mappingTarget":"SUPPLIERS"}
{"timestamp":"2026-01-27T09:26:40.421Z","runId":243,"level":"debug","phase":"mapping_debug","tableName":"SUPPLIERS","mappedSource":"SUPPLIER","firebirdTableCount":187,"sampleFirebirdTables":["ACCCLASS","ACCDEPARTMENT","ACCOUNTLINKS","ACCOUNTS","ACCRANGE"]}
{"timestamp":"2026-01-27T09:26:40.497Z","runId":243,"level":"debug","phase":"clean_decision","tableName":"SUPPLIERS","cleanBefore":true,"dryRun":false,"mode":"INSERT"}
{"timestamp":"2026-01-27T09:26:40.498Z","runId":243,"type":"table_cleaning_started","table":"SUPPLIERS","tableRunId":274}
{"timestamp":"2026-01-27T09:26:40.498Z","runId":243,"level":"info","phase":"clean","tableName":"SUPPLIERS","tableRunId":274,"status":"start"}
{"timestamp":"2026-01-27T09:26:40.499Z","runId":243,"level":"debug","phase":"clean","tableName":"SUPPLIERS","tableRunId":274,"action":"fk_checks_disabled"}
{"timestamp":"2026-01-27T09:26:40.529Z","runId":243,"level":"info","phase":"clean","tableName":"SUPPLIERS","tableRunId":274,"status":"success","method":"TRUNCATE","affectedRows":null,"postCount":0,"durationMs":31}
{"timestamp":"2026-01-27T09:26:40.538Z","runId":243,"type":"table_cleaned","table":"SUPPLIERS","tableRunId":274,"method":"TRUNCATE","affectedRows":null,"postCount":0}
{"timestamp":"2026-01-27T09:26:40.539Z","runId":243,"level":"debug","phase":"clean","tableName":"SUPPLIERS","tableRunId":274,"action":"fk_checks_restored"}
{"timestamp":"2026-01-27T09:26:40.540Z","runId":243,"level":"info","phase":"table_start","tableName":"SUPPLIERS","tableRunId":274,"mode":"INSERT","keyStrategy":"preserve","dedupeKeys":[]}
{"timestamp":"2026-01-27T09:26:40.620Z","runId":243,"level":"info","phase":"fetch","tableName":"SUPPLIERS","tableRunId":274,"sourceRows":323}
{"timestamp":"2026-01-27T09:26:40.712Z","runId":243,"level":"debug","phase":"write","tableName":"SUPPLIERS","tableRunId":274,"status":"start","batchSize":323}
{"timestamp":"2026-01-27T09:26:40.731Z","runId":243,"level":"debug","phase":"write","tableName":"SUPPLIERS","tableRunId":274,"status":"end","inserted":323,"updated":0,"skipped":0,"durationMs":19}
{"timestamp":"2026-01-27T09:26:40.744Z","runId":243,"level":"info","phase":"table_finalize","tableName":"SUPPLIERS","tableRunId":274,"status":"success","inserted":323,"updated":0,"skipped":0,"errors":0,"durationMs":198}
{"timestamp":"2026-01-27T09:26:40.745Z","runId":243,"level":"debug","phase":"table_loop","action":"processing","tableName":"INVOICE_ITEMS","mappingTableKeys":["INVTOTAL","INVOICESUPPLIER","SUPPLIER","PAYMENTSSUPP"]}
{"timestamp":"2026-01-27T09:26:40.745Z","runId":243,"level":"debug","phase":"table_loop","action":"mapping_resolved","tableName":"INVOICE_ITEMS","hasMappingEntry":true,"mappingTarget":"INVOICE_ITEMS"}
{"timestamp":"2026-01-27T09:26:40.745Z","runId":243,"level":"debug","phase":"mapping_debug","tableName":"INVOICE_ITEMS","mappedSource":"INVTOTAL","firebirdTableCount":187,"sampleFirebirdTables":["ACCCLASS","ACCDEPARTMENT","ACCOUNTLINKS","ACCOUNTS","ACCRANGE"]}
{"timestamp":"2026-01-27T09:26:40.827Z","runId":243,"level":"debug","phase":"clean_decision","tableName":"INVOICE_ITEMS","cleanBefore":true,"dryRun":false,"mode":"INSERT"}
{"timestamp":"2026-01-27T09:26:40.828Z","runId":243,"type":"table_cleaning_started","table":"INVOICE_ITEMS","tableRunId":275}
{"timestamp":"2026-01-27T09:26:40.828Z","runId":243,"level":"info","phase":"clean","tableName":"INVOICE_ITEMS","tableRunId":275,"status":"start"}
{"timestamp":"2026-01-27T09:26:40.829Z","runId":243,"level":"debug","phase":"clean","tableName":"INVOICE_ITEMS","tableRunId":275,"action":"fk_checks_disabled"}
{"timestamp":"2026-01-27T09:26:40.858Z","runId":243,"level":"info","phase":"clean","tableName":"INVOICE_ITEMS","tableRunId":275,"status":"success","method":"TRUNCATE","affectedRows":null,"postCount":0,"durationMs":29}
{"timestamp":"2026-01-27T09:26:40.864Z","runId":243,"type":"table_cleaned","table":"INVOICE_ITEMS","tableRunId":275,"method":"TRUNCATE","affectedRows":null,"postCount":0}
{"timestamp":"2026-01-27T09:26:40.864Z","runId":243,"level":"debug","phase":"clean","tableName":"INVOICE_ITEMS","tableRunId":275,"action":"fk_checks_restored"}
{"timestamp":"2026-01-27T09:26:40.865Z","runId":243,"level":"info","phase":"table_start","tableName":"INVOICE_ITEMS","tableRunId":275,"mode":"INSERT","keyStrategy":"preserve","dedupeKeys":[]}
{"timestamp":"2026-01-27T09:26:40.957Z","runId":243,"level":"info","phase":"fetch","tableName":"INVOICE_ITEMS","tableRunId":275,"sourceRows":62271}
{"timestamp":"2026-01-27T09:26:41.774Z","runId":243,"level":"debug","phase":"write","tableName":"INVOICE_ITEMS","tableRunId":275,"status":"start","batchSize":1000}
{"timestamp":"2026-01-27T09:26:41.815Z","runId":243,"level":"debug","phase":"write","tableName":"INVOICE_ITEMS","tableRunId":275,"status":"end","inserted":994,"updated":0,"skipped":6,"durationMs":41}
{"timestamp":"2026-01-27T09:26:42.549Z","runId":243,"level":"debug","phase":"write","tableName":"INVOICE_ITEMS","tableRunId":275,"status":"start","batchSize":1000}
{"timestamp":"2026-01-27T09:26:42.599Z","runId":243,"level":"debug","phase":"write","tableName":"INVOICE_ITEMS","tableRunId":275,"status":"end","inserted":996,"updated":0,"skipped":4,"durationMs":50}
{"timestamp":"2026-01-27T09:26:42.725Z","runId":243,"level":"debug","phase":"write","tableName":"INVOICE_ITEMS","tableRunId":275,"status":"start","batchSize":1000}
{"timestamp":"2026-01-27T09:26:42.750Z","runId":243,"level":"debug","phase":"write","tableName":"INVOICE_ITEMS","tableRunId":275,"status":"end","inserted":986,"updated":0,"skipped":14,"durationMs":25}
{"timestamp":"2026-01-27T09:26:42.886Z","runId":243,"level":"debug","phase":"write","tableName":"INVOICE_ITEMS","tableRunId":275,"status":"start","batchSize":1000}
{"timestamp":"2026-01-27T09:26:42.913Z","runId":243,"level":"debug","phase":"write","tableName":"INVOICE_ITEMS","tableRunId":275,"status":"end","inserted":989,"updated":0,"skipped":11,"durationMs":27}
{"timestamp":"2026-01-27T09:26:43.043Z","runId":243,"level":"debug","phase":"write","tableName":"INVOICE_ITEMS","tableRunId":275,"status":"start","batchSize":1000}
{"timestamp":"2026-01-27T09:26:43.074Z","runId":243,"level":"debug","phase":"write","tableName":"INVOICE_ITEMS","tableRunId":275,"status":"end","inserted":976,"updated":0,"skipped":24,"durationMs":31}
{"timestamp":"2026-01-27T09:26:43.221Z","runId":243,"level":"debug","phase":"write","tableName":"INVOICE_ITEMS","tableRunId":275,"status":"start","batchSize":1000}
{"timestamp":"2026-01-27T09:26:43.246Z","runId":243,"level":"debug","phase":"write","tableName":"INVOICE_ITEMS","tableRunId":275,"status":"end","inserted":894,"updated":0,"skipped":106,"durationMs":25}
{"timestamp":"2026-01-27T09:26:44.128Z","runId":243,"level":"debug","phase":"write","tableName":"INVOICE_ITEMS","tableRunId":275,"status":"start","batchSize":1000}
{"timestamp":"2026-01-27T09:26:44.159Z","runId":243,"level":"debug","phase":"write","tableName":"INVOICE_ITEMS","tableRunId":275,"status":"end","inserted":955,"updated":0,"skipped":45,"durationMs":31}
{"timestamp":"2026-01-27T09:26:44.355Z","runId":243,"level":"debug","phase":"write","tableName":"INVOICE_ITEMS","tableRunId":275,"status":"start","batchSize":1000}
{"timestamp":"2026-01-27T09:26:44.408Z","runId":243,"level":"debug","phase":"write","tableName":"INVOICE_ITEMS","tableRunId":275,"status":"end","inserted":972,"updated":0,"skipped":28,"durationMs":53}
{"timestamp":"2026-01-27T09:26:44.595Z","runId":243,"level":"debug","phase":"write","tableName":"INVOICE_ITEMS","tableRunId":275,"status":"start","batchSize":1000}
{"timestamp":"2026-01-27T09:26:44.621Z","runId":243,"level":"debug","phase":"write","tableName":"INVOICE_ITEMS","tableRunId":275,"status":"end","inserted":930,"updated":0,"skipped":70,"durationMs":26}
{"timestamp":"2026-01-27T09:26:44.783Z","runId":243,"level":"debug","phase":"write","tableName":"INVOICE_ITEMS","tableRunId":275,"status":"start","batchSize":1000}
{"timestamp":"2026-01-27T09:26:44.818Z","runId":243,"level":"debug","phase":"write","tableName":"INVOICE_ITEMS","tableRunId":275,"status":"end","inserted":904,"updated":0,"skipped":96,"durationMs":35}
{"timestamp":"2026-01-27T09:26:44.988Z","runId":243,"level":"debug","phase":"write","tableName":"INVOICE_ITEMS","tableRunId":275,"status":"start","batchSize":1000}
{"timestamp":"2026-01-27T09:26:45.022Z","runId":243,"level":"debug","phase":"write","tableName":"INVOICE_ITEMS","tableRunId":275,"status":"end","inserted":978,"updated":0,"skipped":22,"durationMs":34}
{"timestamp":"2026-01-27T09:26:45.192Z","runId":243,"level":"debug","phase":"write","tableName":"INVOICE_ITEMS","tableRunId":275,"status":"start","batchSize":1000}
{"timestamp":"2026-01-27T09:26:45.220Z","runId":243,"level":"debug","phase":"write","tableName":"INVOICE_ITEMS","tableRunId":275,"status":"end","inserted":902,"updated":0,"skipped":98,"durationMs":28}
{"timestamp":"2026-01-27T09:26:45.387Z","runId":243,"level":"debug","phase":"write","tableName":"INVOICE_ITEMS","tableRunId":275,"status":"start","batchSize":1000}
{"timestamp":"2026-01-27T09:26:45.415Z","runId":243,"level":"debug","phase":"write","tableName":"INVOICE_ITEMS","tableRunId":275,"status":"end","inserted":770,"updated":0,"skipped":230,"durationMs":28}
{"timestamp":"2026-01-27T09:26:45.583Z","runId":243,"level":"debug","phase":"write","tableName":"INVOICE_ITEMS","tableRunId":275,"status":"start","batchSize":1000}
{"timestamp":"2026-01-27T09:26:45.615Z","runId":243,"level":"debug","phase":"write","tableName":"INVOICE_ITEMS","tableRunId":275,"status":"end","inserted":656,"updated":0,"skipped":344,"durationMs":32}
{"timestamp":"2026-01-27T09:26:45.785Z","runId":243,"level":"debug","phase":"write","tableName":"INVOICE_ITEMS","tableRunId":275,"status":"start","batchSize":1000}
{"timestamp":"2026-01-27T09:26:45.817Z","runId":243,"level":"debug","phase":"write","tableName":"INVOICE_ITEMS","tableRunId":275,"status":"end","inserted":665,"updated":0,"skipped":335,"durationMs":32}
{"timestamp":"2026-01-27T09:26:45.995Z","runId":243,"level":"debug","phase":"write","tableName":"INVOICE_ITEMS","tableRunId":275,"status":"start","batchSize":1000}
{"timestamp":"2026-01-27T09:26:46.050Z","runId":243,"level":"debug","phase":"write","tableName":"INVOICE_ITEMS","tableRunId":275,"status":"end","inserted":763,"updated":0,"skipped":237,"durationMs":55}
{"timestamp":"2026-01-27T09:26:46.230Z","runId":243,"level":"debug","phase":"write","tableName":"INVOICE_ITEMS","tableRunId":275,"status":"start","batchSize":1000}
{"timestamp":"2026-01-27T09:26:46.265Z","runId":243,"level":"debug","phase":"write","tableName":"INVOICE_ITEMS","tableRunId":275,"status":"end","inserted":947,"updated":0,"skipped":53,"durationMs":35}
{"timestamp":"2026-01-27T09:26:47.103Z","runId":243,"level":"debug","phase":"write","tableName":"INVOICE_ITEMS","tableRunId":275,"status":"start","batchSize":1000}
{"timestamp":"2026-01-27T09:26:47.137Z","runId":243,"level":"debug","phase":"write","tableName":"INVOICE_ITEMS","tableRunId":275,"status":"end","inserted":949,"updated":0,"skipped":51,"durationMs":34}
{"timestamp":"2026-01-27T09:26:47.898Z","runId":243,"level":"debug","phase":"write","tableName":"INVOICE_ITEMS","tableRunId":275,"status":"start","batchSize":1000}
{"timestamp":"2026-01-27T09:26:47.935Z","runId":243,"level":"debug","phase":"write","tableName":"INVOICE_ITEMS","tableRunId":275,"status":"end","inserted":838,"updated":0,"skipped":162,"durationMs":37}
{"timestamp":"2026-01-27T09:26:48.122Z","runId":243,"level":"debug","phase":"write","tableName":"INVOICE_ITEMS","tableRunId":275,"status":"start","batchSize":1000}
{"timestamp":"2026-01-27T09:26:48.151Z","runId":243,"level":"debug","phase":"write","tableName":"INVOICE_ITEMS","tableRunId":275,"status":"end","inserted":758,"updated":0,"skipped":242,"durationMs":29}
{"timestamp":"2026-01-27T09:26:48.358Z","runId":243,"level":"debug","phase":"write","tableName":"INVOICE_ITEMS","tableRunId":275,"status":"start","batchSize":1000}
{"timestamp":"2026-01-27T09:26:48.387Z","runId":243,"level":"debug","phase":"write","tableName":"INVOICE_ITEMS","tableRunId":275,"status":"end","inserted":787,"updated":0,"skipped":213,"durationMs":29}
{"timestamp":"2026-01-27T09:26:49.231Z","runId":243,"level":"debug","phase":"write","tableName":"INVOICE_ITEMS","tableRunId":275,"status":"start","batchSize":1000}
{"timestamp":"2026-01-27T09:26:49.261Z","runId":243,"level":"debug","phase":"write","tableName":"INVOICE_ITEMS","tableRunId":275,"status":"end","inserted":754,"updated":0,"skipped":246,"durationMs":30}
{"timestamp":"2026-01-27T09:26:49.419Z","runId":243,"level":"debug","phase":"write","tableName":"INVOICE_ITEMS","tableRunId":275,"status":"start","batchSize":1000}
{"timestamp":"2026-01-27T09:26:49.450Z","runId":243,"level":"debug","phase":"write","tableName":"INVOICE_ITEMS","tableRunId":275,"status":"end","inserted":762,"updated":0,"skipped":238,"durationMs":31}
{"timestamp":"2026-01-27T09:26:49.630Z","runId":243,"level":"debug","phase":"write","tableName":"INVOICE_ITEMS","tableRunId":275,"status":"start","batchSize":1000}
{"timestamp":"2026-01-27T09:26:49.678Z","runId":243,"level":"debug","phase":"write","tableName":"INVOICE_ITEMS","tableRunId":275,"status":"end","inserted":901,"updated":0,"skipped":99,"durationMs":48}
{"timestamp":"2026-01-27T09:26:50.368Z","runId":243,"level":"debug","phase":"write","tableName":"INVOICE_ITEMS","tableRunId":275,"status":"start","batchSize":1000}
{"timestamp":"2026-01-27T09:26:50.394Z","runId":243,"level":"debug","phase":"write","tableName":"INVOICE_ITEMS","tableRunId":275,"status":"end","inserted":948,"updated":0,"skipped":52,"durationMs":26}
{"timestamp":"2026-01-27T09:26:50.530Z","runId":243,"level":"debug","phase":"write","tableName":"INVOICE_ITEMS","tableRunId":275,"status":"start","batchSize":1000}
{"timestamp":"2026-01-27T09:26:50.556Z","runId":243,"level":"debug","phase":"write","tableName":"INVOICE_ITEMS","tableRunId":275,"status":"end","inserted":809,"updated":0,"skipped":191,"durationMs":26}
{"timestamp":"2026-01-27T09:26:50.692Z","runId":243,"level":"debug","phase":"write","tableName":"INVOICE_ITEMS","tableRunId":275,"status":"start","batchSize":1000}
{"timestamp":"2026-01-27T09:26:50.717Z","runId":243,"level":"debug","phase":"write","tableName":"INVOICE_ITEMS","tableRunId":275,"status":"end","inserted":741,"updated":0,"skipped":259,"durationMs":25}
{"timestamp":"2026-01-27T09:26:50.908Z","runId":243,"level":"debug","phase":"write","tableName":"INVOICE_ITEMS","tableRunId":275,"status":"start","batchSize":1000}
{"timestamp":"2026-01-27T09:26:50.932Z","runId":243,"level":"debug","phase":"write","tableName":"INVOICE_ITEMS","tableRunId":275,"status":"end","inserted":779,"updated":0,"skipped":221,"durationMs":24}
{"timestamp":"2026-01-27T09:26:51.091Z","runId":243,"level":"debug","phase":"write","tableName":"INVOICE_ITEMS","tableRunId":275,"status":"start","batchSize":1000}
{"timestamp":"2026-01-27T09:26:51.119Z","runId":243,"level":"debug","phase":"write","tableName":"INVOICE_ITEMS","tableRunId":275,"status":"end","inserted":801,"updated":0,"skipped":199,"durationMs":28}
{"timestamp":"2026-01-27T09:26:51.263Z","runId":243,"level":"debug","phase":"write","tableName":"INVOICE_ITEMS","tableRunId":275,"status":"start","batchSize":1000}
{"timestamp":"2026-01-27T09:26:51.288Z","runId":243,"level":"debug","phase":"write","tableName":"INVOICE_ITEMS","tableRunId":275,"status":"end","inserted":623,"updated":0,"skipped":377,"durationMs":25}
{"timestamp":"2026-01-27T09:26:51.423Z","runId":243,"level":"debug","phase":"write","tableName":"INVOICE_ITEMS","tableRunId":275,"status":"start","batchSize":1000}
{"timestamp":"2026-01-27T09:26:51.444Z","runId":243,"level":"debug","phase":"write","tableName":"INVOICE_ITEMS","tableRunId":275,"status":"end","inserted":575,"updated":0,"skipped":425,"durationMs":21}
{"timestamp":"2026-01-27T09:26:51.582Z","runId":243,"level":"debug","phase":"write","tableName":"INVOICE_ITEMS","tableRunId":275,"status":"start","batchSize":1000}
{"timestamp":"2026-01-27T09:26:51.606Z","runId":243,"level":"debug","phase":"write","tableName":"INVOICE_ITEMS","tableRunId":275,"status":"end","inserted":722,"updated":0,"skipped":278,"durationMs":24}
{"timestamp":"2026-01-27T09:26:51.745Z","runId":243,"level":"debug","phase":"write","tableName":"INVOICE_ITEMS","tableRunId":275,"status":"start","batchSize":1000}
{"timestamp":"2026-01-27T09:26:51.769Z","runId":243,"level":"debug","phase":"write","tableName":"INVOICE_ITEMS","tableRunId":275,"status":"end","inserted":698,"updated":0,"skipped":302,"durationMs":24}
{"timestamp":"2026-01-27T09:26:52.560Z","runId":243,"level":"debug","phase":"write","tableName":"INVOICE_ITEMS","tableRunId":275,"status":"start","batchSize":1000}
{"timestamp":"2026-01-27T09:26:52.598Z","runId":243,"level":"debug","phase":"write","tableName":"INVOICE_ITEMS","tableRunId":275,"status":"end","inserted":863,"updated":0,"skipped":137,"durationMs":38}
{"timestamp":"2026-01-27T09:26:52.790Z","runId":243,"level":"debug","phase":"write","tableName":"INVOICE_ITEMS","tableRunId":275,"status":"start","batchSize":1000}
{"timestamp":"2026-01-27T09:26:52.813Z","runId":243,"level":"debug","phase":"write","tableName":"INVOICE_ITEMS","tableRunId":275,"status":"end","inserted":816,"updated":0,"skipped":184,"durationMs":23}
{"timestamp":"2026-01-27T09:26:52.999Z","runId":243,"level":"debug","phase":"write","tableName":"INVOICE_ITEMS","tableRunId":275,"status":"start","batchSize":1000}
{"timestamp":"2026-01-27T09:26:53.026Z","runId":243,"level":"debug","phase":"write","tableName":"INVOICE_ITEMS","tableRunId":275,"status":"end","inserted":778,"updated":0,"skipped":222,"durationMs":27}
{"timestamp":"2026-01-27T09:26:53.239Z","runId":243,"level":"debug","phase":"write","tableName":"INVOICE_ITEMS","tableRunId":275,"status":"start","batchSize":1000}
{"timestamp":"2026-01-27T09:26:53.264Z","runId":243,"level":"debug","phase":"write","tableName":"INVOICE_ITEMS","tableRunId":275,"status":"end","inserted":321,"updated":0,"skipped":679,"durationMs":25}
{"timestamp":"2026-01-27T09:26:53.472Z","runId":243,"level":"debug","phase":"write","tableName":"INVOICE_ITEMS","tableRunId":275,"status":"start","batchSize":1000}
{"timestamp":"2026-01-27T09:26:53.509Z","runId":243,"level":"debug","phase":"write","tableName":"INVOICE_ITEMS","tableRunId":275,"status":"end","inserted":738,"updated":0,"skipped":262,"durationMs":37}
{"timestamp":"2026-01-27T09:26:53.728Z","runId":243,"level":"debug","phase":"write","tableName":"INVOICE_ITEMS","tableRunId":275,"status":"start","batchSize":1000}
{"timestamp":"2026-01-27T09:26:53.749Z","runId":243,"level":"debug","phase":"write","tableName":"INVOICE_ITEMS","tableRunId":275,"status":"end","inserted":364,"updated":0,"skipped":636,"durationMs":21}
{"timestamp":"2026-01-27T09:26:53.972Z","runId":243,"level":"debug","phase":"write","tableName":"INVOICE_ITEMS","tableRunId":275,"status":"start","batchSize":1000}
{"timestamp":"2026-01-27T09:26:54.000Z","runId":243,"level":"debug","phase":"write","tableName":"INVOICE_ITEMS","tableRunId":275,"status":"end","inserted":788,"updated":0,"skipped":212,"durationMs":28}
{"timestamp":"2026-01-27T09:26:54.198Z","runId":243,"level":"debug","phase":"write","tableName":"INVOICE_ITEMS","tableRunId":275,"status":"start","batchSize":1000}
{"timestamp":"2026-01-27T09:26:54.224Z","runId":243,"level":"debug","phase":"write","tableName":"INVOICE_ITEMS","tableRunId":275,"status":"end","inserted":420,"updated":0,"skipped":580,"durationMs":26}
{"timestamp":"2026-01-27T09:26:55.286Z","runId":243,"level":"debug","phase":"write","tableName":"INVOICE_ITEMS","tableRunId":275,"status":"start","batchSize":1000}
{"timestamp":"2026-01-27T09:26:55.315Z","runId":243,"level":"debug","phase":"write","tableName":"INVOICE_ITEMS","tableRunId":275,"status":"end","inserted":456,"updated":0,"skipped":544,"durationMs":29}
{"timestamp":"2026-01-27T09:26:55.538Z","runId":243,"level":"debug","phase":"write","tableName":"INVOICE_ITEMS","tableRunId":275,"status":"start","batchSize":1000}
{"timestamp":"2026-01-27T09:26:55.562Z","runId":243,"level":"debug","phase":"write","tableName":"INVOICE_ITEMS","tableRunId":275,"status":"end","inserted":472,"updated":0,"skipped":528,"durationMs":24}
{"timestamp":"2026-01-27T09:26:55.787Z","runId":243,"level":"debug","phase":"write","tableName":"INVOICE_ITEMS","tableRunId":275,"status":"start","batchSize":1000}
{"timestamp":"2026-01-27T09:26:55.810Z","runId":243,"level":"debug","phase":"write","tableName":"INVOICE_ITEMS","tableRunId":275,"status":"end","inserted":427,"updated":0,"skipped":573,"durationMs":23}
{"timestamp":"2026-01-27T09:26:56.719Z","runId":243,"level":"debug","phase":"write","tableName":"INVOICE_ITEMS","tableRunId":275,"status":"start","batchSize":1000}
{"timestamp":"2026-01-27T09:26:56.742Z","runId":243,"level":"debug","phase":"write","tableName":"INVOICE_ITEMS","tableRunId":275,"status":"end","inserted":406,"updated":0,"skipped":594,"durationMs":23}
{"timestamp":"2026-01-27T09:26:56.966Z","runId":243,"level":"debug","phase":"write","tableName":"INVOICE_ITEMS","tableRunId":275,"status":"start","batchSize":1000}
{"timestamp":"2026-01-27T09:26:56.987Z","runId":243,"level":"debug","phase":"write","tableName":"INVOICE_ITEMS","tableRunId":275,"status":"end","inserted":379,"updated":0,"skipped":621,"durationMs":21}
{"timestamp":"2026-01-27T09:26:57.209Z","runId":243,"level":"debug","phase":"write","tableName":"INVOICE_ITEMS","tableRunId":275,"status":"start","batchSize":1000}
{"timestamp":"2026-01-27T09:26:57.247Z","runId":243,"level":"debug","phase":"write","tableName":"INVOICE_ITEMS","tableRunId":275,"status":"end","inserted":473,"updated":0,"skipped":527,"durationMs":38}
{"timestamp":"2026-01-27T09:26:57.464Z","runId":243,"level":"debug","phase":"write","tableName":"INVOICE_ITEMS","tableRunId":275,"status":"start","batchSize":1000}
{"timestamp":"2026-01-27T09:26:57.489Z","runId":243,"level":"debug","phase":"write","tableName":"INVOICE_ITEMS","tableRunId":275,"status":"end","inserted":452,"updated":0,"skipped":548,"durationMs":25}
{"timestamp":"2026-01-27T09:26:57.715Z","runId":243,"level":"debug","phase":"write","tableName":"INVOICE_ITEMS","tableRunId":275,"status":"start","batchSize":1000}
{"timestamp":"2026-01-27T09:26:57.737Z","runId":243,"level":"debug","phase":"write","tableName":"INVOICE_ITEMS","tableRunId":275,"status":"end","inserted":534,"updated":0,"skipped":466,"durationMs":22}
{"timestamp":"2026-01-27T09:26:57.977Z","runId":243,"level":"debug","phase":"write","tableName":"INVOICE_ITEMS","tableRunId":275,"status":"start","batchSize":1000}
{"timestamp":"2026-01-27T09:26:57.998Z","runId":243,"level":"debug","phase":"write","tableName":"INVOICE_ITEMS","tableRunId":275,"status":"end","inserted":418,"updated":0,"skipped":582,"durationMs":21}
{"timestamp":"2026-01-27T09:26:58.784Z","runId":243,"level":"error","phase":"run_error","error":"Your user name and password are not defined. Ask your database\nadministrator to set up a Firebird login\n. Likely causes: empty user, empty password, Firebird Embedded security misconfiguration, or connecting to the wrong server/port. Verify credentials on Setup. Config used: host=localhost port=3050 database=C:\\Autoneer\\data\\AUTONEER.FDB user=SYSDBA","stack":"Error: Your user name and password are not defined. Ask your database\nadministrator to set up a Firebird login\n\n    at doCallback (C:\\Projects\\Autoneer-Migrate\\node_modules\\node-firebird\\lib\\callback.js:23:21)\n    at C:\\Projects\\Autoneer-Migrate\\node_modules\\node-firebird\\lib\\wire\\connection.js:172:21"}
