{"timestamp":"2026-01-27T09:29:00.704Z","runId":244,"level":"info","phase":"run_start","dryRun":false,"batchSize":1000,"fkChecks":true,"tables":[{"table":"SUPPLIERS","mode":"INSERT","keyStrategy":"preserve","dedupeKeys":[],"onDuplicate":"SKIP","cleanBefore":true},{"table":"INVOICE_ITEMS","mode":"INSERT","keyStrategy":"preserve","dedupeKeys":[],"onDuplicate":"SKIP","cleanBefore":true},{"table":"INVOICES_SUPPLIER","mode":"INSERT","keyStrategy":"preserve","dedupeKeys":[],"onDuplicate":"SKIP","cleanBefore":true},{"table":"PAYMENTS_SUPPLIERS","mode":"INSERT","keyStrategy":"preserve","dedupeKeys":[],"onDuplicate":"SKIP","cleanBefore":true}]}
{"timestamp":"2026-01-27T09:29:00.765Z","runId":244,"level":"info","phase":"preflight","attempt":1,"status":"ok"}
{"timestamp":"2026-01-27T09:29:00.766Z","runId":244,"level":"debug","phase":"preflight","durationMs":62}
{"timestamp":"2026-01-27T09:29:00.766Z","runId":244,"level":"info","phase":"preflight","action":"nullability_validation","status":"start"}
{"timestamp":"2026-01-27T09:29:00.770Z","runId":244,"level":"info","phase":"preflight","action":"nullability_validation","status":"passed"}
{"timestamp":"2026-01-27T09:29:00.837Z","runId":244,"level":"debug","phase":"table_loop","action":"starting","includedCount":4,"mappingTableCount":4}
{"timestamp":"2026-01-27T09:29:00.837Z","runId":244,"level":"info","phase":"table_loop","action":"normalized_tables","sampleTables":["SUPPLIERS","INVOICE_ITEMS","INVOICES_SUPPLIER","PAYMENTS_SUPPLIERS"]}
{"timestamp":"2026-01-27T09:29:00.838Z","runId":244,"level":"debug","phase":"table_loop","action":"processing","tableName":"SUPPLIERS","mappingTableKeys":["INVTOTAL","INVOICESUPPLIER","SUPPLIER","PAYMENTSSUPP"]}
{"timestamp":"2026-01-27T09:29:00.838Z","runId":244,"level":"debug","phase":"table_loop","action":"mapping_resolved","tableName":"SUPPLIERS","hasMappingEntry":true,"mappingTarget":"SUPPLIERS"}
{"timestamp":"2026-01-27T09:29:00.838Z","runId":244,"level":"debug","phase":"mapping_debug","tableName":"SUPPLIERS","mappedSource":"SUPPLIER","firebirdTableCount":187,"sampleFirebirdTables":["ACCCLASS","ACCDEPARTMENT","ACCOUNTLINKS","ACCOUNTS","ACCRANGE"]}
{"timestamp":"2026-01-27T09:29:00.905Z","runId":244,"level":"debug","phase":"clean_decision","tableName":"SUPPLIERS","cleanBefore":true,"dryRun":false,"mode":"INSERT"}
{"timestamp":"2026-01-27T09:29:00.905Z","runId":244,"type":"table_cleaning_started","table":"SUPPLIERS","tableRunId":276}
{"timestamp":"2026-01-27T09:29:00.906Z","runId":244,"level":"info","phase":"clean","tableName":"SUPPLIERS","tableRunId":276,"status":"start"}
{"timestamp":"2026-01-27T09:29:00.906Z","runId":244,"level":"debug","phase":"clean","tableName":"SUPPLIERS","tableRunId":276,"action":"fk_checks_disabled"}
{"timestamp":"2026-01-27T09:29:00.935Z","runId":244,"level":"info","phase":"clean","tableName":"SUPPLIERS","tableRunId":276,"status":"success","method":"TRUNCATE","affectedRows":null,"postCount":0,"durationMs":29}
{"timestamp":"2026-01-27T09:29:00.946Z","runId":244,"type":"table_cleaned","table":"SUPPLIERS","tableRunId":276,"method":"TRUNCATE","affectedRows":null,"postCount":0}
{"timestamp":"2026-01-27T09:29:00.947Z","runId":244,"level":"debug","phase":"clean","tableName":"SUPPLIERS","tableRunId":276,"action":"fk_checks_restored"}
{"timestamp":"2026-01-27T09:29:00.947Z","runId":244,"level":"info","phase":"table_start","tableName":"SUPPLIERS","tableRunId":276,"mode":"INSERT","keyStrategy":"preserve","dedupeKeys":[]}
{"timestamp":"2026-01-27T09:29:01.018Z","runId":244,"level":"info","phase":"fetch","tableName":"SUPPLIERS","tableRunId":276,"sourceRows":323}
{"timestamp":"2026-01-27T09:29:01.101Z","runId":244,"level":"debug","phase":"write","tableName":"SUPPLIERS","tableRunId":276,"status":"start","batchSize":323}
{"timestamp":"2026-01-27T09:29:01.117Z","runId":244,"level":"debug","phase":"write","tableName":"SUPPLIERS","tableRunId":276,"status":"end","inserted":323,"updated":0,"skipped":0,"durationMs":16}
{"timestamp":"2026-01-27T09:29:01.129Z","runId":244,"level":"info","phase":"table_finalize","tableName":"SUPPLIERS","tableRunId":276,"status":"success","inserted":323,"updated":0,"skipped":0,"errors":0,"durationMs":177}
{"timestamp":"2026-01-27T09:29:01.129Z","runId":244,"level":"debug","phase":"table_loop","action":"processing","tableName":"INVOICE_ITEMS","mappingTableKeys":["INVTOTAL","INVOICESUPPLIER","SUPPLIER","PAYMENTSSUPP"]}
{"timestamp":"2026-01-27T09:29:01.130Z","runId":244,"level":"debug","phase":"table_loop","action":"mapping_resolved","tableName":"INVOICE_ITEMS","hasMappingEntry":true,"mappingTarget":"INVOICE_ITEMS"}
{"timestamp":"2026-01-27T09:29:01.130Z","runId":244,"level":"debug","phase":"mapping_debug","tableName":"INVOICE_ITEMS","mappedSource":"INVTOTAL","firebirdTableCount":187,"sampleFirebirdTables":["ACCCLASS","ACCDEPARTMENT","ACCOUNTLINKS","ACCOUNTS","ACCRANGE"]}
{"timestamp":"2026-01-27T09:29:01.194Z","runId":244,"level":"debug","phase":"clean_decision","tableName":"INVOICE_ITEMS","cleanBefore":true,"dryRun":false,"mode":"INSERT"}
{"timestamp":"2026-01-27T09:29:01.194Z","runId":244,"type":"table_cleaning_started","table":"INVOICE_ITEMS","tableRunId":277}
{"timestamp":"2026-01-27T09:29:01.195Z","runId":244,"level":"info","phase":"clean","tableName":"INVOICE_ITEMS","tableRunId":277,"status":"start"}
{"timestamp":"2026-01-27T09:29:01.195Z","runId":244,"level":"debug","phase":"clean","tableName":"INVOICE_ITEMS","tableRunId":277,"action":"fk_checks_disabled"}
{"timestamp":"2026-01-27T09:29:01.223Z","runId":244,"level":"info","phase":"clean","tableName":"INVOICE_ITEMS","tableRunId":277,"status":"success","method":"TRUNCATE","affectedRows":null,"postCount":0,"durationMs":28}
{"timestamp":"2026-01-27T09:29:01.229Z","runId":244,"type":"table_cleaned","table":"INVOICE_ITEMS","tableRunId":277,"method":"TRUNCATE","affectedRows":null,"postCount":0}
{"timestamp":"2026-01-27T09:29:01.230Z","runId":244,"level":"debug","phase":"clean","tableName":"INVOICE_ITEMS","tableRunId":277,"action":"fk_checks_restored"}
{"timestamp":"2026-01-27T09:29:01.230Z","runId":244,"level":"info","phase":"table_start","tableName":"INVOICE_ITEMS","tableRunId":277,"mode":"INSERT","keyStrategy":"preserve","dedupeKeys":[]}
{"timestamp":"2026-01-27T09:29:01.336Z","runId":244,"level":"info","phase":"fetch","tableName":"INVOICE_ITEMS","tableRunId":277,"sourceRows":62271}
{"timestamp":"2026-01-27T09:29:01.448Z","runId":244,"level":"debug","phase":"write","tableName":"INVOICE_ITEMS","tableRunId":277,"status":"start","batchSize":1000}
{"timestamp":"2026-01-27T09:29:01.486Z","runId":244,"level":"debug","phase":"write","tableName":"INVOICE_ITEMS","tableRunId":277,"status":"end","inserted":994,"updated":0,"skipped":6,"durationMs":38}
{"timestamp":"2026-01-27T09:29:01.608Z","runId":244,"level":"debug","phase":"write","tableName":"INVOICE_ITEMS","tableRunId":277,"status":"start","batchSize":1000}
{"timestamp":"2026-01-27T09:29:01.652Z","runId":244,"level":"debug","phase":"write","tableName":"INVOICE_ITEMS","tableRunId":277,"status":"end","inserted":996,"updated":0,"skipped":4,"durationMs":44}
{"timestamp":"2026-01-27T09:29:01.758Z","runId":244,"level":"debug","phase":"write","tableName":"INVOICE_ITEMS","tableRunId":277,"status":"start","batchSize":1000}
{"timestamp":"2026-01-27T09:29:01.780Z","runId":244,"level":"debug","phase":"write","tableName":"INVOICE_ITEMS","tableRunId":277,"status":"end","inserted":986,"updated":0,"skipped":14,"durationMs":22}
{"timestamp":"2026-01-27T09:29:01.907Z","runId":244,"level":"debug","phase":"write","tableName":"INVOICE_ITEMS","tableRunId":277,"status":"start","batchSize":1000}
{"timestamp":"2026-01-27T09:29:01.930Z","runId":244,"level":"debug","phase":"write","tableName":"INVOICE_ITEMS","tableRunId":277,"status":"end","inserted":989,"updated":0,"skipped":11,"durationMs":23}
{"timestamp":"2026-01-27T09:29:02.052Z","runId":244,"level":"debug","phase":"write","tableName":"INVOICE_ITEMS","tableRunId":277,"status":"start","batchSize":1000}
{"timestamp":"2026-01-27T09:29:02.080Z","runId":244,"level":"debug","phase":"write","tableName":"INVOICE_ITEMS","tableRunId":277,"status":"end","inserted":976,"updated":0,"skipped":24,"durationMs":28}
{"timestamp":"2026-01-27T09:29:02.210Z","runId":244,"level":"debug","phase":"write","tableName":"INVOICE_ITEMS","tableRunId":277,"status":"start","batchSize":1000}
{"timestamp":"2026-01-27T09:29:02.249Z","runId":244,"level":"debug","phase":"write","tableName":"INVOICE_ITEMS","tableRunId":277,"status":"end","inserted":894,"updated":0,"skipped":106,"durationMs":39}
{"timestamp":"2026-01-27T09:29:02.384Z","runId":244,"level":"debug","phase":"write","tableName":"INVOICE_ITEMS","tableRunId":277,"status":"start","batchSize":1000}
{"timestamp":"2026-01-27T09:29:02.410Z","runId":244,"level":"debug","phase":"write","tableName":"INVOICE_ITEMS","tableRunId":277,"status":"end","inserted":955,"updated":0,"skipped":45,"durationMs":26}
{"timestamp":"2026-01-27T09:29:02.549Z","runId":244,"level":"debug","phase":"write","tableName":"INVOICE_ITEMS","tableRunId":277,"status":"start","batchSize":1000}
{"timestamp":"2026-01-27T09:29:02.577Z","runId":244,"level":"debug","phase":"write","tableName":"INVOICE_ITEMS","tableRunId":277,"status":"end","inserted":972,"updated":0,"skipped":28,"durationMs":28}
{"timestamp":"2026-01-27T09:29:02.710Z","runId":244,"level":"debug","phase":"write","tableName":"INVOICE_ITEMS","tableRunId":277,"status":"start","batchSize":1000}
{"timestamp":"2026-01-27T09:29:02.736Z","runId":244,"level":"debug","phase":"write","tableName":"INVOICE_ITEMS","tableRunId":277,"status":"end","inserted":930,"updated":0,"skipped":70,"durationMs":26}
{"timestamp":"2026-01-27T09:29:02.876Z","runId":244,"level":"debug","phase":"write","tableName":"INVOICE_ITEMS","tableRunId":277,"status":"start","batchSize":1000}
{"timestamp":"2026-01-27T09:29:02.902Z","runId":244,"level":"debug","phase":"write","tableName":"INVOICE_ITEMS","tableRunId":277,"status":"end","inserted":904,"updated":0,"skipped":96,"durationMs":26}
{"timestamp":"2026-01-27T09:29:03.044Z","runId":244,"level":"debug","phase":"write","tableName":"INVOICE_ITEMS","tableRunId":277,"status":"start","batchSize":1000}
{"timestamp":"2026-01-27T09:29:03.073Z","runId":244,"level":"debug","phase":"write","tableName":"INVOICE_ITEMS","tableRunId":277,"status":"end","inserted":978,"updated":0,"skipped":22,"durationMs":29}
{"timestamp":"2026-01-27T09:29:03.214Z","runId":244,"level":"debug","phase":"write","tableName":"INVOICE_ITEMS","tableRunId":277,"status":"start","batchSize":1000}
{"timestamp":"2026-01-27T09:29:03.240Z","runId":244,"level":"debug","phase":"write","tableName":"INVOICE_ITEMS","tableRunId":277,"status":"end","inserted":902,"updated":0,"skipped":98,"durationMs":26}
{"timestamp":"2026-01-27T09:29:03.382Z","runId":244,"level":"debug","phase":"write","tableName":"INVOICE_ITEMS","tableRunId":277,"status":"start","batchSize":1000}
{"timestamp":"2026-01-27T09:29:03.422Z","runId":244,"level":"debug","phase":"write","tableName":"INVOICE_ITEMS","tableRunId":277,"status":"end","inserted":770,"updated":0,"skipped":230,"durationMs":40}
{"timestamp":"2026-01-27T09:29:04.176Z","runId":244,"level":"debug","phase":"write","tableName":"INVOICE_ITEMS","tableRunId":277,"status":"start","batchSize":1000}
{"timestamp":"2026-01-27T09:29:04.200Z","runId":244,"level":"debug","phase":"write","tableName":"INVOICE_ITEMS","tableRunId":277,"status":"end","inserted":656,"updated":0,"skipped":344,"durationMs":24}
{"timestamp":"2026-01-27T09:29:04.357Z","runId":244,"level":"debug","phase":"write","tableName":"INVOICE_ITEMS","tableRunId":277,"status":"start","batchSize":1000}
{"timestamp":"2026-01-27T09:29:04.379Z","runId":244,"level":"debug","phase":"write","tableName":"INVOICE_ITEMS","tableRunId":277,"status":"end","inserted":665,"updated":0,"skipped":335,"durationMs":22}
{"timestamp":"2026-01-27T09:29:04.530Z","runId":244,"level":"debug","phase":"write","tableName":"INVOICE_ITEMS","tableRunId":277,"status":"start","batchSize":1000}
{"timestamp":"2026-01-27T09:29:04.555Z","runId":244,"level":"debug","phase":"write","tableName":"INVOICE_ITEMS","tableRunId":277,"status":"end","inserted":763,"updated":0,"skipped":237,"durationMs":25}
{"timestamp":"2026-01-27T09:29:04.710Z","runId":244,"level":"debug","phase":"write","tableName":"INVOICE_ITEMS","tableRunId":277,"status":"start","batchSize":1000}
{"timestamp":"2026-01-27T09:29:04.736Z","runId":244,"level":"debug","phase":"write","tableName":"INVOICE_ITEMS","tableRunId":277,"status":"end","inserted":947,"updated":0,"skipped":53,"durationMs":26}
{"timestamp":"2026-01-27T09:29:04.899Z","runId":244,"level":"debug","phase":"write","tableName":"INVOICE_ITEMS","tableRunId":277,"status":"start","batchSize":1000}
{"timestamp":"2026-01-27T09:29:04.924Z","runId":244,"level":"debug","phase":"write","tableName":"INVOICE_ITEMS","tableRunId":277,"status":"end","inserted":949,"updated":0,"skipped":51,"durationMs":25}
{"timestamp":"2026-01-27T09:29:05.090Z","runId":244,"level":"debug","phase":"write","tableName":"INVOICE_ITEMS","tableRunId":277,"status":"start","batchSize":1000}
{"timestamp":"2026-01-27T09:29:05.115Z","runId":244,"level":"debug","phase":"write","tableName":"INVOICE_ITEMS","tableRunId":277,"status":"end","inserted":838,"updated":0,"skipped":162,"durationMs":25}
{"timestamp":"2026-01-27T09:29:05.276Z","runId":244,"level":"debug","phase":"write","tableName":"INVOICE_ITEMS","tableRunId":277,"status":"start","batchSize":1000}
{"timestamp":"2026-01-27T09:29:05.301Z","runId":244,"level":"debug","phase":"write","tableName":"INVOICE_ITEMS","tableRunId":277,"status":"end","inserted":758,"updated":0,"skipped":242,"durationMs":25}
{"timestamp":"2026-01-27T09:29:05.469Z","runId":244,"level":"debug","phase":"write","tableName":"INVOICE_ITEMS","tableRunId":277,"status":"start","batchSize":1000}
{"timestamp":"2026-01-27T09:29:05.493Z","runId":244,"level":"debug","phase":"write","tableName":"INVOICE_ITEMS","tableRunId":277,"status":"end","inserted":787,"updated":0,"skipped":213,"durationMs":24}
{"timestamp":"2026-01-27T09:29:05.646Z","runId":244,"level":"debug","phase":"write","tableName":"INVOICE_ITEMS","tableRunId":277,"status":"start","batchSize":1000}
{"timestamp":"2026-01-27T09:29:05.686Z","runId":244,"level":"debug","phase":"write","tableName":"INVOICE_ITEMS","tableRunId":277,"status":"end","inserted":754,"updated":0,"skipped":246,"durationMs":40}
{"timestamp":"2026-01-27T09:29:05.864Z","runId":244,"level":"debug","phase":"write","tableName":"INVOICE_ITEMS","tableRunId":277,"status":"start","batchSize":1000}
{"timestamp":"2026-01-27T09:29:05.892Z","runId":244,"level":"debug","phase":"write","tableName":"INVOICE_ITEMS","tableRunId":277,"status":"end","inserted":762,"updated":0,"skipped":238,"durationMs":28}
{"timestamp":"2026-01-27T09:29:06.053Z","runId":244,"level":"debug","phase":"write","tableName":"INVOICE_ITEMS","tableRunId":277,"status":"start","batchSize":1000}
{"timestamp":"2026-01-27T09:29:06.078Z","runId":244,"level":"debug","phase":"write","tableName":"INVOICE_ITEMS","tableRunId":277,"status":"end","inserted":901,"updated":0,"skipped":99,"durationMs":25}
{"timestamp":"2026-01-27T09:29:06.238Z","runId":244,"level":"debug","phase":"write","tableName":"INVOICE_ITEMS","tableRunId":277,"status":"start","batchSize":1000}
{"timestamp":"2026-01-27T09:29:06.261Z","runId":244,"level":"debug","phase":"write","tableName":"INVOICE_ITEMS","tableRunId":277,"status":"end","inserted":948,"updated":0,"skipped":52,"durationMs":23}
{"timestamp":"2026-01-27T09:29:06.427Z","runId":244,"level":"debug","phase":"write","tableName":"INVOICE_ITEMS","tableRunId":277,"status":"start","batchSize":1000}
{"timestamp":"2026-01-27T09:29:06.457Z","runId":244,"level":"debug","phase":"write","tableName":"INVOICE_ITEMS","tableRunId":277,"status":"end","inserted":809,"updated":0,"skipped":191,"durationMs":30}
{"timestamp":"2026-01-27T09:29:06.637Z","runId":244,"level":"debug","phase":"write","tableName":"INVOICE_ITEMS","tableRunId":277,"status":"start","batchSize":1000}
{"timestamp":"2026-01-27T09:29:06.661Z","runId":244,"level":"debug","phase":"write","tableName":"INVOICE_ITEMS","tableRunId":277,"status":"end","inserted":741,"updated":0,"skipped":259,"durationMs":24}
{"timestamp":"2026-01-27T09:29:06.802Z","runId":244,"level":"debug","phase":"write","tableName":"INVOICE_ITEMS","tableRunId":277,"status":"start","batchSize":1000}
{"timestamp":"2026-01-27T09:29:06.827Z","runId":244,"level":"debug","phase":"write","tableName":"INVOICE_ITEMS","tableRunId":277,"status":"end","inserted":779,"updated":0,"skipped":221,"durationMs":25}
{"timestamp":"2026-01-27T09:29:07.006Z","runId":244,"level":"debug","phase":"write","tableName":"INVOICE_ITEMS","tableRunId":277,"status":"start","batchSize":1000}
{"timestamp":"2026-01-27T09:29:07.031Z","runId":244,"level":"debug","phase":"write","tableName":"INVOICE_ITEMS","tableRunId":277,"status":"end","inserted":801,"updated":0,"skipped":199,"durationMs":25}
{"timestamp":"2026-01-27T09:29:07.208Z","runId":244,"level":"debug","phase":"write","tableName":"INVOICE_ITEMS","tableRunId":277,"status":"start","batchSize":1000}
{"timestamp":"2026-01-27T09:29:07.261Z","runId":244,"level":"debug","phase":"write","tableName":"INVOICE_ITEMS","tableRunId":277,"status":"end","inserted":623,"updated":0,"skipped":377,"durationMs":53}
{"timestamp":"2026-01-27T09:29:08.157Z","runId":244,"level":"debug","phase":"write","tableName":"INVOICE_ITEMS","tableRunId":277,"status":"start","batchSize":1000}
{"timestamp":"2026-01-27T09:29:08.181Z","runId":244,"level":"debug","phase":"write","tableName":"INVOICE_ITEMS","tableRunId":277,"status":"end","inserted":575,"updated":0,"skipped":425,"durationMs":24}
{"timestamp":"2026-01-27T09:29:09.104Z","runId":244,"level":"debug","phase":"write","tableName":"INVOICE_ITEMS","tableRunId":277,"status":"start","batchSize":1000}
{"timestamp":"2026-01-27T09:29:09.130Z","runId":244,"level":"debug","phase":"write","tableName":"INVOICE_ITEMS","tableRunId":277,"status":"end","inserted":722,"updated":0,"skipped":278,"durationMs":26}
{"timestamp":"2026-01-27T09:29:09.317Z","runId":244,"level":"debug","phase":"write","tableName":"INVOICE_ITEMS","tableRunId":277,"status":"start","batchSize":1000}
{"timestamp":"2026-01-27T09:29:09.343Z","runId":244,"level":"debug","phase":"write","tableName":"INVOICE_ITEMS","tableRunId":277,"status":"end","inserted":698,"updated":0,"skipped":302,"durationMs":26}
{"timestamp":"2026-01-27T09:29:09.522Z","runId":244,"level":"debug","phase":"write","tableName":"INVOICE_ITEMS","tableRunId":277,"status":"start","batchSize":1000}
{"timestamp":"2026-01-27T09:29:09.546Z","runId":244,"level":"debug","phase":"write","tableName":"INVOICE_ITEMS","tableRunId":277,"status":"end","inserted":863,"updated":0,"skipped":137,"durationMs":24}
{"timestamp":"2026-01-27T09:29:09.734Z","runId":244,"level":"debug","phase":"write","tableName":"INVOICE_ITEMS","tableRunId":277,"status":"start","batchSize":1000}
{"timestamp":"2026-01-27T09:29:09.759Z","runId":244,"level":"debug","phase":"write","tableName":"INVOICE_ITEMS","tableRunId":277,"status":"end","inserted":816,"updated":0,"skipped":184,"durationMs":25}
{"timestamp":"2026-01-27T09:29:09.941Z","runId":244,"level":"debug","phase":"write","tableName":"INVOICE_ITEMS","tableRunId":277,"status":"start","batchSize":1000}
{"timestamp":"2026-01-27T09:29:09.964Z","runId":244,"level":"debug","phase":"write","tableName":"INVOICE_ITEMS","tableRunId":277,"status":"end","inserted":778,"updated":0,"skipped":222,"durationMs":23}
{"timestamp":"2026-01-27T09:29:10.166Z","runId":244,"level":"debug","phase":"write","tableName":"INVOICE_ITEMS","tableRunId":277,"status":"start","batchSize":1000}
{"timestamp":"2026-01-27T09:29:10.192Z","runId":244,"level":"debug","phase":"write","tableName":"INVOICE_ITEMS","tableRunId":277,"status":"end","inserted":321,"updated":0,"skipped":679,"durationMs":26}
{"timestamp":"2026-01-27T09:29:10.389Z","runId":244,"level":"debug","phase":"write","tableName":"INVOICE_ITEMS","tableRunId":277,"status":"start","batchSize":1000}
{"timestamp":"2026-01-27T09:29:10.412Z","runId":244,"level":"debug","phase":"write","tableName":"INVOICE_ITEMS","tableRunId":277,"status":"end","inserted":738,"updated":0,"skipped":262,"durationMs":23}
{"timestamp":"2026-01-27T09:29:10.603Z","runId":244,"level":"debug","phase":"write","tableName":"INVOICE_ITEMS","tableRunId":277,"status":"start","batchSize":1000}
{"timestamp":"2026-01-27T09:29:10.625Z","runId":244,"level":"debug","phase":"write","tableName":"INVOICE_ITEMS","tableRunId":277,"status":"end","inserted":364,"updated":0,"skipped":636,"durationMs":22}
{"timestamp":"2026-01-27T09:29:10.821Z","runId":244,"level":"debug","phase":"write","tableName":"INVOICE_ITEMS","tableRunId":277,"status":"start","batchSize":1000}
{"timestamp":"2026-01-27T09:29:10.846Z","runId":244,"level":"debug","phase":"write","tableName":"INVOICE_ITEMS","tableRunId":277,"status":"end","inserted":788,"updated":0,"skipped":212,"durationMs":25}
{"timestamp":"2026-01-27T09:29:11.044Z","runId":244,"level":"debug","phase":"write","tableName":"INVOICE_ITEMS","tableRunId":277,"status":"start","batchSize":1000}
{"timestamp":"2026-01-27T09:29:11.079Z","runId":244,"level":"debug","phase":"write","tableName":"INVOICE_ITEMS","tableRunId":277,"status":"end","inserted":420,"updated":0,"skipped":580,"durationMs":35}
{"timestamp":"2026-01-27T09:29:11.277Z","runId":244,"level":"debug","phase":"write","tableName":"INVOICE_ITEMS","tableRunId":277,"status":"start","batchSize":1000}
{"timestamp":"2026-01-27T09:29:11.299Z","runId":244,"level":"debug","phase":"write","tableName":"INVOICE_ITEMS","tableRunId":277,"status":"end","inserted":456,"updated":0,"skipped":544,"durationMs":22}
{"timestamp":"2026-01-27T09:29:11.502Z","runId":244,"level":"debug","phase":"write","tableName":"INVOICE_ITEMS","tableRunId":277,"status":"start","batchSize":1000}
{"timestamp":"2026-01-27T09:29:11.525Z","runId":244,"level":"debug","phase":"write","tableName":"INVOICE_ITEMS","tableRunId":277,"status":"end","inserted":472,"updated":0,"skipped":528,"durationMs":23}
{"timestamp":"2026-01-27T09:29:11.729Z","runId":244,"level":"debug","phase":"write","tableName":"INVOICE_ITEMS","tableRunId":277,"status":"start","batchSize":1000}
{"timestamp":"2026-01-27T09:29:11.749Z","runId":244,"level":"debug","phase":"write","tableName":"INVOICE_ITEMS","tableRunId":277,"status":"end","inserted":427,"updated":0,"skipped":573,"durationMs":20}
{"timestamp":"2026-01-27T09:29:11.953Z","runId":244,"level":"debug","phase":"write","tableName":"INVOICE_ITEMS","tableRunId":277,"status":"start","batchSize":1000}
{"timestamp":"2026-01-27T09:29:11.975Z","runId":244,"level":"debug","phase":"write","tableName":"INVOICE_ITEMS","tableRunId":277,"status":"end","inserted":406,"updated":0,"skipped":594,"durationMs":22}
{"timestamp":"2026-01-27T09:29:12.178Z","runId":244,"level":"debug","phase":"write","tableName":"INVOICE_ITEMS","tableRunId":277,"status":"start","batchSize":1000}
{"timestamp":"2026-01-27T09:29:12.198Z","runId":244,"level":"debug","phase":"write","tableName":"INVOICE_ITEMS","tableRunId":277,"status":"end","inserted":379,"updated":0,"skipped":621,"durationMs":20}
{"timestamp":"2026-01-27T09:29:12.405Z","runId":244,"level":"debug","phase":"write","tableName":"INVOICE_ITEMS","tableRunId":277,"status":"start","batchSize":1000}
{"timestamp":"2026-01-27T09:29:12.426Z","runId":244,"level":"debug","phase":"write","tableName":"INVOICE_ITEMS","tableRunId":277,"status":"end","inserted":473,"updated":0,"skipped":527,"durationMs":21}
{"timestamp":"2026-01-27T09:29:12.638Z","runId":244,"level":"debug","phase":"write","tableName":"INVOICE_ITEMS","tableRunId":277,"status":"start","batchSize":1000}
{"timestamp":"2026-01-27T09:29:12.660Z","runId":244,"level":"debug","phase":"write","tableName":"INVOICE_ITEMS","tableRunId":277,"status":"end","inserted":452,"updated":0,"skipped":548,"durationMs":22}
{"timestamp":"2026-01-27T09:29:12.870Z","runId":244,"level":"debug","phase":"write","tableName":"INVOICE_ITEMS","tableRunId":277,"status":"start","batchSize":1000}
{"timestamp":"2026-01-27T09:29:12.893Z","runId":244,"level":"debug","phase":"write","tableName":"INVOICE_ITEMS","tableRunId":277,"status":"end","inserted":534,"updated":0,"skipped":466,"durationMs":23}
{"timestamp":"2026-01-27T09:29:13.110Z","runId":244,"level":"debug","phase":"write","tableName":"INVOICE_ITEMS","tableRunId":277,"status":"start","batchSize":1000}
{"timestamp":"2026-01-27T09:29:13.132Z","runId":244,"level":"debug","phase":"write","tableName":"INVOICE_ITEMS","tableRunId":277,"status":"end","inserted":418,"updated":0,"skipped":582,"durationMs":22}
{"timestamp":"2026-01-27T09:29:13.348Z","runId":244,"level":"debug","phase":"write","tableName":"INVOICE_ITEMS","tableRunId":277,"status":"start","batchSize":1000}
{"timestamp":"2026-01-27T09:29:13.371Z","runId":244,"level":"debug","phase":"write","tableName":"INVOICE_ITEMS","tableRunId":277,"status":"end","inserted":250,"updated":0,"skipped":750,"durationMs":23}
{"timestamp":"2026-01-27T09:29:14.333Z","runId":244,"level":"debug","phase":"write","tableName":"INVOICE_ITEMS","tableRunId":277,"status":"start","batchSize":1000}
{"timestamp":"2026-01-27T09:29:14.355Z","runId":244,"level":"debug","phase":"write","tableName":"INVOICE_ITEMS","tableRunId":277,"status":"end","inserted":300,"updated":0,"skipped":700,"durationMs":22}
{"timestamp":"2026-01-27T09:29:14.573Z","runId":244,"level":"debug","phase":"write","tableName":"INVOICE_ITEMS","tableRunId":277,"status":"start","batchSize":1000}
{"timestamp":"2026-01-27T09:29:14.593Z","runId":244,"level":"debug","phase":"write","tableName":"INVOICE_ITEMS","tableRunId":277,"status":"end","inserted":362,"updated":0,"skipped":638,"durationMs":20}
{"timestamp":"2026-01-27T09:29:14.815Z","runId":244,"level":"debug","phase":"write","tableName":"INVOICE_ITEMS","tableRunId":277,"status":"start","batchSize":1000}
{"timestamp":"2026-01-27T09:29:14.840Z","runId":244,"level":"debug","phase":"write","tableName":"INVOICE_ITEMS","tableRunId":277,"status":"end","inserted":232,"updated":0,"skipped":768,"durationMs":25}
{"timestamp":"2026-01-27T09:29:15.053Z","runId":244,"level":"debug","phase":"write","tableName":"INVOICE_ITEMS","tableRunId":277,"status":"start","batchSize":1000}
{"timestamp":"2026-01-27T09:29:15.076Z","runId":244,"level":"debug","phase":"write","tableName":"INVOICE_ITEMS","tableRunId":277,"status":"end","inserted":309,"updated":0,"skipped":691,"durationMs":22}
{"timestamp":"2026-01-27T09:29:15.292Z","runId":244,"level":"debug","phase":"write","tableName":"INVOICE_ITEMS","tableRunId":277,"status":"start","batchSize":1000}
{"timestamp":"2026-01-27T09:29:15.314Z","runId":244,"level":"debug","phase":"write","tableName":"INVOICE_ITEMS","tableRunId":277,"status":"end","inserted":247,"updated":0,"skipped":753,"durationMs":22}
{"timestamp":"2026-01-27T09:29:15.538Z","runId":244,"level":"debug","phase":"write","tableName":"INVOICE_ITEMS","tableRunId":277,"status":"start","batchSize":1000}
{"timestamp":"2026-01-27T09:29:15.559Z","runId":244,"level":"debug","phase":"write","tableName":"INVOICE_ITEMS","tableRunId":277,"status":"end","inserted":203,"updated":0,"skipped":797,"durationMs":21}
{"timestamp":"2026-01-27T09:29:15.778Z","runId":244,"level":"debug","phase":"write","tableName":"INVOICE_ITEMS","tableRunId":277,"status":"start","batchSize":1000}
{"timestamp":"2026-01-27T09:29:15.805Z","runId":244,"level":"debug","phase":"write","tableName":"INVOICE_ITEMS","tableRunId":277,"status":"end","inserted":167,"updated":0,"skipped":833,"durationMs":27}
{"timestamp":"2026-01-27T09:29:16.036Z","runId":244,"level":"debug","phase":"write","tableName":"INVOICE_ITEMS","tableRunId":277,"status":"start","batchSize":1000}
{"timestamp":"2026-01-27T09:29:16.058Z","runId":244,"level":"debug","phase":"write","tableName":"INVOICE_ITEMS","tableRunId":277,"status":"end","inserted":225,"updated":0,"skipped":775,"durationMs":22}
{"timestamp":"2026-01-27T09:29:16.288Z","runId":244,"level":"debug","phase":"write","tableName":"INVOICE_ITEMS","tableRunId":277,"status":"start","batchSize":1000}
{"timestamp":"2026-01-27T09:29:16.309Z","runId":244,"level":"debug","phase":"write","tableName":"INVOICE_ITEMS","tableRunId":277,"status":"end","inserted":237,"updated":0,"skipped":763,"durationMs":21}
{"timestamp":"2026-01-27T09:29:16.488Z","runId":244,"level":"debug","phase":"write","tableName":"INVOICE_ITEMS","tableRunId":277,"status":"start","batchSize":1000}
{"timestamp":"2026-01-27T09:29:16.511Z","runId":244,"level":"debug","phase":"write","tableName":"INVOICE_ITEMS","tableRunId":277,"status":"end","inserted":173,"updated":0,"skipped":827,"durationMs":23}
{"timestamp":"2026-01-27T09:29:16.712Z","runId":244,"level":"debug","phase":"write","tableName":"INVOICE_ITEMS","tableRunId":277,"status":"start","batchSize":1000}
{"timestamp":"2026-01-27T09:29:16.747Z","runId":244,"level":"debug","phase":"write","tableName":"INVOICE_ITEMS","tableRunId":277,"status":"end","inserted":195,"updated":0,"skipped":805,"durationMs":35}
