{"timestamp":"2026-01-27T09:31:38.315Z","runId":245,"level":"info","phase":"run_start","dryRun":false,"batchSize":1000,"fkChecks":true,"tables":[{"table":"SUPPLIERS","mode":"INSERT","keyStrategy":"preserve","dedupeKeys":[],"onDuplicate":"SKIP","cleanBefore":true},{"table":"INVOICE_ITEMS","mode":"INSERT","keyStrategy":"preserve","dedupeKeys":[],"onDuplicate":"SKIP","cleanBefore":true},{"table":"INVOICES_SUPPLIER","mode":"INSERT","keyStrategy":"preserve","dedupeKeys":[],"onDuplicate":"SKIP","cleanBefore":true},{"table":"PAYMENTS_SUPPLIERS","mode":"INSERT","keyStrategy":"preserve","dedupeKeys":[],"onDuplicate":"SKIP","cleanBefore":true}]}
{"timestamp":"2026-01-27T09:31:38.384Z","runId":245,"level":"info","phase":"preflight","attempt":1,"status":"ok"}
{"timestamp":"2026-01-27T09:31:38.385Z","runId":245,"level":"debug","phase":"preflight","durationMs":69}
{"timestamp":"2026-01-27T09:31:38.386Z","runId":245,"level":"info","phase":"preflight","action":"nullability_validation","status":"start"}
{"timestamp":"2026-01-27T09:31:38.393Z","runId":245,"level":"info","phase":"preflight","action":"nullability_validation","status":"passed"}
{"timestamp":"2026-01-27T09:31:38.465Z","runId":245,"level":"debug","phase":"table_loop","action":"starting","includedCount":4,"mappingTableCount":4}
{"timestamp":"2026-01-27T09:31:38.466Z","runId":245,"level":"info","phase":"table_loop","action":"normalized_tables","sampleTables":["SUPPLIERS","INVOICE_ITEMS","INVOICES_SUPPLIER","PAYMENTS_SUPPLIERS"]}
{"timestamp":"2026-01-27T09:31:38.467Z","runId":245,"level":"debug","phase":"table_loop","action":"processing","tableName":"SUPPLIERS","mappingTableKeys":["INVTOTAL","INVOICESUPPLIER","SUPPLIER","PAYMENTSSUPP"]}
{"timestamp":"2026-01-27T09:31:38.468Z","runId":245,"level":"debug","phase":"table_loop","action":"mapping_resolved","tableName":"SUPPLIERS","hasMappingEntry":true,"mappingTarget":"SUPPLIERS"}
{"timestamp":"2026-01-27T09:31:38.468Z","runId":245,"level":"debug","phase":"mapping_debug","tableName":"SUPPLIERS","mappedSource":"SUPPLIER","firebirdTableCount":187,"sampleFirebirdTables":["ACCCLASS","ACCDEPARTMENT","ACCOUNTLINKS","ACCOUNTS","ACCRANGE"]}
{"timestamp":"2026-01-27T09:31:38.543Z","runId":245,"level":"debug","phase":"clean_decision","tableName":"SUPPLIERS","cleanBefore":true,"dryRun":false,"mode":"INSERT"}
{"timestamp":"2026-01-27T09:31:38.544Z","runId":245,"type":"table_cleaning_started","table":"SUPPLIERS","tableRunId":278}
{"timestamp":"2026-01-27T09:31:38.544Z","runId":245,"level":"info","phase":"clean","tableName":"SUPPLIERS","tableRunId":278,"status":"start"}
{"timestamp":"2026-01-27T09:31:38.545Z","runId":245,"level":"debug","phase":"clean","tableName":"SUPPLIERS","tableRunId":278,"action":"fk_checks_disabled"}
{"timestamp":"2026-01-27T09:31:38.573Z","runId":245,"level":"info","phase":"clean","tableName":"SUPPLIERS","tableRunId":278,"status":"success","method":"TRUNCATE","affectedRows":null,"postCount":0,"durationMs":29}
{"timestamp":"2026-01-27T09:31:38.584Z","runId":245,"type":"table_cleaned","table":"SUPPLIERS","tableRunId":278,"method":"TRUNCATE","affectedRows":null,"postCount":0}
{"timestamp":"2026-01-27T09:31:38.585Z","runId":245,"level":"debug","phase":"clean","tableName":"SUPPLIERS","tableRunId":278,"action":"fk_checks_restored"}
{"timestamp":"2026-01-27T09:31:38.586Z","runId":245,"level":"info","phase":"table_start","tableName":"SUPPLIERS","tableRunId":278,"mode":"INSERT","keyStrategy":"preserve","dedupeKeys":[]}
{"timestamp":"2026-01-27T09:31:38.671Z","runId":245,"level":"info","phase":"fetch","tableName":"SUPPLIERS","tableRunId":278,"sourceRows":323}
{"timestamp":"2026-01-27T09:31:38.768Z","runId":245,"level":"debug","phase":"write","tableName":"SUPPLIERS","tableRunId":278,"status":"start","batchSize":323}
{"timestamp":"2026-01-27T09:31:38.786Z","runId":245,"level":"debug","phase":"write","tableName":"SUPPLIERS","tableRunId":278,"status":"end","inserted":323,"updated":0,"skipped":0,"durationMs":18}
{"timestamp":"2026-01-27T09:31:38.801Z","runId":245,"level":"info","phase":"table_finalize","tableName":"SUPPLIERS","tableRunId":278,"status":"success","inserted":323,"updated":0,"skipped":0,"errors":0,"durationMs":207}
{"timestamp":"2026-01-27T09:31:38.801Z","runId":245,"level":"debug","phase":"table_loop","action":"processing","tableName":"INVOICE_ITEMS","mappingTableKeys":["INVTOTAL","INVOICESUPPLIER","SUPPLIER","PAYMENTSSUPP"]}
{"timestamp":"2026-01-27T09:31:38.801Z","runId":245,"level":"debug","phase":"table_loop","action":"mapping_resolved","tableName":"INVOICE_ITEMS","hasMappingEntry":true,"mappingTarget":"INVOICE_ITEMS"}
{"timestamp":"2026-01-27T09:31:38.802Z","runId":245,"level":"debug","phase":"mapping_debug","tableName":"INVOICE_ITEMS","mappedSource":"INVTOTAL","firebirdTableCount":187,"sampleFirebirdTables":["ACCCLASS","ACCDEPARTMENT","ACCOUNTLINKS","ACCOUNTS","ACCRANGE"]}
{"timestamp":"2026-01-27T09:31:38.878Z","runId":245,"level":"debug","phase":"clean_decision","tableName":"INVOICE_ITEMS","cleanBefore":true,"dryRun":false,"mode":"INSERT"}
{"timestamp":"2026-01-27T09:31:38.878Z","runId":245,"type":"table_cleaning_started","table":"INVOICE_ITEMS","tableRunId":279}
{"timestamp":"2026-01-27T09:31:38.879Z","runId":245,"level":"info","phase":"clean","tableName":"INVOICE_ITEMS","tableRunId":279,"status":"start"}
{"timestamp":"2026-01-27T09:31:38.880Z","runId":245,"level":"debug","phase":"clean","tableName":"INVOICE_ITEMS","tableRunId":279,"action":"fk_checks_disabled"}
{"timestamp":"2026-01-27T09:31:38.909Z","runId":245,"level":"info","phase":"clean","tableName":"INVOICE_ITEMS","tableRunId":279,"status":"success","method":"TRUNCATE","affectedRows":null,"postCount":0,"durationMs":30}
{"timestamp":"2026-01-27T09:31:38.914Z","runId":245,"type":"table_cleaned","table":"INVOICE_ITEMS","tableRunId":279,"method":"TRUNCATE","affectedRows":null,"postCount":0}
{"timestamp":"2026-01-27T09:31:38.915Z","runId":245,"level":"debug","phase":"clean","tableName":"INVOICE_ITEMS","tableRunId":279,"action":"fk_checks_restored"}
{"timestamp":"2026-01-27T09:31:38.915Z","runId":245,"level":"info","phase":"table_start","tableName":"INVOICE_ITEMS","tableRunId":279,"mode":"INSERT","keyStrategy":"preserve","dedupeKeys":[]}
{"timestamp":"2026-01-27T09:31:39.015Z","runId":245,"level":"info","phase":"fetch","tableName":"INVOICE_ITEMS","tableRunId":279,"sourceRows":62271}
{"timestamp":"2026-01-27T09:31:39.133Z","runId":245,"level":"debug","phase":"write","tableName":"INVOICE_ITEMS","tableRunId":279,"status":"start","batchSize":1000}
{"timestamp":"2026-01-27T09:31:39.176Z","runId":245,"level":"debug","phase":"write","tableName":"INVOICE_ITEMS","tableRunId":279,"status":"end","inserted":994,"updated":0,"skipped":6,"durationMs":43}
{"timestamp":"2026-01-27T09:31:39.326Z","runId":245,"level":"debug","phase":"write","tableName":"INVOICE_ITEMS","tableRunId":279,"status":"start","batchSize":1000}
{"timestamp":"2026-01-27T09:31:39.370Z","runId":245,"level":"debug","phase":"write","tableName":"INVOICE_ITEMS","tableRunId":279,"status":"end","inserted":996,"updated":0,"skipped":4,"durationMs":44}
{"timestamp":"2026-01-27T09:31:39.515Z","runId":245,"level":"debug","phase":"write","tableName":"INVOICE_ITEMS","tableRunId":279,"status":"start","batchSize":1000}
{"timestamp":"2026-01-27T09:31:39.539Z","runId":245,"level":"debug","phase":"write","tableName":"INVOICE_ITEMS","tableRunId":279,"status":"end","inserted":986,"updated":0,"skipped":14,"durationMs":24}
{"timestamp":"2026-01-27T09:31:39.676Z","runId":245,"level":"debug","phase":"write","tableName":"INVOICE_ITEMS","tableRunId":279,"status":"start","batchSize":1000}
{"timestamp":"2026-01-27T09:31:39.701Z","runId":245,"level":"debug","phase":"write","tableName":"INVOICE_ITEMS","tableRunId":279,"status":"end","inserted":989,"updated":0,"skipped":11,"durationMs":25}
{"timestamp":"2026-01-27T09:31:39.832Z","runId":245,"level":"debug","phase":"write","tableName":"INVOICE_ITEMS","tableRunId":279,"status":"start","batchSize":1000}
{"timestamp":"2026-01-27T09:31:39.874Z","runId":245,"level":"debug","phase":"write","tableName":"INVOICE_ITEMS","tableRunId":279,"status":"end","inserted":976,"updated":0,"skipped":24,"durationMs":42}
{"timestamp":"2026-01-27T09:31:40.007Z","runId":245,"level":"debug","phase":"write","tableName":"INVOICE_ITEMS","tableRunId":279,"status":"start","batchSize":1000}
{"timestamp":"2026-01-27T09:31:40.030Z","runId":245,"level":"debug","phase":"write","tableName":"INVOICE_ITEMS","tableRunId":279,"status":"end","inserted":894,"updated":0,"skipped":106,"durationMs":23}
{"timestamp":"2026-01-27T09:31:40.167Z","runId":245,"level":"debug","phase":"write","tableName":"INVOICE_ITEMS","tableRunId":279,"status":"start","batchSize":1000}
{"timestamp":"2026-01-27T09:31:40.192Z","runId":245,"level":"debug","phase":"write","tableName":"INVOICE_ITEMS","tableRunId":279,"status":"end","inserted":955,"updated":0,"skipped":45,"durationMs":25}
{"timestamp":"2026-01-27T09:31:40.335Z","runId":245,"level":"debug","phase":"write","tableName":"INVOICE_ITEMS","tableRunId":279,"status":"start","batchSize":1000}
{"timestamp":"2026-01-27T09:31:40.371Z","runId":245,"level":"debug","phase":"write","tableName":"INVOICE_ITEMS","tableRunId":279,"status":"end","inserted":972,"updated":0,"skipped":28,"durationMs":36}
{"timestamp":"2026-01-27T09:31:40.509Z","runId":245,"level":"debug","phase":"write","tableName":"INVOICE_ITEMS","tableRunId":279,"status":"start","batchSize":1000}
{"timestamp":"2026-01-27T09:31:40.535Z","runId":245,"level":"debug","phase":"write","tableName":"INVOICE_ITEMS","tableRunId":279,"status":"end","inserted":930,"updated":0,"skipped":70,"durationMs":26}
{"timestamp":"2026-01-27T09:31:40.672Z","runId":245,"level":"debug","phase":"write","tableName":"INVOICE_ITEMS","tableRunId":279,"status":"start","batchSize":1000}
{"timestamp":"2026-01-27T09:31:40.693Z","runId":245,"level":"debug","phase":"write","tableName":"INVOICE_ITEMS","tableRunId":279,"status":"end","inserted":904,"updated":0,"skipped":96,"durationMs":21}
{"timestamp":"2026-01-27T09:31:40.834Z","runId":245,"level":"debug","phase":"write","tableName":"INVOICE_ITEMS","tableRunId":279,"status":"start","batchSize":1000}
{"timestamp":"2026-01-27T09:31:40.859Z","runId":245,"level":"debug","phase":"write","tableName":"INVOICE_ITEMS","tableRunId":279,"status":"end","inserted":978,"updated":0,"skipped":22,"durationMs":25}
{"timestamp":"2026-01-27T09:31:40.983Z","runId":245,"level":"debug","phase":"write","tableName":"INVOICE_ITEMS","tableRunId":279,"status":"start","batchSize":1000}
{"timestamp":"2026-01-27T09:31:41.006Z","runId":245,"level":"debug","phase":"write","tableName":"INVOICE_ITEMS","tableRunId":279,"status":"end","inserted":902,"updated":0,"skipped":98,"durationMs":23}
{"timestamp":"2026-01-27T09:31:41.157Z","runId":245,"level":"debug","phase":"write","tableName":"INVOICE_ITEMS","tableRunId":279,"status":"start","batchSize":1000}
{"timestamp":"2026-01-27T09:31:41.182Z","runId":245,"level":"debug","phase":"write","tableName":"INVOICE_ITEMS","tableRunId":279,"status":"end","inserted":770,"updated":0,"skipped":230,"durationMs":25}
{"timestamp":"2026-01-27T09:31:41.333Z","runId":245,"level":"debug","phase":"write","tableName":"INVOICE_ITEMS","tableRunId":279,"status":"start","batchSize":1000}
{"timestamp":"2026-01-27T09:31:41.358Z","runId":245,"level":"debug","phase":"write","tableName":"INVOICE_ITEMS","tableRunId":279,"status":"end","inserted":656,"updated":0,"skipped":344,"durationMs":25}
{"timestamp":"2026-01-27T09:31:41.513Z","runId":245,"level":"debug","phase":"write","tableName":"INVOICE_ITEMS","tableRunId":279,"status":"start","batchSize":1000}
{"timestamp":"2026-01-27T09:31:41.550Z","runId":245,"level":"debug","phase":"write","tableName":"INVOICE_ITEMS","tableRunId":279,"status":"end","inserted":665,"updated":0,"skipped":335,"durationMs":37}
{"timestamp":"2026-01-27T09:31:41.713Z","runId":245,"level":"debug","phase":"write","tableName":"INVOICE_ITEMS","tableRunId":279,"status":"start","batchSize":1000}
{"timestamp":"2026-01-27T09:31:41.735Z","runId":245,"level":"debug","phase":"write","tableName":"INVOICE_ITEMS","tableRunId":279,"status":"end","inserted":763,"updated":0,"skipped":237,"durationMs":22}
{"timestamp":"2026-01-27T09:31:41.900Z","runId":245,"level":"debug","phase":"write","tableName":"INVOICE_ITEMS","tableRunId":279,"status":"start","batchSize":1000}
{"timestamp":"2026-01-27T09:31:41.922Z","runId":245,"level":"debug","phase":"write","tableName":"INVOICE_ITEMS","tableRunId":279,"status":"end","inserted":947,"updated":0,"skipped":53,"durationMs":22}
{"timestamp":"2026-01-27T09:31:42.089Z","runId":245,"level":"debug","phase":"write","tableName":"INVOICE_ITEMS","tableRunId":279,"status":"start","batchSize":1000}
{"timestamp":"2026-01-27T09:31:42.115Z","runId":245,"level":"debug","phase":"write","tableName":"INVOICE_ITEMS","tableRunId":279,"status":"end","inserted":949,"updated":0,"skipped":51,"durationMs":26}
{"timestamp":"2026-01-27T09:31:42.280Z","runId":245,"level":"debug","phase":"write","tableName":"INVOICE_ITEMS","tableRunId":279,"status":"start","batchSize":1000}
{"timestamp":"2026-01-27T09:31:42.308Z","runId":245,"level":"debug","phase":"write","tableName":"INVOICE_ITEMS","tableRunId":279,"status":"end","inserted":838,"updated":0,"skipped":162,"durationMs":28}
{"timestamp":"2026-01-27T09:31:42.481Z","runId":245,"level":"debug","phase":"write","tableName":"INVOICE_ITEMS","tableRunId":279,"status":"start","batchSize":1000}
{"timestamp":"2026-01-27T09:31:42.506Z","runId":245,"level":"debug","phase":"write","tableName":"INVOICE_ITEMS","tableRunId":279,"status":"end","inserted":758,"updated":0,"skipped":242,"durationMs":25}
{"timestamp":"2026-01-27T09:31:43.272Z","runId":245,"level":"debug","phase":"write","tableName":"INVOICE_ITEMS","tableRunId":279,"status":"start","batchSize":1000}
{"timestamp":"2026-01-27T09:31:43.298Z","runId":245,"level":"debug","phase":"write","tableName":"INVOICE_ITEMS","tableRunId":279,"status":"end","inserted":787,"updated":0,"skipped":213,"durationMs":26}
{"timestamp":"2026-01-27T09:31:43.477Z","runId":245,"level":"debug","phase":"write","tableName":"INVOICE_ITEMS","tableRunId":279,"status":"start","batchSize":1000}
{"timestamp":"2026-01-27T09:31:43.502Z","runId":245,"level":"debug","phase":"write","tableName":"INVOICE_ITEMS","tableRunId":279,"status":"end","inserted":754,"updated":0,"skipped":246,"durationMs":25}
{"timestamp":"2026-01-27T09:31:44.236Z","runId":245,"level":"debug","phase":"write","tableName":"INVOICE_ITEMS","tableRunId":279,"status":"start","batchSize":1000}
{"timestamp":"2026-01-27T09:31:44.259Z","runId":245,"level":"debug","phase":"write","tableName":"INVOICE_ITEMS","tableRunId":279,"status":"end","inserted":762,"updated":0,"skipped":238,"durationMs":23}
{"timestamp":"2026-01-27T09:31:44.407Z","runId":245,"level":"debug","phase":"write","tableName":"INVOICE_ITEMS","tableRunId":279,"status":"start","batchSize":1000}
{"timestamp":"2026-01-27T09:31:44.448Z","runId":245,"level":"debug","phase":"write","tableName":"INVOICE_ITEMS","tableRunId":279,"status":"end","inserted":901,"updated":0,"skipped":99,"durationMs":41}
{"timestamp":"2026-01-27T09:31:44.632Z","runId":245,"level":"debug","phase":"write","tableName":"INVOICE_ITEMS","tableRunId":279,"status":"start","batchSize":1000}
{"timestamp":"2026-01-27T09:31:44.653Z","runId":245,"level":"debug","phase":"write","tableName":"INVOICE_ITEMS","tableRunId":279,"status":"end","inserted":948,"updated":0,"skipped":52,"durationMs":21}
{"timestamp":"2026-01-27T09:31:44.832Z","runId":245,"level":"debug","phase":"write","tableName":"INVOICE_ITEMS","tableRunId":279,"status":"start","batchSize":1000}
{"timestamp":"2026-01-27T09:31:44.855Z","runId":245,"level":"debug","phase":"write","tableName":"INVOICE_ITEMS","tableRunId":279,"status":"end","inserted":809,"updated":0,"skipped":191,"durationMs":23}
{"timestamp":"2026-01-27T09:31:45.040Z","runId":245,"level":"debug","phase":"write","tableName":"INVOICE_ITEMS","tableRunId":279,"status":"start","batchSize":1000}
{"timestamp":"2026-01-27T09:31:45.061Z","runId":245,"level":"debug","phase":"write","tableName":"INVOICE_ITEMS","tableRunId":279,"status":"end","inserted":741,"updated":0,"skipped":259,"durationMs":21}
{"timestamp":"2026-01-27T09:31:45.240Z","runId":245,"level":"debug","phase":"write","tableName":"INVOICE_ITEMS","tableRunId":279,"status":"start","batchSize":1000}
{"timestamp":"2026-01-27T09:31:45.265Z","runId":245,"level":"debug","phase":"write","tableName":"INVOICE_ITEMS","tableRunId":279,"status":"end","inserted":779,"updated":0,"skipped":221,"durationMs":25}
{"timestamp":"2026-01-27T09:31:45.449Z","runId":245,"level":"debug","phase":"write","tableName":"INVOICE_ITEMS","tableRunId":279,"status":"start","batchSize":1000}
{"timestamp":"2026-01-27T09:31:45.479Z","runId":245,"level":"debug","phase":"write","tableName":"INVOICE_ITEMS","tableRunId":279,"status":"end","inserted":801,"updated":0,"skipped":199,"durationMs":30}
{"timestamp":"2026-01-27T09:31:45.676Z","runId":245,"level":"debug","phase":"write","tableName":"INVOICE_ITEMS","tableRunId":279,"status":"start","batchSize":1000}
{"timestamp":"2026-01-27T09:31:45.696Z","runId":245,"level":"debug","phase":"write","tableName":"INVOICE_ITEMS","tableRunId":279,"status":"end","inserted":623,"updated":0,"skipped":377,"durationMs":20}
{"timestamp":"2026-01-27T09:31:45.901Z","runId":245,"level":"debug","phase":"write","tableName":"INVOICE_ITEMS","tableRunId":279,"status":"start","batchSize":1000}
{"timestamp":"2026-01-27T09:31:45.923Z","runId":245,"level":"debug","phase":"write","tableName":"INVOICE_ITEMS","tableRunId":279,"status":"end","inserted":575,"updated":0,"skipped":425,"durationMs":22}
{"timestamp":"2026-01-27T09:31:46.128Z","runId":245,"level":"debug","phase":"write","tableName":"INVOICE_ITEMS","tableRunId":279,"status":"start","batchSize":1000}
{"timestamp":"2026-01-27T09:31:46.152Z","runId":245,"level":"debug","phase":"write","tableName":"INVOICE_ITEMS","tableRunId":279,"status":"end","inserted":722,"updated":0,"skipped":278,"durationMs":24}
{"timestamp":"2026-01-27T09:31:46.351Z","runId":245,"level":"debug","phase":"write","tableName":"INVOICE_ITEMS","tableRunId":279,"status":"start","batchSize":1000}
{"timestamp":"2026-01-27T09:31:46.389Z","runId":245,"level":"debug","phase":"write","tableName":"INVOICE_ITEMS","tableRunId":279,"status":"end","inserted":698,"updated":0,"skipped":302,"durationMs":38}
{"timestamp":"2026-01-27T09:31:46.598Z","runId":245,"level":"debug","phase":"write","tableName":"INVOICE_ITEMS","tableRunId":279,"status":"start","batchSize":1000}
{"timestamp":"2026-01-27T09:31:46.619Z","runId":245,"level":"debug","phase":"write","tableName":"INVOICE_ITEMS","tableRunId":279,"status":"end","inserted":863,"updated":0,"skipped":137,"durationMs":21}
{"timestamp":"2026-01-27T09:31:46.815Z","runId":245,"level":"debug","phase":"write","tableName":"INVOICE_ITEMS","tableRunId":279,"status":"start","batchSize":1000}
{"timestamp":"2026-01-27T09:31:46.838Z","runId":245,"level":"debug","phase":"write","tableName":"INVOICE_ITEMS","tableRunId":279,"status":"end","inserted":816,"updated":0,"skipped":184,"durationMs":23}
{"timestamp":"2026-01-27T09:31:47.047Z","runId":245,"level":"debug","phase":"write","tableName":"INVOICE_ITEMS","tableRunId":279,"status":"start","batchSize":1000}
{"timestamp":"2026-01-27T09:31:47.083Z","runId":245,"level":"debug","phase":"write","tableName":"INVOICE_ITEMS","tableRunId":279,"status":"end","inserted":778,"updated":0,"skipped":222,"durationMs":36}
{"timestamp":"2026-01-27T09:31:47.288Z","runId":245,"level":"debug","phase":"write","tableName":"INVOICE_ITEMS","tableRunId":279,"status":"start","batchSize":1000}
{"timestamp":"2026-01-27T09:31:47.312Z","runId":245,"level":"debug","phase":"write","tableName":"INVOICE_ITEMS","tableRunId":279,"status":"end","inserted":321,"updated":0,"skipped":679,"durationMs":24}
{"timestamp":"2026-01-27T09:31:47.527Z","runId":245,"level":"debug","phase":"write","tableName":"INVOICE_ITEMS","tableRunId":279,"status":"start","batchSize":1000}
{"timestamp":"2026-01-27T09:31:47.550Z","runId":245,"level":"debug","phase":"write","tableName":"INVOICE_ITEMS","tableRunId":279,"status":"end","inserted":738,"updated":0,"skipped":262,"durationMs":23}
{"timestamp":"2026-01-27T09:31:47.767Z","runId":245,"level":"debug","phase":"write","tableName":"INVOICE_ITEMS","tableRunId":279,"status":"start","batchSize":1000}
{"timestamp":"2026-01-27T09:31:47.788Z","runId":245,"level":"debug","phase":"write","tableName":"INVOICE_ITEMS","tableRunId":279,"status":"end","inserted":364,"updated":0,"skipped":636,"durationMs":21}
{"timestamp":"2026-01-27T09:31:48.637Z","runId":245,"level":"debug","phase":"write","tableName":"INVOICE_ITEMS","tableRunId":279,"status":"start","batchSize":1000}
{"timestamp":"2026-01-27T09:31:48.663Z","runId":245,"level":"debug","phase":"write","tableName":"INVOICE_ITEMS","tableRunId":279,"status":"end","inserted":788,"updated":0,"skipped":212,"durationMs":26}
{"timestamp":"2026-01-27T09:31:48.885Z","runId":245,"level":"debug","phase":"write","tableName":"INVOICE_ITEMS","tableRunId":279,"status":"start","batchSize":1000}
{"timestamp":"2026-01-27T09:31:48.908Z","runId":245,"level":"debug","phase":"write","tableName":"INVOICE_ITEMS","tableRunId":279,"status":"end","inserted":420,"updated":0,"skipped":580,"durationMs":23}
{"timestamp":"2026-01-27T09:31:49.120Z","runId":245,"level":"debug","phase":"write","tableName":"INVOICE_ITEMS","tableRunId":279,"status":"start","batchSize":1000}
{"timestamp":"2026-01-27T09:31:49.142Z","runId":245,"level":"debug","phase":"write","tableName":"INVOICE_ITEMS","tableRunId":279,"status":"end","inserted":456,"updated":0,"skipped":544,"durationMs":22}
{"timestamp":"2026-01-27T09:31:49.356Z","runId":245,"level":"debug","phase":"write","tableName":"INVOICE_ITEMS","tableRunId":279,"status":"start","batchSize":1000}
{"timestamp":"2026-01-27T09:31:49.376Z","runId":245,"level":"debug","phase":"write","tableName":"INVOICE_ITEMS","tableRunId":279,"status":"end","inserted":472,"updated":0,"skipped":528,"durationMs":20}
{"timestamp":"2026-01-27T09:31:49.600Z","runId":245,"level":"debug","phase":"write","tableName":"INVOICE_ITEMS","tableRunId":279,"status":"start","batchSize":1000}
{"timestamp":"2026-01-27T09:31:49.622Z","runId":245,"level":"debug","phase":"write","tableName":"INVOICE_ITEMS","tableRunId":279,"status":"end","inserted":427,"updated":0,"skipped":573,"durationMs":22}
{"timestamp":"2026-01-27T09:31:49.851Z","runId":245,"level":"debug","phase":"write","tableName":"INVOICE_ITEMS","tableRunId":279,"status":"start","batchSize":1000}
{"timestamp":"2026-01-27T09:31:49.889Z","runId":245,"level":"debug","phase":"write","tableName":"INVOICE_ITEMS","tableRunId":279,"status":"end","inserted":406,"updated":0,"skipped":594,"durationMs":38}
{"timestamp":"2026-01-27T09:31:50.103Z","runId":245,"level":"debug","phase":"write","tableName":"INVOICE_ITEMS","tableRunId":279,"status":"start","batchSize":1000}
{"timestamp":"2026-01-27T09:31:50.124Z","runId":245,"level":"debug","phase":"write","tableName":"INVOICE_ITEMS","tableRunId":279,"status":"end","inserted":379,"updated":0,"skipped":621,"durationMs":22}
{"timestamp":"2026-01-27T09:31:50.345Z","runId":245,"level":"debug","phase":"write","tableName":"INVOICE_ITEMS","tableRunId":279,"status":"start","batchSize":1000}
{"timestamp":"2026-01-27T09:31:50.367Z","runId":245,"level":"debug","phase":"write","tableName":"INVOICE_ITEMS","tableRunId":279,"status":"end","inserted":473,"updated":0,"skipped":527,"durationMs":22}
{"timestamp":"2026-01-27T09:31:50.587Z","runId":245,"level":"debug","phase":"write","tableName":"INVOICE_ITEMS","tableRunId":279,"status":"start","batchSize":1000}
{"timestamp":"2026-01-27T09:31:50.609Z","runId":245,"level":"debug","phase":"write","tableName":"INVOICE_ITEMS","tableRunId":279,"status":"end","inserted":452,"updated":0,"skipped":548,"durationMs":22}
{"timestamp":"2026-01-27T09:31:50.825Z","runId":245,"level":"debug","phase":"write","tableName":"INVOICE_ITEMS","tableRunId":279,"status":"start","batchSize":1000}
{"timestamp":"2026-01-27T09:31:50.850Z","runId":245,"level":"debug","phase":"write","tableName":"INVOICE_ITEMS","tableRunId":279,"status":"end","inserted":534,"updated":0,"skipped":466,"durationMs":25}
{"timestamp":"2026-01-27T09:31:51.075Z","runId":245,"level":"debug","phase":"write","tableName":"INVOICE_ITEMS","tableRunId":279,"status":"start","batchSize":1000}
{"timestamp":"2026-01-27T09:31:51.095Z","runId":245,"level":"debug","phase":"write","tableName":"INVOICE_ITEMS","tableRunId":279,"status":"end","inserted":418,"updated":0,"skipped":582,"durationMs":20}
{"timestamp":"2026-01-27T09:31:51.320Z","runId":245,"level":"debug","phase":"write","tableName":"INVOICE_ITEMS","tableRunId":279,"status":"start","batchSize":1000}
{"timestamp":"2026-01-27T09:31:51.347Z","runId":245,"level":"debug","phase":"write","tableName":"INVOICE_ITEMS","tableRunId":279,"status":"end","inserted":250,"updated":0,"skipped":750,"durationMs":27}
{"timestamp":"2026-01-27T09:31:51.616Z","runId":245,"level":"debug","phase":"write","tableName":"INVOICE_ITEMS","tableRunId":279,"status":"start","batchSize":1000}
{"timestamp":"2026-01-27T09:31:51.643Z","runId":245,"level":"debug","phase":"write","tableName":"INVOICE_ITEMS","tableRunId":279,"status":"end","inserted":300,"updated":0,"skipped":700,"durationMs":27}
{"timestamp":"2026-01-27T09:31:51.917Z","runId":245,"level":"debug","phase":"write","tableName":"INVOICE_ITEMS","tableRunId":279,"status":"start","batchSize":1000}
{"timestamp":"2026-01-27T09:31:51.945Z","runId":245,"level":"debug","phase":"write","tableName":"INVOICE_ITEMS","tableRunId":279,"status":"end","inserted":362,"updated":0,"skipped":638,"durationMs":28}
{"timestamp":"2026-01-27T09:31:52.228Z","runId":245,"level":"debug","phase":"write","tableName":"INVOICE_ITEMS","tableRunId":279,"status":"start","batchSize":1000}
{"timestamp":"2026-01-27T09:31:52.260Z","runId":245,"level":"debug","phase":"write","tableName":"INVOICE_ITEMS","tableRunId":279,"status":"end","inserted":232,"updated":0,"skipped":768,"durationMs":32}
{"timestamp":"2026-01-27T09:31:52.511Z","runId":245,"level":"debug","phase":"write","tableName":"INVOICE_ITEMS","tableRunId":279,"status":"start","batchSize":1000}
{"timestamp":"2026-01-27T09:31:52.543Z","runId":245,"level":"debug","phase":"write","tableName":"INVOICE_ITEMS","tableRunId":279,"status":"end","inserted":309,"updated":0,"skipped":691,"durationMs":32}
{"timestamp":"2026-01-27T09:31:52.811Z","runId":245,"level":"debug","phase":"write","tableName":"INVOICE_ITEMS","tableRunId":279,"status":"start","batchSize":1000}
{"timestamp":"2026-01-27T09:31:52.838Z","runId":245,"level":"debug","phase":"write","tableName":"INVOICE_ITEMS","tableRunId":279,"status":"end","inserted":247,"updated":0,"skipped":753,"durationMs":27}
{"timestamp":"2026-01-27T09:31:53.126Z","runId":245,"level":"debug","phase":"write","tableName":"INVOICE_ITEMS","tableRunId":279,"status":"start","batchSize":1000}
{"timestamp":"2026-01-27T09:31:53.154Z","runId":245,"level":"debug","phase":"write","tableName":"INVOICE_ITEMS","tableRunId":279,"status":"end","inserted":203,"updated":0,"skipped":797,"durationMs":28}
{"timestamp":"2026-01-27T09:31:53.444Z","runId":245,"level":"debug","phase":"write","tableName":"INVOICE_ITEMS","tableRunId":279,"status":"start","batchSize":1000}
{"timestamp":"2026-01-27T09:31:53.470Z","runId":245,"level":"debug","phase":"write","tableName":"INVOICE_ITEMS","tableRunId":279,"status":"end","inserted":167,"updated":0,"skipped":833,"durationMs":26}
{"timestamp":"2026-01-27T09:31:54.418Z","runId":245,"level":"debug","phase":"write","tableName":"INVOICE_ITEMS","tableRunId":279,"status":"start","batchSize":1000}
{"timestamp":"2026-01-27T09:31:54.446Z","runId":245,"level":"debug","phase":"write","tableName":"INVOICE_ITEMS","tableRunId":279,"status":"end","inserted":225,"updated":0,"skipped":775,"durationMs":28}
{"timestamp":"2026-01-27T09:31:54.727Z","runId":245,"level":"debug","phase":"write","tableName":"INVOICE_ITEMS","tableRunId":279,"status":"start","batchSize":1000}
{"timestamp":"2026-01-27T09:31:54.759Z","runId":245,"level":"debug","phase":"write","tableName":"INVOICE_ITEMS","tableRunId":279,"status":"end","inserted":237,"updated":0,"skipped":763,"durationMs":32}
{"timestamp":"2026-01-27T09:31:55.022Z","runId":245,"level":"debug","phase":"write","tableName":"INVOICE_ITEMS","tableRunId":279,"status":"start","batchSize":1000}
{"timestamp":"2026-01-27T09:31:55.051Z","runId":245,"level":"debug","phase":"write","tableName":"INVOICE_ITEMS","tableRunId":279,"status":"end","inserted":173,"updated":0,"skipped":827,"durationMs":29}
{"timestamp":"2026-01-27T09:31:56.149Z","runId":245,"level":"debug","phase":"write","tableName":"INVOICE_ITEMS","tableRunId":279,"status":"start","batchSize":1000}
{"timestamp":"2026-01-27T09:31:56.181Z","runId":245,"level":"debug","phase":"write","tableName":"INVOICE_ITEMS","tableRunId":279,"status":"end","inserted":195,"updated":0,"skipped":805,"durationMs":32}
{"timestamp":"2026-01-27T09:31:56.434Z","runId":245,"level":"debug","phase":"write","tableName":"INVOICE_ITEMS","tableRunId":279,"status":"start","batchSize":271}
{"timestamp":"2026-01-27T09:31:56.452Z","runId":245,"level":"debug","phase":"write","tableName":"INVOICE_ITEMS","tableRunId":279,"status":"end","inserted":73,"updated":0,"skipped":198,"durationMs":18}
{"timestamp":"2026-01-27T09:31:56.470Z","runId":245,"level":"info","phase":"table_finalize","tableName":"INVOICE_ITEMS","tableRunId":279,"status":"success","inserted":39800,"updated":0,"skipped":22471,"errors":0,"durationMs":17548}
{"timestamp":"2026-01-27T09:31:56.471Z","runId":245,"level":"debug","phase":"table_loop","action":"processing","tableName":"INVOICES_SUPPLIER","mappingTableKeys":["INVTOTAL","INVOICESUPPLIER","SUPPLIER","PAYMENTSSUPP"]}
{"timestamp":"2026-01-27T09:31:56.471Z","runId":245,"level":"debug","phase":"table_loop","action":"mapping_resolved","tableName":"INVOICES_SUPPLIER","hasMappingEntry":true,"mappingTarget":"INVOICES_SUPPLIER"}
{"timestamp":"2026-01-27T09:31:56.472Z","runId":245,"level":"debug","phase":"mapping_debug","tableName":"INVOICES_SUPPLIER","mappedSource":"INVOICESUPPLIER","firebirdTableCount":187,"sampleFirebirdTables":["ACCCLASS","ACCDEPARTMENT","ACCOUNTLINKS","ACCOUNTS","ACCRANGE"]}
{"timestamp":"2026-01-27T09:31:56.564Z","runId":245,"level":"debug","phase":"clean_decision","tableName":"INVOICES_SUPPLIER","cleanBefore":true,"dryRun":false,"mode":"INSERT"}
{"timestamp":"2026-01-27T09:31:56.565Z","runId":245,"type":"table_cleaning_started","table":"INVOICES_SUPPLIER","tableRunId":280}
{"timestamp":"2026-01-27T09:31:56.565Z","runId":245,"level":"info","phase":"clean","tableName":"INVOICES_SUPPLIER","tableRunId":280,"status":"start"}
{"timestamp":"2026-01-27T09:31:56.567Z","runId":245,"level":"debug","phase":"clean","tableName":"INVOICES_SUPPLIER","tableRunId":280,"action":"fk_checks_disabled"}
{"timestamp":"2026-01-27T09:31:56.607Z","runId":245,"level":"info","phase":"clean","tableName":"INVOICES_SUPPLIER","tableRunId":280,"status":"success","method":"TRUNCATE","affectedRows":null,"postCount":0,"durationMs":41}
{"timestamp":"2026-01-27T09:31:56.616Z","runId":245,"type":"table_cleaned","table":"INVOICES_SUPPLIER","tableRunId":280,"method":"TRUNCATE","affectedRows":null,"postCount":0}
{"timestamp":"2026-01-27T09:31:56.617Z","runId":245,"level":"debug","phase":"clean","tableName":"INVOICES_SUPPLIER","tableRunId":280,"action":"fk_checks_restored"}
{"timestamp":"2026-01-27T09:31:56.618Z","runId":245,"level":"info","phase":"table_start","tableName":"INVOICES_SUPPLIER","tableRunId":280,"mode":"INSERT","keyStrategy":"preserve","dedupeKeys":[]}
{"timestamp":"2026-01-27T09:31:56.725Z","runId":245,"level":"info","phase":"fetch","tableName":"INVOICES_SUPPLIER","tableRunId":280,"sourceRows":40842}
{"timestamp":"2026-01-27T09:31:56.857Z","runId":245,"level":"debug","phase":"write","tableName":"INVOICES_SUPPLIER","tableRunId":280,"status":"start","batchSize":1000}
{"timestamp":"2026-01-27T09:31:56.895Z","runId":245,"level":"debug","phase":"write","tableName":"INVOICES_SUPPLIER","tableRunId":280,"status":"end","inserted":1000,"updated":0,"skipped":0,"durationMs":38}
{"timestamp":"2026-01-27T09:31:57.040Z","runId":245,"level":"debug","phase":"write","tableName":"INVOICES_SUPPLIER","tableRunId":280,"status":"start","batchSize":1000}
{"timestamp":"2026-01-27T09:31:57.107Z","runId":245,"level":"debug","phase":"write","tableName":"INVOICES_SUPPLIER","tableRunId":280,"status":"end","inserted":1000,"updated":0,"skipped":0,"durationMs":67}
{"timestamp":"2026-01-27T09:31:57.253Z","runId":245,"level":"debug","phase":"write","tableName":"INVOICES_SUPPLIER","tableRunId":280,"status":"start","batchSize":1000}
{"timestamp":"2026-01-27T09:31:57.294Z","runId":245,"level":"debug","phase":"write","tableName":"INVOICES_SUPPLIER","tableRunId":280,"status":"end","inserted":1000,"updated":0,"skipped":0,"durationMs":41}
{"timestamp":"2026-01-27T09:31:57.444Z","runId":245,"level":"debug","phase":"write","tableName":"INVOICES_SUPPLIER","tableRunId":280,"status":"start","batchSize":1000}
{"timestamp":"2026-01-27T09:31:57.466Z","runId":245,"level":"debug","phase":"write","tableName":"INVOICES_SUPPLIER","tableRunId":280,"status":"end","inserted":1000,"updated":0,"skipped":0,"durationMs":22}
{"timestamp":"2026-01-27T09:31:57.611Z","runId":245,"level":"debug","phase":"write","tableName":"INVOICES_SUPPLIER","tableRunId":280,"status":"start","batchSize":1000}
{"timestamp":"2026-01-27T09:31:57.637Z","runId":245,"level":"debug","phase":"write","tableName":"INVOICES_SUPPLIER","tableRunId":280,"status":"end","inserted":1000,"updated":0,"skipped":0,"durationMs":26}
{"timestamp":"2026-01-27T09:31:57.789Z","runId":245,"level":"debug","phase":"write","tableName":"INVOICES_SUPPLIER","tableRunId":280,"status":"start","batchSize":1000}
{"timestamp":"2026-01-27T09:31:57.822Z","runId":245,"level":"debug","phase":"write","tableName":"INVOICES_SUPPLIER","tableRunId":280,"status":"end","inserted":1000,"updated":0,"skipped":0,"durationMs":33}
{"timestamp":"2026-01-27T09:31:57.983Z","runId":245,"level":"debug","phase":"write","tableName":"INVOICES_SUPPLIER","tableRunId":280,"status":"start","batchSize":1000}
{"timestamp":"2026-01-27T09:31:58.016Z","runId":245,"level":"debug","phase":"write","tableName":"INVOICES_SUPPLIER","tableRunId":280,"status":"end","inserted":1000,"updated":0,"skipped":0,"durationMs":33}
{"timestamp":"2026-01-27T09:31:58.171Z","runId":245,"level":"debug","phase":"write","tableName":"INVOICES_SUPPLIER","tableRunId":280,"status":"start","batchSize":1000}
{"timestamp":"2026-01-27T09:31:58.199Z","runId":245,"level":"debug","phase":"write","tableName":"INVOICES_SUPPLIER","tableRunId":280,"status":"end","inserted":1000,"updated":0,"skipped":0,"durationMs":28}
{"timestamp":"2026-01-27T09:31:58.347Z","runId":245,"level":"debug","phase":"write","tableName":"INVOICES_SUPPLIER","tableRunId":280,"status":"start","batchSize":1000}
{"timestamp":"2026-01-27T09:31:58.380Z","runId":245,"level":"debug","phase":"write","tableName":"INVOICES_SUPPLIER","tableRunId":280,"status":"end","inserted":1000,"updated":0,"skipped":0,"durationMs":33}
{"timestamp":"2026-01-27T09:31:58.456Z","runId":245,"level":"info","phase":"preflight","attempt":1,"status":"ok"}
{"timestamp":"2026-01-27T09:31:58.456Z","runId":245,"level":"debug","phase":"keepalive","status":"ok"}
{"timestamp":"2026-01-27T09:31:58.511Z","runId":245,"level":"debug","phase":"write","tableName":"INVOICES_SUPPLIER","tableRunId":280,"status":"start","batchSize":1000}
{"timestamp":"2026-01-27T09:31:58.539Z","runId":245,"level":"debug","phase":"write","tableName":"INVOICES_SUPPLIER","tableRunId":280,"status":"end","inserted":1000,"updated":0,"skipped":0,"durationMs":28}
{"timestamp":"2026-01-27T09:31:58.690Z","runId":245,"level":"debug","phase":"write","tableName":"INVOICES_SUPPLIER","tableRunId":280,"status":"start","batchSize":1000}
{"timestamp":"2026-01-27T09:31:58.715Z","runId":245,"level":"debug","phase":"write","tableName":"INVOICES_SUPPLIER","tableRunId":280,"status":"end","inserted":1000,"updated":0,"skipped":0,"durationMs":25}
{"timestamp":"2026-01-27T09:31:58.887Z","runId":245,"level":"debug","phase":"write","tableName":"INVOICES_SUPPLIER","tableRunId":280,"status":"start","batchSize":1000}
{"timestamp":"2026-01-27T09:31:58.938Z","runId":245,"level":"debug","phase":"write","tableName":"INVOICES_SUPPLIER","tableRunId":280,"status":"end","inserted":1000,"updated":0,"skipped":0,"durationMs":51}
{"timestamp":"2026-01-27T09:31:59.150Z","runId":245,"level":"debug","phase":"write","tableName":"INVOICES_SUPPLIER","tableRunId":280,"status":"start","batchSize":1000}
{"timestamp":"2026-01-27T09:31:59.182Z","runId":245,"level":"debug","phase":"write","tableName":"INVOICES_SUPPLIER","tableRunId":280,"status":"end","inserted":1000,"updated":0,"skipped":0,"durationMs":32}
{"timestamp":"2026-01-27T09:31:59.357Z","runId":245,"level":"debug","phase":"write","tableName":"INVOICES_SUPPLIER","tableRunId":280,"status":"start","batchSize":1000}
{"timestamp":"2026-01-27T09:31:59.382Z","runId":245,"level":"debug","phase":"write","tableName":"INVOICES_SUPPLIER","tableRunId":280,"status":"end","inserted":1000,"updated":0,"skipped":0,"durationMs":25}
{"timestamp":"2026-01-27T09:31:59.516Z","runId":245,"level":"debug","phase":"write","tableName":"INVOICES_SUPPLIER","tableRunId":280,"status":"start","batchSize":1000}
{"timestamp":"2026-01-27T09:31:59.541Z","runId":245,"level":"debug","phase":"write","tableName":"INVOICES_SUPPLIER","tableRunId":280,"status":"end","inserted":1000,"updated":0,"skipped":0,"durationMs":25}
{"timestamp":"2026-01-27T09:31:59.700Z","runId":245,"level":"debug","phase":"write","tableName":"INVOICES_SUPPLIER","tableRunId":280,"status":"start","batchSize":1000}
{"timestamp":"2026-01-27T09:31:59.727Z","runId":245,"level":"debug","phase":"write","tableName":"INVOICES_SUPPLIER","tableRunId":280,"status":"end","inserted":1000,"updated":0,"skipped":0,"durationMs":27}
{"timestamp":"2026-01-27T09:31:59.886Z","runId":245,"level":"debug","phase":"write","tableName":"INVOICES_SUPPLIER","tableRunId":280,"status":"start","batchSize":1000}
{"timestamp":"2026-01-27T09:31:59.914Z","runId":245,"level":"debug","phase":"write","tableName":"INVOICES_SUPPLIER","tableRunId":280,"status":"end","inserted":1000,"updated":0,"skipped":0,"durationMs":29}
{"timestamp":"2026-01-27T09:32:00.086Z","runId":245,"level":"debug","phase":"write","tableName":"INVOICES_SUPPLIER","tableRunId":280,"status":"start","batchSize":1000}
{"timestamp":"2026-01-27T09:32:00.113Z","runId":245,"level":"debug","phase":"write","tableName":"INVOICES_SUPPLIER","tableRunId":280,"status":"end","inserted":1000,"updated":0,"skipped":0,"durationMs":27}
{"timestamp":"2026-01-27T09:32:00.290Z","runId":245,"level":"debug","phase":"write","tableName":"INVOICES_SUPPLIER","tableRunId":280,"status":"start","batchSize":1000}
{"timestamp":"2026-01-27T09:32:00.315Z","runId":245,"level":"debug","phase":"write","tableName":"INVOICES_SUPPLIER","tableRunId":280,"status":"end","inserted":1000,"updated":0,"skipped":0,"durationMs":25}
{"timestamp":"2026-01-27T09:32:00.481Z","runId":245,"level":"debug","phase":"write","tableName":"INVOICES_SUPPLIER","tableRunId":280,"status":"start","batchSize":1000}
{"timestamp":"2026-01-27T09:32:00.507Z","runId":245,"level":"debug","phase":"write","tableName":"INVOICES_SUPPLIER","tableRunId":280,"status":"end","inserted":1000,"updated":0,"skipped":0,"durationMs":27}
{"timestamp":"2026-01-27T09:32:00.672Z","runId":245,"level":"debug","phase":"write","tableName":"INVOICES_SUPPLIER","tableRunId":280,"status":"start","batchSize":1000}
{"timestamp":"2026-01-27T09:32:00.712Z","runId":245,"level":"debug","phase":"write","tableName":"INVOICES_SUPPLIER","tableRunId":280,"status":"end","inserted":1000,"updated":0,"skipped":0,"durationMs":40}
{"timestamp":"2026-01-27T09:32:00.878Z","runId":245,"level":"debug","phase":"write","tableName":"INVOICES_SUPPLIER","tableRunId":280,"status":"start","batchSize":1000}
{"timestamp":"2026-01-27T09:32:00.902Z","runId":245,"level":"debug","phase":"write","tableName":"INVOICES_SUPPLIER","tableRunId":280,"status":"end","inserted":1000,"updated":0,"skipped":0,"durationMs":24}
{"timestamp":"2026-01-27T09:32:01.088Z","runId":245,"level":"debug","phase":"write","tableName":"INVOICES_SUPPLIER","tableRunId":280,"status":"start","batchSize":1000}
{"timestamp":"2026-01-27T09:32:01.128Z","runId":245,"level":"debug","phase":"write","tableName":"INVOICES_SUPPLIER","tableRunId":280,"status":"end","inserted":1000,"updated":0,"skipped":0,"durationMs":40}
{"timestamp":"2026-01-27T09:32:01.311Z","runId":245,"level":"debug","phase":"write","tableName":"INVOICES_SUPPLIER","tableRunId":280,"status":"start","batchSize":1000}
{"timestamp":"2026-01-27T09:32:01.338Z","runId":245,"level":"debug","phase":"write","tableName":"INVOICES_SUPPLIER","tableRunId":280,"status":"end","inserted":1000,"updated":0,"skipped":0,"durationMs":27}
{"timestamp":"2026-01-27T09:32:01.512Z","runId":245,"level":"debug","phase":"write","tableName":"INVOICES_SUPPLIER","tableRunId":280,"status":"start","batchSize":1000}
{"timestamp":"2026-01-27T09:32:01.540Z","runId":245,"level":"debug","phase":"write","tableName":"INVOICES_SUPPLIER","tableRunId":280,"status":"end","inserted":1000,"updated":0,"skipped":0,"durationMs":28}
{"timestamp":"2026-01-27T09:32:01.722Z","runId":245,"level":"debug","phase":"write","tableName":"INVOICES_SUPPLIER","tableRunId":280,"status":"start","batchSize":1000}
{"timestamp":"2026-01-27T09:32:01.750Z","runId":245,"level":"debug","phase":"write","tableName":"INVOICES_SUPPLIER","tableRunId":280,"status":"end","inserted":1000,"updated":0,"skipped":0,"durationMs":28}
{"timestamp":"2026-01-27T09:32:02.549Z","runId":245,"level":"debug","phase":"write","tableName":"INVOICES_SUPPLIER","tableRunId":280,"status":"start","batchSize":1000}
{"timestamp":"2026-01-27T09:32:02.584Z","runId":245,"level":"debug","phase":"write","tableName":"INVOICES_SUPPLIER","tableRunId":280,"status":"end","inserted":1000,"updated":0,"skipped":0,"durationMs":35}
{"timestamp":"2026-01-27T09:32:02.758Z","runId":245,"level":"debug","phase":"write","tableName":"INVOICES_SUPPLIER","tableRunId":280,"status":"start","batchSize":1000}
{"timestamp":"2026-01-27T09:32:02.785Z","runId":245,"level":"debug","phase":"write","tableName":"INVOICES_SUPPLIER","tableRunId":280,"status":"end","inserted":1000,"updated":0,"skipped":0,"durationMs":27}
{"timestamp":"2026-01-27T09:32:02.963Z","runId":245,"level":"debug","phase":"write","tableName":"INVOICES_SUPPLIER","tableRunId":280,"status":"start","batchSize":1000}
{"timestamp":"2026-01-27T09:32:03.001Z","runId":245,"level":"debug","phase":"write","tableName":"INVOICES_SUPPLIER","tableRunId":280,"status":"end","inserted":1000,"updated":0,"skipped":0,"durationMs":38}
{"timestamp":"2026-01-27T09:32:03.194Z","runId":245,"level":"debug","phase":"write","tableName":"INVOICES_SUPPLIER","tableRunId":280,"status":"start","batchSize":1000}
{"timestamp":"2026-01-27T09:32:03.224Z","runId":245,"level":"debug","phase":"write","tableName":"INVOICES_SUPPLIER","tableRunId":280,"status":"end","inserted":1000,"updated":0,"skipped":0,"durationMs":30}
{"timestamp":"2026-01-27T09:32:03.409Z","runId":245,"level":"debug","phase":"write","tableName":"INVOICES_SUPPLIER","tableRunId":280,"status":"start","batchSize":1000}
{"timestamp":"2026-01-27T09:32:03.437Z","runId":245,"level":"debug","phase":"write","tableName":"INVOICES_SUPPLIER","tableRunId":280,"status":"end","inserted":1000,"updated":0,"skipped":0,"durationMs":28}
{"timestamp":"2026-01-27T09:32:03.627Z","runId":245,"level":"debug","phase":"write","tableName":"INVOICES_SUPPLIER","tableRunId":280,"status":"start","batchSize":1000}
{"timestamp":"2026-01-27T09:32:03.653Z","runId":245,"level":"debug","phase":"write","tableName":"INVOICES_SUPPLIER","tableRunId":280,"status":"end","inserted":1000,"updated":0,"skipped":0,"durationMs":26}
{"timestamp":"2026-01-27T09:32:03.849Z","runId":245,"level":"debug","phase":"write","tableName":"INVOICES_SUPPLIER","tableRunId":280,"status":"start","batchSize":1000}
{"timestamp":"2026-01-27T09:32:03.880Z","runId":245,"level":"debug","phase":"write","tableName":"INVOICES_SUPPLIER","tableRunId":280,"status":"end","inserted":1000,"updated":0,"skipped":0,"durationMs":31}
{"timestamp":"2026-01-27T09:32:04.065Z","runId":245,"level":"debug","phase":"write","tableName":"INVOICES_SUPPLIER","tableRunId":280,"status":"start","batchSize":1000}
{"timestamp":"2026-01-27T09:32:04.096Z","runId":245,"level":"debug","phase":"write","tableName":"INVOICES_SUPPLIER","tableRunId":280,"status":"end","inserted":1000,"updated":0,"skipped":0,"durationMs":31}
{"timestamp":"2026-01-27T09:32:04.992Z","runId":245,"level":"debug","phase":"write","tableName":"INVOICES_SUPPLIER","tableRunId":280,"status":"start","batchSize":1000}
{"timestamp":"2026-01-27T09:32:05.016Z","runId":245,"level":"debug","phase":"write","tableName":"INVOICES_SUPPLIER","tableRunId":280,"status":"end","inserted":1000,"updated":0,"skipped":0,"durationMs":24}
{"timestamp":"2026-01-27T09:32:05.212Z","runId":245,"level":"debug","phase":"write","tableName":"INVOICES_SUPPLIER","tableRunId":280,"status":"start","batchSize":1000}
{"timestamp":"2026-01-27T09:32:05.241Z","runId":245,"level":"debug","phase":"write","tableName":"INVOICES_SUPPLIER","tableRunId":280,"status":"end","inserted":1000,"updated":0,"skipped":0,"durationMs":29}
{"timestamp":"2026-01-27T09:32:06.052Z","runId":245,"level":"error","phase":"run_error","error":"Your user name and password are not defined. Ask your database\nadministrator to set up a Firebird login\n. Likely causes: empty user, empty password, Firebird Embedded security misconfiguration, or connecting to the wrong server/port. Verify credentials on Setup. Config used: host=localhost port=3050 database=C:\\Autoneer\\data\\AUTONEER.FDB user=SYSDBA","stack":"Error: Your user name and password are not defined. Ask your database\nadministrator to set up a Firebird login\n\n    at doCallback (C:\\Projects\\Autoneer-Migrate\\node_modules\\node-firebird\\lib\\callback.js:23:21)\n    at C:\\Projects\\Autoneer-Migrate\\node_modules\\node-firebird\\lib\\wire\\connection.js:172:21"}
