{"timestamp":"2026-01-27T09:48:50.286Z","runId":246,"level":"info","phase":"run_start","dryRun":false,"batchSize":1000,"fkChecks":true,"tables":[{"table":"SUPPLIERS","mode":"INSERT","keyStrategy":"preserve","dedupeKeys":[],"onDuplicate":"SKIP","cleanBefore":true},{"table":"INVOICE_ITEMS","mode":"INSERT","keyStrategy":"preserve","dedupeKeys":[],"onDuplicate":"SKIP","cleanBefore":true},{"table":"INVOICES_SUPPLIER","mode":"INSERT","keyStrategy":"preserve","dedupeKeys":[],"onDuplicate":"SKIP","cleanBefore":true},{"table":"PAYMENTS_SUPPLIERS","mode":"INSERT","keyStrategy":"preserve","dedupeKeys":[],"onDuplicate":"SKIP","cleanBefore":true}]}
{"timestamp":"2026-01-27T09:48:50.351Z","runId":246,"level":"info","phase":"preflight","attempt":1,"status":"ok"}
{"timestamp":"2026-01-27T09:48:50.352Z","runId":246,"level":"debug","phase":"preflight","durationMs":66}
{"timestamp":"2026-01-27T09:48:50.352Z","runId":246,"level":"info","phase":"preflight","action":"nullability_validation","status":"start"}
{"timestamp":"2026-01-27T09:48:50.358Z","runId":246,"level":"info","phase":"preflight","action":"nullability_validation","status":"passed"}
{"timestamp":"2026-01-27T09:48:51.073Z","runId":246,"level":"debug","phase":"table_loop","action":"starting","includedCount":4,"mappingTableCount":4}
{"timestamp":"2026-01-27T09:48:51.075Z","runId":246,"level":"info","phase":"table_loop","action":"normalized_tables","sampleTables":["SUPPLIERS","INVOICE_ITEMS","INVOICES_SUPPLIER","PAYMENTS_SUPPLIERS"]}
{"timestamp":"2026-01-27T09:48:51.075Z","runId":246,"level":"debug","phase":"table_loop","action":"processing","tableName":"SUPPLIERS","mappingTableKeys":["INVTOTAL","INVOICESUPPLIER","SUPPLIER","PAYMENTSSUPP"]}
{"timestamp":"2026-01-27T09:48:51.076Z","runId":246,"level":"debug","phase":"table_loop","action":"mapping_resolved","tableName":"SUPPLIERS","hasMappingEntry":true,"mappingTarget":"SUPPLIERS"}
{"timestamp":"2026-01-27T09:48:51.076Z","runId":246,"level":"debug","phase":"mapping_debug","tableName":"SUPPLIERS","mappedSource":"SUPPLIER","firebirdTableCount":187,"sampleFirebirdTables":["ACCCLASS","ACCDEPARTMENT","ACCOUNTLINKS","ACCOUNTS","ACCRANGE"]}
{"timestamp":"2026-01-27T09:48:51.153Z","runId":246,"level":"debug","phase":"clean_decision","tableName":"SUPPLIERS","cleanBefore":true,"dryRun":false,"mode":"INSERT"}
{"timestamp":"2026-01-27T09:48:51.154Z","runId":246,"type":"table_cleaning_started","table":"SUPPLIERS","tableRunId":281}
{"timestamp":"2026-01-27T09:48:51.154Z","runId":246,"level":"info","phase":"clean","tableName":"SUPPLIERS","tableRunId":281,"status":"start"}
{"timestamp":"2026-01-27T09:48:51.155Z","runId":246,"level":"debug","phase":"clean","tableName":"SUPPLIERS","tableRunId":281,"action":"fk_checks_disabled"}
{"timestamp":"2026-01-27T09:48:51.186Z","runId":246,"level":"info","phase":"clean","tableName":"SUPPLIERS","tableRunId":281,"status":"success","method":"TRUNCATE","affectedRows":null,"postCount":0,"durationMs":32}
{"timestamp":"2026-01-27T09:48:51.198Z","runId":246,"type":"table_cleaned","table":"SUPPLIERS","tableRunId":281,"method":"TRUNCATE","affectedRows":null,"postCount":0}
{"timestamp":"2026-01-27T09:48:51.199Z","runId":246,"level":"debug","phase":"clean","tableName":"SUPPLIERS","tableRunId":281,"action":"fk_checks_restored"}
{"timestamp":"2026-01-27T09:48:51.199Z","runId":246,"level":"info","phase":"table_start","tableName":"SUPPLIERS","tableRunId":281,"mode":"INSERT","keyStrategy":"preserve","dedupeKeys":[]}
{"timestamp":"2026-01-27T09:48:51.273Z","runId":246,"level":"info","phase":"fetch","tableName":"SUPPLIERS","tableRunId":281,"sourceRows":323}
{"timestamp":"2026-01-27T09:48:51.364Z","runId":246,"level":"debug","phase":"write","tableName":"SUPPLIERS","tableRunId":281,"status":"start","batchSize":323}
{"timestamp":"2026-01-27T09:48:51.385Z","runId":246,"level":"debug","phase":"write","tableName":"SUPPLIERS","tableRunId":281,"status":"end","inserted":323,"updated":0,"skipped":0,"durationMs":20}
{"timestamp":"2026-01-27T09:48:51.403Z","runId":246,"level":"info","phase":"table_finalize","tableName":"SUPPLIERS","tableRunId":281,"status":"success","inserted":323,"updated":0,"skipped":0,"errors":0,"durationMs":195}
{"timestamp":"2026-01-27T09:48:51.403Z","runId":246,"level":"debug","phase":"table_loop","action":"processing","tableName":"INVOICE_ITEMS","mappingTableKeys":["INVTOTAL","INVOICESUPPLIER","SUPPLIER","PAYMENTSSUPP"]}
{"timestamp":"2026-01-27T09:48:51.403Z","runId":246,"level":"debug","phase":"table_loop","action":"mapping_resolved","tableName":"INVOICE_ITEMS","hasMappingEntry":true,"mappingTarget":"INVOICE_ITEMS"}
{"timestamp":"2026-01-27T09:48:51.404Z","runId":246,"level":"debug","phase":"mapping_debug","tableName":"INVOICE_ITEMS","mappedSource":"INVTOTAL","firebirdTableCount":187,"sampleFirebirdTables":["ACCCLASS","ACCDEPARTMENT","ACCOUNTLINKS","ACCOUNTS","ACCRANGE"]}
{"timestamp":"2026-01-27T09:48:51.470Z","runId":246,"level":"debug","phase":"clean_decision","tableName":"INVOICE_ITEMS","cleanBefore":true,"dryRun":false,"mode":"INSERT"}
{"timestamp":"2026-01-27T09:48:51.470Z","runId":246,"type":"table_cleaning_started","table":"INVOICE_ITEMS","tableRunId":282}
{"timestamp":"2026-01-27T09:48:51.470Z","runId":246,"level":"info","phase":"clean","tableName":"INVOICE_ITEMS","tableRunId":282,"status":"start"}
{"timestamp":"2026-01-27T09:48:51.471Z","runId":246,"level":"debug","phase":"clean","tableName":"INVOICE_ITEMS","tableRunId":282,"action":"fk_checks_disabled"}
{"timestamp":"2026-01-27T09:48:51.501Z","runId":246,"level":"info","phase":"clean","tableName":"INVOICE_ITEMS","tableRunId":282,"status":"success","method":"TRUNCATE","affectedRows":null,"postCount":0,"durationMs":31}
{"timestamp":"2026-01-27T09:48:51.508Z","runId":246,"type":"table_cleaned","table":"INVOICE_ITEMS","tableRunId":282,"method":"TRUNCATE","affectedRows":null,"postCount":0}
{"timestamp":"2026-01-27T09:48:51.509Z","runId":246,"level":"debug","phase":"clean","tableName":"INVOICE_ITEMS","tableRunId":282,"action":"fk_checks_restored"}
{"timestamp":"2026-01-27T09:48:51.509Z","runId":246,"level":"info","phase":"table_start","tableName":"INVOICE_ITEMS","tableRunId":282,"mode":"INSERT","keyStrategy":"preserve","dedupeKeys":[]}
{"timestamp":"2026-01-27T09:48:51.656Z","runId":246,"level":"info","phase":"fetch","tableName":"INVOICE_ITEMS","tableRunId":282,"sourceRows":62271}
{"timestamp":"2026-01-27T09:48:51.769Z","runId":246,"level":"debug","phase":"write","tableName":"INVOICE_ITEMS","tableRunId":282,"status":"start","batchSize":1000}
{"timestamp":"2026-01-27T09:48:51.813Z","runId":246,"level":"debug","phase":"write","tableName":"INVOICE_ITEMS","tableRunId":282,"status":"end","inserted":994,"updated":0,"skipped":6,"durationMs":44}
{"timestamp":"2026-01-27T09:48:51.942Z","runId":246,"level":"debug","phase":"write","tableName":"INVOICE_ITEMS","tableRunId":282,"status":"start","batchSize":1000}
{"timestamp":"2026-01-27T09:48:52.000Z","runId":246,"level":"debug","phase":"write","tableName":"INVOICE_ITEMS","tableRunId":282,"status":"end","inserted":996,"updated":0,"skipped":4,"durationMs":58}
{"timestamp":"2026-01-27T09:48:52.131Z","runId":246,"level":"debug","phase":"write","tableName":"INVOICE_ITEMS","tableRunId":282,"status":"start","batchSize":1000}
{"timestamp":"2026-01-27T09:48:52.158Z","runId":246,"level":"debug","phase":"write","tableName":"INVOICE_ITEMS","tableRunId":282,"status":"end","inserted":986,"updated":0,"skipped":14,"durationMs":27}
{"timestamp":"2026-01-27T09:48:53.122Z","runId":246,"level":"debug","phase":"write","tableName":"INVOICE_ITEMS","tableRunId":282,"status":"start","batchSize":1000}
{"timestamp":"2026-01-27T09:48:53.165Z","runId":246,"level":"debug","phase":"write","tableName":"INVOICE_ITEMS","tableRunId":282,"status":"end","inserted":989,"updated":0,"skipped":11,"durationMs":43}
{"timestamp":"2026-01-27T09:48:53.303Z","runId":246,"level":"debug","phase":"write","tableName":"INVOICE_ITEMS","tableRunId":282,"status":"start","batchSize":1000}
{"timestamp":"2026-01-27T09:48:53.331Z","runId":246,"level":"debug","phase":"write","tableName":"INVOICE_ITEMS","tableRunId":282,"status":"end","inserted":976,"updated":0,"skipped":24,"durationMs":28}
{"timestamp":"2026-01-27T09:48:53.472Z","runId":246,"level":"debug","phase":"write","tableName":"INVOICE_ITEMS","tableRunId":282,"status":"start","batchSize":1000}
{"timestamp":"2026-01-27T09:48:53.497Z","runId":246,"level":"debug","phase":"write","tableName":"INVOICE_ITEMS","tableRunId":282,"status":"end","inserted":894,"updated":0,"skipped":106,"durationMs":25}
{"timestamp":"2026-01-27T09:48:53.658Z","runId":246,"level":"debug","phase":"write","tableName":"INVOICE_ITEMS","tableRunId":282,"status":"start","batchSize":1000}
{"timestamp":"2026-01-27T09:48:53.684Z","runId":246,"level":"debug","phase":"write","tableName":"INVOICE_ITEMS","tableRunId":282,"status":"end","inserted":955,"updated":0,"skipped":45,"durationMs":26}
{"timestamp":"2026-01-27T09:48:53.831Z","runId":246,"level":"debug","phase":"write","tableName":"INVOICE_ITEMS","tableRunId":282,"status":"start","batchSize":1000}
{"timestamp":"2026-01-27T09:48:53.862Z","runId":246,"level":"debug","phase":"write","tableName":"INVOICE_ITEMS","tableRunId":282,"status":"end","inserted":972,"updated":0,"skipped":28,"durationMs":31}
{"timestamp":"2026-01-27T09:48:54.026Z","runId":246,"level":"debug","phase":"write","tableName":"INVOICE_ITEMS","tableRunId":282,"status":"start","batchSize":1000}
{"timestamp":"2026-01-27T09:48:54.057Z","runId":246,"level":"debug","phase":"write","tableName":"INVOICE_ITEMS","tableRunId":282,"status":"end","inserted":930,"updated":0,"skipped":70,"durationMs":31}
{"timestamp":"2026-01-27T09:48:54.216Z","runId":246,"level":"debug","phase":"write","tableName":"INVOICE_ITEMS","tableRunId":282,"status":"start","batchSize":1000}
{"timestamp":"2026-01-27T09:48:54.245Z","runId":246,"level":"debug","phase":"write","tableName":"INVOICE_ITEMS","tableRunId":282,"status":"end","inserted":904,"updated":0,"skipped":96,"durationMs":29}
{"timestamp":"2026-01-27T09:48:54.382Z","runId":246,"level":"debug","phase":"write","tableName":"INVOICE_ITEMS","tableRunId":282,"status":"start","batchSize":1000}
{"timestamp":"2026-01-27T09:48:54.418Z","runId":246,"level":"debug","phase":"write","tableName":"INVOICE_ITEMS","tableRunId":282,"status":"end","inserted":978,"updated":0,"skipped":22,"durationMs":36}
{"timestamp":"2026-01-27T09:48:54.604Z","runId":246,"level":"debug","phase":"write","tableName":"INVOICE_ITEMS","tableRunId":282,"status":"start","batchSize":1000}
{"timestamp":"2026-01-27T09:48:54.650Z","runId":246,"level":"debug","phase":"write","tableName":"INVOICE_ITEMS","tableRunId":282,"status":"end","inserted":902,"updated":0,"skipped":98,"durationMs":46}
{"timestamp":"2026-01-27T09:48:54.837Z","runId":246,"level":"debug","phase":"write","tableName":"INVOICE_ITEMS","tableRunId":282,"status":"start","batchSize":1000}
{"timestamp":"2026-01-27T09:48:54.864Z","runId":246,"level":"debug","phase":"write","tableName":"INVOICE_ITEMS","tableRunId":282,"status":"end","inserted":770,"updated":0,"skipped":230,"durationMs":27}
{"timestamp":"2026-01-27T09:48:55.033Z","runId":246,"level":"debug","phase":"write","tableName":"INVOICE_ITEMS","tableRunId":282,"status":"start","batchSize":1000}
{"timestamp":"2026-01-27T09:48:55.064Z","runId":246,"level":"debug","phase":"write","tableName":"INVOICE_ITEMS","tableRunId":282,"status":"end","inserted":656,"updated":0,"skipped":344,"durationMs":31}
{"timestamp":"2026-01-27T09:48:55.252Z","runId":246,"level":"debug","phase":"write","tableName":"INVOICE_ITEMS","tableRunId":282,"status":"start","batchSize":1000}
{"timestamp":"2026-01-27T09:48:55.281Z","runId":246,"level":"debug","phase":"write","tableName":"INVOICE_ITEMS","tableRunId":282,"status":"end","inserted":665,"updated":0,"skipped":335,"durationMs":29}
{"timestamp":"2026-01-27T09:48:55.463Z","runId":246,"level":"debug","phase":"write","tableName":"INVOICE_ITEMS","tableRunId":282,"status":"start","batchSize":1000}
{"timestamp":"2026-01-27T09:48:55.489Z","runId":246,"level":"debug","phase":"write","tableName":"INVOICE_ITEMS","tableRunId":282,"status":"end","inserted":763,"updated":0,"skipped":237,"durationMs":26}
{"timestamp":"2026-01-27T09:48:55.673Z","runId":246,"level":"debug","phase":"write","tableName":"INVOICE_ITEMS","tableRunId":282,"status":"start","batchSize":1000}
{"timestamp":"2026-01-27T09:48:55.704Z","runId":246,"level":"debug","phase":"write","tableName":"INVOICE_ITEMS","tableRunId":282,"status":"end","inserted":947,"updated":0,"skipped":53,"durationMs":31}
{"timestamp":"2026-01-27T09:48:55.890Z","runId":246,"level":"debug","phase":"write","tableName":"INVOICE_ITEMS","tableRunId":282,"status":"start","batchSize":1000}
{"timestamp":"2026-01-27T09:48:55.918Z","runId":246,"level":"debug","phase":"write","tableName":"INVOICE_ITEMS","tableRunId":282,"status":"end","inserted":949,"updated":0,"skipped":51,"durationMs":28}
{"timestamp":"2026-01-27T09:48:56.106Z","runId":246,"level":"debug","phase":"write","tableName":"INVOICE_ITEMS","tableRunId":282,"status":"start","batchSize":1000}
{"timestamp":"2026-01-27T09:48:56.136Z","runId":246,"level":"debug","phase":"write","tableName":"INVOICE_ITEMS","tableRunId":282,"status":"end","inserted":838,"updated":0,"skipped":162,"durationMs":30}
{"timestamp":"2026-01-27T09:48:56.333Z","runId":246,"level":"debug","phase":"write","tableName":"INVOICE_ITEMS","tableRunId":282,"status":"start","batchSize":1000}
{"timestamp":"2026-01-27T09:48:56.378Z","runId":246,"level":"debug","phase":"write","tableName":"INVOICE_ITEMS","tableRunId":282,"status":"end","inserted":758,"updated":0,"skipped":242,"durationMs":45}
{"timestamp":"2026-01-27T09:48:56.555Z","runId":246,"level":"debug","phase":"write","tableName":"INVOICE_ITEMS","tableRunId":282,"status":"start","batchSize":1000}
{"timestamp":"2026-01-27T09:48:56.584Z","runId":246,"level":"debug","phase":"write","tableName":"INVOICE_ITEMS","tableRunId":282,"status":"end","inserted":787,"updated":0,"skipped":213,"durationMs":29}
{"timestamp":"2026-01-27T09:48:56.778Z","runId":246,"level":"debug","phase":"write","tableName":"INVOICE_ITEMS","tableRunId":282,"status":"start","batchSize":1000}
{"timestamp":"2026-01-27T09:48:56.805Z","runId":246,"level":"debug","phase":"write","tableName":"INVOICE_ITEMS","tableRunId":282,"status":"end","inserted":754,"updated":0,"skipped":246,"durationMs":27}
{"timestamp":"2026-01-27T09:48:56.980Z","runId":246,"level":"debug","phase":"write","tableName":"INVOICE_ITEMS","tableRunId":282,"status":"start","batchSize":1000}
{"timestamp":"2026-01-27T09:48:57.007Z","runId":246,"level":"debug","phase":"write","tableName":"INVOICE_ITEMS","tableRunId":282,"status":"end","inserted":762,"updated":0,"skipped":238,"durationMs":27}
{"timestamp":"2026-01-27T09:48:57.186Z","runId":246,"level":"debug","phase":"write","tableName":"INVOICE_ITEMS","tableRunId":282,"status":"start","batchSize":1000}
{"timestamp":"2026-01-27T09:48:57.214Z","runId":246,"level":"debug","phase":"write","tableName":"INVOICE_ITEMS","tableRunId":282,"status":"end","inserted":901,"updated":0,"skipped":99,"durationMs":28}
{"timestamp":"2026-01-27T09:48:57.409Z","runId":246,"level":"debug","phase":"write","tableName":"INVOICE_ITEMS","tableRunId":282,"status":"start","batchSize":1000}
{"timestamp":"2026-01-27T09:48:57.440Z","runId":246,"level":"debug","phase":"write","tableName":"INVOICE_ITEMS","tableRunId":282,"status":"end","inserted":948,"updated":0,"skipped":52,"durationMs":31}
{"timestamp":"2026-01-27T09:48:57.639Z","runId":246,"level":"debug","phase":"write","tableName":"INVOICE_ITEMS","tableRunId":282,"status":"start","batchSize":1000}
{"timestamp":"2026-01-27T09:48:57.669Z","runId":246,"level":"debug","phase":"write","tableName":"INVOICE_ITEMS","tableRunId":282,"status":"end","inserted":809,"updated":0,"skipped":191,"durationMs":30}
{"timestamp":"2026-01-27T09:48:57.854Z","runId":246,"level":"debug","phase":"write","tableName":"INVOICE_ITEMS","tableRunId":282,"status":"start","batchSize":1000}
{"timestamp":"2026-01-27T09:48:57.879Z","runId":246,"level":"debug","phase":"write","tableName":"INVOICE_ITEMS","tableRunId":282,"status":"end","inserted":741,"updated":0,"skipped":259,"durationMs":25}
{"timestamp":"2026-01-27T09:48:58.069Z","runId":246,"level":"debug","phase":"write","tableName":"INVOICE_ITEMS","tableRunId":282,"status":"start","batchSize":1000}
{"timestamp":"2026-01-27T09:48:58.117Z","runId":246,"level":"debug","phase":"write","tableName":"INVOICE_ITEMS","tableRunId":282,"status":"end","inserted":779,"updated":0,"skipped":221,"durationMs":48}
{"timestamp":"2026-01-27T09:48:58.287Z","runId":246,"level":"debug","phase":"write","tableName":"INVOICE_ITEMS","tableRunId":282,"status":"start","batchSize":1000}
{"timestamp":"2026-01-27T09:48:58.318Z","runId":246,"level":"debug","phase":"write","tableName":"INVOICE_ITEMS","tableRunId":282,"status":"end","inserted":801,"updated":0,"skipped":199,"durationMs":31}
{"timestamp":"2026-01-27T09:48:58.513Z","runId":246,"level":"debug","phase":"write","tableName":"INVOICE_ITEMS","tableRunId":282,"status":"start","batchSize":1000}
{"timestamp":"2026-01-27T09:48:58.537Z","runId":246,"level":"debug","phase":"write","tableName":"INVOICE_ITEMS","tableRunId":282,"status":"end","inserted":623,"updated":0,"skipped":377,"durationMs":24}
{"timestamp":"2026-01-27T09:48:58.727Z","runId":246,"level":"debug","phase":"write","tableName":"INVOICE_ITEMS","tableRunId":282,"status":"start","batchSize":1000}
{"timestamp":"2026-01-27T09:48:58.756Z","runId":246,"level":"debug","phase":"write","tableName":"INVOICE_ITEMS","tableRunId":282,"status":"end","inserted":575,"updated":0,"skipped":425,"durationMs":29}
{"timestamp":"2026-01-27T09:48:58.938Z","runId":246,"level":"debug","phase":"write","tableName":"INVOICE_ITEMS","tableRunId":282,"status":"start","batchSize":1000}
{"timestamp":"2026-01-27T09:48:58.965Z","runId":246,"level":"debug","phase":"write","tableName":"INVOICE_ITEMS","tableRunId":282,"status":"end","inserted":722,"updated":0,"skipped":278,"durationMs":27}
{"timestamp":"2026-01-27T09:48:59.750Z","runId":246,"level":"debug","phase":"write","tableName":"INVOICE_ITEMS","tableRunId":282,"status":"start","batchSize":1000}
{"timestamp":"2026-01-27T09:48:59.778Z","runId":246,"level":"debug","phase":"write","tableName":"INVOICE_ITEMS","tableRunId":282,"status":"end","inserted":698,"updated":0,"skipped":302,"durationMs":28}
{"timestamp":"2026-01-27T09:48:59.981Z","runId":246,"level":"debug","phase":"write","tableName":"INVOICE_ITEMS","tableRunId":282,"status":"start","batchSize":1000}
{"timestamp":"2026-01-27T09:49:00.017Z","runId":246,"level":"debug","phase":"write","tableName":"INVOICE_ITEMS","tableRunId":282,"status":"end","inserted":863,"updated":0,"skipped":137,"durationMs":36}
{"timestamp":"2026-01-27T09:49:00.228Z","runId":246,"level":"debug","phase":"write","tableName":"INVOICE_ITEMS","tableRunId":282,"status":"start","batchSize":1000}
{"timestamp":"2026-01-27T09:49:00.264Z","runId":246,"level":"debug","phase":"write","tableName":"INVOICE_ITEMS","tableRunId":282,"status":"end","inserted":816,"updated":0,"skipped":184,"durationMs":36}
{"timestamp":"2026-01-27T09:49:00.505Z","runId":246,"level":"debug","phase":"write","tableName":"INVOICE_ITEMS","tableRunId":282,"status":"start","batchSize":1000}
{"timestamp":"2026-01-27T09:49:00.550Z","runId":246,"level":"debug","phase":"write","tableName":"INVOICE_ITEMS","tableRunId":282,"status":"end","inserted":778,"updated":0,"skipped":222,"durationMs":45}
{"timestamp":"2026-01-27T09:49:00.778Z","runId":246,"level":"debug","phase":"write","tableName":"INVOICE_ITEMS","tableRunId":282,"status":"start","batchSize":1000}
{"timestamp":"2026-01-27T09:49:00.820Z","runId":246,"level":"debug","phase":"write","tableName":"INVOICE_ITEMS","tableRunId":282,"status":"end","inserted":321,"updated":0,"skipped":679,"durationMs":42}
{"timestamp":"2026-01-27T09:49:01.050Z","runId":246,"level":"debug","phase":"write","tableName":"INVOICE_ITEMS","tableRunId":282,"status":"start","batchSize":1000}
{"timestamp":"2026-01-27T09:49:01.082Z","runId":246,"level":"debug","phase":"write","tableName":"INVOICE_ITEMS","tableRunId":282,"status":"end","inserted":738,"updated":0,"skipped":262,"durationMs":32}
{"timestamp":"2026-01-27T09:49:01.335Z","runId":246,"level":"debug","phase":"write","tableName":"INVOICE_ITEMS","tableRunId":282,"status":"start","batchSize":1000}
{"timestamp":"2026-01-27T09:49:01.378Z","runId":246,"level":"debug","phase":"write","tableName":"INVOICE_ITEMS","tableRunId":282,"status":"end","inserted":364,"updated":0,"skipped":636,"durationMs":43}
{"timestamp":"2026-01-27T09:49:01.612Z","runId":246,"level":"debug","phase":"write","tableName":"INVOICE_ITEMS","tableRunId":282,"status":"start","batchSize":1000}
{"timestamp":"2026-01-27T09:49:01.643Z","runId":246,"level":"debug","phase":"write","tableName":"INVOICE_ITEMS","tableRunId":282,"status":"end","inserted":788,"updated":0,"skipped":212,"durationMs":31}
{"timestamp":"2026-01-27T09:49:01.872Z","runId":246,"level":"debug","phase":"write","tableName":"INVOICE_ITEMS","tableRunId":282,"status":"start","batchSize":1000}
{"timestamp":"2026-01-27T09:49:01.906Z","runId":246,"level":"debug","phase":"write","tableName":"INVOICE_ITEMS","tableRunId":282,"status":"end","inserted":420,"updated":0,"skipped":580,"durationMs":34}
{"timestamp":"2026-01-27T09:49:02.139Z","runId":246,"level":"debug","phase":"write","tableName":"INVOICE_ITEMS","tableRunId":282,"status":"start","batchSize":1000}
{"timestamp":"2026-01-27T09:49:02.171Z","runId":246,"level":"debug","phase":"write","tableName":"INVOICE_ITEMS","tableRunId":282,"status":"end","inserted":456,"updated":0,"skipped":544,"durationMs":33}
{"timestamp":"2026-01-27T09:49:02.407Z","runId":246,"level":"debug","phase":"write","tableName":"INVOICE_ITEMS","tableRunId":282,"status":"start","batchSize":1000}
{"timestamp":"2026-01-27T09:49:02.436Z","runId":246,"level":"debug","phase":"write","tableName":"INVOICE_ITEMS","tableRunId":282,"status":"end","inserted":472,"updated":0,"skipped":528,"durationMs":29}
{"timestamp":"2026-01-27T09:49:02.705Z","runId":246,"level":"debug","phase":"write","tableName":"INVOICE_ITEMS","tableRunId":282,"status":"start","batchSize":1000}
{"timestamp":"2026-01-27T09:49:02.747Z","runId":246,"level":"debug","phase":"write","tableName":"INVOICE_ITEMS","tableRunId":282,"status":"end","inserted":427,"updated":0,"skipped":573,"durationMs":42}
{"timestamp":"2026-01-27T09:49:02.995Z","runId":246,"level":"debug","phase":"write","tableName":"INVOICE_ITEMS","tableRunId":282,"status":"start","batchSize":1000}
{"timestamp":"2026-01-27T09:49:03.036Z","runId":246,"level":"debug","phase":"write","tableName":"INVOICE_ITEMS","tableRunId":282,"status":"end","inserted":406,"updated":0,"skipped":594,"durationMs":41}
{"timestamp":"2026-01-27T09:49:03.294Z","runId":246,"level":"debug","phase":"write","tableName":"INVOICE_ITEMS","tableRunId":282,"status":"start","batchSize":1000}
{"timestamp":"2026-01-27T09:49:03.334Z","runId":246,"level":"debug","phase":"write","tableName":"INVOICE_ITEMS","tableRunId":282,"status":"end","inserted":379,"updated":0,"skipped":621,"durationMs":40}
{"timestamp":"2026-01-27T09:49:04.361Z","runId":246,"level":"debug","phase":"write","tableName":"INVOICE_ITEMS","tableRunId":282,"status":"start","batchSize":1000}
{"timestamp":"2026-01-27T09:49:04.394Z","runId":246,"level":"debug","phase":"write","tableName":"INVOICE_ITEMS","tableRunId":282,"status":"end","inserted":473,"updated":0,"skipped":527,"durationMs":33}
{"timestamp":"2026-01-27T09:49:04.659Z","runId":246,"level":"debug","phase":"write","tableName":"INVOICE_ITEMS","tableRunId":282,"status":"start","batchSize":1000}
{"timestamp":"2026-01-27T09:49:04.697Z","runId":246,"level":"debug","phase":"write","tableName":"INVOICE_ITEMS","tableRunId":282,"status":"end","inserted":452,"updated":0,"skipped":548,"durationMs":38}
{"timestamp":"2026-01-27T09:49:04.961Z","runId":246,"level":"debug","phase":"write","tableName":"INVOICE_ITEMS","tableRunId":282,"status":"start","batchSize":1000}
{"timestamp":"2026-01-27T09:49:04.994Z","runId":246,"level":"debug","phase":"write","tableName":"INVOICE_ITEMS","tableRunId":282,"status":"end","inserted":534,"updated":0,"skipped":466,"durationMs":33}
{"timestamp":"2026-01-27T09:49:05.251Z","runId":246,"level":"debug","phase":"write","tableName":"INVOICE_ITEMS","tableRunId":282,"status":"start","batchSize":1000}
{"timestamp":"2026-01-27T09:49:05.285Z","runId":246,"level":"debug","phase":"write","tableName":"INVOICE_ITEMS","tableRunId":282,"status":"end","inserted":418,"updated":0,"skipped":582,"durationMs":34}
{"timestamp":"2026-01-27T09:49:05.576Z","runId":246,"level":"debug","phase":"write","tableName":"INVOICE_ITEMS","tableRunId":282,"status":"start","batchSize":1000}
{"timestamp":"2026-01-27T09:49:05.613Z","runId":246,"level":"debug","phase":"write","tableName":"INVOICE_ITEMS","tableRunId":282,"status":"end","inserted":250,"updated":0,"skipped":750,"durationMs":37}
{"timestamp":"2026-01-27T09:49:05.881Z","runId":246,"level":"debug","phase":"write","tableName":"INVOICE_ITEMS","tableRunId":282,"status":"start","batchSize":1000}
{"timestamp":"2026-01-27T09:49:05.923Z","runId":246,"level":"debug","phase":"write","tableName":"INVOICE_ITEMS","tableRunId":282,"status":"end","inserted":300,"updated":0,"skipped":700,"durationMs":42}
{"timestamp":"2026-01-27T09:49:06.201Z","runId":246,"level":"debug","phase":"write","tableName":"INVOICE_ITEMS","tableRunId":282,"status":"start","batchSize":1000}
{"timestamp":"2026-01-27T09:49:06.243Z","runId":246,"level":"debug","phase":"write","tableName":"INVOICE_ITEMS","tableRunId":282,"status":"end","inserted":362,"updated":0,"skipped":638,"durationMs":42}
{"timestamp":"2026-01-27T09:49:06.536Z","runId":246,"level":"debug","phase":"write","tableName":"INVOICE_ITEMS","tableRunId":282,"status":"start","batchSize":1000}
{"timestamp":"2026-01-27T09:49:06.571Z","runId":246,"level":"debug","phase":"write","tableName":"INVOICE_ITEMS","tableRunId":282,"status":"end","inserted":232,"updated":0,"skipped":768,"durationMs":35}
{"timestamp":"2026-01-27T09:49:06.855Z","runId":246,"level":"debug","phase":"write","tableName":"INVOICE_ITEMS","tableRunId":282,"status":"start","batchSize":1000}
{"timestamp":"2026-01-27T09:49:06.883Z","runId":246,"level":"debug","phase":"write","tableName":"INVOICE_ITEMS","tableRunId":282,"status":"end","inserted":309,"updated":0,"skipped":691,"durationMs":28}
{"timestamp":"2026-01-27T09:49:07.161Z","runId":246,"level":"debug","phase":"write","tableName":"INVOICE_ITEMS","tableRunId":282,"status":"start","batchSize":1000}
{"timestamp":"2026-01-27T09:49:07.226Z","runId":246,"level":"debug","phase":"write","tableName":"INVOICE_ITEMS","tableRunId":282,"status":"end","inserted":247,"updated":0,"skipped":753,"durationMs":65}
{"timestamp":"2026-01-27T09:49:07.486Z","runId":246,"level":"debug","phase":"write","tableName":"INVOICE_ITEMS","tableRunId":282,"status":"start","batchSize":1000}
{"timestamp":"2026-01-27T09:49:07.515Z","runId":246,"level":"debug","phase":"write","tableName":"INVOICE_ITEMS","tableRunId":282,"status":"end","inserted":203,"updated":0,"skipped":797,"durationMs":29}
{"timestamp":"2026-01-27T09:49:07.771Z","runId":246,"level":"debug","phase":"write","tableName":"INVOICE_ITEMS","tableRunId":282,"status":"start","batchSize":1000}
{"timestamp":"2026-01-27T09:49:07.801Z","runId":246,"level":"debug","phase":"write","tableName":"INVOICE_ITEMS","tableRunId":282,"status":"end","inserted":167,"updated":0,"skipped":833,"durationMs":30}
{"timestamp":"2026-01-27T09:49:08.925Z","runId":246,"level":"debug","phase":"write","tableName":"INVOICE_ITEMS","tableRunId":282,"status":"start","batchSize":1000}
{"timestamp":"2026-01-27T09:49:08.958Z","runId":246,"level":"debug","phase":"write","tableName":"INVOICE_ITEMS","tableRunId":282,"status":"end","inserted":225,"updated":0,"skipped":775,"durationMs":33}
{"timestamp":"2026-01-27T09:49:09.223Z","runId":246,"level":"debug","phase":"write","tableName":"INVOICE_ITEMS","tableRunId":282,"status":"start","batchSize":1000}
{"timestamp":"2026-01-27T09:49:09.250Z","runId":246,"level":"debug","phase":"write","tableName":"INVOICE_ITEMS","tableRunId":282,"status":"end","inserted":237,"updated":0,"skipped":763,"durationMs":27}
{"timestamp":"2026-01-27T09:49:09.532Z","runId":246,"level":"debug","phase":"write","tableName":"INVOICE_ITEMS","tableRunId":282,"status":"start","batchSize":1000}
{"timestamp":"2026-01-27T09:49:09.559Z","runId":246,"level":"debug","phase":"write","tableName":"INVOICE_ITEMS","tableRunId":282,"status":"end","inserted":173,"updated":0,"skipped":827,"durationMs":27}
{"timestamp":"2026-01-27T09:49:09.823Z","runId":246,"level":"debug","phase":"write","tableName":"INVOICE_ITEMS","tableRunId":282,"status":"start","batchSize":1000}
{"timestamp":"2026-01-27T09:49:09.853Z","runId":246,"level":"debug","phase":"write","tableName":"INVOICE_ITEMS","tableRunId":282,"status":"end","inserted":195,"updated":0,"skipped":805,"durationMs":30}
{"timestamp":"2026-01-27T09:49:10.095Z","runId":246,"level":"debug","phase":"write","tableName":"INVOICE_ITEMS","tableRunId":282,"status":"start","batchSize":271}
{"timestamp":"2026-01-27T09:49:10.110Z","runId":246,"level":"debug","phase":"write","tableName":"INVOICE_ITEMS","tableRunId":282,"status":"end","inserted":73,"updated":0,"skipped":198,"durationMs":15}
{"timestamp":"2026-01-27T09:49:10.126Z","runId":246,"level":"info","phase":"table_finalize","tableName":"INVOICE_ITEMS","tableRunId":282,"status":"success","inserted":39800,"updated":0,"skipped":22471,"errors":0,"durationMs":18609}
{"timestamp":"2026-01-27T09:49:10.127Z","runId":246,"level":"debug","phase":"table_loop","action":"processing","tableName":"INVOICES_SUPPLIER","mappingTableKeys":["INVTOTAL","INVOICESUPPLIER","SUPPLIER","PAYMENTSSUPP"]}
{"timestamp":"2026-01-27T09:49:10.127Z","runId":246,"level":"debug","phase":"table_loop","action":"mapping_resolved","tableName":"INVOICES_SUPPLIER","hasMappingEntry":true,"mappingTarget":"INVOICES_SUPPLIER"}
{"timestamp":"2026-01-27T09:49:10.128Z","runId":246,"level":"debug","phase":"mapping_debug","tableName":"INVOICES_SUPPLIER","mappedSource":"INVOICESUPPLIER","firebirdTableCount":187,"sampleFirebirdTables":["ACCCLASS","ACCDEPARTMENT","ACCOUNTLINKS","ACCOUNTS","ACCRANGE"]}
{"timestamp":"2026-01-27T09:49:10.233Z","runId":246,"level":"debug","phase":"clean_decision","tableName":"INVOICES_SUPPLIER","cleanBefore":true,"dryRun":false,"mode":"INSERT"}
{"timestamp":"2026-01-27T09:49:10.233Z","runId":246,"type":"table_cleaning_started","table":"INVOICES_SUPPLIER","tableRunId":283}
{"timestamp":"2026-01-27T09:49:10.234Z","runId":246,"level":"info","phase":"clean","tableName":"INVOICES_SUPPLIER","tableRunId":283,"status":"start"}
{"timestamp":"2026-01-27T09:49:10.235Z","runId":246,"level":"debug","phase":"clean","tableName":"INVOICES_SUPPLIER","tableRunId":283,"action":"fk_checks_disabled"}
{"timestamp":"2026-01-27T09:49:10.280Z","runId":246,"level":"info","phase":"clean","tableName":"INVOICES_SUPPLIER","tableRunId":283,"status":"success","method":"TRUNCATE","affectedRows":null,"postCount":0,"durationMs":46}
{"timestamp":"2026-01-27T09:49:10.287Z","runId":246,"type":"table_cleaned","table":"INVOICES_SUPPLIER","tableRunId":283,"method":"TRUNCATE","affectedRows":null,"postCount":0}
{"timestamp":"2026-01-27T09:49:10.287Z","runId":246,"level":"debug","phase":"clean","tableName":"INVOICES_SUPPLIER","tableRunId":283,"action":"fk_checks_restored"}
{"timestamp":"2026-01-27T09:49:10.287Z","runId":246,"level":"info","phase":"table_start","tableName":"INVOICES_SUPPLIER","tableRunId":283,"mode":"INSERT","keyStrategy":"preserve","dedupeKeys":[]}
{"timestamp":"2026-01-27T09:49:10.422Z","runId":246,"level":"info","phase":"fetch","tableName":"INVOICES_SUPPLIER","tableRunId":283,"sourceRows":40842}
{"timestamp":"2026-01-27T09:49:10.492Z","runId":246,"level":"info","phase":"preflight","attempt":1,"status":"ok"}
{"timestamp":"2026-01-27T09:49:10.492Z","runId":246,"level":"debug","phase":"keepalive","status":"ok"}
{"timestamp":"2026-01-27T09:49:11.415Z","runId":246,"level":"debug","phase":"write","tableName":"INVOICES_SUPPLIER","tableRunId":283,"status":"start","batchSize":1000}
{"timestamp":"2026-01-27T09:49:11.455Z","runId":246,"level":"debug","phase":"write","tableName":"INVOICES_SUPPLIER","tableRunId":283,"status":"end","inserted":1000,"updated":0,"skipped":0,"durationMs":40}
{"timestamp":"2026-01-27T09:49:11.593Z","runId":246,"level":"debug","phase":"write","tableName":"INVOICES_SUPPLIER","tableRunId":283,"status":"start","batchSize":1000}
{"timestamp":"2026-01-27T09:49:11.630Z","runId":246,"level":"debug","phase":"write","tableName":"INVOICES_SUPPLIER","tableRunId":283,"status":"end","inserted":1000,"updated":0,"skipped":0,"durationMs":37}
{"timestamp":"2026-01-27T09:49:11.776Z","runId":246,"level":"debug","phase":"write","tableName":"INVOICES_SUPPLIER","tableRunId":283,"status":"start","batchSize":1000}
{"timestamp":"2026-01-27T09:49:11.828Z","runId":246,"level":"debug","phase":"write","tableName":"INVOICES_SUPPLIER","tableRunId":283,"status":"end","inserted":1000,"updated":0,"skipped":0,"durationMs":52}
{"timestamp":"2026-01-27T09:49:12.758Z","runId":246,"level":"debug","phase":"write","tableName":"INVOICES_SUPPLIER","tableRunId":283,"status":"start","batchSize":1000}
{"timestamp":"2026-01-27T09:49:12.792Z","runId":246,"level":"debug","phase":"write","tableName":"INVOICES_SUPPLIER","tableRunId":283,"status":"end","inserted":1000,"updated":0,"skipped":0,"durationMs":34}
{"timestamp":"2026-01-27T09:49:12.953Z","runId":246,"level":"debug","phase":"write","tableName":"INVOICES_SUPPLIER","tableRunId":283,"status":"start","batchSize":1000}
{"timestamp":"2026-01-27T09:49:12.980Z","runId":246,"level":"debug","phase":"write","tableName":"INVOICES_SUPPLIER","tableRunId":283,"status":"end","inserted":1000,"updated":0,"skipped":0,"durationMs":27}
{"timestamp":"2026-01-27T09:49:13.135Z","runId":246,"level":"debug","phase":"write","tableName":"INVOICES_SUPPLIER","tableRunId":283,"status":"start","batchSize":1000}
{"timestamp":"2026-01-27T09:49:13.165Z","runId":246,"level":"debug","phase":"write","tableName":"INVOICES_SUPPLIER","tableRunId":283,"status":"end","inserted":1000,"updated":0,"skipped":0,"durationMs":30}
{"timestamp":"2026-01-27T09:49:13.326Z","runId":246,"level":"debug","phase":"write","tableName":"INVOICES_SUPPLIER","tableRunId":283,"status":"start","batchSize":1000}
{"timestamp":"2026-01-27T09:49:13.354Z","runId":246,"level":"debug","phase":"write","tableName":"INVOICES_SUPPLIER","tableRunId":283,"status":"end","inserted":1000,"updated":0,"skipped":0,"durationMs":28}
{"timestamp":"2026-01-27T09:49:13.502Z","runId":246,"level":"debug","phase":"write","tableName":"INVOICES_SUPPLIER","tableRunId":283,"status":"start","batchSize":1000}
{"timestamp":"2026-01-27T09:49:13.556Z","runId":246,"level":"debug","phase":"write","tableName":"INVOICES_SUPPLIER","tableRunId":283,"status":"end","inserted":1000,"updated":0,"skipped":0,"durationMs":54}
{"timestamp":"2026-01-27T09:49:13.727Z","runId":246,"level":"debug","phase":"write","tableName":"INVOICES_SUPPLIER","tableRunId":283,"status":"start","batchSize":1000}
{"timestamp":"2026-01-27T09:49:13.757Z","runId":246,"level":"debug","phase":"write","tableName":"INVOICES_SUPPLIER","tableRunId":283,"status":"end","inserted":1000,"updated":0,"skipped":0,"durationMs":29}
{"timestamp":"2026-01-27T09:49:13.929Z","runId":246,"level":"debug","phase":"write","tableName":"INVOICES_SUPPLIER","tableRunId":283,"status":"start","batchSize":1000}
{"timestamp":"2026-01-27T09:49:13.961Z","runId":246,"level":"debug","phase":"write","tableName":"INVOICES_SUPPLIER","tableRunId":283,"status":"end","inserted":1000,"updated":0,"skipped":0,"durationMs":32}
{"timestamp":"2026-01-27T09:49:14.125Z","runId":246,"level":"debug","phase":"write","tableName":"INVOICES_SUPPLIER","tableRunId":283,"status":"start","batchSize":1000}
{"timestamp":"2026-01-27T09:49:14.157Z","runId":246,"level":"debug","phase":"write","tableName":"INVOICES_SUPPLIER","tableRunId":283,"status":"end","inserted":1000,"updated":0,"skipped":0,"durationMs":32}
{"timestamp":"2026-01-27T09:49:14.314Z","runId":246,"level":"debug","phase":"write","tableName":"INVOICES_SUPPLIER","tableRunId":283,"status":"start","batchSize":1000}
{"timestamp":"2026-01-27T09:49:14.345Z","runId":246,"level":"debug","phase":"write","tableName":"INVOICES_SUPPLIER","tableRunId":283,"status":"end","inserted":1000,"updated":0,"skipped":0,"durationMs":31}
{"timestamp":"2026-01-27T09:49:14.521Z","runId":246,"level":"debug","phase":"write","tableName":"INVOICES_SUPPLIER","tableRunId":283,"status":"start","batchSize":1000}
{"timestamp":"2026-01-27T09:49:14.559Z","runId":246,"level":"debug","phase":"write","tableName":"INVOICES_SUPPLIER","tableRunId":283,"status":"end","inserted":1000,"updated":0,"skipped":0,"durationMs":38}
{"timestamp":"2026-01-27T09:49:14.724Z","runId":246,"level":"debug","phase":"write","tableName":"INVOICES_SUPPLIER","tableRunId":283,"status":"start","batchSize":1000}
{"timestamp":"2026-01-27T09:49:14.756Z","runId":246,"level":"debug","phase":"write","tableName":"INVOICES_SUPPLIER","tableRunId":283,"status":"end","inserted":1000,"updated":0,"skipped":0,"durationMs":32}
{"timestamp":"2026-01-27T09:49:14.933Z","runId":246,"level":"debug","phase":"write","tableName":"INVOICES_SUPPLIER","tableRunId":283,"status":"start","batchSize":1000}
{"timestamp":"2026-01-27T09:49:14.966Z","runId":246,"level":"debug","phase":"write","tableName":"INVOICES_SUPPLIER","tableRunId":283,"status":"end","inserted":1000,"updated":0,"skipped":0,"durationMs":33}
{"timestamp":"2026-01-27T09:49:15.138Z","runId":246,"level":"debug","phase":"write","tableName":"INVOICES_SUPPLIER","tableRunId":283,"status":"start","batchSize":1000}
{"timestamp":"2026-01-27T09:49:15.172Z","runId":246,"level":"debug","phase":"write","tableName":"INVOICES_SUPPLIER","tableRunId":283,"status":"end","inserted":1000,"updated":0,"skipped":0,"durationMs":34}
{"timestamp":"2026-01-27T09:49:15.341Z","runId":246,"level":"debug","phase":"write","tableName":"INVOICES_SUPPLIER","tableRunId":283,"status":"start","batchSize":1000}
{"timestamp":"2026-01-27T09:49:15.393Z","runId":246,"level":"debug","phase":"write","tableName":"INVOICES_SUPPLIER","tableRunId":283,"status":"end","inserted":1000,"updated":0,"skipped":0,"durationMs":52}
{"timestamp":"2026-01-27T09:49:15.561Z","runId":246,"level":"debug","phase":"write","tableName":"INVOICES_SUPPLIER","tableRunId":283,"status":"start","batchSize":1000}
{"timestamp":"2026-01-27T09:49:15.599Z","runId":246,"level":"debug","phase":"write","tableName":"INVOICES_SUPPLIER","tableRunId":283,"status":"end","inserted":1000,"updated":0,"skipped":0,"durationMs":38}
{"timestamp":"2026-01-27T09:49:15.786Z","runId":246,"level":"debug","phase":"write","tableName":"INVOICES_SUPPLIER","tableRunId":283,"status":"start","batchSize":1000}
{"timestamp":"2026-01-27T09:49:15.816Z","runId":246,"level":"debug","phase":"write","tableName":"INVOICES_SUPPLIER","tableRunId":283,"status":"end","inserted":1000,"updated":0,"skipped":0,"durationMs":30}
{"timestamp":"2026-01-27T09:49:15.997Z","runId":246,"level":"debug","phase":"write","tableName":"INVOICES_SUPPLIER","tableRunId":283,"status":"start","batchSize":1000}
{"timestamp":"2026-01-27T09:49:16.024Z","runId":246,"level":"debug","phase":"write","tableName":"INVOICES_SUPPLIER","tableRunId":283,"status":"end","inserted":1000,"updated":0,"skipped":0,"durationMs":27}
{"timestamp":"2026-01-27T09:49:16.195Z","runId":246,"level":"debug","phase":"write","tableName":"INVOICES_SUPPLIER","tableRunId":283,"status":"start","batchSize":1000}
{"timestamp":"2026-01-27T09:49:16.227Z","runId":246,"level":"debug","phase":"write","tableName":"INVOICES_SUPPLIER","tableRunId":283,"status":"end","inserted":1000,"updated":0,"skipped":0,"durationMs":32}
{"timestamp":"2026-01-27T09:49:16.410Z","runId":246,"level":"debug","phase":"write","tableName":"INVOICES_SUPPLIER","tableRunId":283,"status":"start","batchSize":1000}
{"timestamp":"2026-01-27T09:49:16.440Z","runId":246,"level":"debug","phase":"write","tableName":"INVOICES_SUPPLIER","tableRunId":283,"status":"end","inserted":1000,"updated":0,"skipped":0,"durationMs":30}
{"timestamp":"2026-01-27T09:49:16.618Z","runId":246,"level":"debug","phase":"write","tableName":"INVOICES_SUPPLIER","tableRunId":283,"status":"start","batchSize":1000}
{"timestamp":"2026-01-27T09:49:16.645Z","runId":246,"level":"debug","phase":"write","tableName":"INVOICES_SUPPLIER","tableRunId":283,"status":"end","inserted":1000,"updated":0,"skipped":0,"durationMs":27}
{"timestamp":"2026-01-27T09:49:16.822Z","runId":246,"level":"debug","phase":"write","tableName":"INVOICES_SUPPLIER","tableRunId":283,"status":"start","batchSize":1000}
{"timestamp":"2026-01-27T09:49:16.859Z","runId":246,"level":"debug","phase":"write","tableName":"INVOICES_SUPPLIER","tableRunId":283,"status":"end","inserted":1000,"updated":0,"skipped":0,"durationMs":37}
{"timestamp":"2026-01-27T09:49:17.050Z","runId":246,"level":"debug","phase":"write","tableName":"INVOICES_SUPPLIER","tableRunId":283,"status":"start","batchSize":1000}
{"timestamp":"2026-01-27T09:49:17.092Z","runId":246,"level":"debug","phase":"write","tableName":"INVOICES_SUPPLIER","tableRunId":283,"status":"end","inserted":1000,"updated":0,"skipped":0,"durationMs":42}
{"timestamp":"2026-01-27T09:49:17.273Z","runId":246,"level":"debug","phase":"write","tableName":"INVOICES_SUPPLIER","tableRunId":283,"status":"start","batchSize":1000}
{"timestamp":"2026-01-27T09:49:17.299Z","runId":246,"level":"debug","phase":"write","tableName":"INVOICES_SUPPLIER","tableRunId":283,"status":"end","inserted":1000,"updated":0,"skipped":0,"durationMs":26}
{"timestamp":"2026-01-27T09:49:17.490Z","runId":246,"level":"debug","phase":"write","tableName":"INVOICES_SUPPLIER","tableRunId":283,"status":"start","batchSize":1000}
{"timestamp":"2026-01-27T09:49:17.522Z","runId":246,"level":"debug","phase":"write","tableName":"INVOICES_SUPPLIER","tableRunId":283,"status":"end","inserted":1000,"updated":0,"skipped":0,"durationMs":32}
{"timestamp":"2026-01-27T09:49:17.710Z","runId":246,"level":"debug","phase":"write","tableName":"INVOICES_SUPPLIER","tableRunId":283,"status":"start","batchSize":1000}
{"timestamp":"2026-01-27T09:49:17.746Z","runId":246,"level":"debug","phase":"write","tableName":"INVOICES_SUPPLIER","tableRunId":283,"status":"end","inserted":1000,"updated":0,"skipped":0,"durationMs":36}
{"timestamp":"2026-01-27T09:49:17.954Z","runId":246,"level":"debug","phase":"write","tableName":"INVOICES_SUPPLIER","tableRunId":283,"status":"start","batchSize":1000}
{"timestamp":"2026-01-27T09:49:17.995Z","runId":246,"level":"debug","phase":"write","tableName":"INVOICES_SUPPLIER","tableRunId":283,"status":"end","inserted":1000,"updated":0,"skipped":0,"durationMs":41}
{"timestamp":"2026-01-27T09:49:18.177Z","runId":246,"level":"debug","phase":"write","tableName":"INVOICES_SUPPLIER","tableRunId":283,"status":"start","batchSize":1000}
{"timestamp":"2026-01-27T09:49:18.206Z","runId":246,"level":"debug","phase":"write","tableName":"INVOICES_SUPPLIER","tableRunId":283,"status":"end","inserted":1000,"updated":0,"skipped":0,"durationMs":29}
{"timestamp":"2026-01-27T09:49:19.242Z","runId":246,"level":"debug","phase":"write","tableName":"INVOICES_SUPPLIER","tableRunId":283,"status":"start","batchSize":1000}
{"timestamp":"2026-01-27T09:49:19.273Z","runId":246,"level":"debug","phase":"write","tableName":"INVOICES_SUPPLIER","tableRunId":283,"status":"end","inserted":1000,"updated":0,"skipped":0,"durationMs":31}
{"timestamp":"2026-01-27T09:49:19.470Z","runId":246,"level":"debug","phase":"write","tableName":"INVOICES_SUPPLIER","tableRunId":283,"status":"start","batchSize":1000}
{"timestamp":"2026-01-27T09:49:19.506Z","runId":246,"level":"debug","phase":"write","tableName":"INVOICES_SUPPLIER","tableRunId":283,"status":"end","inserted":1000,"updated":0,"skipped":0,"durationMs":36}
{"timestamp":"2026-01-27T09:49:19.691Z","runId":246,"level":"debug","phase":"write","tableName":"INVOICES_SUPPLIER","tableRunId":283,"status":"start","batchSize":1000}
{"timestamp":"2026-01-27T09:49:19.718Z","runId":246,"level":"debug","phase":"write","tableName":"INVOICES_SUPPLIER","tableRunId":283,"status":"end","inserted":1000,"updated":0,"skipped":0,"durationMs":27}
{"timestamp":"2026-01-27T09:49:20.735Z","runId":246,"level":"debug","phase":"write","tableName":"INVOICES_SUPPLIER","tableRunId":283,"status":"start","batchSize":1000}
{"timestamp":"2026-01-27T09:49:20.775Z","runId":246,"level":"debug","phase":"write","tableName":"INVOICES_SUPPLIER","tableRunId":283,"status":"end","inserted":1000,"updated":0,"skipped":0,"durationMs":40}
{"timestamp":"2026-01-27T09:49:20.972Z","runId":246,"level":"debug","phase":"write","tableName":"INVOICES_SUPPLIER","tableRunId":283,"status":"start","batchSize":1000}
{"timestamp":"2026-01-27T09:49:21.002Z","runId":246,"level":"debug","phase":"write","tableName":"INVOICES_SUPPLIER","tableRunId":283,"status":"end","inserted":1000,"updated":0,"skipped":0,"durationMs":30}
{"timestamp":"2026-01-27T09:49:21.208Z","runId":246,"level":"debug","phase":"write","tableName":"INVOICES_SUPPLIER","tableRunId":283,"status":"start","batchSize":1000}
{"timestamp":"2026-01-27T09:49:21.239Z","runId":246,"level":"debug","phase":"write","tableName":"INVOICES_SUPPLIER","tableRunId":283,"status":"end","inserted":1000,"updated":0,"skipped":0,"durationMs":31}
{"timestamp":"2026-01-27T09:49:21.443Z","runId":246,"level":"debug","phase":"write","tableName":"INVOICES_SUPPLIER","tableRunId":283,"status":"start","batchSize":1000}
{"timestamp":"2026-01-27T09:49:21.470Z","runId":246,"level":"debug","phase":"write","tableName":"INVOICES_SUPPLIER","tableRunId":283,"status":"end","inserted":1000,"updated":0,"skipped":0,"durationMs":27}
{"timestamp":"2026-01-27T09:49:21.676Z","runId":246,"level":"debug","phase":"write","tableName":"INVOICES_SUPPLIER","tableRunId":283,"status":"start","batchSize":1000}
{"timestamp":"2026-01-27T09:49:21.708Z","runId":246,"level":"debug","phase":"write","tableName":"INVOICES_SUPPLIER","tableRunId":283,"status":"end","inserted":1000,"updated":0,"skipped":0,"durationMs":32}
{"timestamp":"2026-01-27T09:49:22.569Z","runId":246,"level":"debug","phase":"write","tableName":"INVOICES_SUPPLIER","tableRunId":283,"status":"start","batchSize":1000}
{"timestamp":"2026-01-27T09:49:22.601Z","runId":246,"level":"debug","phase":"write","tableName":"INVOICES_SUPPLIER","tableRunId":283,"status":"end","inserted":1000,"updated":0,"skipped":0,"durationMs":32}
{"timestamp":"2026-01-27T09:49:22.827Z","runId":246,"level":"debug","phase":"write","tableName":"INVOICES_SUPPLIER","tableRunId":283,"status":"start","batchSize":1000}
{"timestamp":"2026-01-27T09:49:22.863Z","runId":246,"level":"debug","phase":"write","tableName":"INVOICES_SUPPLIER","tableRunId":283,"status":"end","inserted":1000,"updated":0,"skipped":0,"durationMs":37}
{"timestamp":"2026-01-27T09:49:23.079Z","runId":246,"level":"debug","phase":"write","tableName":"INVOICES_SUPPLIER","tableRunId":283,"status":"start","batchSize":842}
{"timestamp":"2026-01-27T09:49:23.120Z","runId":246,"level":"debug","phase":"write","tableName":"INVOICES_SUPPLIER","tableRunId":283,"status":"end","inserted":842,"updated":0,"skipped":0,"durationMs":41}
{"timestamp":"2026-01-27T09:49:23.135Z","runId":246,"level":"info","phase":"table_finalize","tableName":"INVOICES_SUPPLIER","tableRunId":283,"status":"success","inserted":40842,"updated":0,"skipped":0,"errors":0,"durationMs":12841}
{"timestamp":"2026-01-27T09:49:23.136Z","runId":246,"level":"debug","phase":"table_loop","action":"processing","tableName":"PAYMENTS_SUPPLIERS","mappingTableKeys":["INVTOTAL","INVOICESUPPLIER","SUPPLIER","PAYMENTSSUPP"]}
{"timestamp":"2026-01-27T09:49:23.136Z","runId":246,"level":"debug","phase":"table_loop","action":"mapping_resolved","tableName":"PAYMENTS_SUPPLIERS","hasMappingEntry":true,"mappingTarget":"PAYMENTS_SUPPLIERS"}
{"timestamp":"2026-01-27T09:49:23.136Z","runId":246,"level":"debug","phase":"mapping_debug","tableName":"PAYMENTS_SUPPLIERS","mappedSource":"PAYMENTSSUPP","firebirdTableCount":187,"sampleFirebirdTables":["ACCCLASS","ACCDEPARTMENT","ACCOUNTLINKS","ACCOUNTS","ACCRANGE"]}
{"timestamp":"2026-01-27T09:49:23.231Z","runId":246,"level":"debug","phase":"clean_decision","tableName":"PAYMENTS_SUPPLIERS","cleanBefore":true,"dryRun":false,"mode":"INSERT"}
{"timestamp":"2026-01-27T09:49:23.232Z","runId":246,"type":"table_cleaning_started","table":"PAYMENTS_SUPPLIERS","tableRunId":284}
{"timestamp":"2026-01-27T09:49:23.232Z","runId":246,"level":"info","phase":"clean","tableName":"PAYMENTS_SUPPLIERS","tableRunId":284,"status":"start"}
{"timestamp":"2026-01-27T09:49:23.233Z","runId":246,"level":"debug","phase":"clean","tableName":"PAYMENTS_SUPPLIERS","tableRunId":284,"action":"fk_checks_disabled"}
{"timestamp":"2026-01-27T09:49:23.284Z","runId":246,"level":"info","phase":"clean","tableName":"PAYMENTS_SUPPLIERS","tableRunId":284,"status":"success","method":"TRUNCATE","affectedRows":null,"postCount":0,"durationMs":51}
{"timestamp":"2026-01-27T09:49:23.292Z","runId":246,"type":"table_cleaned","table":"PAYMENTS_SUPPLIERS","tableRunId":284,"method":"TRUNCATE","affectedRows":null,"postCount":0}
{"timestamp":"2026-01-27T09:49:23.294Z","runId":246,"level":"debug","phase":"clean","tableName":"PAYMENTS_SUPPLIERS","tableRunId":284,"action":"fk_checks_restored"}
{"timestamp":"2026-01-27T09:49:23.294Z","runId":246,"level":"info","phase":"table_start","tableName":"PAYMENTS_SUPPLIERS","tableRunId":284,"mode":"INSERT","keyStrategy":"preserve","dedupeKeys":[]}
{"timestamp":"2026-01-27T09:49:23.399Z","runId":246,"level":"info","phase":"fetch","tableName":"PAYMENTS_SUPPLIERS","tableRunId":284,"sourceRows":1406}
{"timestamp":"2026-01-27T09:49:23.545Z","runId":246,"level":"debug","phase":"write","tableName":"PAYMENTS_SUPPLIERS","tableRunId":284,"status":"start","batchSize":1000}
{"timestamp":"2026-01-27T09:49:23.618Z","runId":246,"level":"debug","phase":"write","tableName":"PAYMENTS_SUPPLIERS","tableRunId":284,"status":"end","inserted":1000,"updated":0,"skipped":0,"durationMs":73}
{"timestamp":"2026-01-27T09:49:23.726Z","runId":246,"level":"debug","phase":"write","tableName":"PAYMENTS_SUPPLIERS","tableRunId":284,"status":"start","batchSize":406}
{"timestamp":"2026-01-27T09:49:23.755Z","runId":246,"level":"debug","phase":"write","tableName":"PAYMENTS_SUPPLIERS","tableRunId":284,"status":"end","inserted":406,"updated":0,"skipped":0,"durationMs":29}
{"timestamp":"2026-01-27T09:49:23.776Z","runId":246,"level":"info","phase":"table_finalize","tableName":"PAYMENTS_SUPPLIERS","tableRunId":284,"status":"success","inserted":1406,"updated":0,"skipped":0,"errors":0,"durationMs":471}
{"timestamp":"2026-01-27T09:49:23.784Z","runId":246,"level":"info","phase":"run_finalize","status":"success"}
