{"timestamp":"2026-02-03T15:36:11.264Z","runId":270,"level":"info","phase":"run_start","dryRun":false,"batchSize":1000,"fkChecks":true,"tables":[{"table":"SUPPLIERS","mode":"INSERT","keyStrategy":"preserve","dedupeKeys":[],"onDuplicate":"SKIP","cleanBefore":true},{"table":"INVOICE_ITEMS","mode":"INSERT","keyStrategy":"preserve","dedupeKeys":[],"onDuplicate":"SKIP","cleanBefore":true},{"table":"INVOICES_SUPPLIER","mode":"INSERT","keyStrategy":"preserve","dedupeKeys":[],"onDuplicate":"SKIP","cleanBefore":true},{"table":"PAYMENTS_SUPPLIERS","mode":"INSERT","keyStrategy":"preserve","dedupeKeys":[],"onDuplicate":"SKIP","cleanBefore":true},{"table":"CREDIT_NOTES_SUPPLIER","mode":"INSERT","keyStrategy":"preserve","dedupeKeys":[],"onDuplicate":"SKIP","cleanBefore":true}]}
{"timestamp":"2026-02-03T15:36:11.387Z","runId":270,"level":"info","phase":"preflight","attempt":1,"status":"ok"}
{"timestamp":"2026-02-03T15:36:11.388Z","runId":270,"level":"debug","phase":"preflight","durationMs":123}
{"timestamp":"2026-02-03T15:36:11.388Z","runId":270,"level":"info","phase":"preflight","action":"nullability_validation","status":"start"}
{"timestamp":"2026-02-03T15:36:11.401Z","runId":270,"level":"info","phase":"preflight","action":"nullability_validation","status":"passed"}
{"timestamp":"2026-02-03T15:36:11.524Z","runId":270,"level":"debug","phase":"table_loop","action":"starting","includedCount":5,"mappingTableCount":5}
{"timestamp":"2026-02-03T15:36:11.525Z","runId":270,"level":"info","phase":"table_loop","action":"normalized_tables","sampleTables":["SUPPLIERS","INVOICE_ITEMS","INVOICES_SUPPLIER","PAYMENTS_SUPPLIERS","CREDIT_NOTES_SUPPLIER"]}
{"timestamp":"2026-02-03T15:36:11.526Z","runId":270,"level":"debug","phase":"table_loop","action":"processing","tableName":"SUPPLIERS","mappingTableKeys":["INVTOTAL","SUPPLIER","CNOTESUPP","PAYMENTSSUPP","INVOICESUPPLIER"]}
{"timestamp":"2026-02-03T15:36:11.526Z","runId":270,"level":"debug","phase":"table_loop","action":"mapping_resolved","tableName":"SUPPLIERS","hasMappingEntry":true,"mappingTarget":"SUPPLIERS"}
{"timestamp":"2026-02-03T15:36:11.527Z","runId":270,"level":"debug","phase":"mapping_debug","tableName":"SUPPLIERS","mappedSource":"SUPPLIER","firebirdTableCount":190,"sampleFirebirdTables":["ACCCLASS","ACCDEPARTMENT","ACCOUNTLINKS","ACCOUNTS","ACCRANGE"]}
{"timestamp":"2026-02-03T15:36:11.638Z","runId":270,"level":"debug","phase":"clean_decision","tableName":"SUPPLIERS","cleanBefore":true,"dryRun":false,"mode":"INSERT"}
{"timestamp":"2026-02-03T15:36:11.639Z","runId":270,"type":"table_cleaning_started","table":"SUPPLIERS","tableRunId":343}
{"timestamp":"2026-02-03T15:36:11.639Z","runId":270,"level":"info","phase":"clean","tableName":"SUPPLIERS","tableRunId":343,"status":"start"}
{"timestamp":"2026-02-03T15:36:11.641Z","runId":270,"level":"debug","phase":"clean","tableName":"SUPPLIERS","tableRunId":343,"action":"fk_checks_disabled"}
{"timestamp":"2026-02-03T15:36:11.701Z","runId":270,"level":"info","phase":"clean","tableName":"SUPPLIERS","tableRunId":343,"status":"success","method":"TRUNCATE","affectedRows":null,"postCount":0,"durationMs":61}
{"timestamp":"2026-02-03T15:36:11.713Z","runId":270,"type":"table_cleaned","table":"SUPPLIERS","tableRunId":343,"method":"TRUNCATE","affectedRows":null,"postCount":0}
{"timestamp":"2026-02-03T15:36:11.714Z","runId":270,"level":"debug","phase":"clean","tableName":"SUPPLIERS","tableRunId":343,"action":"fk_checks_restored"}
{"timestamp":"2026-02-03T15:36:11.714Z","runId":270,"level":"info","phase":"table_start","tableName":"SUPPLIERS","tableRunId":343,"mode":"INSERT","keyStrategy":"preserve","dedupeKeys":[]}
{"timestamp":"2026-02-03T15:36:11.825Z","runId":270,"level":"info","phase":"fetch","tableName":"SUPPLIERS","tableRunId":343,"sourceRows":19}
{"timestamp":"2026-02-03T15:36:11.917Z","runId":270,"level":"debug","phase":"write","tableName":"SUPPLIERS","tableRunId":343,"status":"start","batchSize":19}
{"timestamp":"2026-02-03T15:36:11.923Z","runId":270,"level":"debug","phase":"write","tableName":"SUPPLIERS","tableRunId":343,"status":"end","inserted":19,"updated":0,"skipped":0,"durationMs":7}
{"timestamp":"2026-02-03T15:36:11.938Z","runId":270,"level":"info","phase":"table_finalize","tableName":"SUPPLIERS","tableRunId":343,"status":"success","inserted":19,"updated":0,"skipped":0,"errors":0,"durationMs":217}
{"timestamp":"2026-02-03T15:36:11.938Z","runId":270,"level":"debug","phase":"table_loop","action":"processing","tableName":"INVOICE_ITEMS","mappingTableKeys":["INVTOTAL","SUPPLIER","CNOTESUPP","PAYMENTSSUPP","INVOICESUPPLIER"]}
{"timestamp":"2026-02-03T15:36:11.939Z","runId":270,"level":"debug","phase":"table_loop","action":"mapping_resolved","tableName":"INVOICE_ITEMS","hasMappingEntry":true,"mappingTarget":"INVOICE_ITEMS"}
{"timestamp":"2026-02-03T15:36:11.939Z","runId":270,"level":"debug","phase":"mapping_debug","tableName":"INVOICE_ITEMS","mappedSource":"INVTOTAL","firebirdTableCount":190,"sampleFirebirdTables":["ACCCLASS","ACCDEPARTMENT","ACCOUNTLINKS","ACCOUNTS","ACCRANGE"]}
{"timestamp":"2026-02-03T15:36:12.017Z","runId":270,"level":"debug","phase":"clean_decision","tableName":"INVOICE_ITEMS","cleanBefore":true,"dryRun":false,"mode":"INSERT"}
{"timestamp":"2026-02-03T15:36:12.017Z","runId":270,"type":"table_cleaning_started","table":"INVOICE_ITEMS","tableRunId":344}
{"timestamp":"2026-02-03T15:36:12.018Z","runId":270,"level":"info","phase":"clean","tableName":"INVOICE_ITEMS","tableRunId":344,"status":"start"}
{"timestamp":"2026-02-03T15:36:12.018Z","runId":270,"level":"debug","phase":"clean","tableName":"INVOICE_ITEMS","tableRunId":344,"action":"fk_checks_disabled"}
{"timestamp":"2026-02-03T15:36:12.064Z","runId":270,"level":"info","phase":"clean","tableName":"INVOICE_ITEMS","tableRunId":344,"status":"success","method":"TRUNCATE","affectedRows":null,"postCount":0,"durationMs":45}
{"timestamp":"2026-02-03T15:36:12.074Z","runId":270,"type":"table_cleaned","table":"INVOICE_ITEMS","tableRunId":344,"method":"TRUNCATE","affectedRows":null,"postCount":0}
{"timestamp":"2026-02-03T15:36:12.075Z","runId":270,"level":"debug","phase":"clean","tableName":"INVOICE_ITEMS","tableRunId":344,"action":"fk_checks_restored"}
{"timestamp":"2026-02-03T15:36:12.075Z","runId":270,"level":"info","phase":"table_start","tableName":"INVOICE_ITEMS","tableRunId":344,"mode":"INSERT","keyStrategy":"preserve","dedupeKeys":[]}
{"timestamp":"2026-02-03T15:36:12.165Z","runId":270,"level":"info","phase":"fetch","tableName":"INVOICE_ITEMS","tableRunId":344,"sourceRows":50}
{"timestamp":"2026-02-03T15:36:12.259Z","runId":270,"level":"debug","phase":"write","tableName":"INVOICE_ITEMS","tableRunId":344,"status":"start","batchSize":50}
{"timestamp":"2026-02-03T15:36:12.269Z","runId":270,"level":"debug","phase":"write","tableName":"INVOICE_ITEMS","tableRunId":344,"status":"end","inserted":50,"updated":0,"skipped":0,"durationMs":10}
{"timestamp":"2026-02-03T15:36:12.292Z","runId":270,"level":"info","phase":"table_finalize","tableName":"INVOICE_ITEMS","tableRunId":344,"status":"success","inserted":50,"updated":0,"skipped":0,"errors":0,"durationMs":207}
{"timestamp":"2026-02-03T15:36:12.292Z","runId":270,"level":"debug","phase":"table_loop","action":"processing","tableName":"INVOICES_SUPPLIER","mappingTableKeys":["INVTOTAL","SUPPLIER","CNOTESUPP","PAYMENTSSUPP","INVOICESUPPLIER"]}
{"timestamp":"2026-02-03T15:36:12.292Z","runId":270,"level":"debug","phase":"table_loop","action":"mapping_resolved","tableName":"INVOICES_SUPPLIER","hasMappingEntry":true,"mappingTarget":"INVOICES_SUPPLIER"}
{"timestamp":"2026-02-03T15:36:12.293Z","runId":270,"level":"debug","phase":"mapping_debug","tableName":"INVOICES_SUPPLIER","mappedSource":"INVOICESUPPLIER","firebirdTableCount":190,"sampleFirebirdTables":["ACCCLASS","ACCDEPARTMENT","ACCOUNTLINKS","ACCOUNTS","ACCRANGE"]}
{"timestamp":"2026-02-03T15:36:13.105Z","runId":270,"level":"debug","phase":"clean_decision","tableName":"INVOICES_SUPPLIER","cleanBefore":true,"dryRun":false,"mode":"INSERT"}
{"timestamp":"2026-02-03T15:36:13.105Z","runId":270,"type":"table_cleaning_started","table":"INVOICES_SUPPLIER","tableRunId":345}
{"timestamp":"2026-02-03T15:36:13.106Z","runId":270,"level":"info","phase":"clean","tableName":"INVOICES_SUPPLIER","tableRunId":345,"status":"start"}
{"timestamp":"2026-02-03T15:36:13.107Z","runId":270,"level":"debug","phase":"clean","tableName":"INVOICES_SUPPLIER","tableRunId":345,"action":"fk_checks_disabled"}
{"timestamp":"2026-02-03T15:36:13.157Z","runId":270,"level":"info","phase":"clean","tableName":"INVOICES_SUPPLIER","tableRunId":345,"status":"success","method":"TRUNCATE","affectedRows":null,"postCount":0,"durationMs":51}
{"timestamp":"2026-02-03T15:36:13.166Z","runId":270,"type":"table_cleaned","table":"INVOICES_SUPPLIER","tableRunId":345,"method":"TRUNCATE","affectedRows":null,"postCount":0}
{"timestamp":"2026-02-03T15:36:13.167Z","runId":270,"level":"debug","phase":"clean","tableName":"INVOICES_SUPPLIER","tableRunId":345,"action":"fk_checks_restored"}
{"timestamp":"2026-02-03T15:36:13.167Z","runId":270,"level":"info","phase":"table_start","tableName":"INVOICES_SUPPLIER","tableRunId":345,"mode":"INSERT","keyStrategy":"preserve","dedupeKeys":[]}
{"timestamp":"2026-02-03T15:36:13.253Z","runId":270,"level":"info","phase":"fetch","tableName":"INVOICES_SUPPLIER","tableRunId":345,"sourceRows":21}
{"timestamp":"2026-02-03T15:36:13.350Z","runId":270,"level":"debug","phase":"write","tableName":"INVOICES_SUPPLIER","tableRunId":345,"status":"start","batchSize":21}
{"timestamp":"2026-02-03T15:36:13.358Z","runId":270,"level":"debug","phase":"write","tableName":"INVOICES_SUPPLIER","tableRunId":345,"status":"end","inserted":21,"updated":0,"skipped":0,"durationMs":8}
{"timestamp":"2026-02-03T15:36:13.383Z","runId":270,"level":"info","phase":"table_finalize","tableName":"INVOICES_SUPPLIER","tableRunId":345,"status":"success","inserted":21,"updated":0,"skipped":0,"errors":0,"durationMs":203}
{"timestamp":"2026-02-03T15:36:13.384Z","runId":270,"level":"debug","phase":"table_loop","action":"processing","tableName":"PAYMENTS_SUPPLIERS","mappingTableKeys":["INVTOTAL","SUPPLIER","CNOTESUPP","PAYMENTSSUPP","INVOICESUPPLIER"]}
{"timestamp":"2026-02-03T15:36:13.384Z","runId":270,"level":"debug","phase":"table_loop","action":"mapping_resolved","tableName":"PAYMENTS_SUPPLIERS","hasMappingEntry":true,"mappingTarget":"PAYMENTS_SUPPLIERS"}
{"timestamp":"2026-02-03T15:36:13.384Z","runId":270,"level":"debug","phase":"mapping_debug","tableName":"PAYMENTS_SUPPLIERS","mappedSource":"PAYMENTSSUPP","firebirdTableCount":190,"sampleFirebirdTables":["ACCCLASS","ACCDEPARTMENT","ACCOUNTLINKS","ACCOUNTS","ACCRANGE"]}
{"timestamp":"2026-02-03T15:36:13.498Z","runId":270,"level":"debug","phase":"clean_decision","tableName":"PAYMENTS_SUPPLIERS","cleanBefore":true,"dryRun":false,"mode":"INSERT"}
{"timestamp":"2026-02-03T15:36:13.499Z","runId":270,"type":"table_cleaning_started","table":"PAYMENTS_SUPPLIERS","tableRunId":346}
{"timestamp":"2026-02-03T15:36:13.499Z","runId":270,"level":"info","phase":"clean","tableName":"PAYMENTS_SUPPLIERS","tableRunId":346,"status":"start"}
{"timestamp":"2026-02-03T15:36:13.501Z","runId":270,"level":"debug","phase":"clean","tableName":"PAYMENTS_SUPPLIERS","tableRunId":346,"action":"fk_checks_disabled"}
{"timestamp":"2026-02-03T15:36:13.558Z","runId":270,"level":"info","phase":"clean","tableName":"PAYMENTS_SUPPLIERS","tableRunId":346,"status":"success","method":"TRUNCATE","affectedRows":null,"postCount":0,"durationMs":58}
{"timestamp":"2026-02-03T15:36:13.566Z","runId":270,"type":"table_cleaned","table":"PAYMENTS_SUPPLIERS","tableRunId":346,"method":"TRUNCATE","affectedRows":null,"postCount":0}
{"timestamp":"2026-02-03T15:36:13.566Z","runId":270,"level":"debug","phase":"clean","tableName":"PAYMENTS_SUPPLIERS","tableRunId":346,"action":"fk_checks_restored"}
{"timestamp":"2026-02-03T15:36:13.567Z","runId":270,"level":"info","phase":"table_start","tableName":"PAYMENTS_SUPPLIERS","tableRunId":346,"mode":"INSERT","keyStrategy":"preserve","dedupeKeys":[]}
{"timestamp":"2026-02-03T15:36:13.661Z","runId":270,"level":"info","phase":"fetch","tableName":"PAYMENTS_SUPPLIERS","tableRunId":346,"sourceRows":2}
{"timestamp":"2026-02-03T15:36:13.767Z","runId":270,"level":"debug","phase":"write","tableName":"PAYMENTS_SUPPLIERS","tableRunId":346,"status":"start","batchSize":2}
{"timestamp":"2026-02-03T15:36:13.775Z","runId":270,"level":"debug","phase":"write","tableName":"PAYMENTS_SUPPLIERS","tableRunId":346,"status":"end","inserted":2,"updated":0,"skipped":0,"durationMs":8}
{"timestamp":"2026-02-03T15:36:13.802Z","runId":270,"level":"info","phase":"table_finalize","tableName":"PAYMENTS_SUPPLIERS","tableRunId":346,"status":"success","inserted":2,"updated":0,"skipped":0,"errors":0,"durationMs":221}
{"timestamp":"2026-02-03T15:36:13.806Z","runId":270,"level":"debug","phase":"table_loop","action":"processing","tableName":"CREDIT_NOTES_SUPPLIER","mappingTableKeys":["INVTOTAL","SUPPLIER","CNOTESUPP","PAYMENTSSUPP","INVOICESUPPLIER"]}
{"timestamp":"2026-02-03T15:36:13.807Z","runId":270,"level":"debug","phase":"table_loop","action":"mapping_resolved","tableName":"CREDIT_NOTES_SUPPLIER","hasMappingEntry":true,"mappingTarget":"CREDIT_NOTES_SUPPLIER"}
{"timestamp":"2026-02-03T15:36:13.808Z","runId":270,"level":"debug","phase":"mapping_debug","tableName":"CREDIT_NOTES_SUPPLIER","mappedSource":"CNOTESUPP","firebirdTableCount":190,"sampleFirebirdTables":["ACCCLASS","ACCDEPARTMENT","ACCOUNTLINKS","ACCOUNTS","ACCRANGE"]}
{"timestamp":"2026-02-03T15:36:13.915Z","runId":270,"level":"debug","phase":"clean_decision","tableName":"CREDIT_NOTES_SUPPLIER","cleanBefore":true,"dryRun":false,"mode":"INSERT"}
{"timestamp":"2026-02-03T15:36:13.916Z","runId":270,"type":"table_cleaning_started","table":"CREDIT_NOTES_SUPPLIER","tableRunId":347}
{"timestamp":"2026-02-03T15:36:13.917Z","runId":270,"level":"info","phase":"clean","tableName":"CREDIT_NOTES_SUPPLIER","tableRunId":347,"status":"start"}
{"timestamp":"2026-02-03T15:36:13.918Z","runId":270,"level":"debug","phase":"clean","tableName":"CREDIT_NOTES_SUPPLIER","tableRunId":347,"action":"fk_checks_disabled"}
{"timestamp":"2026-02-03T15:36:13.962Z","runId":270,"level":"info","phase":"clean","tableName":"CREDIT_NOTES_SUPPLIER","tableRunId":347,"status":"success","method":"TRUNCATE","affectedRows":null,"postCount":0,"durationMs":45}
{"timestamp":"2026-02-03T15:36:13.970Z","runId":270,"type":"table_cleaned","table":"CREDIT_NOTES_SUPPLIER","tableRunId":347,"method":"TRUNCATE","affectedRows":null,"postCount":0}
{"timestamp":"2026-02-03T15:36:13.971Z","runId":270,"level":"debug","phase":"clean","tableName":"CREDIT_NOTES_SUPPLIER","tableRunId":347,"action":"fk_checks_restored"}
{"timestamp":"2026-02-03T15:36:13.972Z","runId":270,"level":"info","phase":"table_start","tableName":"CREDIT_NOTES_SUPPLIER","tableRunId":347,"mode":"INSERT","keyStrategy":"preserve","dedupeKeys":[]}
{"timestamp":"2026-02-03T15:36:14.078Z","runId":270,"level":"info","phase":"fetch","tableName":"CREDIT_NOTES_SUPPLIER","tableRunId":347,"sourceRows":0}
{"timestamp":"2026-02-03T15:36:14.088Z","runId":270,"level":"info","phase":"table_finalize","tableName":"CREDIT_NOTES_SUPPLIER","tableRunId":347,"status":"success","inserted":0,"updated":0,"skipped":0,"errors":0,"durationMs":107}
{"timestamp":"2026-02-03T15:36:14.097Z","runId":270,"level":"info","phase":"run_finalize","status":"success"}
