{"timestamp":"2026-02-03T15:36:43.936Z","runId":271,"level":"info","phase":"run_start","dryRun":false,"batchSize":1000,"fkChecks":true,"tables":[{"table":"INVOICES","mode":"INSERT","keyStrategy":"preserve","dedupeKeys":[],"onDuplicate":"SKIP","cleanBefore":true},{"table":"PAYMENTS","mode":"INSERT","keyStrategy":"preserve","dedupeKeys":[],"onDuplicate":"SKIP","cleanBefore":true},{"table":"CUSTOMERS","mode":"INSERT","keyStrategy":"preserve","dedupeKeys":[],"onDuplicate":"SKIP","cleanBefore":true},{"table":"WORK_DONE","mode":"INSERT","keyStrategy":"preserve","dedupeKeys":[],"onDuplicate":"SKIP","cleanBefore":true},{"table":"WORK_TODO","mode":"INSERT","keyStrategy":"preserve","dedupeKeys":[],"onDuplicate":"SKIP","cleanBefore":true},{"table":"SPARES_USED","mode":"INSERT","keyStrategy":"preserve","dedupeKeys":[],"onDuplicate":"SKIP","cleanBefore":true},{"table":"CREDIT_NOTES","mode":"INSERT","keyStrategy":"preserve","dedupeKeys":[],"onDuplicate":"SKIP","cleanBefore":true},{"table":"JOB_INFORMATION","mode":"INSERT","keyStrategy":"preserve","dedupeKeys":[],"onDuplicate":"SKIP","cleanBefore":true}]}
{"timestamp":"2026-02-03T15:36:44.006Z","runId":271,"level":"info","phase":"preflight","attempt":1,"status":"ok"}
{"timestamp":"2026-02-03T15:36:44.007Z","runId":271,"level":"debug","phase":"preflight","durationMs":71}
{"timestamp":"2026-02-03T15:36:44.008Z","runId":271,"level":"info","phase":"preflight","action":"nullability_validation","status":"start"}
{"timestamp":"2026-02-03T15:36:44.030Z","runId":271,"level":"info","phase":"preflight","action":"nullability_validation","status":"passed"}
{"timestamp":"2026-02-03T15:36:44.125Z","runId":271,"level":"debug","phase":"table_loop","action":"starting","includedCount":8,"mappingTableCount":8}
{"timestamp":"2026-02-03T15:36:44.126Z","runId":271,"level":"info","phase":"table_loop","action":"normalized_tables","sampleTables":["INVOICES","PAYMENTS","CUSTOMERS","WORK_DONE","WORK_TODO"]}
{"timestamp":"2026-02-03T15:36:44.126Z","runId":271,"level":"debug","phase":"table_loop","action":"processing","tableName":"INVOICES","mappingTableKeys":["CNOTE","CUSTOMER","INVOICES","PAYMENTS","WORKDONE"]}
{"timestamp":"2026-02-03T15:36:44.127Z","runId":271,"level":"debug","phase":"table_loop","action":"mapping_resolved","tableName":"INVOICES","hasMappingEntry":true,"mappingTarget":"INVOICES"}
{"timestamp":"2026-02-03T15:36:44.127Z","runId":271,"level":"debug","phase":"mapping_debug","tableName":"INVOICES","mappedSource":"INVOICES","firebirdTableCount":190,"sampleFirebirdTables":["ACCCLASS","ACCDEPARTMENT","ACCOUNTLINKS","ACCOUNTS","ACCRANGE"]}
{"timestamp":"2026-02-03T15:36:44.233Z","runId":271,"level":"debug","phase":"clean_decision","tableName":"INVOICES","cleanBefore":true,"dryRun":false,"mode":"INSERT"}
{"timestamp":"2026-02-03T15:36:44.233Z","runId":271,"type":"table_cleaning_started","table":"INVOICES","tableRunId":348}
{"timestamp":"2026-02-03T15:36:44.234Z","runId":271,"level":"info","phase":"clean","tableName":"INVOICES","tableRunId":348,"status":"start"}
{"timestamp":"2026-02-03T15:36:44.236Z","runId":271,"level":"debug","phase":"clean","tableName":"INVOICES","tableRunId":348,"action":"fk_checks_disabled"}
{"timestamp":"2026-02-03T15:36:44.310Z","runId":271,"level":"info","phase":"clean","tableName":"INVOICES","tableRunId":348,"status":"success","method":"TRUNCATE","affectedRows":null,"postCount":0,"durationMs":75}
{"timestamp":"2026-02-03T15:36:44.325Z","runId":271,"type":"table_cleaned","table":"INVOICES","tableRunId":348,"method":"TRUNCATE","affectedRows":null,"postCount":0}
{"timestamp":"2026-02-03T15:36:44.327Z","runId":271,"level":"debug","phase":"clean","tableName":"INVOICES","tableRunId":348,"action":"fk_checks_restored"}
{"timestamp":"2026-02-03T15:36:44.327Z","runId":271,"level":"info","phase":"table_start","tableName":"INVOICES","tableRunId":348,"mode":"INSERT","keyStrategy":"preserve","dedupeKeys":[]}
{"timestamp":"2026-02-03T15:36:44.427Z","runId":271,"level":"info","phase":"fetch","tableName":"INVOICES","tableRunId":348,"sourceRows":18}
{"timestamp":"2026-02-03T15:36:44.523Z","runId":271,"level":"debug","phase":"write","tableName":"INVOICES","tableRunId":348,"status":"start","batchSize":18}
{"timestamp":"2026-02-03T15:36:44.533Z","runId":271,"level":"debug","phase":"write","tableName":"INVOICES","tableRunId":348,"status":"end","inserted":18,"updated":0,"skipped":0,"durationMs":10}
{"timestamp":"2026-02-03T15:36:44.559Z","runId":271,"level":"info","phase":"table_finalize","tableName":"INVOICES","tableRunId":348,"status":"success","inserted":18,"updated":0,"skipped":0,"errors":0,"durationMs":219}
{"timestamp":"2026-02-03T15:36:44.561Z","runId":271,"level":"debug","phase":"table_loop","action":"processing","tableName":"PAYMENTS","mappingTableKeys":["CNOTE","CUSTOMER","INVOICES","PAYMENTS","WORKDONE"]}
{"timestamp":"2026-02-03T15:36:44.561Z","runId":271,"level":"debug","phase":"table_loop","action":"mapping_resolved","tableName":"PAYMENTS","hasMappingEntry":true,"mappingTarget":"PAYMENTS"}
{"timestamp":"2026-02-03T15:36:44.562Z","runId":271,"level":"debug","phase":"mapping_debug","tableName":"PAYMENTS","mappedSource":"PAYMENTS","firebirdTableCount":190,"sampleFirebirdTables":["ACCCLASS","ACCDEPARTMENT","ACCOUNTLINKS","ACCOUNTS","ACCRANGE"]}
{"timestamp":"2026-02-03T15:36:44.636Z","runId":271,"level":"debug","phase":"clean_decision","tableName":"PAYMENTS","cleanBefore":true,"dryRun":false,"mode":"INSERT"}
{"timestamp":"2026-02-03T15:36:44.637Z","runId":271,"type":"table_cleaning_started","table":"PAYMENTS","tableRunId":349}
{"timestamp":"2026-02-03T15:36:44.637Z","runId":271,"level":"info","phase":"clean","tableName":"PAYMENTS","tableRunId":349,"status":"start"}
{"timestamp":"2026-02-03T15:36:44.638Z","runId":271,"level":"debug","phase":"clean","tableName":"PAYMENTS","tableRunId":349,"action":"fk_checks_disabled"}
{"timestamp":"2026-02-03T15:36:44.682Z","runId":271,"level":"info","phase":"clean","tableName":"PAYMENTS","tableRunId":349,"status":"success","method":"TRUNCATE","affectedRows":null,"postCount":0,"durationMs":45}
{"timestamp":"2026-02-03T15:36:44.689Z","runId":271,"type":"table_cleaned","table":"PAYMENTS","tableRunId":349,"method":"TRUNCATE","affectedRows":null,"postCount":0}
{"timestamp":"2026-02-03T15:36:44.690Z","runId":271,"level":"debug","phase":"clean","tableName":"PAYMENTS","tableRunId":349,"action":"fk_checks_restored"}
{"timestamp":"2026-02-03T15:36:44.690Z","runId":271,"level":"info","phase":"table_start","tableName":"PAYMENTS","tableRunId":349,"mode":"INSERT","keyStrategy":"preserve","dedupeKeys":[]}
{"timestamp":"2026-02-03T15:36:44.773Z","runId":271,"level":"info","phase":"fetch","tableName":"PAYMENTS","tableRunId":349,"sourceRows":15}
{"timestamp":"2026-02-03T15:36:44.869Z","runId":271,"level":"debug","phase":"write","tableName":"PAYMENTS","tableRunId":349,"status":"start","batchSize":15}
{"timestamp":"2026-02-03T15:36:44.878Z","runId":271,"level":"debug","phase":"write","tableName":"PAYMENTS","tableRunId":349,"status":"end","inserted":15,"updated":0,"skipped":0,"durationMs":9}
{"timestamp":"2026-02-03T15:36:44.902Z","runId":271,"level":"info","phase":"table_finalize","tableName":"PAYMENTS","tableRunId":349,"status":"success","inserted":15,"updated":0,"skipped":0,"errors":0,"durationMs":201}
{"timestamp":"2026-02-03T15:36:44.903Z","runId":271,"level":"debug","phase":"table_loop","action":"processing","tableName":"CUSTOMERS","mappingTableKeys":["CNOTE","CUSTOMER","INVOICES","PAYMENTS","WORKDONE"]}
{"timestamp":"2026-02-03T15:36:44.903Z","runId":271,"level":"debug","phase":"table_loop","action":"mapping_resolved","tableName":"CUSTOMERS","hasMappingEntry":true,"mappingTarget":"CUSTOMERS"}
{"timestamp":"2026-02-03T15:36:44.904Z","runId":271,"level":"debug","phase":"mapping_debug","tableName":"CUSTOMERS","mappedSource":"CUSTOMER","firebirdTableCount":190,"sampleFirebirdTables":["ACCCLASS","ACCDEPARTMENT","ACCOUNTLINKS","ACCOUNTS","ACCRANGE"]}
{"timestamp":"2026-02-03T15:36:45.000Z","runId":271,"level":"debug","phase":"clean_decision","tableName":"CUSTOMERS","cleanBefore":true,"dryRun":false,"mode":"INSERT"}
{"timestamp":"2026-02-03T15:36:45.001Z","runId":271,"type":"table_cleaning_started","table":"CUSTOMERS","tableRunId":350}
{"timestamp":"2026-02-03T15:36:45.001Z","runId":271,"level":"info","phase":"clean","tableName":"CUSTOMERS","tableRunId":350,"status":"start"}
{"timestamp":"2026-02-03T15:36:45.003Z","runId":271,"level":"debug","phase":"clean","tableName":"CUSTOMERS","tableRunId":350,"action":"fk_checks_disabled"}
{"timestamp":"2026-02-03T15:36:45.054Z","runId":271,"level":"info","phase":"clean","tableName":"CUSTOMERS","tableRunId":350,"status":"success","method":"TRUNCATE","affectedRows":null,"postCount":0,"durationMs":52}
{"timestamp":"2026-02-03T15:36:45.062Z","runId":271,"type":"table_cleaned","table":"CUSTOMERS","tableRunId":350,"method":"TRUNCATE","affectedRows":null,"postCount":0}
{"timestamp":"2026-02-03T15:36:45.063Z","runId":271,"level":"debug","phase":"clean","tableName":"CUSTOMERS","tableRunId":350,"action":"fk_checks_restored"}
{"timestamp":"2026-02-03T15:36:45.063Z","runId":271,"level":"info","phase":"table_start","tableName":"CUSTOMERS","tableRunId":350,"mode":"INSERT","keyStrategy":"preserve","dedupeKeys":[]}
{"timestamp":"2026-02-03T15:36:45.176Z","runId":271,"level":"info","phase":"fetch","tableName":"CUSTOMERS","tableRunId":350,"sourceRows":15}
{"timestamp":"2026-02-03T15:36:46.032Z","runId":271,"level":"debug","phase":"write","tableName":"CUSTOMERS","tableRunId":350,"status":"start","batchSize":15}
{"timestamp":"2026-02-03T15:36:46.041Z","runId":271,"level":"debug","phase":"write","tableName":"CUSTOMERS","tableRunId":350,"status":"end","inserted":15,"updated":0,"skipped":0,"durationMs":9}
{"timestamp":"2026-02-03T15:36:46.068Z","runId":271,"level":"info","phase":"table_finalize","tableName":"CUSTOMERS","tableRunId":350,"status":"success","inserted":15,"updated":0,"skipped":0,"errors":0,"durationMs":992}
{"timestamp":"2026-02-03T15:36:46.069Z","runId":271,"level":"debug","phase":"table_loop","action":"processing","tableName":"WORK_DONE","mappingTableKeys":["CNOTE","CUSTOMER","INVOICES","PAYMENTS","WORKDONE"]}
{"timestamp":"2026-02-03T15:36:46.069Z","runId":271,"level":"debug","phase":"table_loop","action":"mapping_resolved","tableName":"WORK_DONE","hasMappingEntry":true,"mappingTarget":"WORK_DONE"}
{"timestamp":"2026-02-03T15:36:46.070Z","runId":271,"level":"debug","phase":"mapping_debug","tableName":"WORK_DONE","mappedSource":"WORKDONE","firebirdTableCount":190,"sampleFirebirdTables":["ACCCLASS","ACCDEPARTMENT","ACCOUNTLINKS","ACCOUNTS","ACCRANGE"]}
{"timestamp":"2026-02-03T15:36:46.183Z","runId":271,"level":"debug","phase":"clean_decision","tableName":"WORK_DONE","cleanBefore":true,"dryRun":false,"mode":"INSERT"}
{"timestamp":"2026-02-03T15:36:46.183Z","runId":271,"type":"table_cleaning_started","table":"WORK_DONE","tableRunId":351}
{"timestamp":"2026-02-03T15:36:46.184Z","runId":271,"level":"info","phase":"clean","tableName":"WORK_DONE","tableRunId":351,"status":"start"}
{"timestamp":"2026-02-03T15:36:46.185Z","runId":271,"level":"debug","phase":"clean","tableName":"WORK_DONE","tableRunId":351,"action":"fk_checks_disabled"}
{"timestamp":"2026-02-03T15:36:46.241Z","runId":271,"level":"info","phase":"clean","tableName":"WORK_DONE","tableRunId":351,"status":"success","method":"TRUNCATE","affectedRows":null,"postCount":0,"durationMs":57}
{"timestamp":"2026-02-03T15:36:46.248Z","runId":271,"type":"table_cleaned","table":"WORK_DONE","tableRunId":351,"method":"TRUNCATE","affectedRows":null,"postCount":0}
{"timestamp":"2026-02-03T15:36:46.248Z","runId":271,"level":"debug","phase":"clean","tableName":"WORK_DONE","tableRunId":351,"action":"fk_checks_restored"}
{"timestamp":"2026-02-03T15:36:46.249Z","runId":271,"level":"info","phase":"table_start","tableName":"WORK_DONE","tableRunId":351,"mode":"INSERT","keyStrategy":"preserve","dedupeKeys":[]}
{"timestamp":"2026-02-03T15:36:46.354Z","runId":271,"level":"info","phase":"fetch","tableName":"WORK_DONE","tableRunId":351,"sourceRows":41}
{"timestamp":"2026-02-03T15:36:46.466Z","runId":271,"level":"debug","phase":"write","tableName":"WORK_DONE","tableRunId":351,"status":"start","batchSize":41}
{"timestamp":"2026-02-03T15:36:46.477Z","runId":271,"level":"debug","phase":"write","tableName":"WORK_DONE","tableRunId":351,"status":"end","inserted":34,"updated":0,"skipped":7,"durationMs":11}
{"timestamp":"2026-02-03T15:36:46.502Z","runId":271,"level":"info","phase":"table_finalize","tableName":"WORK_DONE","tableRunId":351,"status":"success","inserted":34,"updated":0,"skipped":7,"errors":0,"durationMs":241}
{"timestamp":"2026-02-03T15:36:46.503Z","runId":271,"level":"debug","phase":"table_loop","action":"processing","tableName":"WORK_TODO","mappingTableKeys":["CNOTE","CUSTOMER","INVOICES","PAYMENTS","WORKDONE"]}
{"timestamp":"2026-02-03T15:36:46.503Z","runId":271,"level":"debug","phase":"table_loop","action":"mapping_resolved","tableName":"WORK_TODO","hasMappingEntry":true,"mappingTarget":"WORK_TODO"}
{"timestamp":"2026-02-03T15:36:46.504Z","runId":271,"level":"debug","phase":"mapping_debug","tableName":"WORK_TODO","mappedSource":"WORKTODO","firebirdTableCount":190,"sampleFirebirdTables":["ACCCLASS","ACCDEPARTMENT","ACCOUNTLINKS","ACCOUNTS","ACCRANGE"]}
{"timestamp":"2026-02-03T15:36:47.301Z","runId":271,"level":"debug","phase":"clean_decision","tableName":"WORK_TODO","cleanBefore":true,"dryRun":false,"mode":"INSERT"}
{"timestamp":"2026-02-03T15:36:47.302Z","runId":271,"type":"table_cleaning_started","table":"WORK_TODO","tableRunId":352}
{"timestamp":"2026-02-03T15:36:47.302Z","runId":271,"level":"info","phase":"clean","tableName":"WORK_TODO","tableRunId":352,"status":"start"}
{"timestamp":"2026-02-03T15:36:47.304Z","runId":271,"level":"debug","phase":"clean","tableName":"WORK_TODO","tableRunId":352,"action":"fk_checks_disabled"}
{"timestamp":"2026-02-03T15:36:47.348Z","runId":271,"level":"info","phase":"clean","tableName":"WORK_TODO","tableRunId":352,"status":"success","method":"TRUNCATE","affectedRows":null,"postCount":0,"durationMs":45}
{"timestamp":"2026-02-03T15:36:47.355Z","runId":271,"type":"table_cleaned","table":"WORK_TODO","tableRunId":352,"method":"TRUNCATE","affectedRows":null,"postCount":0}
{"timestamp":"2026-02-03T15:36:47.356Z","runId":271,"level":"debug","phase":"clean","tableName":"WORK_TODO","tableRunId":352,"action":"fk_checks_restored"}
{"timestamp":"2026-02-03T15:36:47.357Z","runId":271,"level":"info","phase":"table_start","tableName":"WORK_TODO","tableRunId":352,"mode":"INSERT","keyStrategy":"preserve","dedupeKeys":[]}
{"timestamp":"2026-02-03T15:36:47.446Z","runId":271,"level":"info","phase":"fetch","tableName":"WORK_TODO","tableRunId":352,"sourceRows":0}
{"timestamp":"2026-02-03T15:36:47.456Z","runId":271,"level":"info","phase":"table_finalize","tableName":"WORK_TODO","tableRunId":352,"status":"success","inserted":0,"updated":0,"skipped":0,"errors":0,"durationMs":90}
{"timestamp":"2026-02-03T15:36:47.456Z","runId":271,"level":"debug","phase":"table_loop","action":"processing","tableName":"SPARES_USED","mappingTableKeys":["CNOTE","CUSTOMER","INVOICES","PAYMENTS","WORKDONE"]}
{"timestamp":"2026-02-03T15:36:47.457Z","runId":271,"level":"debug","phase":"table_loop","action":"mapping_resolved","tableName":"SPARES_USED","hasMappingEntry":true,"mappingTarget":"SPARES_USED"}
{"timestamp":"2026-02-03T15:36:47.457Z","runId":271,"level":"debug","phase":"mapping_debug","tableName":"SPARES_USED","mappedSource":"SPARES_USED","firebirdTableCount":190,"sampleFirebirdTables":["ACCCLASS","ACCDEPARTMENT","ACCOUNTLINKS","ACCOUNTS","ACCRANGE"]}
{"timestamp":"2026-02-03T15:36:47.575Z","runId":271,"level":"debug","phase":"clean_decision","tableName":"SPARES_USED","cleanBefore":true,"dryRun":false,"mode":"INSERT"}
{"timestamp":"2026-02-03T15:36:47.576Z","runId":271,"type":"table_cleaning_started","table":"SPARES_USED","tableRunId":353}
{"timestamp":"2026-02-03T15:36:47.576Z","runId":271,"level":"info","phase":"clean","tableName":"SPARES_USED","tableRunId":353,"status":"start"}
{"timestamp":"2026-02-03T15:36:47.578Z","runId":271,"level":"debug","phase":"clean","tableName":"SPARES_USED","tableRunId":353,"action":"fk_checks_disabled"}
{"timestamp":"2026-02-03T15:36:47.667Z","runId":271,"level":"info","phase":"clean","tableName":"SPARES_USED","tableRunId":353,"status":"success","method":"TRUNCATE","affectedRows":null,"postCount":0,"durationMs":90}
{"timestamp":"2026-02-03T15:36:47.675Z","runId":271,"type":"table_cleaned","table":"SPARES_USED","tableRunId":353,"method":"TRUNCATE","affectedRows":null,"postCount":0}
{"timestamp":"2026-02-03T15:36:47.676Z","runId":271,"level":"debug","phase":"clean","tableName":"SPARES_USED","tableRunId":353,"action":"fk_checks_restored"}
{"timestamp":"2026-02-03T15:36:47.676Z","runId":271,"level":"info","phase":"table_start","tableName":"SPARES_USED","tableRunId":353,"mode":"INSERT","keyStrategy":"preserve","dedupeKeys":[]}
{"timestamp":"2026-02-03T15:36:47.766Z","runId":271,"level":"info","phase":"fetch","tableName":"SPARES_USED","tableRunId":353,"sourceRows":60}
{"timestamp":"2026-02-03T15:36:48.461Z","runId":271,"level":"debug","phase":"write","tableName":"SPARES_USED","tableRunId":353,"status":"start","batchSize":60}
{"timestamp":"2026-02-03T15:36:48.470Z","runId":271,"level":"debug","phase":"write","tableName":"SPARES_USED","tableRunId":353,"status":"end","inserted":60,"updated":0,"skipped":0,"durationMs":9}
{"timestamp":"2026-02-03T15:36:48.487Z","runId":271,"level":"info","phase":"table_finalize","tableName":"SPARES_USED","tableRunId":353,"status":"success","inserted":60,"updated":0,"skipped":0,"errors":0,"durationMs":803}
{"timestamp":"2026-02-03T15:36:48.488Z","runId":271,"level":"debug","phase":"table_loop","action":"processing","tableName":"CREDIT_NOTES","mappingTableKeys":["CNOTE","CUSTOMER","INVOICES","PAYMENTS","WORKDONE"]}
{"timestamp":"2026-02-03T15:36:48.488Z","runId":271,"level":"debug","phase":"table_loop","action":"mapping_resolved","tableName":"CREDIT_NOTES","hasMappingEntry":true,"mappingTarget":"CREDIT_NOTES"}
{"timestamp":"2026-02-03T15:36:48.489Z","runId":271,"level":"debug","phase":"mapping_debug","tableName":"CREDIT_NOTES","mappedSource":"CNOTE","firebirdTableCount":190,"sampleFirebirdTables":["ACCCLASS","ACCDEPARTMENT","ACCOUNTLINKS","ACCOUNTS","ACCRANGE"]}
{"timestamp":"2026-02-03T15:36:48.583Z","runId":271,"level":"debug","phase":"clean_decision","tableName":"CREDIT_NOTES","cleanBefore":true,"dryRun":false,"mode":"INSERT"}
{"timestamp":"2026-02-03T15:36:48.584Z","runId":271,"type":"table_cleaning_started","table":"CREDIT_NOTES","tableRunId":354}
{"timestamp":"2026-02-03T15:36:48.584Z","runId":271,"level":"info","phase":"clean","tableName":"CREDIT_NOTES","tableRunId":354,"status":"start"}
{"timestamp":"2026-02-03T15:36:48.585Z","runId":271,"level":"debug","phase":"clean","tableName":"CREDIT_NOTES","tableRunId":354,"action":"fk_checks_disabled"}
{"timestamp":"2026-02-03T15:36:48.613Z","runId":271,"level":"info","phase":"clean","tableName":"CREDIT_NOTES","tableRunId":354,"status":"success","method":"TRUNCATE","affectedRows":null,"postCount":0,"durationMs":29}
{"timestamp":"2026-02-03T15:36:48.620Z","runId":271,"type":"table_cleaned","table":"CREDIT_NOTES","tableRunId":354,"method":"TRUNCATE","affectedRows":null,"postCount":0}
{"timestamp":"2026-02-03T15:36:48.621Z","runId":271,"level":"debug","phase":"clean","tableName":"CREDIT_NOTES","tableRunId":354,"action":"fk_checks_restored"}
{"timestamp":"2026-02-03T15:36:48.622Z","runId":271,"level":"info","phase":"table_start","tableName":"CREDIT_NOTES","tableRunId":354,"mode":"INSERT","keyStrategy":"preserve","dedupeKeys":[]}
{"timestamp":"2026-02-03T15:36:48.718Z","runId":271,"level":"info","phase":"fetch","tableName":"CREDIT_NOTES","tableRunId":354,"sourceRows":0}
{"timestamp":"2026-02-03T15:36:48.729Z","runId":271,"level":"info","phase":"table_finalize","tableName":"CREDIT_NOTES","tableRunId":354,"status":"success","inserted":0,"updated":0,"skipped":0,"errors":0,"durationMs":96}
{"timestamp":"2026-02-03T15:36:48.729Z","runId":271,"level":"debug","phase":"table_loop","action":"processing","tableName":"JOB_INFORMATION","mappingTableKeys":["CNOTE","CUSTOMER","INVOICES","PAYMENTS","WORKDONE"]}
{"timestamp":"2026-02-03T15:36:48.730Z","runId":271,"level":"debug","phase":"table_loop","action":"mapping_resolved","tableName":"JOB_INFORMATION","hasMappingEntry":true,"mappingTarget":"JOB_INFORMATION"}
{"timestamp":"2026-02-03T15:36:48.731Z","runId":271,"level":"debug","phase":"mapping_debug","tableName":"JOB_INFORMATION","mappedSource":"JOB_INFORMATION","firebirdTableCount":190,"sampleFirebirdTables":["ACCCLASS","ACCDEPARTMENT","ACCOUNTLINKS","ACCOUNTS","ACCRANGE"]}
{"timestamp":"2026-02-03T15:36:49.491Z","runId":271,"level":"debug","phase":"clean_decision","tableName":"JOB_INFORMATION","cleanBefore":true,"dryRun":false,"mode":"INSERT"}
{"timestamp":"2026-02-03T15:36:49.491Z","runId":271,"type":"table_cleaning_started","table":"JOB_INFORMATION","tableRunId":355}
{"timestamp":"2026-02-03T15:36:49.492Z","runId":271,"level":"info","phase":"clean","tableName":"JOB_INFORMATION","tableRunId":355,"status":"start"}
{"timestamp":"2026-02-03T15:36:49.494Z","runId":271,"level":"debug","phase":"clean","tableName":"JOB_INFORMATION","tableRunId":355,"action":"fk_checks_disabled"}
{"timestamp":"2026-02-03T15:36:49.555Z","runId":271,"level":"info","phase":"clean","tableName":"JOB_INFORMATION","tableRunId":355,"status":"success","method":"TRUNCATE","affectedRows":null,"postCount":0,"durationMs":63}
{"timestamp":"2026-02-03T15:36:49.565Z","runId":271,"type":"table_cleaned","table":"JOB_INFORMATION","tableRunId":355,"method":"TRUNCATE","affectedRows":null,"postCount":0}
{"timestamp":"2026-02-03T15:36:49.566Z","runId":271,"level":"debug","phase":"clean","tableName":"JOB_INFORMATION","tableRunId":355,"action":"fk_checks_restored"}
{"timestamp":"2026-02-03T15:36:49.567Z","runId":271,"level":"info","phase":"table_start","tableName":"JOB_INFORMATION","tableRunId":355,"mode":"INSERT","keyStrategy":"preserve","dedupeKeys":[]}
{"timestamp":"2026-02-03T15:36:49.675Z","runId":271,"level":"info","phase":"fetch","tableName":"JOB_INFORMATION","tableRunId":355,"sourceRows":17}
{"timestamp":"2026-02-03T15:36:49.779Z","runId":271,"level":"debug","phase":"write","tableName":"JOB_INFORMATION","tableRunId":355,"status":"start","batchSize":17}
{"timestamp":"2026-02-03T15:36:49.787Z","runId":271,"level":"debug","phase":"write","tableName":"JOB_INFORMATION","tableRunId":355,"status":"end","inserted":17,"updated":0,"skipped":0,"durationMs":8}
{"timestamp":"2026-02-03T15:36:49.807Z","runId":271,"level":"info","phase":"table_finalize","tableName":"JOB_INFORMATION","tableRunId":355,"status":"success","inserted":17,"updated":0,"skipped":0,"errors":0,"durationMs":231}
{"timestamp":"2026-02-03T15:36:49.813Z","runId":271,"level":"info","phase":"run_finalize","status":"success"}
