{"timestamp":"2026-02-13T07:48:29.489Z","runId":272,"level":"info","phase":"run_start","dryRun":false,"batchSize":1000,"fkChecks":true,"tables":[{"table":"INVOICES","mode":"INSERT","keyStrategy":"preserve","dedupeKeys":[],"onDuplicate":"SKIP","cleanBefore":true},{"table":"PAYMENTS","mode":"INSERT","keyStrategy":"preserve","dedupeKeys":[],"onDuplicate":"SKIP","cleanBefore":true},{"table":"CUSTOMERS","mode":"INSERT","keyStrategy":"preserve","dedupeKeys":[],"onDuplicate":"SKIP","cleanBefore":true},{"table":"WORK_DONE","mode":"INSERT","keyStrategy":"preserve","dedupeKeys":[],"onDuplicate":"SKIP","cleanBefore":true},{"table":"WORK_TODO","mode":"INSERT","keyStrategy":"preserve","dedupeKeys":[],"onDuplicate":"SKIP","cleanBefore":true},{"table":"SPARES_USED","mode":"INSERT","keyStrategy":"preserve","dedupeKeys":[],"onDuplicate":"SKIP","cleanBefore":true},{"table":"CREDIT_NOTES","mode":"INSERT","keyStrategy":"preserve","dedupeKeys":[],"onDuplicate":"SKIP","cleanBefore":true},{"table":"JOB_INFORMATION","mode":"INSERT","keyStrategy":"preserve","dedupeKeys":[],"onDuplicate":"SKIP","cleanBefore":true}]}
{"timestamp":"2026-02-13T07:48:29.620Z","runId":272,"level":"info","phase":"preflight","attempt":1,"status":"ok"}
{"timestamp":"2026-02-13T07:48:29.621Z","runId":272,"level":"debug","phase":"preflight","durationMs":130}
{"timestamp":"2026-02-13T07:48:29.622Z","runId":272,"level":"info","phase":"preflight","action":"nullability_validation","status":"start"}
{"timestamp":"2026-02-13T07:48:29.643Z","runId":272,"level":"info","phase":"preflight","action":"nullability_validation","status":"passed"}
{"timestamp":"2026-02-13T07:48:29.756Z","runId":272,"level":"debug","phase":"table_loop","action":"starting","includedCount":8,"mappingTableCount":8}
{"timestamp":"2026-02-13T07:48:29.757Z","runId":272,"level":"info","phase":"table_loop","action":"normalized_tables","sampleTables":["INVOICES","PAYMENTS","CUSTOMERS","WORK_DONE","WORK_TODO"]}
{"timestamp":"2026-02-13T07:48:29.758Z","runId":272,"level":"debug","phase":"table_loop","action":"processing","tableName":"INVOICES","mappingTableKeys":["CNOTE","CUSTOMER","INVOICES","PAYMENTS","WORKDONE"]}
{"timestamp":"2026-02-13T07:48:29.758Z","runId":272,"level":"debug","phase":"table_loop","action":"mapping_resolved","tableName":"INVOICES","hasMappingEntry":true,"mappingTarget":"INVOICES"}
{"timestamp":"2026-02-13T07:48:29.759Z","runId":272,"level":"debug","phase":"mapping_debug","tableName":"INVOICES","mappedSource":"INVOICES","firebirdTableCount":191,"sampleFirebirdTables":["ACCCLASS","ACCDEPARTMENT","ACCOUNTLINKS","ACCOUNTS","ACCOUNT_OPENING"]}
{"timestamp":"2026-02-13T07:48:29.853Z","runId":272,"level":"debug","phase":"clean_decision","tableName":"INVOICES","cleanBefore":true,"dryRun":false,"mode":"INSERT"}
{"timestamp":"2026-02-13T07:48:29.854Z","runId":272,"type":"table_cleaning_started","table":"INVOICES","tableRunId":356}
{"timestamp":"2026-02-13T07:48:29.854Z","runId":272,"level":"info","phase":"clean","tableName":"INVOICES","tableRunId":356,"status":"start"}
{"timestamp":"2026-02-13T07:48:29.856Z","runId":272,"level":"debug","phase":"clean","tableName":"INVOICES","tableRunId":356,"action":"fk_checks_disabled"}
{"timestamp":"2026-02-13T07:48:29.930Z","runId":272,"level":"info","phase":"clean","tableName":"INVOICES","tableRunId":356,"status":"success","method":"TRUNCATE","affectedRows":null,"postCount":0,"durationMs":75}
{"timestamp":"2026-02-13T07:48:29.947Z","runId":272,"type":"table_cleaned","table":"INVOICES","tableRunId":356,"method":"TRUNCATE","affectedRows":null,"postCount":0}
{"timestamp":"2026-02-13T07:48:29.948Z","runId":272,"level":"debug","phase":"clean","tableName":"INVOICES","tableRunId":356,"action":"fk_checks_restored"}
{"timestamp":"2026-02-13T07:48:29.949Z","runId":272,"level":"info","phase":"table_start","tableName":"INVOICES","tableRunId":356,"mode":"INSERT","keyStrategy":"preserve","dedupeKeys":[]}
{"timestamp":"2026-02-13T07:48:30.035Z","runId":272,"level":"info","phase":"fetch","tableName":"INVOICES","tableRunId":356,"sourceRows":23}
{"timestamp":"2026-02-13T07:48:30.139Z","runId":272,"level":"debug","phase":"write","tableName":"INVOICES","tableRunId":356,"status":"start","batchSize":23}
{"timestamp":"2026-02-13T07:48:30.145Z","runId":272,"level":"debug","phase":"write","tableName":"INVOICES","tableRunId":356,"status":"end","inserted":23,"updated":0,"skipped":0,"durationMs":6}
{"timestamp":"2026-02-13T07:48:30.160Z","runId":272,"level":"info","phase":"table_finalize","tableName":"INVOICES","tableRunId":356,"status":"success","inserted":23,"updated":0,"skipped":0,"errors":0,"durationMs":204}
{"timestamp":"2026-02-13T07:48:30.161Z","runId":272,"level":"debug","phase":"table_loop","action":"processing","tableName":"PAYMENTS","mappingTableKeys":["CNOTE","CUSTOMER","INVOICES","PAYMENTS","WORKDONE"]}
{"timestamp":"2026-02-13T07:48:30.161Z","runId":272,"level":"debug","phase":"table_loop","action":"mapping_resolved","tableName":"PAYMENTS","hasMappingEntry":true,"mappingTarget":"PAYMENTS"}
{"timestamp":"2026-02-13T07:48:30.161Z","runId":272,"level":"debug","phase":"mapping_debug","tableName":"PAYMENTS","mappedSource":"PAYMENTS","firebirdTableCount":191,"sampleFirebirdTables":["ACCCLASS","ACCDEPARTMENT","ACCOUNTLINKS","ACCOUNTS","ACCOUNT_OPENING"]}
{"timestamp":"2026-02-13T07:48:30.241Z","runId":272,"level":"debug","phase":"clean_decision","tableName":"PAYMENTS","cleanBefore":true,"dryRun":false,"mode":"INSERT"}
{"timestamp":"2026-02-13T07:48:30.241Z","runId":272,"type":"table_cleaning_started","table":"PAYMENTS","tableRunId":357}
{"timestamp":"2026-02-13T07:48:30.242Z","runId":272,"level":"info","phase":"clean","tableName":"PAYMENTS","tableRunId":357,"status":"start"}
{"timestamp":"2026-02-13T07:48:30.243Z","runId":272,"level":"debug","phase":"clean","tableName":"PAYMENTS","tableRunId":357,"action":"fk_checks_disabled"}
{"timestamp":"2026-02-13T07:48:30.289Z","runId":272,"level":"info","phase":"clean","tableName":"PAYMENTS","tableRunId":357,"status":"success","method":"TRUNCATE","affectedRows":null,"postCount":0,"durationMs":47}
{"timestamp":"2026-02-13T07:48:30.298Z","runId":272,"type":"table_cleaned","table":"PAYMENTS","tableRunId":357,"method":"TRUNCATE","affectedRows":null,"postCount":0}
{"timestamp":"2026-02-13T07:48:30.298Z","runId":272,"level":"debug","phase":"clean","tableName":"PAYMENTS","tableRunId":357,"action":"fk_checks_restored"}
{"timestamp":"2026-02-13T07:48:30.299Z","runId":272,"level":"info","phase":"table_start","tableName":"PAYMENTS","tableRunId":357,"mode":"INSERT","keyStrategy":"preserve","dedupeKeys":[]}
{"timestamp":"2026-02-13T07:48:30.383Z","runId":272,"level":"info","phase":"fetch","tableName":"PAYMENTS","tableRunId":357,"sourceRows":18}
{"timestamp":"2026-02-13T07:48:30.485Z","runId":272,"level":"debug","phase":"write","tableName":"PAYMENTS","tableRunId":357,"status":"start","batchSize":18}
{"timestamp":"2026-02-13T07:48:30.490Z","runId":272,"level":"debug","phase":"write","tableName":"PAYMENTS","tableRunId":357,"status":"end","inserted":18,"updated":0,"skipped":0,"durationMs":5}
{"timestamp":"2026-02-13T07:48:30.508Z","runId":272,"level":"info","phase":"table_finalize","tableName":"PAYMENTS","tableRunId":357,"status":"success","inserted":18,"updated":0,"skipped":0,"errors":0,"durationMs":203}
{"timestamp":"2026-02-13T07:48:30.509Z","runId":272,"level":"debug","phase":"table_loop","action":"processing","tableName":"CUSTOMERS","mappingTableKeys":["CNOTE","CUSTOMER","INVOICES","PAYMENTS","WORKDONE"]}
{"timestamp":"2026-02-13T07:48:30.509Z","runId":272,"level":"debug","phase":"table_loop","action":"mapping_resolved","tableName":"CUSTOMERS","hasMappingEntry":true,"mappingTarget":"CUSTOMERS"}
{"timestamp":"2026-02-13T07:48:30.509Z","runId":272,"level":"debug","phase":"mapping_debug","tableName":"CUSTOMERS","mappedSource":"CUSTOMER","firebirdTableCount":191,"sampleFirebirdTables":["ACCCLASS","ACCDEPARTMENT","ACCOUNTLINKS","ACCOUNTS","ACCOUNT_OPENING"]}
{"timestamp":"2026-02-13T07:48:30.593Z","runId":272,"level":"debug","phase":"clean_decision","tableName":"CUSTOMERS","cleanBefore":true,"dryRun":false,"mode":"INSERT"}
{"timestamp":"2026-02-13T07:48:30.593Z","runId":272,"type":"table_cleaning_started","table":"CUSTOMERS","tableRunId":358}
{"timestamp":"2026-02-13T07:48:30.593Z","runId":272,"level":"info","phase":"clean","tableName":"CUSTOMERS","tableRunId":358,"status":"start"}
{"timestamp":"2026-02-13T07:48:30.594Z","runId":272,"level":"debug","phase":"clean","tableName":"CUSTOMERS","tableRunId":358,"action":"fk_checks_disabled"}
{"timestamp":"2026-02-13T07:48:30.638Z","runId":272,"level":"info","phase":"clean","tableName":"CUSTOMERS","tableRunId":358,"status":"success","method":"TRUNCATE","affectedRows":null,"postCount":0,"durationMs":44}
{"timestamp":"2026-02-13T07:48:30.645Z","runId":272,"type":"table_cleaned","table":"CUSTOMERS","tableRunId":358,"method":"TRUNCATE","affectedRows":null,"postCount":0}
{"timestamp":"2026-02-13T07:48:30.646Z","runId":272,"level":"debug","phase":"clean","tableName":"CUSTOMERS","tableRunId":358,"action":"fk_checks_restored"}
{"timestamp":"2026-02-13T07:48:30.647Z","runId":272,"level":"info","phase":"table_start","tableName":"CUSTOMERS","tableRunId":358,"mode":"INSERT","keyStrategy":"preserve","dedupeKeys":[]}
{"timestamp":"2026-02-13T07:48:30.737Z","runId":272,"level":"info","phase":"fetch","tableName":"CUSTOMERS","tableRunId":358,"sourceRows":22}
{"timestamp":"2026-02-13T07:48:30.843Z","runId":272,"level":"debug","phase":"write","tableName":"CUSTOMERS","tableRunId":358,"status":"start","batchSize":22}
{"timestamp":"2026-02-13T07:48:30.852Z","runId":272,"level":"debug","phase":"write","tableName":"CUSTOMERS","tableRunId":358,"status":"end","inserted":22,"updated":0,"skipped":0,"durationMs":9}
{"timestamp":"2026-02-13T07:48:30.873Z","runId":272,"level":"info","phase":"table_finalize","tableName":"CUSTOMERS","tableRunId":358,"status":"success","inserted":22,"updated":0,"skipped":0,"errors":0,"durationMs":216}
{"timestamp":"2026-02-13T07:48:30.874Z","runId":272,"level":"debug","phase":"table_loop","action":"processing","tableName":"WORK_DONE","mappingTableKeys":["CNOTE","CUSTOMER","INVOICES","PAYMENTS","WORKDONE"]}
{"timestamp":"2026-02-13T07:48:30.875Z","runId":272,"level":"debug","phase":"table_loop","action":"mapping_resolved","tableName":"WORK_DONE","hasMappingEntry":true,"mappingTarget":"WORK_DONE"}
{"timestamp":"2026-02-13T07:48:30.875Z","runId":272,"level":"debug","phase":"mapping_debug","tableName":"WORK_DONE","mappedSource":"WORKDONE","firebirdTableCount":191,"sampleFirebirdTables":["ACCCLASS","ACCDEPARTMENT","ACCOUNTLINKS","ACCOUNTS","ACCOUNT_OPENING"]}
{"timestamp":"2026-02-13T07:48:30.969Z","runId":272,"level":"debug","phase":"clean_decision","tableName":"WORK_DONE","cleanBefore":true,"dryRun":false,"mode":"INSERT"}
{"timestamp":"2026-02-13T07:48:30.970Z","runId":272,"type":"table_cleaning_started","table":"WORK_DONE","tableRunId":359}
{"timestamp":"2026-02-13T07:48:30.970Z","runId":272,"level":"info","phase":"clean","tableName":"WORK_DONE","tableRunId":359,"status":"start"}
{"timestamp":"2026-02-13T07:48:30.972Z","runId":272,"level":"debug","phase":"clean","tableName":"WORK_DONE","tableRunId":359,"action":"fk_checks_disabled"}
{"timestamp":"2026-02-13T07:48:31.034Z","runId":272,"level":"info","phase":"clean","tableName":"WORK_DONE","tableRunId":359,"status":"success","method":"TRUNCATE","affectedRows":null,"postCount":0,"durationMs":63}
{"timestamp":"2026-02-13T07:48:31.044Z","runId":272,"type":"table_cleaned","table":"WORK_DONE","tableRunId":359,"method":"TRUNCATE","affectedRows":null,"postCount":0}
{"timestamp":"2026-02-13T07:48:31.045Z","runId":272,"level":"debug","phase":"clean","tableName":"WORK_DONE","tableRunId":359,"action":"fk_checks_restored"}
{"timestamp":"2026-02-13T07:48:31.046Z","runId":272,"level":"info","phase":"table_start","tableName":"WORK_DONE","tableRunId":359,"mode":"INSERT","keyStrategy":"preserve","dedupeKeys":[]}
{"timestamp":"2026-02-13T07:48:31.143Z","runId":272,"level":"info","phase":"fetch","tableName":"WORK_DONE","tableRunId":359,"sourceRows":50}
{"timestamp":"2026-02-13T07:48:31.246Z","runId":272,"level":"debug","phase":"write","tableName":"WORK_DONE","tableRunId":359,"status":"start","batchSize":50}
{"timestamp":"2026-02-13T07:48:31.257Z","runId":272,"level":"debug","phase":"write","tableName":"WORK_DONE","tableRunId":359,"status":"end","inserted":38,"updated":0,"skipped":12,"durationMs":11}
{"timestamp":"2026-02-13T07:48:31.275Z","runId":272,"level":"info","phase":"table_finalize","tableName":"WORK_DONE","tableRunId":359,"status":"success","inserted":38,"updated":0,"skipped":12,"errors":0,"durationMs":221}
{"timestamp":"2026-02-13T07:48:31.275Z","runId":272,"level":"debug","phase":"table_loop","action":"processing","tableName":"WORK_TODO","mappingTableKeys":["CNOTE","CUSTOMER","INVOICES","PAYMENTS","WORKDONE"]}
{"timestamp":"2026-02-13T07:48:31.276Z","runId":272,"level":"debug","phase":"table_loop","action":"mapping_resolved","tableName":"WORK_TODO","hasMappingEntry":true,"mappingTarget":"WORK_TODO"}
{"timestamp":"2026-02-13T07:48:31.276Z","runId":272,"level":"debug","phase":"mapping_debug","tableName":"WORK_TODO","mappedSource":"WORKTODO","firebirdTableCount":191,"sampleFirebirdTables":["ACCCLASS","ACCDEPARTMENT","ACCOUNTLINKS","ACCOUNTS","ACCOUNT_OPENING"]}
{"timestamp":"2026-02-13T07:48:31.375Z","runId":272,"level":"debug","phase":"clean_decision","tableName":"WORK_TODO","cleanBefore":true,"dryRun":false,"mode":"INSERT"}
{"timestamp":"2026-02-13T07:48:31.376Z","runId":272,"type":"table_cleaning_started","table":"WORK_TODO","tableRunId":360}
{"timestamp":"2026-02-13T07:48:31.376Z","runId":272,"level":"info","phase":"clean","tableName":"WORK_TODO","tableRunId":360,"status":"start"}
{"timestamp":"2026-02-13T07:48:31.378Z","runId":272,"level":"debug","phase":"clean","tableName":"WORK_TODO","tableRunId":360,"action":"fk_checks_disabled"}
{"timestamp":"2026-02-13T07:48:31.422Z","runId":272,"level":"info","phase":"clean","tableName":"WORK_TODO","tableRunId":360,"status":"success","method":"TRUNCATE","affectedRows":null,"postCount":0,"durationMs":45}
{"timestamp":"2026-02-13T07:48:31.431Z","runId":272,"type":"table_cleaned","table":"WORK_TODO","tableRunId":360,"method":"TRUNCATE","affectedRows":null,"postCount":0}
{"timestamp":"2026-02-13T07:48:31.433Z","runId":272,"level":"debug","phase":"clean","tableName":"WORK_TODO","tableRunId":360,"action":"fk_checks_restored"}
{"timestamp":"2026-02-13T07:48:31.433Z","runId":272,"level":"info","phase":"table_start","tableName":"WORK_TODO","tableRunId":360,"mode":"INSERT","keyStrategy":"preserve","dedupeKeys":[]}
{"timestamp":"2026-02-13T07:48:31.526Z","runId":272,"level":"info","phase":"fetch","tableName":"WORK_TODO","tableRunId":360,"sourceRows":0}
{"timestamp":"2026-02-13T07:48:31.536Z","runId":272,"level":"info","phase":"table_finalize","tableName":"WORK_TODO","tableRunId":360,"status":"success","inserted":0,"updated":0,"skipped":0,"errors":0,"durationMs":93}
{"timestamp":"2026-02-13T07:48:31.537Z","runId":272,"level":"debug","phase":"table_loop","action":"processing","tableName":"SPARES_USED","mappingTableKeys":["CNOTE","CUSTOMER","INVOICES","PAYMENTS","WORKDONE"]}
{"timestamp":"2026-02-13T07:48:31.537Z","runId":272,"level":"debug","phase":"table_loop","action":"mapping_resolved","tableName":"SPARES_USED","hasMappingEntry":true,"mappingTarget":"SPARES_USED"}
{"timestamp":"2026-02-13T07:48:31.538Z","runId":272,"level":"debug","phase":"mapping_debug","tableName":"SPARES_USED","mappedSource":"SPARES_USED","firebirdTableCount":191,"sampleFirebirdTables":["ACCCLASS","ACCDEPARTMENT","ACCOUNTLINKS","ACCOUNTS","ACCOUNT_OPENING"]}
{"timestamp":"2026-02-13T07:48:31.622Z","runId":272,"level":"debug","phase":"clean_decision","tableName":"SPARES_USED","cleanBefore":true,"dryRun":false,"mode":"INSERT"}
{"timestamp":"2026-02-13T07:48:31.623Z","runId":272,"type":"table_cleaning_started","table":"SPARES_USED","tableRunId":361}
{"timestamp":"2026-02-13T07:48:31.623Z","runId":272,"level":"info","phase":"clean","tableName":"SPARES_USED","tableRunId":361,"status":"start"}
{"timestamp":"2026-02-13T07:48:31.625Z","runId":272,"level":"debug","phase":"clean","tableName":"SPARES_USED","tableRunId":361,"action":"fk_checks_disabled"}
{"timestamp":"2026-02-13T07:48:31.732Z","runId":272,"level":"info","phase":"clean","tableName":"SPARES_USED","tableRunId":361,"status":"success","method":"TRUNCATE","affectedRows":null,"postCount":0,"durationMs":108}
{"timestamp":"2026-02-13T07:48:31.741Z","runId":272,"type":"table_cleaned","table":"SPARES_USED","tableRunId":361,"method":"TRUNCATE","affectedRows":null,"postCount":0}
{"timestamp":"2026-02-13T07:48:31.742Z","runId":272,"level":"debug","phase":"clean","tableName":"SPARES_USED","tableRunId":361,"action":"fk_checks_restored"}
{"timestamp":"2026-02-13T07:48:31.743Z","runId":272,"level":"info","phase":"table_start","tableName":"SPARES_USED","tableRunId":361,"mode":"INSERT","keyStrategy":"preserve","dedupeKeys":[]}
{"timestamp":"2026-02-13T07:48:32.671Z","runId":272,"level":"info","phase":"fetch","tableName":"SPARES_USED","tableRunId":361,"sourceRows":84}
{"timestamp":"2026-02-13T07:48:32.781Z","runId":272,"level":"debug","phase":"write","tableName":"SPARES_USED","tableRunId":361,"status":"start","batchSize":84}
{"timestamp":"2026-02-13T07:48:32.795Z","runId":272,"level":"debug","phase":"write","tableName":"SPARES_USED","tableRunId":361,"status":"end","inserted":84,"updated":0,"skipped":0,"durationMs":14}
{"timestamp":"2026-02-13T07:48:32.813Z","runId":272,"level":"info","phase":"table_finalize","tableName":"SPARES_USED","tableRunId":361,"status":"success","inserted":84,"updated":0,"skipped":0,"errors":0,"durationMs":1062}
{"timestamp":"2026-02-13T07:48:32.814Z","runId":272,"level":"debug","phase":"table_loop","action":"processing","tableName":"CREDIT_NOTES","mappingTableKeys":["CNOTE","CUSTOMER","INVOICES","PAYMENTS","WORKDONE"]}
{"timestamp":"2026-02-13T07:48:32.814Z","runId":272,"level":"debug","phase":"table_loop","action":"mapping_resolved","tableName":"CREDIT_NOTES","hasMappingEntry":true,"mappingTarget":"CREDIT_NOTES"}
{"timestamp":"2026-02-13T07:48:32.815Z","runId":272,"level":"debug","phase":"mapping_debug","tableName":"CREDIT_NOTES","mappedSource":"CNOTE","firebirdTableCount":191,"sampleFirebirdTables":["ACCCLASS","ACCDEPARTMENT","ACCOUNTLINKS","ACCOUNTS","ACCOUNT_OPENING"]}
{"timestamp":"2026-02-13T07:48:32.904Z","runId":272,"level":"debug","phase":"clean_decision","tableName":"CREDIT_NOTES","cleanBefore":true,"dryRun":false,"mode":"INSERT"}
{"timestamp":"2026-02-13T07:48:32.905Z","runId":272,"type":"table_cleaning_started","table":"CREDIT_NOTES","tableRunId":362}
{"timestamp":"2026-02-13T07:48:32.905Z","runId":272,"level":"info","phase":"clean","tableName":"CREDIT_NOTES","tableRunId":362,"status":"start"}
{"timestamp":"2026-02-13T07:48:32.906Z","runId":272,"level":"debug","phase":"clean","tableName":"CREDIT_NOTES","tableRunId":362,"action":"fk_checks_disabled"}
{"timestamp":"2026-02-13T07:48:32.948Z","runId":272,"level":"info","phase":"clean","tableName":"CREDIT_NOTES","tableRunId":362,"status":"success","method":"TRUNCATE","affectedRows":null,"postCount":0,"durationMs":43}
{"timestamp":"2026-02-13T07:48:32.956Z","runId":272,"type":"table_cleaned","table":"CREDIT_NOTES","tableRunId":362,"method":"TRUNCATE","affectedRows":null,"postCount":0}
{"timestamp":"2026-02-13T07:48:32.957Z","runId":272,"level":"debug","phase":"clean","tableName":"CREDIT_NOTES","tableRunId":362,"action":"fk_checks_restored"}
{"timestamp":"2026-02-13T07:48:32.957Z","runId":272,"level":"info","phase":"table_start","tableName":"CREDIT_NOTES","tableRunId":362,"mode":"INSERT","keyStrategy":"preserve","dedupeKeys":[]}
{"timestamp":"2026-02-13T07:48:33.054Z","runId":272,"level":"info","phase":"fetch","tableName":"CREDIT_NOTES","tableRunId":362,"sourceRows":0}
{"timestamp":"2026-02-13T07:48:33.065Z","runId":272,"level":"info","phase":"table_finalize","tableName":"CREDIT_NOTES","tableRunId":362,"status":"success","inserted":0,"updated":0,"skipped":0,"errors":0,"durationMs":98}
{"timestamp":"2026-02-13T07:48:33.066Z","runId":272,"level":"debug","phase":"table_loop","action":"processing","tableName":"JOB_INFORMATION","mappingTableKeys":["CNOTE","CUSTOMER","INVOICES","PAYMENTS","WORKDONE"]}
{"timestamp":"2026-02-13T07:48:33.066Z","runId":272,"level":"debug","phase":"table_loop","action":"mapping_resolved","tableName":"JOB_INFORMATION","hasMappingEntry":true,"mappingTarget":"JOB_INFORMATION"}
{"timestamp":"2026-02-13T07:48:33.067Z","runId":272,"level":"debug","phase":"mapping_debug","tableName":"JOB_INFORMATION","mappedSource":"JOB_INFORMATION","firebirdTableCount":191,"sampleFirebirdTables":["ACCCLASS","ACCDEPARTMENT","ACCOUNTLINKS","ACCOUNTS","ACCOUNT_OPENING"]}
{"timestamp":"2026-02-13T07:48:33.171Z","runId":272,"level":"debug","phase":"clean_decision","tableName":"JOB_INFORMATION","cleanBefore":true,"dryRun":false,"mode":"INSERT"}
{"timestamp":"2026-02-13T07:48:33.171Z","runId":272,"type":"table_cleaning_started","table":"JOB_INFORMATION","tableRunId":363}
{"timestamp":"2026-02-13T07:48:33.171Z","runId":272,"level":"info","phase":"clean","tableName":"JOB_INFORMATION","tableRunId":363,"status":"start"}
{"timestamp":"2026-02-13T07:48:33.172Z","runId":272,"level":"debug","phase":"clean","tableName":"JOB_INFORMATION","tableRunId":363,"action":"fk_checks_disabled"}
{"timestamp":"2026-02-13T07:48:33.225Z","runId":272,"level":"info","phase":"clean","tableName":"JOB_INFORMATION","tableRunId":363,"status":"success","method":"TRUNCATE","affectedRows":null,"postCount":0,"durationMs":54}
{"timestamp":"2026-02-13T07:48:33.231Z","runId":272,"type":"table_cleaned","table":"JOB_INFORMATION","tableRunId":363,"method":"TRUNCATE","affectedRows":null,"postCount":0}
{"timestamp":"2026-02-13T07:48:33.232Z","runId":272,"level":"debug","phase":"clean","tableName":"JOB_INFORMATION","tableRunId":363,"action":"fk_checks_restored"}
{"timestamp":"2026-02-13T07:48:33.233Z","runId":272,"level":"info","phase":"table_start","tableName":"JOB_INFORMATION","tableRunId":363,"mode":"INSERT","keyStrategy":"preserve","dedupeKeys":[]}
{"timestamp":"2026-02-13T07:48:33.318Z","runId":272,"level":"info","phase":"fetch","tableName":"JOB_INFORMATION","tableRunId":363,"sourceRows":22}
{"timestamp":"2026-02-13T07:48:33.410Z","runId":272,"level":"debug","phase":"write","tableName":"JOB_INFORMATION","tableRunId":363,"status":"start","batchSize":22}
{"timestamp":"2026-02-13T07:48:33.418Z","runId":272,"level":"debug","phase":"write","tableName":"JOB_INFORMATION","tableRunId":363,"status":"end","inserted":22,"updated":0,"skipped":0,"durationMs":8}
{"timestamp":"2026-02-13T07:48:33.438Z","runId":272,"level":"info","phase":"table_finalize","tableName":"JOB_INFORMATION","tableRunId":363,"status":"success","inserted":22,"updated":0,"skipped":0,"errors":0,"durationMs":196}
{"timestamp":"2026-02-13T07:48:33.447Z","runId":272,"level":"info","phase":"run_finalize","status":"success"}
