{"timestamp":"2026-02-13T07:52:16.111Z","runId":275,"level":"info","phase":"run_start","dryRun":false,"batchSize":1000,"fkChecks":true,"tables":[{"table":"STOCK","mode":"INSERT","keyStrategy":"preserve","dedupeKeys":[],"onDuplicate":"SKIP","cleanBefore":true},{"table":"LABOUR_PRICING","mode":"INSERT","keyStrategy":"preserve","dedupeKeys":[],"onDuplicate":"SKIP","cleanBefore":true}]}
{"timestamp":"2026-02-13T07:52:16.168Z","runId":275,"level":"info","phase":"preflight","attempt":1,"status":"ok"}
{"timestamp":"2026-02-13T07:52:16.169Z","runId":275,"level":"debug","phase":"preflight","durationMs":57}
{"timestamp":"2026-02-13T07:52:16.169Z","runId":275,"level":"info","phase":"preflight","action":"nullability_validation","status":"start"}
{"timestamp":"2026-02-13T07:52:16.172Z","runId":275,"level":"info","phase":"preflight","action":"nullability_validation","status":"passed"}
{"timestamp":"2026-02-13T07:52:16.239Z","runId":275,"level":"debug","phase":"table_loop","action":"starting","includedCount":2,"mappingTableCount":2}
{"timestamp":"2026-02-13T07:52:16.240Z","runId":275,"level":"info","phase":"table_loop","action":"normalized_tables","sampleTables":["STOCK","LABOUR_PRICING"]}
{"timestamp":"2026-02-13T07:52:16.240Z","runId":275,"level":"debug","phase":"table_loop","action":"processing","tableName":"STOCK","mappingTableKeys":["STOCK","PRICING"]}
{"timestamp":"2026-02-13T07:52:16.240Z","runId":275,"level":"debug","phase":"table_loop","action":"mapping_resolved","tableName":"STOCK","hasMappingEntry":true,"mappingTarget":"STOCK"}
{"timestamp":"2026-02-13T07:52:16.240Z","runId":275,"level":"debug","phase":"mapping_debug","tableName":"STOCK","mappedSource":"STOCK","firebirdTableCount":191,"sampleFirebirdTables":["ACCCLASS","ACCDEPARTMENT","ACCOUNTLINKS","ACCOUNTS","ACCOUNT_OPENING"]}
{"timestamp":"2026-02-13T07:52:16.314Z","runId":275,"level":"debug","phase":"clean_decision","tableName":"STOCK","cleanBefore":true,"dryRun":false,"mode":"INSERT"}
{"timestamp":"2026-02-13T07:52:16.315Z","runId":275,"type":"table_cleaning_started","table":"STOCK","tableRunId":366}
{"timestamp":"2026-02-13T07:52:16.315Z","runId":275,"level":"info","phase":"clean","tableName":"STOCK","tableRunId":366,"status":"start"}
{"timestamp":"2026-02-13T07:52:16.316Z","runId":275,"level":"debug","phase":"clean","tableName":"STOCK","tableRunId":366,"action":"fk_checks_disabled"}
{"timestamp":"2026-02-13T07:52:16.349Z","runId":275,"level":"info","phase":"clean","tableName":"STOCK","tableRunId":366,"status":"success","method":"TRUNCATE","affectedRows":null,"postCount":0,"durationMs":34}
{"timestamp":"2026-02-13T07:52:16.358Z","runId":275,"type":"table_cleaned","table":"STOCK","tableRunId":366,"method":"TRUNCATE","affectedRows":null,"postCount":0}
{"timestamp":"2026-02-13T07:52:16.359Z","runId":275,"level":"debug","phase":"clean","tableName":"STOCK","tableRunId":366,"action":"fk_checks_restored"}
{"timestamp":"2026-02-13T07:52:16.359Z","runId":275,"level":"info","phase":"table_start","tableName":"STOCK","tableRunId":366,"mode":"INSERT","keyStrategy":"preserve","dedupeKeys":[]}
{"timestamp":"2026-02-13T07:52:16.438Z","runId":275,"level":"info","phase":"fetch","tableName":"STOCK","tableRunId":366,"sourceRows":76}
{"timestamp":"2026-02-13T07:52:16.529Z","runId":275,"level":"debug","phase":"write","tableName":"STOCK","tableRunId":366,"status":"start","batchSize":76}
{"timestamp":"2026-02-13T07:52:16.537Z","runId":275,"level":"debug","phase":"write","tableName":"STOCK","tableRunId":366,"status":"end","inserted":76,"updated":0,"skipped":0,"durationMs":8}
{"timestamp":"2026-02-13T07:52:16.548Z","runId":275,"level":"info","phase":"table_finalize","tableName":"STOCK","tableRunId":366,"status":"success","inserted":76,"updated":0,"skipped":0,"errors":0,"durationMs":184}
{"timestamp":"2026-02-13T07:52:16.548Z","runId":275,"level":"debug","phase":"table_loop","action":"processing","tableName":"LABOUR_PRICING","mappingTableKeys":["STOCK","PRICING"]}
{"timestamp":"2026-02-13T07:52:16.549Z","runId":275,"level":"debug","phase":"table_loop","action":"mapping_resolved","tableName":"LABOUR_PRICING","hasMappingEntry":true,"mappingTarget":"LABOUR_PRICING"}
{"timestamp":"2026-02-13T07:52:16.549Z","runId":275,"level":"debug","phase":"mapping_debug","tableName":"LABOUR_PRICING","mappedSource":"PRICING","firebirdTableCount":191,"sampleFirebirdTables":["ACCCLASS","ACCDEPARTMENT","ACCOUNTLINKS","ACCOUNTS","ACCOUNT_OPENING"]}
{"timestamp":"2026-02-13T07:52:16.617Z","runId":275,"level":"debug","phase":"clean_decision","tableName":"LABOUR_PRICING","cleanBefore":true,"dryRun":false,"mode":"INSERT"}
{"timestamp":"2026-02-13T07:52:16.617Z","runId":275,"type":"table_cleaning_started","table":"LABOUR_PRICING","tableRunId":367}
{"timestamp":"2026-02-13T07:52:16.618Z","runId":275,"level":"info","phase":"clean","tableName":"LABOUR_PRICING","tableRunId":367,"status":"start"}
{"timestamp":"2026-02-13T07:52:16.618Z","runId":275,"level":"debug","phase":"clean","tableName":"LABOUR_PRICING","tableRunId":367,"action":"fk_checks_disabled"}
{"timestamp":"2026-02-13T07:52:16.647Z","runId":275,"level":"info","phase":"clean","tableName":"LABOUR_PRICING","tableRunId":367,"status":"success","method":"TRUNCATE","affectedRows":null,"postCount":0,"durationMs":29}
{"timestamp":"2026-02-13T07:52:16.653Z","runId":275,"type":"table_cleaned","table":"LABOUR_PRICING","tableRunId":367,"method":"TRUNCATE","affectedRows":null,"postCount":0}
{"timestamp":"2026-02-13T07:52:16.654Z","runId":275,"level":"debug","phase":"clean","tableName":"LABOUR_PRICING","tableRunId":367,"action":"fk_checks_restored"}
{"timestamp":"2026-02-13T07:52:16.654Z","runId":275,"level":"info","phase":"table_start","tableName":"LABOUR_PRICING","tableRunId":367,"mode":"INSERT","keyStrategy":"preserve","dedupeKeys":[]}
{"timestamp":"2026-02-13T07:52:17.425Z","runId":275,"level":"error","phase":"run_error","error":"Your user name and password are not defined. Ask your database\nadministrator to set up a Firebird login\n. Likely causes: empty user, empty password, Firebird Embedded security misconfiguration, or connecting to the wrong server/port. Verify credentials on Setup. Config used: host=localhost port=3050 database=C:\\Autoneer\\data\\AUTONEER.FDB user=SYSDBA","stack":"Error: Your user name and password are not defined. Ask your database\nadministrator to set up a Firebird login\n\n    at doCallback (C:\\Projects\\Autoneer-Migrate\\node_modules\\node-firebird\\lib\\callback.js:23:21)\n    at C:\\Projects\\Autoneer-Migrate\\node_modules\\node-firebird\\lib\\wire\\connection.js:172:21"}
