{"timestamp":"2026-02-13T07:52:56.745Z","runId":276,"level":"info","phase":"run_start","dryRun":false,"batchSize":1000,"fkChecks":true,"tables":[{"table":"SUPPLIERS","mode":"INSERT","keyStrategy":"preserve","dedupeKeys":[],"onDuplicate":"SKIP","cleanBefore":true},{"table":"INVOICE_ITEMS","mode":"INSERT","keyStrategy":"preserve","dedupeKeys":[],"onDuplicate":"SKIP","cleanBefore":true},{"table":"INVOICES_SUPPLIER","mode":"INSERT","keyStrategy":"preserve","dedupeKeys":[],"onDuplicate":"SKIP","cleanBefore":true},{"table":"PAYMENTS_SUPPLIERS","mode":"INSERT","keyStrategy":"preserve","dedupeKeys":[],"onDuplicate":"SKIP","cleanBefore":true},{"table":"CREDIT_NOTES_SUPPLIER","mode":"INSERT","keyStrategy":"preserve","dedupeKeys":[],"onDuplicate":"SKIP","cleanBefore":true}]}
{"timestamp":"2026-02-13T07:52:57.562Z","runId":276,"level":"info","phase":"preflight","attempt":1,"status":"ok"}
{"timestamp":"2026-02-13T07:52:57.562Z","runId":276,"level":"debug","phase":"preflight","durationMs":816}
{"timestamp":"2026-02-13T07:52:57.562Z","runId":276,"level":"info","phase":"preflight","action":"nullability_validation","status":"start"}
{"timestamp":"2026-02-13T07:52:57.567Z","runId":276,"level":"info","phase":"preflight","action":"nullability_validation","status":"passed"}
{"timestamp":"2026-02-13T07:52:57.631Z","runId":276,"level":"debug","phase":"table_loop","action":"starting","includedCount":5,"mappingTableCount":5}
{"timestamp":"2026-02-13T07:52:57.631Z","runId":276,"level":"info","phase":"table_loop","action":"normalized_tables","sampleTables":["SUPPLIERS","INVOICE_ITEMS","INVOICES_SUPPLIER","PAYMENTS_SUPPLIERS","CREDIT_NOTES_SUPPLIER"]}
{"timestamp":"2026-02-13T07:52:57.632Z","runId":276,"level":"debug","phase":"table_loop","action":"processing","tableName":"SUPPLIERS","mappingTableKeys":["INVTOTAL","SUPPLIER","CNOTESUPP","PAYMENTSSUPP","INVOICESUPPLIER"]}
{"timestamp":"2026-02-13T07:52:57.632Z","runId":276,"level":"debug","phase":"table_loop","action":"mapping_resolved","tableName":"SUPPLIERS","hasMappingEntry":true,"mappingTarget":"SUPPLIERS"}
{"timestamp":"2026-02-13T07:52:57.632Z","runId":276,"level":"debug","phase":"mapping_debug","tableName":"SUPPLIERS","mappedSource":"SUPPLIER","firebirdTableCount":191,"sampleFirebirdTables":["ACCCLASS","ACCDEPARTMENT","ACCOUNTLINKS","ACCOUNTS","ACCOUNT_OPENING"]}
{"timestamp":"2026-02-13T07:52:57.704Z","runId":276,"level":"debug","phase":"clean_decision","tableName":"SUPPLIERS","cleanBefore":true,"dryRun":false,"mode":"INSERT"}
{"timestamp":"2026-02-13T07:52:57.704Z","runId":276,"type":"table_cleaning_started","table":"SUPPLIERS","tableRunId":368}
{"timestamp":"2026-02-13T07:52:57.704Z","runId":276,"level":"info","phase":"clean","tableName":"SUPPLIERS","tableRunId":368,"status":"start"}
{"timestamp":"2026-02-13T07:52:57.705Z","runId":276,"level":"debug","phase":"clean","tableName":"SUPPLIERS","tableRunId":368,"action":"fk_checks_disabled"}
{"timestamp":"2026-02-13T07:52:57.735Z","runId":276,"level":"info","phase":"clean","tableName":"SUPPLIERS","tableRunId":368,"status":"success","method":"TRUNCATE","affectedRows":null,"postCount":0,"durationMs":30}
{"timestamp":"2026-02-13T07:52:57.744Z","runId":276,"type":"table_cleaned","table":"SUPPLIERS","tableRunId":368,"method":"TRUNCATE","affectedRows":null,"postCount":0}
{"timestamp":"2026-02-13T07:52:57.745Z","runId":276,"level":"debug","phase":"clean","tableName":"SUPPLIERS","tableRunId":368,"action":"fk_checks_restored"}
{"timestamp":"2026-02-13T07:52:57.745Z","runId":276,"level":"info","phase":"table_start","tableName":"SUPPLIERS","tableRunId":368,"mode":"INSERT","keyStrategy":"preserve","dedupeKeys":[]}
{"timestamp":"2026-02-13T07:52:57.824Z","runId":276,"level":"info","phase":"fetch","tableName":"SUPPLIERS","tableRunId":368,"sourceRows":22}
{"timestamp":"2026-02-13T07:52:58.637Z","runId":276,"level":"debug","phase":"write","tableName":"SUPPLIERS","tableRunId":368,"status":"start","batchSize":22}
{"timestamp":"2026-02-13T07:52:58.642Z","runId":276,"level":"debug","phase":"write","tableName":"SUPPLIERS","tableRunId":368,"status":"end","inserted":22,"updated":0,"skipped":0,"durationMs":5}
{"timestamp":"2026-02-13T07:52:58.655Z","runId":276,"level":"info","phase":"table_finalize","tableName":"SUPPLIERS","tableRunId":368,"status":"success","inserted":22,"updated":0,"skipped":0,"errors":0,"durationMs":904}
{"timestamp":"2026-02-13T07:52:58.655Z","runId":276,"level":"debug","phase":"table_loop","action":"processing","tableName":"INVOICE_ITEMS","mappingTableKeys":["INVTOTAL","SUPPLIER","CNOTESUPP","PAYMENTSSUPP","INVOICESUPPLIER"]}
{"timestamp":"2026-02-13T07:52:58.656Z","runId":276,"level":"debug","phase":"table_loop","action":"mapping_resolved","tableName":"INVOICE_ITEMS","hasMappingEntry":true,"mappingTarget":"INVOICE_ITEMS"}
{"timestamp":"2026-02-13T07:52:58.656Z","runId":276,"level":"debug","phase":"mapping_debug","tableName":"INVOICE_ITEMS","mappedSource":"INVTOTAL","firebirdTableCount":191,"sampleFirebirdTables":["ACCCLASS","ACCDEPARTMENT","ACCOUNTLINKS","ACCOUNTS","ACCOUNT_OPENING"]}
{"timestamp":"2026-02-13T07:52:58.727Z","runId":276,"level":"debug","phase":"clean_decision","tableName":"INVOICE_ITEMS","cleanBefore":true,"dryRun":false,"mode":"INSERT"}
{"timestamp":"2026-02-13T07:52:58.728Z","runId":276,"type":"table_cleaning_started","table":"INVOICE_ITEMS","tableRunId":369}
{"timestamp":"2026-02-13T07:52:58.728Z","runId":276,"level":"info","phase":"clean","tableName":"INVOICE_ITEMS","tableRunId":369,"status":"start"}
{"timestamp":"2026-02-13T07:52:58.729Z","runId":276,"level":"debug","phase":"clean","tableName":"INVOICE_ITEMS","tableRunId":369,"action":"fk_checks_disabled"}
{"timestamp":"2026-02-13T07:52:58.760Z","runId":276,"level":"info","phase":"clean","tableName":"INVOICE_ITEMS","tableRunId":369,"status":"success","method":"TRUNCATE","affectedRows":null,"postCount":0,"durationMs":32}
{"timestamp":"2026-02-13T07:52:58.767Z","runId":276,"type":"table_cleaned","table":"INVOICE_ITEMS","tableRunId":369,"method":"TRUNCATE","affectedRows":null,"postCount":0}
{"timestamp":"2026-02-13T07:52:58.768Z","runId":276,"level":"debug","phase":"clean","tableName":"INVOICE_ITEMS","tableRunId":369,"action":"fk_checks_restored"}
{"timestamp":"2026-02-13T07:52:58.768Z","runId":276,"level":"info","phase":"table_start","tableName":"INVOICE_ITEMS","tableRunId":369,"mode":"INSERT","keyStrategy":"preserve","dedupeKeys":[]}
{"timestamp":"2026-02-13T07:52:58.847Z","runId":276,"level":"info","phase":"fetch","tableName":"INVOICE_ITEMS","tableRunId":369,"sourceRows":58}
{"timestamp":"2026-02-13T07:52:58.931Z","runId":276,"level":"debug","phase":"write","tableName":"INVOICE_ITEMS","tableRunId":369,"status":"start","batchSize":58}
{"timestamp":"2026-02-13T07:52:58.937Z","runId":276,"level":"debug","phase":"write","tableName":"INVOICE_ITEMS","tableRunId":369,"status":"end","inserted":58,"updated":0,"skipped":0,"durationMs":6}
{"timestamp":"2026-02-13T07:52:58.949Z","runId":276,"level":"info","phase":"table_finalize","tableName":"INVOICE_ITEMS","tableRunId":369,"status":"success","inserted":58,"updated":0,"skipped":0,"errors":0,"durationMs":175}
{"timestamp":"2026-02-13T07:52:58.949Z","runId":276,"level":"debug","phase":"table_loop","action":"processing","tableName":"INVOICES_SUPPLIER","mappingTableKeys":["INVTOTAL","SUPPLIER","CNOTESUPP","PAYMENTSSUPP","INVOICESUPPLIER"]}
{"timestamp":"2026-02-13T07:52:58.950Z","runId":276,"level":"debug","phase":"table_loop","action":"mapping_resolved","tableName":"INVOICES_SUPPLIER","hasMappingEntry":true,"mappingTarget":"INVOICES_SUPPLIER"}
{"timestamp":"2026-02-13T07:52:58.950Z","runId":276,"level":"debug","phase":"mapping_debug","tableName":"INVOICES_SUPPLIER","mappedSource":"INVOICESUPPLIER","firebirdTableCount":191,"sampleFirebirdTables":["ACCCLASS","ACCDEPARTMENT","ACCOUNTLINKS","ACCOUNTS","ACCOUNT_OPENING"]}
{"timestamp":"2026-02-13T07:52:59.016Z","runId":276,"level":"debug","phase":"clean_decision","tableName":"INVOICES_SUPPLIER","cleanBefore":true,"dryRun":false,"mode":"INSERT"}
{"timestamp":"2026-02-13T07:52:59.017Z","runId":276,"type":"table_cleaning_started","table":"INVOICES_SUPPLIER","tableRunId":370}
{"timestamp":"2026-02-13T07:52:59.017Z","runId":276,"level":"info","phase":"clean","tableName":"INVOICES_SUPPLIER","tableRunId":370,"status":"start"}
{"timestamp":"2026-02-13T07:52:59.018Z","runId":276,"level":"debug","phase":"clean","tableName":"INVOICES_SUPPLIER","tableRunId":370,"action":"fk_checks_disabled"}
{"timestamp":"2026-02-13T07:52:59.048Z","runId":276,"level":"info","phase":"clean","tableName":"INVOICES_SUPPLIER","tableRunId":370,"status":"success","method":"TRUNCATE","affectedRows":null,"postCount":0,"durationMs":31}
{"timestamp":"2026-02-13T07:52:59.054Z","runId":276,"type":"table_cleaned","table":"INVOICES_SUPPLIER","tableRunId":370,"method":"TRUNCATE","affectedRows":null,"postCount":0}
{"timestamp":"2026-02-13T07:52:59.055Z","runId":276,"level":"debug","phase":"clean","tableName":"INVOICES_SUPPLIER","tableRunId":370,"action":"fk_checks_restored"}
{"timestamp":"2026-02-13T07:52:59.055Z","runId":276,"level":"info","phase":"table_start","tableName":"INVOICES_SUPPLIER","tableRunId":370,"mode":"INSERT","keyStrategy":"preserve","dedupeKeys":[]}
{"timestamp":"2026-02-13T07:52:59.133Z","runId":276,"level":"info","phase":"fetch","tableName":"INVOICES_SUPPLIER","tableRunId":370,"sourceRows":27}
{"timestamp":"2026-02-13T07:52:59.212Z","runId":276,"level":"debug","phase":"write","tableName":"INVOICES_SUPPLIER","tableRunId":370,"status":"start","batchSize":27}
{"timestamp":"2026-02-13T07:52:59.216Z","runId":276,"level":"debug","phase":"write","tableName":"INVOICES_SUPPLIER","tableRunId":370,"status":"end","inserted":27,"updated":0,"skipped":0,"durationMs":4}
{"timestamp":"2026-02-13T07:52:59.229Z","runId":276,"level":"info","phase":"table_finalize","tableName":"INVOICES_SUPPLIER","tableRunId":370,"status":"success","inserted":27,"updated":0,"skipped":0,"errors":0,"durationMs":168}
{"timestamp":"2026-02-13T07:52:59.229Z","runId":276,"level":"debug","phase":"table_loop","action":"processing","tableName":"PAYMENTS_SUPPLIERS","mappingTableKeys":["INVTOTAL","SUPPLIER","CNOTESUPP","PAYMENTSSUPP","INVOICESUPPLIER"]}
{"timestamp":"2026-02-13T07:52:59.229Z","runId":276,"level":"debug","phase":"table_loop","action":"mapping_resolved","tableName":"PAYMENTS_SUPPLIERS","hasMappingEntry":true,"mappingTarget":"PAYMENTS_SUPPLIERS"}
{"timestamp":"2026-02-13T07:52:59.230Z","runId":276,"level":"debug","phase":"mapping_debug","tableName":"PAYMENTS_SUPPLIERS","mappedSource":"PAYMENTSSUPP","firebirdTableCount":191,"sampleFirebirdTables":["ACCCLASS","ACCDEPARTMENT","ACCOUNTLINKS","ACCOUNTS","ACCOUNT_OPENING"]}
{"timestamp":"2026-02-13T07:52:59.292Z","runId":276,"level":"debug","phase":"clean_decision","tableName":"PAYMENTS_SUPPLIERS","cleanBefore":true,"dryRun":false,"mode":"INSERT"}
{"timestamp":"2026-02-13T07:52:59.293Z","runId":276,"type":"table_cleaning_started","table":"PAYMENTS_SUPPLIERS","tableRunId":371}
{"timestamp":"2026-02-13T07:52:59.293Z","runId":276,"level":"info","phase":"clean","tableName":"PAYMENTS_SUPPLIERS","tableRunId":371,"status":"start"}
{"timestamp":"2026-02-13T07:52:59.294Z","runId":276,"level":"debug","phase":"clean","tableName":"PAYMENTS_SUPPLIERS","tableRunId":371,"action":"fk_checks_disabled"}
{"timestamp":"2026-02-13T07:52:59.333Z","runId":276,"level":"info","phase":"clean","tableName":"PAYMENTS_SUPPLIERS","tableRunId":371,"status":"success","method":"TRUNCATE","affectedRows":null,"postCount":0,"durationMs":40}
{"timestamp":"2026-02-13T07:52:59.339Z","runId":276,"type":"table_cleaned","table":"PAYMENTS_SUPPLIERS","tableRunId":371,"method":"TRUNCATE","affectedRows":null,"postCount":0}
{"timestamp":"2026-02-13T07:52:59.339Z","runId":276,"level":"debug","phase":"clean","tableName":"PAYMENTS_SUPPLIERS","tableRunId":371,"action":"fk_checks_restored"}
{"timestamp":"2026-02-13T07:52:59.340Z","runId":276,"level":"info","phase":"table_start","tableName":"PAYMENTS_SUPPLIERS","tableRunId":371,"mode":"INSERT","keyStrategy":"preserve","dedupeKeys":[]}
{"timestamp":"2026-02-13T07:52:59.418Z","runId":276,"level":"info","phase":"fetch","tableName":"PAYMENTS_SUPPLIERS","tableRunId":371,"sourceRows":2}
{"timestamp":"2026-02-13T07:52:59.493Z","runId":276,"level":"debug","phase":"write","tableName":"PAYMENTS_SUPPLIERS","tableRunId":371,"status":"start","batchSize":2}
{"timestamp":"2026-02-13T07:52:59.498Z","runId":276,"level":"debug","phase":"write","tableName":"PAYMENTS_SUPPLIERS","tableRunId":371,"status":"end","inserted":2,"updated":0,"skipped":0,"durationMs":5}
{"timestamp":"2026-02-13T07:52:59.516Z","runId":276,"level":"info","phase":"table_finalize","tableName":"PAYMENTS_SUPPLIERS","tableRunId":371,"status":"success","inserted":2,"updated":0,"skipped":0,"errors":0,"durationMs":167}
{"timestamp":"2026-02-13T07:52:59.517Z","runId":276,"level":"debug","phase":"table_loop","action":"processing","tableName":"CREDIT_NOTES_SUPPLIER","mappingTableKeys":["INVTOTAL","SUPPLIER","CNOTESUPP","PAYMENTSSUPP","INVOICESUPPLIER"]}
{"timestamp":"2026-02-13T07:52:59.517Z","runId":276,"level":"debug","phase":"table_loop","action":"mapping_resolved","tableName":"CREDIT_NOTES_SUPPLIER","hasMappingEntry":true,"mappingTarget":"CREDIT_NOTES_SUPPLIER"}
{"timestamp":"2026-02-13T07:52:59.517Z","runId":276,"level":"debug","phase":"mapping_debug","tableName":"CREDIT_NOTES_SUPPLIER","mappedSource":"CNOTESUPP","firebirdTableCount":191,"sampleFirebirdTables":["ACCCLASS","ACCDEPARTMENT","ACCOUNTLINKS","ACCOUNTS","ACCOUNT_OPENING"]}
{"timestamp":"2026-02-13T07:53:00.397Z","runId":276,"level":"debug","phase":"clean_decision","tableName":"CREDIT_NOTES_SUPPLIER","cleanBefore":true,"dryRun":false,"mode":"INSERT"}
{"timestamp":"2026-02-13T07:53:00.397Z","runId":276,"type":"table_cleaning_started","table":"CREDIT_NOTES_SUPPLIER","tableRunId":372}
{"timestamp":"2026-02-13T07:53:00.398Z","runId":276,"level":"info","phase":"clean","tableName":"CREDIT_NOTES_SUPPLIER","tableRunId":372,"status":"start"}
{"timestamp":"2026-02-13T07:53:00.399Z","runId":276,"level":"debug","phase":"clean","tableName":"CREDIT_NOTES_SUPPLIER","tableRunId":372,"action":"fk_checks_disabled"}
{"timestamp":"2026-02-13T07:53:00.432Z","runId":276,"level":"info","phase":"clean","tableName":"CREDIT_NOTES_SUPPLIER","tableRunId":372,"status":"success","method":"TRUNCATE","affectedRows":null,"postCount":0,"durationMs":34}
{"timestamp":"2026-02-13T07:53:00.438Z","runId":276,"type":"table_cleaned","table":"CREDIT_NOTES_SUPPLIER","tableRunId":372,"method":"TRUNCATE","affectedRows":null,"postCount":0}
{"timestamp":"2026-02-13T07:53:00.439Z","runId":276,"level":"debug","phase":"clean","tableName":"CREDIT_NOTES_SUPPLIER","tableRunId":372,"action":"fk_checks_restored"}
{"timestamp":"2026-02-13T07:53:00.439Z","runId":276,"level":"info","phase":"table_start","tableName":"CREDIT_NOTES_SUPPLIER","tableRunId":372,"mode":"INSERT","keyStrategy":"preserve","dedupeKeys":[]}
{"timestamp":"2026-02-13T07:53:00.525Z","runId":276,"level":"info","phase":"fetch","tableName":"CREDIT_NOTES_SUPPLIER","tableRunId":372,"sourceRows":0}
{"timestamp":"2026-02-13T07:53:00.533Z","runId":276,"level":"info","phase":"table_finalize","tableName":"CREDIT_NOTES_SUPPLIER","tableRunId":372,"status":"success","inserted":0,"updated":0,"skipped":0,"errors":0,"durationMs":86}
{"timestamp":"2026-02-13T07:53:00.538Z","runId":276,"level":"info","phase":"run_finalize","status":"success"}
