{"timestamp":"2026-02-16T15:20:00.603Z","runId":295,"level":"info","phase":"run_start","dryRun":false,"batchSize":1000,"fkChecks":true,"tables":[{"table":"STOCK","mode":"INSERT","keyStrategy":"preserve","dedupeKeys":[],"onDuplicate":"SKIP","cleanBefore":true},{"table":"LABOUR_PRICING","mode":"INSERT","keyStrategy":"preserve","dedupeKeys":[],"onDuplicate":"SKIP","cleanBefore":true}]}
{"timestamp":"2026-02-16T15:20:00.604Z","runId":295,"level":"info","phase":"preflight","action":"firebird_config_check","host":"localhost","port":3050,"database":"C:\\Autoneer\\data\\AUTONEER.FDB","user":"SYSDBA","passwordSet":true,"passwordLength":9,"passwordSource":"state","useDefaultSysdbaMasterkey":true,"rawPasswordSet":true,"rawPasswordLength":9}
{"timestamp":"2026-02-16T15:20:00.660Z","runId":295,"level":"info","phase":"preflight","attempt":1,"status":"ok"}
{"timestamp":"2026-02-16T15:20:00.661Z","runId":295,"level":"debug","phase":"preflight","durationMs":57}
{"timestamp":"2026-02-16T15:20:00.662Z","runId":295,"level":"info","phase":"preflight","action":"nullability_validation","status":"start"}
{"timestamp":"2026-02-16T15:20:00.666Z","runId":295,"level":"info","phase":"preflight","action":"nullability_validation","status":"passed"}
{"timestamp":"2026-02-16T15:20:00.735Z","runId":295,"level":"debug","phase":"table_loop","action":"starting","includedCount":2,"mappingTableCount":2}
{"timestamp":"2026-02-16T15:20:00.736Z","runId":295,"level":"info","phase":"table_loop","action":"normalized_tables","sampleTables":["STOCK","LABOUR_PRICING"]}
{"timestamp":"2026-02-16T15:20:00.737Z","runId":295,"level":"debug","phase":"table_loop","action":"processing","tableName":"STOCK","mappingTableKeys":["STOCK","PRICING"]}
{"timestamp":"2026-02-16T15:20:00.737Z","runId":295,"level":"debug","phase":"table_loop","action":"mapping_resolved","tableName":"STOCK","hasMappingEntry":true,"mappingTarget":"STOCK"}
{"timestamp":"2026-02-16T15:20:00.737Z","runId":295,"level":"debug","phase":"mapping_debug","tableName":"STOCK","mappedSource":"STOCK","firebirdTableCount":191,"sampleFirebirdTables":["ACCCLASS","ACCDEPARTMENT","ACCOUNTLINKS","ACCOUNTS","ACCOUNT_OPENING"]}
{"timestamp":"2026-02-16T15:20:00.818Z","runId":295,"level":"debug","phase":"clean_decision","tableName":"STOCK","cleanBefore":true,"dryRun":false,"mode":"INSERT"}
{"timestamp":"2026-02-16T15:20:00.819Z","runId":295,"type":"table_cleaning_started","table":"STOCK","tableRunId":434}
{"timestamp":"2026-02-16T15:20:00.819Z","runId":295,"level":"info","phase":"clean","tableName":"STOCK","tableRunId":434,"status":"start"}
{"timestamp":"2026-02-16T15:20:00.820Z","runId":295,"level":"debug","phase":"clean","tableName":"STOCK","tableRunId":434,"action":"fk_checks_disabled"}
{"timestamp":"2026-02-16T15:20:00.851Z","runId":295,"level":"info","phase":"clean","tableName":"STOCK","tableRunId":434,"status":"success","method":"TRUNCATE","affectedRows":null,"postCount":0,"durationMs":32}
{"timestamp":"2026-02-16T15:20:00.860Z","runId":295,"type":"table_cleaned","table":"STOCK","tableRunId":434,"method":"TRUNCATE","affectedRows":null,"postCount":0}
{"timestamp":"2026-02-16T15:20:00.860Z","runId":295,"level":"debug","phase":"clean","tableName":"STOCK","tableRunId":434,"action":"fk_checks_restored"}
{"timestamp":"2026-02-16T15:20:00.861Z","runId":295,"level":"info","phase":"table_start","tableName":"STOCK","tableRunId":434,"mode":"INSERT","keyStrategy":"preserve","dedupeKeys":[]}
{"timestamp":"2026-02-16T15:20:01.754Z","runId":295,"level":"info","phase":"fetch","tableName":"STOCK","tableRunId":434,"sourceRows":76}
{"timestamp":"2026-02-16T15:20:01.838Z","runId":295,"level":"debug","phase":"write","tableName":"STOCK","tableRunId":434,"status":"start","batchSize":76}
{"timestamp":"2026-02-16T15:20:01.846Z","runId":295,"level":"debug","phase":"write","tableName":"STOCK","tableRunId":434,"status":"end","inserted":76,"updated":0,"skipped":0,"durationMs":8}
{"timestamp":"2026-02-16T15:20:01.858Z","runId":295,"level":"info","phase":"table_finalize","tableName":"STOCK","tableRunId":434,"status":"success","inserted":76,"updated":0,"skipped":0,"errors":0,"durationMs":991}
{"timestamp":"2026-02-16T15:20:01.858Z","runId":295,"level":"debug","phase":"table_loop","action":"processing","tableName":"LABOUR_PRICING","mappingTableKeys":["STOCK","PRICING"]}
{"timestamp":"2026-02-16T15:20:01.859Z","runId":295,"level":"debug","phase":"table_loop","action":"mapping_resolved","tableName":"LABOUR_PRICING","hasMappingEntry":true,"mappingTarget":"LABOUR_PRICING"}
{"timestamp":"2026-02-16T15:20:01.859Z","runId":295,"level":"debug","phase":"mapping_debug","tableName":"LABOUR_PRICING","mappedSource":"PRICING","firebirdTableCount":191,"sampleFirebirdTables":["ACCCLASS","ACCDEPARTMENT","ACCOUNTLINKS","ACCOUNTS","ACCOUNT_OPENING"]}
{"timestamp":"2026-02-16T15:20:01.928Z","runId":295,"level":"debug","phase":"clean_decision","tableName":"LABOUR_PRICING","cleanBefore":true,"dryRun":false,"mode":"INSERT"}
{"timestamp":"2026-02-16T15:20:01.929Z","runId":295,"type":"table_cleaning_started","table":"LABOUR_PRICING","tableRunId":435}
{"timestamp":"2026-02-16T15:20:01.929Z","runId":295,"level":"info","phase":"clean","tableName":"LABOUR_PRICING","tableRunId":435,"status":"start"}
{"timestamp":"2026-02-16T15:20:01.930Z","runId":295,"level":"debug","phase":"clean","tableName":"LABOUR_PRICING","tableRunId":435,"action":"fk_checks_disabled"}
{"timestamp":"2026-02-16T15:20:01.960Z","runId":295,"level":"info","phase":"clean","tableName":"LABOUR_PRICING","tableRunId":435,"status":"success","method":"TRUNCATE","affectedRows":null,"postCount":0,"durationMs":31}
{"timestamp":"2026-02-16T15:20:01.967Z","runId":295,"type":"table_cleaned","table":"LABOUR_PRICING","tableRunId":435,"method":"TRUNCATE","affectedRows":null,"postCount":0}
{"timestamp":"2026-02-16T15:20:01.968Z","runId":295,"level":"debug","phase":"clean","tableName":"LABOUR_PRICING","tableRunId":435,"action":"fk_checks_restored"}
{"timestamp":"2026-02-16T15:20:01.968Z","runId":295,"level":"info","phase":"table_start","tableName":"LABOUR_PRICING","tableRunId":435,"mode":"INSERT","keyStrategy":"preserve","dedupeKeys":[]}
{"timestamp":"2026-02-16T15:20:02.039Z","runId":295,"level":"info","phase":"fetch","tableName":"LABOUR_PRICING","tableRunId":435,"sourceRows":2841}
{"timestamp":"2026-02-16T15:20:02.719Z","runId":295,"level":"debug","phase":"write","tableName":"LABOUR_PRICING","tableRunId":435,"status":"start","batchSize":1000}
{"timestamp":"2026-02-16T15:20:02.740Z","runId":295,"level":"debug","phase":"write","tableName":"LABOUR_PRICING","tableRunId":435,"status":"end","inserted":1000,"updated":0,"skipped":0,"durationMs":21}
{"timestamp":"2026-02-16T15:20:02.828Z","runId":295,"level":"debug","phase":"write","tableName":"LABOUR_PRICING","tableRunId":435,"status":"start","batchSize":1000}
{"timestamp":"2026-02-16T15:20:02.849Z","runId":295,"level":"debug","phase":"write","tableName":"LABOUR_PRICING","tableRunId":435,"status":"end","inserted":1000,"updated":0,"skipped":0,"durationMs":21}
{"timestamp":"2026-02-16T15:20:02.933Z","runId":295,"level":"debug","phase":"write","tableName":"LABOUR_PRICING","tableRunId":435,"status":"start","batchSize":841}
{"timestamp":"2026-02-16T15:20:02.950Z","runId":295,"level":"debug","phase":"write","tableName":"LABOUR_PRICING","tableRunId":435,"status":"end","inserted":841,"updated":0,"skipped":0,"durationMs":17}
{"timestamp":"2026-02-16T15:20:02.964Z","runId":295,"level":"info","phase":"table_finalize","tableName":"LABOUR_PRICING","tableRunId":435,"status":"success","inserted":2841,"updated":0,"skipped":0,"errors":0,"durationMs":989}
{"timestamp":"2026-02-16T15:20:02.969Z","runId":295,"level":"info","phase":"run_finalize","status":"success"}
