{"timestamp":"2026-02-16T15:20:41.066Z","runId":296,"level":"info","phase":"run_start","dryRun":false,"batchSize":1000,"fkChecks":true,"tables":[{"table":"SUPPLIERS","mode":"INSERT","keyStrategy":"preserve","dedupeKeys":[],"onDuplicate":"SKIP","cleanBefore":true},{"table":"INVOICE_ITEMS","mode":"INSERT","keyStrategy":"preserve","dedupeKeys":[],"onDuplicate":"SKIP","cleanBefore":true},{"table":"INVOICES_SUPPLIER","mode":"INSERT","keyStrategy":"preserve","dedupeKeys":[],"onDuplicate":"SKIP","cleanBefore":true},{"table":"PAYMENTS_SUPPLIERS","mode":"INSERT","keyStrategy":"preserve","dedupeKeys":[],"onDuplicate":"SKIP","cleanBefore":true}]}
{"timestamp":"2026-02-16T15:20:41.067Z","runId":296,"level":"info","phase":"preflight","action":"firebird_config_check","host":"localhost","port":3050,"database":"C:\\Autoneer\\data\\AUTONEER.FDB","user":"SYSDBA","passwordSet":true,"passwordLength":9,"passwordSource":"state","useDefaultSysdbaMasterkey":true,"rawPasswordSet":true,"rawPasswordLength":9}
{"timestamp":"2026-02-16T15:20:41.184Z","runId":296,"level":"info","phase":"preflight","attempt":1,"status":"ok"}
{"timestamp":"2026-02-16T15:20:41.185Z","runId":296,"level":"debug","phase":"preflight","durationMs":118}
{"timestamp":"2026-02-16T15:20:41.185Z","runId":296,"level":"info","phase":"preflight","action":"nullability_validation","status":"start"}
{"timestamp":"2026-02-16T15:20:41.196Z","runId":296,"level":"info","phase":"preflight","action":"nullability_validation","status":"passed"}
{"timestamp":"2026-02-16T15:20:42.033Z","runId":296,"level":"debug","phase":"table_loop","action":"starting","includedCount":4,"mappingTableCount":5}
{"timestamp":"2026-02-16T15:20:42.034Z","runId":296,"level":"info","phase":"table_loop","action":"normalized_tables","sampleTables":["SUPPLIERS","INVOICE_ITEMS","INVOICES_SUPPLIER","PAYMENTS_SUPPLIERS"]}
{"timestamp":"2026-02-16T15:20:42.034Z","runId":296,"level":"debug","phase":"table_loop","action":"processing","tableName":"SUPPLIERS","mappingTableKeys":["INVTOTAL","SUPPLIER","CNOTESUPP","PAYMENTSSUPP","INVOICESUPPLIER"]}
{"timestamp":"2026-02-16T15:20:42.035Z","runId":296,"level":"debug","phase":"table_loop","action":"mapping_resolved","tableName":"SUPPLIERS","hasMappingEntry":true,"mappingTarget":"SUPPLIERS"}
{"timestamp":"2026-02-16T15:20:42.035Z","runId":296,"level":"debug","phase":"mapping_debug","tableName":"SUPPLIERS","mappedSource":"SUPPLIER","firebirdTableCount":191,"sampleFirebirdTables":["ACCCLASS","ACCDEPARTMENT","ACCOUNTLINKS","ACCOUNTS","ACCOUNT_OPENING"]}
{"timestamp":"2026-02-16T15:20:42.133Z","runId":296,"level":"debug","phase":"clean_decision","tableName":"SUPPLIERS","cleanBefore":true,"dryRun":false,"mode":"INSERT"}
{"timestamp":"2026-02-16T15:20:42.133Z","runId":296,"type":"table_cleaning_started","table":"SUPPLIERS","tableRunId":436}
{"timestamp":"2026-02-16T15:20:42.134Z","runId":296,"level":"info","phase":"clean","tableName":"SUPPLIERS","tableRunId":436,"status":"start"}
{"timestamp":"2026-02-16T15:20:42.135Z","runId":296,"level":"debug","phase":"clean","tableName":"SUPPLIERS","tableRunId":436,"action":"fk_checks_disabled"}
{"timestamp":"2026-02-16T15:20:42.171Z","runId":296,"level":"info","phase":"clean","tableName":"SUPPLIERS","tableRunId":436,"status":"success","method":"TRUNCATE","affectedRows":null,"postCount":0,"durationMs":37}
{"timestamp":"2026-02-16T15:20:42.182Z","runId":296,"type":"table_cleaned","table":"SUPPLIERS","tableRunId":436,"method":"TRUNCATE","affectedRows":null,"postCount":0}
{"timestamp":"2026-02-16T15:20:42.184Z","runId":296,"level":"debug","phase":"clean","tableName":"SUPPLIERS","tableRunId":436,"action":"fk_checks_restored"}
{"timestamp":"2026-02-16T15:20:42.184Z","runId":296,"level":"info","phase":"table_start","tableName":"SUPPLIERS","tableRunId":436,"mode":"INSERT","keyStrategy":"preserve","dedupeKeys":[]}
{"timestamp":"2026-02-16T15:20:42.296Z","runId":296,"level":"info","phase":"fetch","tableName":"SUPPLIERS","tableRunId":436,"sourceRows":22}
{"timestamp":"2026-02-16T15:20:42.388Z","runId":296,"level":"debug","phase":"write","tableName":"SUPPLIERS","tableRunId":436,"status":"start","batchSize":22}
{"timestamp":"2026-02-16T15:20:42.396Z","runId":296,"level":"debug","phase":"write","tableName":"SUPPLIERS","tableRunId":436,"status":"end","inserted":22,"updated":0,"skipped":0,"durationMs":8}
{"timestamp":"2026-02-16T15:20:42.417Z","runId":296,"level":"info","phase":"table_finalize","tableName":"SUPPLIERS","tableRunId":436,"status":"success","inserted":22,"updated":0,"skipped":0,"errors":0,"durationMs":222}
{"timestamp":"2026-02-16T15:20:42.418Z","runId":296,"level":"debug","phase":"table_loop","action":"processing","tableName":"INVOICE_ITEMS","mappingTableKeys":["INVTOTAL","SUPPLIER","CNOTESUPP","PAYMENTSSUPP","INVOICESUPPLIER"]}
{"timestamp":"2026-02-16T15:20:42.418Z","runId":296,"level":"debug","phase":"table_loop","action":"mapping_resolved","tableName":"INVOICE_ITEMS","hasMappingEntry":true,"mappingTarget":"INVOICE_ITEMS"}
{"timestamp":"2026-02-16T15:20:42.419Z","runId":296,"level":"debug","phase":"mapping_debug","tableName":"INVOICE_ITEMS","mappedSource":"INVTOTAL","firebirdTableCount":191,"sampleFirebirdTables":["ACCCLASS","ACCDEPARTMENT","ACCOUNTLINKS","ACCOUNTS","ACCOUNT_OPENING"]}
{"timestamp":"2026-02-16T15:20:42.517Z","runId":296,"level":"debug","phase":"clean_decision","tableName":"INVOICE_ITEMS","cleanBefore":true,"dryRun":false,"mode":"INSERT"}
{"timestamp":"2026-02-16T15:20:42.517Z","runId":296,"type":"table_cleaning_started","table":"INVOICE_ITEMS","tableRunId":437}
{"timestamp":"2026-02-16T15:20:42.518Z","runId":296,"level":"info","phase":"clean","tableName":"INVOICE_ITEMS","tableRunId":437,"status":"start"}
{"timestamp":"2026-02-16T15:20:42.519Z","runId":296,"level":"debug","phase":"clean","tableName":"INVOICE_ITEMS","tableRunId":437,"action":"fk_checks_disabled"}
{"timestamp":"2026-02-16T15:20:42.554Z","runId":296,"level":"info","phase":"clean","tableName":"INVOICE_ITEMS","tableRunId":437,"status":"success","method":"TRUNCATE","affectedRows":null,"postCount":0,"durationMs":36}
{"timestamp":"2026-02-16T15:20:42.562Z","runId":296,"type":"table_cleaned","table":"INVOICE_ITEMS","tableRunId":437,"method":"TRUNCATE","affectedRows":null,"postCount":0}
{"timestamp":"2026-02-16T15:20:42.563Z","runId":296,"level":"debug","phase":"clean","tableName":"INVOICE_ITEMS","tableRunId":437,"action":"fk_checks_restored"}
{"timestamp":"2026-02-16T15:20:42.563Z","runId":296,"level":"info","phase":"table_start","tableName":"INVOICE_ITEMS","tableRunId":437,"mode":"INSERT","keyStrategy":"preserve","dedupeKeys":[]}
{"timestamp":"2026-02-16T15:20:42.658Z","runId":296,"level":"info","phase":"fetch","tableName":"INVOICE_ITEMS","tableRunId":437,"sourceRows":58}
{"timestamp":"2026-02-16T15:20:42.762Z","runId":296,"level":"debug","phase":"write","tableName":"INVOICE_ITEMS","tableRunId":437,"status":"start","batchSize":58}
{"timestamp":"2026-02-16T15:20:42.771Z","runId":296,"level":"debug","phase":"write","tableName":"INVOICE_ITEMS","tableRunId":437,"status":"end","inserted":58,"updated":0,"skipped":0,"durationMs":9}
{"timestamp":"2026-02-16T15:20:42.791Z","runId":296,"level":"info","phase":"table_finalize","tableName":"INVOICE_ITEMS","tableRunId":437,"status":"success","inserted":58,"updated":0,"skipped":0,"errors":0,"durationMs":220}
{"timestamp":"2026-02-16T15:20:42.792Z","runId":296,"level":"debug","phase":"table_loop","action":"processing","tableName":"INVOICES_SUPPLIER","mappingTableKeys":["INVTOTAL","SUPPLIER","CNOTESUPP","PAYMENTSSUPP","INVOICESUPPLIER"]}
{"timestamp":"2026-02-16T15:20:42.792Z","runId":296,"level":"debug","phase":"table_loop","action":"mapping_resolved","tableName":"INVOICES_SUPPLIER","hasMappingEntry":true,"mappingTarget":"INVOICES_SUPPLIER"}
{"timestamp":"2026-02-16T15:20:42.793Z","runId":296,"level":"debug","phase":"mapping_debug","tableName":"INVOICES_SUPPLIER","mappedSource":"INVOICESUPPLIER","firebirdTableCount":191,"sampleFirebirdTables":["ACCCLASS","ACCDEPARTMENT","ACCOUNTLINKS","ACCOUNTS","ACCOUNT_OPENING"]}
{"timestamp":"2026-02-16T15:20:42.889Z","runId":296,"level":"debug","phase":"clean_decision","tableName":"INVOICES_SUPPLIER","cleanBefore":true,"dryRun":false,"mode":"INSERT"}
{"timestamp":"2026-02-16T15:20:42.889Z","runId":296,"type":"table_cleaning_started","table":"INVOICES_SUPPLIER","tableRunId":438}
{"timestamp":"2026-02-16T15:20:42.890Z","runId":296,"level":"info","phase":"clean","tableName":"INVOICES_SUPPLIER","tableRunId":438,"status":"start"}
{"timestamp":"2026-02-16T15:20:42.891Z","runId":296,"level":"debug","phase":"clean","tableName":"INVOICES_SUPPLIER","tableRunId":438,"action":"fk_checks_disabled"}
{"timestamp":"2026-02-16T15:20:42.929Z","runId":296,"level":"info","phase":"clean","tableName":"INVOICES_SUPPLIER","tableRunId":438,"status":"success","method":"TRUNCATE","affectedRows":null,"postCount":0,"durationMs":39}
{"timestamp":"2026-02-16T15:20:42.937Z","runId":296,"type":"table_cleaned","table":"INVOICES_SUPPLIER","tableRunId":438,"method":"TRUNCATE","affectedRows":null,"postCount":0}
{"timestamp":"2026-02-16T15:20:42.938Z","runId":296,"level":"debug","phase":"clean","tableName":"INVOICES_SUPPLIER","tableRunId":438,"action":"fk_checks_restored"}
{"timestamp":"2026-02-16T15:20:42.938Z","runId":296,"level":"info","phase":"table_start","tableName":"INVOICES_SUPPLIER","tableRunId":438,"mode":"INSERT","keyStrategy":"preserve","dedupeKeys":[]}
{"timestamp":"2026-02-16T15:20:43.824Z","runId":296,"level":"info","phase":"fetch","tableName":"INVOICES_SUPPLIER","tableRunId":438,"sourceRows":27}
{"timestamp":"2026-02-16T15:20:43.929Z","runId":296,"level":"debug","phase":"write","tableName":"INVOICES_SUPPLIER","tableRunId":438,"status":"start","batchSize":27}
{"timestamp":"2026-02-16T15:20:43.937Z","runId":296,"level":"debug","phase":"write","tableName":"INVOICES_SUPPLIER","tableRunId":438,"status":"end","inserted":27,"updated":0,"skipped":0,"durationMs":8}
{"timestamp":"2026-02-16T15:20:43.966Z","runId":296,"level":"info","phase":"table_finalize","tableName":"INVOICES_SUPPLIER","tableRunId":438,"status":"success","inserted":27,"updated":0,"skipped":0,"errors":0,"durationMs":1014}
{"timestamp":"2026-02-16T15:20:43.966Z","runId":296,"level":"debug","phase":"table_loop","action":"processing","tableName":"PAYMENTS_SUPPLIERS","mappingTableKeys":["INVTOTAL","SUPPLIER","CNOTESUPP","PAYMENTSSUPP","INVOICESUPPLIER"]}
{"timestamp":"2026-02-16T15:20:43.967Z","runId":296,"level":"debug","phase":"table_loop","action":"mapping_resolved","tableName":"PAYMENTS_SUPPLIERS","hasMappingEntry":true,"mappingTarget":"PAYMENTS_SUPPLIERS"}
{"timestamp":"2026-02-16T15:20:43.968Z","runId":296,"level":"debug","phase":"mapping_debug","tableName":"PAYMENTS_SUPPLIERS","mappedSource":"PAYMENTSSUPP","firebirdTableCount":191,"sampleFirebirdTables":["ACCCLASS","ACCDEPARTMENT","ACCOUNTLINKS","ACCOUNTS","ACCOUNT_OPENING"]}
{"timestamp":"2026-02-16T15:20:44.063Z","runId":296,"level":"debug","phase":"clean_decision","tableName":"PAYMENTS_SUPPLIERS","cleanBefore":true,"dryRun":false,"mode":"INSERT"}
{"timestamp":"2026-02-16T15:20:44.063Z","runId":296,"type":"table_cleaning_started","table":"PAYMENTS_SUPPLIERS","tableRunId":439}
{"timestamp":"2026-02-16T15:20:44.064Z","runId":296,"level":"info","phase":"clean","tableName":"PAYMENTS_SUPPLIERS","tableRunId":439,"status":"start"}
{"timestamp":"2026-02-16T15:20:44.065Z","runId":296,"level":"debug","phase":"clean","tableName":"PAYMENTS_SUPPLIERS","tableRunId":439,"action":"fk_checks_disabled"}
{"timestamp":"2026-02-16T15:20:44.121Z","runId":296,"level":"info","phase":"clean","tableName":"PAYMENTS_SUPPLIERS","tableRunId":439,"status":"success","method":"TRUNCATE","affectedRows":null,"postCount":0,"durationMs":57}
{"timestamp":"2026-02-16T15:20:44.130Z","runId":296,"type":"table_cleaned","table":"PAYMENTS_SUPPLIERS","tableRunId":439,"method":"TRUNCATE","affectedRows":null,"postCount":0}
{"timestamp":"2026-02-16T15:20:44.131Z","runId":296,"level":"debug","phase":"clean","tableName":"PAYMENTS_SUPPLIERS","tableRunId":439,"action":"fk_checks_restored"}
{"timestamp":"2026-02-16T15:20:44.132Z","runId":296,"level":"info","phase":"table_start","tableName":"PAYMENTS_SUPPLIERS","tableRunId":439,"mode":"INSERT","keyStrategy":"preserve","dedupeKeys":[]}
{"timestamp":"2026-02-16T15:20:44.231Z","runId":296,"level":"info","phase":"fetch","tableName":"PAYMENTS_SUPPLIERS","tableRunId":439,"sourceRows":2}
{"timestamp":"2026-02-16T15:20:44.333Z","runId":296,"level":"debug","phase":"write","tableName":"PAYMENTS_SUPPLIERS","tableRunId":439,"status":"start","batchSize":2}
{"timestamp":"2026-02-16T15:20:44.341Z","runId":296,"level":"debug","phase":"write","tableName":"PAYMENTS_SUPPLIERS","tableRunId":439,"status":"end","inserted":2,"updated":0,"skipped":0,"durationMs":8}
{"timestamp":"2026-02-16T15:20:44.363Z","runId":296,"level":"info","phase":"table_finalize","tableName":"PAYMENTS_SUPPLIERS","tableRunId":439,"status":"success","inserted":2,"updated":0,"skipped":0,"errors":0,"durationMs":220}
{"timestamp":"2026-02-16T15:20:44.370Z","runId":296,"level":"info","phase":"run_finalize","status":"success"}
