{"timestamp":"2026-02-16T15:21:20.930Z","runId":297,"level":"info","phase":"run_start","dryRun":false,"batchSize":1000,"fkChecks":true,"tables":[{"table":"INVOICES","mode":"INSERT","keyStrategy":"preserve","dedupeKeys":[],"onDuplicate":"SKIP","cleanBefore":true},{"table":"PAYMENTS","mode":"INSERT","keyStrategy":"preserve","dedupeKeys":[],"onDuplicate":"SKIP","cleanBefore":true},{"table":"CUSTOMERS","mode":"INSERT","keyStrategy":"preserve","dedupeKeys":[],"onDuplicate":"SKIP","cleanBefore":true},{"table":"WORK_DONE","mode":"INSERT","keyStrategy":"preserve","dedupeKeys":[],"onDuplicate":"SKIP","cleanBefore":true},{"table":"SPARES_USED","mode":"INSERT","keyStrategy":"preserve","dedupeKeys":[],"onDuplicate":"SKIP","cleanBefore":true},{"table":"CREDIT_NOTES","mode":"INSERT","keyStrategy":"preserve","dedupeKeys":[],"onDuplicate":"SKIP","cleanBefore":true},{"table":"JOB_INFORMATION","mode":"INSERT","keyStrategy":"preserve","dedupeKeys":[],"onDuplicate":"SKIP","cleanBefore":true}]}
{"timestamp":"2026-02-16T15:21:20.931Z","runId":297,"level":"info","phase":"preflight","action":"firebird_config_check","host":"localhost","port":3050,"database":"C:\\Autoneer\\data\\AUTONEER.FDB","user":"SYSDBA","passwordSet":true,"passwordLength":9,"passwordSource":"state","useDefaultSysdbaMasterkey":true,"rawPasswordSet":true,"rawPasswordLength":9}
{"timestamp":"2026-02-16T15:21:21.829Z","runId":297,"level":"info","phase":"preflight","attempt":1,"status":"ok"}
{"timestamp":"2026-02-16T15:21:21.829Z","runId":297,"level":"debug","phase":"preflight","durationMs":898}
{"timestamp":"2026-02-16T15:21:21.830Z","runId":297,"level":"info","phase":"preflight","action":"nullability_validation","status":"start"}
{"timestamp":"2026-02-16T15:21:21.847Z","runId":297,"level":"info","phase":"preflight","action":"nullability_validation","status":"passed"}
{"timestamp":"2026-02-16T15:21:21.916Z","runId":297,"level":"debug","phase":"table_loop","action":"starting","includedCount":7,"mappingTableCount":8}
{"timestamp":"2026-02-16T15:21:21.917Z","runId":297,"level":"info","phase":"table_loop","action":"normalized_tables","sampleTables":["INVOICES","PAYMENTS","CUSTOMERS","WORK_DONE","SPARES_USED"]}
{"timestamp":"2026-02-16T15:21:21.917Z","runId":297,"level":"debug","phase":"table_loop","action":"processing","tableName":"INVOICES","mappingTableKeys":["CNOTE","CUSTOMER","INVOICES","PAYMENTS","WORKDONE"]}
{"timestamp":"2026-02-16T15:21:21.918Z","runId":297,"level":"debug","phase":"table_loop","action":"mapping_resolved","tableName":"INVOICES","hasMappingEntry":true,"mappingTarget":"INVOICES"}
{"timestamp":"2026-02-16T15:21:21.918Z","runId":297,"level":"debug","phase":"mapping_debug","tableName":"INVOICES","mappedSource":"INVOICES","firebirdTableCount":191,"sampleFirebirdTables":["ACCCLASS","ACCDEPARTMENT","ACCOUNTLINKS","ACCOUNTS","ACCOUNT_OPENING"]}
{"timestamp":"2026-02-16T15:21:21.991Z","runId":297,"level":"debug","phase":"clean_decision","tableName":"INVOICES","cleanBefore":true,"dryRun":false,"mode":"INSERT"}
{"timestamp":"2026-02-16T15:21:21.992Z","runId":297,"type":"table_cleaning_started","table":"INVOICES","tableRunId":440}
{"timestamp":"2026-02-16T15:21:21.993Z","runId":297,"level":"info","phase":"clean","tableName":"INVOICES","tableRunId":440,"status":"start"}
{"timestamp":"2026-02-16T15:21:21.994Z","runId":297,"level":"debug","phase":"clean","tableName":"INVOICES","tableRunId":440,"action":"fk_checks_disabled"}
{"timestamp":"2026-02-16T15:21:22.043Z","runId":297,"level":"info","phase":"clean","tableName":"INVOICES","tableRunId":440,"status":"success","method":"TRUNCATE","affectedRows":null,"postCount":0,"durationMs":49}
{"timestamp":"2026-02-16T15:21:22.052Z","runId":297,"type":"table_cleaned","table":"INVOICES","tableRunId":440,"method":"TRUNCATE","affectedRows":null,"postCount":0}
{"timestamp":"2026-02-16T15:21:22.052Z","runId":297,"level":"debug","phase":"clean","tableName":"INVOICES","tableRunId":440,"action":"fk_checks_restored"}
{"timestamp":"2026-02-16T15:21:22.053Z","runId":297,"level":"info","phase":"table_start","tableName":"INVOICES","tableRunId":440,"mode":"INSERT","keyStrategy":"preserve","dedupeKeys":[]}
{"timestamp":"2026-02-16T15:21:22.128Z","runId":297,"level":"info","phase":"fetch","tableName":"INVOICES","tableRunId":440,"sourceRows":23}
{"timestamp":"2026-02-16T15:21:22.206Z","runId":297,"level":"debug","phase":"write","tableName":"INVOICES","tableRunId":440,"status":"start","batchSize":23}
{"timestamp":"2026-02-16T15:21:22.214Z","runId":297,"level":"debug","phase":"write","tableName":"INVOICES","tableRunId":440,"status":"end","inserted":23,"updated":0,"skipped":0,"durationMs":8}
{"timestamp":"2026-02-16T15:21:22.234Z","runId":297,"level":"info","phase":"table_finalize","tableName":"INVOICES","tableRunId":440,"status":"success","inserted":23,"updated":0,"skipped":0,"errors":0,"durationMs":170}
{"timestamp":"2026-02-16T15:21:22.234Z","runId":297,"level":"debug","phase":"table_loop","action":"processing","tableName":"PAYMENTS","mappingTableKeys":["CNOTE","CUSTOMER","INVOICES","PAYMENTS","WORKDONE"]}
{"timestamp":"2026-02-16T15:21:22.235Z","runId":297,"level":"debug","phase":"table_loop","action":"mapping_resolved","tableName":"PAYMENTS","hasMappingEntry":true,"mappingTarget":"PAYMENTS"}
{"timestamp":"2026-02-16T15:21:22.235Z","runId":297,"level":"debug","phase":"mapping_debug","tableName":"PAYMENTS","mappedSource":"PAYMENTS","firebirdTableCount":191,"sampleFirebirdTables":["ACCCLASS","ACCDEPARTMENT","ACCOUNTLINKS","ACCOUNTS","ACCOUNT_OPENING"]}
{"timestamp":"2026-02-16T15:21:22.336Z","runId":297,"level":"debug","phase":"clean_decision","tableName":"PAYMENTS","cleanBefore":true,"dryRun":false,"mode":"INSERT"}
{"timestamp":"2026-02-16T15:21:22.337Z","runId":297,"type":"table_cleaning_started","table":"PAYMENTS","tableRunId":441}
{"timestamp":"2026-02-16T15:21:22.337Z","runId":297,"level":"info","phase":"clean","tableName":"PAYMENTS","tableRunId":441,"status":"start"}
{"timestamp":"2026-02-16T15:21:22.338Z","runId":297,"level":"debug","phase":"clean","tableName":"PAYMENTS","tableRunId":441,"action":"fk_checks_disabled"}
{"timestamp":"2026-02-16T15:21:22.386Z","runId":297,"level":"info","phase":"clean","tableName":"PAYMENTS","tableRunId":441,"status":"success","method":"TRUNCATE","affectedRows":null,"postCount":0,"durationMs":48}
{"timestamp":"2026-02-16T15:21:22.394Z","runId":297,"type":"table_cleaned","table":"PAYMENTS","tableRunId":441,"method":"TRUNCATE","affectedRows":null,"postCount":0}
{"timestamp":"2026-02-16T15:21:22.396Z","runId":297,"level":"debug","phase":"clean","tableName":"PAYMENTS","tableRunId":441,"action":"fk_checks_restored"}
{"timestamp":"2026-02-16T15:21:22.396Z","runId":297,"level":"info","phase":"table_start","tableName":"PAYMENTS","tableRunId":441,"mode":"INSERT","keyStrategy":"preserve","dedupeKeys":[]}
{"timestamp":"2026-02-16T15:21:22.496Z","runId":297,"level":"info","phase":"fetch","tableName":"PAYMENTS","tableRunId":441,"sourceRows":18}
{"timestamp":"2026-02-16T15:21:22.589Z","runId":297,"level":"debug","phase":"write","tableName":"PAYMENTS","tableRunId":441,"status":"start","batchSize":18}
{"timestamp":"2026-02-16T15:21:22.598Z","runId":297,"level":"debug","phase":"write","tableName":"PAYMENTS","tableRunId":441,"status":"end","inserted":18,"updated":0,"skipped":0,"durationMs":9}
{"timestamp":"2026-02-16T15:21:22.619Z","runId":297,"level":"info","phase":"table_finalize","tableName":"PAYMENTS","tableRunId":441,"status":"success","inserted":18,"updated":0,"skipped":0,"errors":0,"durationMs":212}
{"timestamp":"2026-02-16T15:21:22.620Z","runId":297,"level":"debug","phase":"table_loop","action":"processing","tableName":"CUSTOMERS","mappingTableKeys":["CNOTE","CUSTOMER","INVOICES","PAYMENTS","WORKDONE"]}
{"timestamp":"2026-02-16T15:21:22.620Z","runId":297,"level":"debug","phase":"table_loop","action":"mapping_resolved","tableName":"CUSTOMERS","hasMappingEntry":true,"mappingTarget":"CUSTOMERS"}
{"timestamp":"2026-02-16T15:21:22.620Z","runId":297,"level":"debug","phase":"mapping_debug","tableName":"CUSTOMERS","mappedSource":"CUSTOMER","firebirdTableCount":191,"sampleFirebirdTables":["ACCCLASS","ACCDEPARTMENT","ACCOUNTLINKS","ACCOUNTS","ACCOUNT_OPENING"]}
{"timestamp":"2026-02-16T15:21:22.717Z","runId":297,"level":"debug","phase":"clean_decision","tableName":"CUSTOMERS","cleanBefore":true,"dryRun":false,"mode":"INSERT"}
{"timestamp":"2026-02-16T15:21:22.717Z","runId":297,"type":"table_cleaning_started","table":"CUSTOMERS","tableRunId":442}
{"timestamp":"2026-02-16T15:21:22.718Z","runId":297,"level":"info","phase":"clean","tableName":"CUSTOMERS","tableRunId":442,"status":"start"}
{"timestamp":"2026-02-16T15:21:22.718Z","runId":297,"level":"debug","phase":"clean","tableName":"CUSTOMERS","tableRunId":442,"action":"fk_checks_disabled"}
{"timestamp":"2026-02-16T15:21:22.754Z","runId":297,"level":"info","phase":"clean","tableName":"CUSTOMERS","tableRunId":442,"status":"success","method":"TRUNCATE","affectedRows":null,"postCount":0,"durationMs":35}
{"timestamp":"2026-02-16T15:21:22.760Z","runId":297,"type":"table_cleaned","table":"CUSTOMERS","tableRunId":442,"method":"TRUNCATE","affectedRows":null,"postCount":0}
{"timestamp":"2026-02-16T15:21:22.761Z","runId":297,"level":"debug","phase":"clean","tableName":"CUSTOMERS","tableRunId":442,"action":"fk_checks_restored"}
{"timestamp":"2026-02-16T15:21:22.762Z","runId":297,"level":"info","phase":"table_start","tableName":"CUSTOMERS","tableRunId":442,"mode":"INSERT","keyStrategy":"preserve","dedupeKeys":[]}
{"timestamp":"2026-02-16T15:21:22.845Z","runId":297,"level":"info","phase":"fetch","tableName":"CUSTOMERS","tableRunId":442,"sourceRows":22}
{"timestamp":"2026-02-16T15:21:22.935Z","runId":297,"level":"debug","phase":"write","tableName":"CUSTOMERS","tableRunId":442,"status":"start","batchSize":22}
{"timestamp":"2026-02-16T15:21:22.941Z","runId":297,"level":"debug","phase":"write","tableName":"CUSTOMERS","tableRunId":442,"status":"end","inserted":22,"updated":0,"skipped":0,"durationMs":6}
{"timestamp":"2026-02-16T15:21:22.955Z","runId":297,"level":"info","phase":"table_finalize","tableName":"CUSTOMERS","tableRunId":442,"status":"success","inserted":22,"updated":0,"skipped":0,"errors":0,"durationMs":185}
{"timestamp":"2026-02-16T15:21:22.955Z","runId":297,"level":"debug","phase":"table_loop","action":"processing","tableName":"WORK_DONE","mappingTableKeys":["CNOTE","CUSTOMER","INVOICES","PAYMENTS","WORKDONE"]}
{"timestamp":"2026-02-16T15:21:22.955Z","runId":297,"level":"debug","phase":"table_loop","action":"mapping_resolved","tableName":"WORK_DONE","hasMappingEntry":true,"mappingTarget":"WORK_DONE"}
{"timestamp":"2026-02-16T15:21:22.956Z","runId":297,"level":"debug","phase":"mapping_debug","tableName":"WORK_DONE","mappedSource":"WORKDONE","firebirdTableCount":191,"sampleFirebirdTables":["ACCCLASS","ACCDEPARTMENT","ACCOUNTLINKS","ACCOUNTS","ACCOUNT_OPENING"]}
{"timestamp":"2026-02-16T15:21:23.842Z","runId":297,"level":"debug","phase":"clean_decision","tableName":"WORK_DONE","cleanBefore":true,"dryRun":false,"mode":"INSERT"}
{"timestamp":"2026-02-16T15:21:23.843Z","runId":297,"type":"table_cleaning_started","table":"WORK_DONE","tableRunId":443}
{"timestamp":"2026-02-16T15:21:23.843Z","runId":297,"level":"info","phase":"clean","tableName":"WORK_DONE","tableRunId":443,"status":"start"}
{"timestamp":"2026-02-16T15:21:23.844Z","runId":297,"level":"debug","phase":"clean","tableName":"WORK_DONE","tableRunId":443,"action":"fk_checks_disabled"}
{"timestamp":"2026-02-16T15:21:23.897Z","runId":297,"level":"info","phase":"clean","tableName":"WORK_DONE","tableRunId":443,"status":"success","method":"TRUNCATE","affectedRows":null,"postCount":0,"durationMs":54}
{"timestamp":"2026-02-16T15:21:23.905Z","runId":297,"type":"table_cleaned","table":"WORK_DONE","tableRunId":443,"method":"TRUNCATE","affectedRows":null,"postCount":0}
{"timestamp":"2026-02-16T15:21:23.906Z","runId":297,"level":"debug","phase":"clean","tableName":"WORK_DONE","tableRunId":443,"action":"fk_checks_restored"}
{"timestamp":"2026-02-16T15:21:23.906Z","runId":297,"level":"info","phase":"table_start","tableName":"WORK_DONE","tableRunId":443,"mode":"INSERT","keyStrategy":"preserve","dedupeKeys":[]}
{"timestamp":"2026-02-16T15:21:23.988Z","runId":297,"level":"info","phase":"fetch","tableName":"WORK_DONE","tableRunId":443,"sourceRows":50}
{"timestamp":"2026-02-16T15:21:24.624Z","runId":297,"level":"debug","phase":"write","tableName":"WORK_DONE","tableRunId":443,"status":"start","batchSize":50}
{"timestamp":"2026-02-16T15:21:24.631Z","runId":297,"level":"debug","phase":"write","tableName":"WORK_DONE","tableRunId":443,"status":"end","inserted":38,"updated":0,"skipped":12,"durationMs":7}
{"timestamp":"2026-02-16T15:21:24.654Z","runId":297,"level":"info","phase":"table_finalize","tableName":"WORK_DONE","tableRunId":443,"status":"success","inserted":38,"updated":0,"skipped":12,"errors":0,"durationMs":736}
{"timestamp":"2026-02-16T15:21:24.655Z","runId":297,"level":"debug","phase":"table_loop","action":"processing","tableName":"SPARES_USED","mappingTableKeys":["CNOTE","CUSTOMER","INVOICES","PAYMENTS","WORKDONE"]}
{"timestamp":"2026-02-16T15:21:24.655Z","runId":297,"level":"debug","phase":"table_loop","action":"mapping_resolved","tableName":"SPARES_USED","hasMappingEntry":true,"mappingTarget":"SPARES_USED"}
{"timestamp":"2026-02-16T15:21:24.656Z","runId":297,"level":"debug","phase":"mapping_debug","tableName":"SPARES_USED","mappedSource":"SPARES_USED","firebirdTableCount":191,"sampleFirebirdTables":["ACCCLASS","ACCDEPARTMENT","ACCOUNTLINKS","ACCOUNTS","ACCOUNT_OPENING"]}
{"timestamp":"2026-02-16T15:21:24.735Z","runId":297,"level":"debug","phase":"clean_decision","tableName":"SPARES_USED","cleanBefore":true,"dryRun":false,"mode":"INSERT"}
{"timestamp":"2026-02-16T15:21:24.736Z","runId":297,"type":"table_cleaning_started","table":"SPARES_USED","tableRunId":444}
{"timestamp":"2026-02-16T15:21:24.736Z","runId":297,"level":"info","phase":"clean","tableName":"SPARES_USED","tableRunId":444,"status":"start"}
{"timestamp":"2026-02-16T15:21:24.737Z","runId":297,"level":"debug","phase":"clean","tableName":"SPARES_USED","tableRunId":444,"action":"fk_checks_disabled"}
{"timestamp":"2026-02-16T15:21:24.792Z","runId":297,"level":"info","phase":"clean","tableName":"SPARES_USED","tableRunId":444,"status":"success","method":"TRUNCATE","affectedRows":null,"postCount":0,"durationMs":55}
{"timestamp":"2026-02-16T15:21:24.798Z","runId":297,"type":"table_cleaned","table":"SPARES_USED","tableRunId":444,"method":"TRUNCATE","affectedRows":null,"postCount":0}
{"timestamp":"2026-02-16T15:21:24.799Z","runId":297,"level":"debug","phase":"clean","tableName":"SPARES_USED","tableRunId":444,"action":"fk_checks_restored"}
{"timestamp":"2026-02-16T15:21:24.799Z","runId":297,"level":"info","phase":"table_start","tableName":"SPARES_USED","tableRunId":444,"mode":"INSERT","keyStrategy":"preserve","dedupeKeys":[]}
{"timestamp":"2026-02-16T15:21:24.878Z","runId":297,"level":"info","phase":"fetch","tableName":"SPARES_USED","tableRunId":444,"sourceRows":84}
{"timestamp":"2026-02-16T15:21:24.958Z","runId":297,"level":"debug","phase":"write","tableName":"SPARES_USED","tableRunId":444,"status":"start","batchSize":84}
{"timestamp":"2026-02-16T15:21:24.966Z","runId":297,"level":"debug","phase":"write","tableName":"SPARES_USED","tableRunId":444,"status":"end","inserted":84,"updated":0,"skipped":0,"durationMs":8}
{"timestamp":"2026-02-16T15:21:24.981Z","runId":297,"level":"info","phase":"table_finalize","tableName":"SPARES_USED","tableRunId":444,"status":"success","inserted":84,"updated":0,"skipped":0,"errors":0,"durationMs":176}
{"timestamp":"2026-02-16T15:21:24.981Z","runId":297,"level":"debug","phase":"table_loop","action":"processing","tableName":"CREDIT_NOTES","mappingTableKeys":["CNOTE","CUSTOMER","INVOICES","PAYMENTS","WORKDONE"]}
{"timestamp":"2026-02-16T15:21:24.981Z","runId":297,"level":"debug","phase":"table_loop","action":"mapping_resolved","tableName":"CREDIT_NOTES","hasMappingEntry":true,"mappingTarget":"CREDIT_NOTES"}
{"timestamp":"2026-02-16T15:21:24.981Z","runId":297,"level":"debug","phase":"mapping_debug","tableName":"CREDIT_NOTES","mappedSource":"CNOTE","firebirdTableCount":191,"sampleFirebirdTables":["ACCCLASS","ACCDEPARTMENT","ACCOUNTLINKS","ACCOUNTS","ACCOUNT_OPENING"]}
{"timestamp":"2026-02-16T15:21:25.792Z","runId":297,"level":"debug","phase":"clean_decision","tableName":"CREDIT_NOTES","cleanBefore":true,"dryRun":false,"mode":"INSERT"}
{"timestamp":"2026-02-16T15:21:25.793Z","runId":297,"type":"table_cleaning_started","table":"CREDIT_NOTES","tableRunId":445}
{"timestamp":"2026-02-16T15:21:25.794Z","runId":297,"level":"info","phase":"clean","tableName":"CREDIT_NOTES","tableRunId":445,"status":"start"}
{"timestamp":"2026-02-16T15:21:25.795Z","runId":297,"level":"debug","phase":"clean","tableName":"CREDIT_NOTES","tableRunId":445,"action":"fk_checks_disabled"}
{"timestamp":"2026-02-16T15:21:25.832Z","runId":297,"level":"info","phase":"clean","tableName":"CREDIT_NOTES","tableRunId":445,"status":"success","method":"TRUNCATE","affectedRows":null,"postCount":0,"durationMs":38}
{"timestamp":"2026-02-16T15:21:25.841Z","runId":297,"type":"table_cleaned","table":"CREDIT_NOTES","tableRunId":445,"method":"TRUNCATE","affectedRows":null,"postCount":0}
{"timestamp":"2026-02-16T15:21:25.841Z","runId":297,"level":"debug","phase":"clean","tableName":"CREDIT_NOTES","tableRunId":445,"action":"fk_checks_restored"}
{"timestamp":"2026-02-16T15:21:25.841Z","runId":297,"level":"info","phase":"table_start","tableName":"CREDIT_NOTES","tableRunId":445,"mode":"INSERT","keyStrategy":"preserve","dedupeKeys":[]}
{"timestamp":"2026-02-16T15:21:25.927Z","runId":297,"level":"info","phase":"fetch","tableName":"CREDIT_NOTES","tableRunId":445,"sourceRows":0}
{"timestamp":"2026-02-16T15:21:25.938Z","runId":297,"level":"info","phase":"table_finalize","tableName":"CREDIT_NOTES","tableRunId":445,"status":"success","inserted":0,"updated":0,"skipped":0,"errors":0,"durationMs":86}
{"timestamp":"2026-02-16T15:21:25.938Z","runId":297,"level":"debug","phase":"table_loop","action":"processing","tableName":"JOB_INFORMATION","mappingTableKeys":["CNOTE","CUSTOMER","INVOICES","PAYMENTS","WORKDONE"]}
{"timestamp":"2026-02-16T15:21:25.939Z","runId":297,"level":"debug","phase":"table_loop","action":"mapping_resolved","tableName":"JOB_INFORMATION","hasMappingEntry":true,"mappingTarget":"JOB_INFORMATION"}
{"timestamp":"2026-02-16T15:21:25.939Z","runId":297,"level":"debug","phase":"mapping_debug","tableName":"JOB_INFORMATION","mappedSource":"JOB_INFORMATION","firebirdTableCount":191,"sampleFirebirdTables":["ACCCLASS","ACCDEPARTMENT","ACCOUNTLINKS","ACCOUNTS","ACCOUNT_OPENING"]}
{"timestamp":"2026-02-16T15:21:26.037Z","runId":297,"level":"debug","phase":"clean_decision","tableName":"JOB_INFORMATION","cleanBefore":true,"dryRun":false,"mode":"INSERT"}
{"timestamp":"2026-02-16T15:21:26.037Z","runId":297,"type":"table_cleaning_started","table":"JOB_INFORMATION","tableRunId":446}
{"timestamp":"2026-02-16T15:21:26.038Z","runId":297,"level":"info","phase":"clean","tableName":"JOB_INFORMATION","tableRunId":446,"status":"start"}
{"timestamp":"2026-02-16T15:21:26.039Z","runId":297,"level":"debug","phase":"clean","tableName":"JOB_INFORMATION","tableRunId":446,"action":"fk_checks_disabled"}
{"timestamp":"2026-02-16T15:21:26.091Z","runId":297,"level":"info","phase":"clean","tableName":"JOB_INFORMATION","tableRunId":446,"status":"success","method":"TRUNCATE","affectedRows":null,"postCount":0,"durationMs":53}
{"timestamp":"2026-02-16T15:21:26.096Z","runId":297,"type":"table_cleaned","table":"JOB_INFORMATION","tableRunId":446,"method":"TRUNCATE","affectedRows":null,"postCount":0}
{"timestamp":"2026-02-16T15:21:26.097Z","runId":297,"level":"debug","phase":"clean","tableName":"JOB_INFORMATION","tableRunId":446,"action":"fk_checks_restored"}
{"timestamp":"2026-02-16T15:21:26.097Z","runId":297,"level":"info","phase":"table_start","tableName":"JOB_INFORMATION","tableRunId":446,"mode":"INSERT","keyStrategy":"preserve","dedupeKeys":[]}
{"timestamp":"2026-02-16T15:21:26.175Z","runId":297,"level":"info","phase":"fetch","tableName":"JOB_INFORMATION","tableRunId":446,"sourceRows":22}
{"timestamp":"2026-02-16T15:21:26.267Z","runId":297,"level":"debug","phase":"write","tableName":"JOB_INFORMATION","tableRunId":446,"status":"start","batchSize":22}
{"timestamp":"2026-02-16T15:21:26.275Z","runId":297,"level":"debug","phase":"write","tableName":"JOB_INFORMATION","tableRunId":446,"status":"end","inserted":22,"updated":0,"skipped":0,"durationMs":8}
{"timestamp":"2026-02-16T15:21:26.297Z","runId":297,"level":"info","phase":"table_finalize","tableName":"JOB_INFORMATION","tableRunId":446,"status":"success","inserted":22,"updated":0,"skipped":0,"errors":0,"durationMs":190}
{"timestamp":"2026-02-16T15:21:26.303Z","runId":297,"level":"info","phase":"run_finalize","status":"success"}
