{"timestamp":"2026-02-16T18:34:23.785Z","runId":298,"level":"info","phase":"run_start","dryRun":false,"batchSize":1000,"fkChecks":true,"tables":[{"table":"SUPPLIERS","mode":"INSERT","keyStrategy":"preserve","dedupeKeys":[],"onDuplicate":"SKIP","cleanBefore":true},{"table":"INVOICE_ITEMS","mode":"INSERT","keyStrategy":"preserve","dedupeKeys":[],"onDuplicate":"SKIP","cleanBefore":true},{"table":"INVOICES_SUPPLIER","mode":"INSERT","keyStrategy":"preserve","dedupeKeys":[],"onDuplicate":"SKIP","cleanBefore":true},{"table":"PAYMENTS_SUPPLIERS","mode":"INSERT","keyStrategy":"preserve","dedupeKeys":[],"onDuplicate":"SKIP","cleanBefore":true},{"table":"CREDIT_NOTES_SUPPLIER","mode":"INSERT","keyStrategy":"preserve","dedupeKeys":[],"onDuplicate":"SKIP","cleanBefore":true}]}
{"timestamp":"2026-02-16T18:34:23.786Z","runId":298,"level":"info","phase":"preflight","action":"firebird_config_check","host":"localhost","port":3050,"database":"C:\\Autoneer\\data\\AUTONEER.FDB","user":"SYSDBA","passwordSet":true,"passwordLength":9,"passwordSource":"state","useDefaultSysdbaMasterkey":true,"rawPasswordSet":true,"rawPasswordLength":9}
{"timestamp":"2026-02-16T18:34:23.857Z","runId":298,"level":"info","phase":"preflight","attempt":1,"status":"ok"}
{"timestamp":"2026-02-16T18:34:23.857Z","runId":298,"level":"debug","phase":"preflight","durationMs":71}
{"timestamp":"2026-02-16T18:34:23.857Z","runId":298,"level":"info","phase":"preflight","action":"nullability_validation","status":"start"}
{"timestamp":"2026-02-16T18:34:23.864Z","runId":298,"level":"info","phase":"preflight","action":"nullability_validation","status":"passed"}
{"timestamp":"2026-02-16T18:34:23.919Z","runId":298,"level":"debug","phase":"table_loop","action":"starting","includedCount":5,"mappingTableCount":5}
{"timestamp":"2026-02-16T18:34:23.920Z","runId":298,"level":"info","phase":"table_loop","action":"normalized_tables","sampleTables":["SUPPLIERS","INVOICE_ITEMS","INVOICES_SUPPLIER","PAYMENTS_SUPPLIERS","CREDIT_NOTES_SUPPLIER"]}
{"timestamp":"2026-02-16T18:34:23.921Z","runId":298,"level":"debug","phase":"table_loop","action":"processing","tableName":"SUPPLIERS","mappingTableKeys":["INVTOTAL","SUPPLIER","CNOTESUPP","PAYMENTSSUPP","INVOICESUPPLIER"]}
{"timestamp":"2026-02-16T18:34:23.921Z","runId":298,"level":"debug","phase":"table_loop","action":"mapping_resolved","tableName":"SUPPLIERS","hasMappingEntry":true,"mappingTarget":"SUPPLIERS"}
{"timestamp":"2026-02-16T18:34:23.921Z","runId":298,"level":"debug","phase":"mapping_debug","tableName":"SUPPLIERS","mappedSource":"SUPPLIER","firebirdTableCount":191,"sampleFirebirdTables":["ACCCLASS","ACCDEPARTMENT","ACCOUNTLINKS","ACCOUNTS","ACCOUNT_OPENING"]}
{"timestamp":"2026-02-16T18:34:23.976Z","runId":298,"level":"debug","phase":"clean_decision","tableName":"SUPPLIERS","cleanBefore":true,"dryRun":false,"mode":"INSERT"}
{"timestamp":"2026-02-16T18:34:23.977Z","runId":298,"type":"table_cleaning_started","table":"SUPPLIERS","tableRunId":447}
{"timestamp":"2026-02-16T18:34:23.977Z","runId":298,"level":"info","phase":"clean","tableName":"SUPPLIERS","tableRunId":447,"status":"start"}
{"timestamp":"2026-02-16T18:34:23.977Z","runId":298,"level":"debug","phase":"clean","tableName":"SUPPLIERS","tableRunId":447,"action":"fk_checks_disabled"}
{"timestamp":"2026-02-16T18:34:24.009Z","runId":298,"level":"info","phase":"clean","tableName":"SUPPLIERS","tableRunId":447,"status":"success","method":"TRUNCATE","affectedRows":null,"postCount":0,"durationMs":32}
{"timestamp":"2026-02-16T18:34:24.020Z","runId":298,"type":"table_cleaned","table":"SUPPLIERS","tableRunId":447,"method":"TRUNCATE","affectedRows":null,"postCount":0}
{"timestamp":"2026-02-16T18:34:24.021Z","runId":298,"level":"debug","phase":"clean","tableName":"SUPPLIERS","tableRunId":447,"action":"fk_checks_restored"}
{"timestamp":"2026-02-16T18:34:24.021Z","runId":298,"level":"info","phase":"table_start","tableName":"SUPPLIERS","tableRunId":447,"mode":"INSERT","keyStrategy":"preserve","dedupeKeys":[]}
{"timestamp":"2026-02-16T18:34:24.086Z","runId":298,"level":"info","phase":"fetch","tableName":"SUPPLIERS","tableRunId":447,"sourceRows":22}
{"timestamp":"2026-02-16T18:34:24.769Z","runId":298,"level":"debug","phase":"write","tableName":"SUPPLIERS","tableRunId":447,"status":"start","batchSize":22}
{"timestamp":"2026-02-16T18:34:24.775Z","runId":298,"level":"debug","phase":"write","tableName":"SUPPLIERS","tableRunId":447,"status":"end","inserted":22,"updated":0,"skipped":0,"durationMs":6}
{"timestamp":"2026-02-16T18:34:24.789Z","runId":298,"level":"info","phase":"table_finalize","tableName":"SUPPLIERS","tableRunId":447,"status":"success","inserted":22,"updated":0,"skipped":0,"errors":0,"durationMs":762}
{"timestamp":"2026-02-16T18:34:24.789Z","runId":298,"level":"debug","phase":"table_loop","action":"processing","tableName":"INVOICE_ITEMS","mappingTableKeys":["INVTOTAL","SUPPLIER","CNOTESUPP","PAYMENTSSUPP","INVOICESUPPLIER"]}
{"timestamp":"2026-02-16T18:34:24.789Z","runId":298,"level":"debug","phase":"table_loop","action":"mapping_resolved","tableName":"INVOICE_ITEMS","hasMappingEntry":true,"mappingTarget":"INVOICE_ITEMS"}
{"timestamp":"2026-02-16T18:34:24.789Z","runId":298,"level":"debug","phase":"mapping_debug","tableName":"INVOICE_ITEMS","mappedSource":"INVTOTAL","firebirdTableCount":191,"sampleFirebirdTables":["ACCCLASS","ACCDEPARTMENT","ACCOUNTLINKS","ACCOUNTS","ACCOUNT_OPENING"]}
{"timestamp":"2026-02-16T18:34:24.840Z","runId":298,"level":"debug","phase":"clean_decision","tableName":"INVOICE_ITEMS","cleanBefore":true,"dryRun":false,"mode":"INSERT"}
{"timestamp":"2026-02-16T18:34:24.840Z","runId":298,"type":"table_cleaning_started","table":"INVOICE_ITEMS","tableRunId":448}
{"timestamp":"2026-02-16T18:34:24.840Z","runId":298,"level":"info","phase":"clean","tableName":"INVOICE_ITEMS","tableRunId":448,"status":"start"}
{"timestamp":"2026-02-16T18:34:24.841Z","runId":298,"level":"debug","phase":"clean","tableName":"INVOICE_ITEMS","tableRunId":448,"action":"fk_checks_disabled"}
{"timestamp":"2026-02-16T18:34:24.870Z","runId":298,"level":"info","phase":"clean","tableName":"INVOICE_ITEMS","tableRunId":448,"status":"success","method":"TRUNCATE","affectedRows":null,"postCount":0,"durationMs":30}
{"timestamp":"2026-02-16T18:34:24.876Z","runId":298,"type":"table_cleaned","table":"INVOICE_ITEMS","tableRunId":448,"method":"TRUNCATE","affectedRows":null,"postCount":0}
{"timestamp":"2026-02-16T18:34:24.877Z","runId":298,"level":"debug","phase":"clean","tableName":"INVOICE_ITEMS","tableRunId":448,"action":"fk_checks_restored"}
{"timestamp":"2026-02-16T18:34:24.878Z","runId":298,"level":"info","phase":"table_start","tableName":"INVOICE_ITEMS","tableRunId":448,"mode":"INSERT","keyStrategy":"preserve","dedupeKeys":[]}
{"timestamp":"2026-02-16T18:34:24.941Z","runId":298,"level":"info","phase":"fetch","tableName":"INVOICE_ITEMS","tableRunId":448,"sourceRows":58}
{"timestamp":"2026-02-16T18:34:25.000Z","runId":298,"level":"debug","phase":"write","tableName":"INVOICE_ITEMS","tableRunId":448,"status":"start","batchSize":58}
{"timestamp":"2026-02-16T18:34:25.006Z","runId":298,"level":"debug","phase":"write","tableName":"INVOICE_ITEMS","tableRunId":448,"status":"end","inserted":58,"updated":0,"skipped":0,"durationMs":6}
{"timestamp":"2026-02-16T18:34:25.019Z","runId":298,"level":"info","phase":"table_finalize","tableName":"INVOICE_ITEMS","tableRunId":448,"status":"success","inserted":58,"updated":0,"skipped":0,"errors":0,"durationMs":134}
{"timestamp":"2026-02-16T18:34:25.019Z","runId":298,"level":"debug","phase":"table_loop","action":"processing","tableName":"INVOICES_SUPPLIER","mappingTableKeys":["INVTOTAL","SUPPLIER","CNOTESUPP","PAYMENTSSUPP","INVOICESUPPLIER"]}
{"timestamp":"2026-02-16T18:34:25.020Z","runId":298,"level":"debug","phase":"table_loop","action":"mapping_resolved","tableName":"INVOICES_SUPPLIER","hasMappingEntry":true,"mappingTarget":"INVOICES_SUPPLIER"}
{"timestamp":"2026-02-16T18:34:25.020Z","runId":298,"level":"debug","phase":"mapping_debug","tableName":"INVOICES_SUPPLIER","mappedSource":"INVOICESUPPLIER","firebirdTableCount":191,"sampleFirebirdTables":["ACCCLASS","ACCDEPARTMENT","ACCOUNTLINKS","ACCOUNTS","ACCOUNT_OPENING"]}
{"timestamp":"2026-02-16T18:34:25.075Z","runId":298,"level":"debug","phase":"clean_decision","tableName":"INVOICES_SUPPLIER","cleanBefore":true,"dryRun":false,"mode":"INSERT"}
{"timestamp":"2026-02-16T18:34:25.075Z","runId":298,"type":"table_cleaning_started","table":"INVOICES_SUPPLIER","tableRunId":449}
{"timestamp":"2026-02-16T18:34:25.076Z","runId":298,"level":"info","phase":"clean","tableName":"INVOICES_SUPPLIER","tableRunId":449,"status":"start"}
{"timestamp":"2026-02-16T18:34:25.076Z","runId":298,"level":"debug","phase":"clean","tableName":"INVOICES_SUPPLIER","tableRunId":449,"action":"fk_checks_disabled"}
{"timestamp":"2026-02-16T18:34:25.106Z","runId":298,"level":"info","phase":"clean","tableName":"INVOICES_SUPPLIER","tableRunId":449,"status":"success","method":"TRUNCATE","affectedRows":null,"postCount":0,"durationMs":30}
{"timestamp":"2026-02-16T18:34:25.114Z","runId":298,"type":"table_cleaned","table":"INVOICES_SUPPLIER","tableRunId":449,"method":"TRUNCATE","affectedRows":null,"postCount":0}
{"timestamp":"2026-02-16T18:34:25.115Z","runId":298,"level":"debug","phase":"clean","tableName":"INVOICES_SUPPLIER","tableRunId":449,"action":"fk_checks_restored"}
{"timestamp":"2026-02-16T18:34:25.115Z","runId":298,"level":"info","phase":"table_start","tableName":"INVOICES_SUPPLIER","tableRunId":449,"mode":"INSERT","keyStrategy":"preserve","dedupeKeys":[]}
{"timestamp":"2026-02-16T18:34:25.174Z","runId":298,"level":"info","phase":"fetch","tableName":"INVOICES_SUPPLIER","tableRunId":449,"sourceRows":27}
{"timestamp":"2026-02-16T18:34:25.230Z","runId":298,"level":"debug","phase":"write","tableName":"INVOICES_SUPPLIER","tableRunId":449,"status":"start","batchSize":27}
{"timestamp":"2026-02-16T18:34:25.236Z","runId":298,"level":"debug","phase":"write","tableName":"INVOICES_SUPPLIER","tableRunId":449,"status":"end","inserted":27,"updated":0,"skipped":0,"durationMs":6}
{"timestamp":"2026-02-16T18:34:25.252Z","runId":298,"level":"info","phase":"table_finalize","tableName":"INVOICES_SUPPLIER","tableRunId":449,"status":"success","inserted":27,"updated":0,"skipped":0,"errors":0,"durationMs":130}
{"timestamp":"2026-02-16T18:34:25.253Z","runId":298,"level":"debug","phase":"table_loop","action":"processing","tableName":"PAYMENTS_SUPPLIERS","mappingTableKeys":["INVTOTAL","SUPPLIER","CNOTESUPP","PAYMENTSSUPP","INVOICESUPPLIER"]}
{"timestamp":"2026-02-16T18:34:25.253Z","runId":298,"level":"debug","phase":"table_loop","action":"mapping_resolved","tableName":"PAYMENTS_SUPPLIERS","hasMappingEntry":true,"mappingTarget":"PAYMENTS_SUPPLIERS"}
{"timestamp":"2026-02-16T18:34:25.254Z","runId":298,"level":"debug","phase":"mapping_debug","tableName":"PAYMENTS_SUPPLIERS","mappedSource":"PAYMENTSSUPP","firebirdTableCount":191,"sampleFirebirdTables":["ACCCLASS","ACCDEPARTMENT","ACCOUNTLINKS","ACCOUNTS","ACCOUNT_OPENING"]}
{"timestamp":"2026-02-16T18:34:25.312Z","runId":298,"level":"debug","phase":"clean_decision","tableName":"PAYMENTS_SUPPLIERS","cleanBefore":true,"dryRun":false,"mode":"INSERT"}
{"timestamp":"2026-02-16T18:34:25.312Z","runId":298,"type":"table_cleaning_started","table":"PAYMENTS_SUPPLIERS","tableRunId":450}
{"timestamp":"2026-02-16T18:34:25.313Z","runId":298,"level":"info","phase":"clean","tableName":"PAYMENTS_SUPPLIERS","tableRunId":450,"status":"start"}
{"timestamp":"2026-02-16T18:34:25.313Z","runId":298,"level":"debug","phase":"clean","tableName":"PAYMENTS_SUPPLIERS","tableRunId":450,"action":"fk_checks_disabled"}
{"timestamp":"2026-02-16T18:34:25.359Z","runId":298,"level":"info","phase":"clean","tableName":"PAYMENTS_SUPPLIERS","tableRunId":450,"status":"success","method":"TRUNCATE","affectedRows":null,"postCount":0,"durationMs":46}
{"timestamp":"2026-02-16T18:34:25.368Z","runId":298,"type":"table_cleaned","table":"PAYMENTS_SUPPLIERS","tableRunId":450,"method":"TRUNCATE","affectedRows":null,"postCount":0}
{"timestamp":"2026-02-16T18:34:25.369Z","runId":298,"level":"debug","phase":"clean","tableName":"PAYMENTS_SUPPLIERS","tableRunId":450,"action":"fk_checks_restored"}
{"timestamp":"2026-02-16T18:34:25.369Z","runId":298,"level":"info","phase":"table_start","tableName":"PAYMENTS_SUPPLIERS","tableRunId":450,"mode":"INSERT","keyStrategy":"preserve","dedupeKeys":[]}
{"timestamp":"2026-02-16T18:34:26.133Z","runId":298,"level":"error","phase":"run_error","error":"Your user name and password are not defined. Ask your database\nadministrator to set up a Firebird login\n. Likely causes: empty user, empty password, Firebird Embedded security misconfiguration, or connecting to the wrong server/port. Verify credentials on Setup. Config used: host=localhost port=3050 database=C:\\Autoneer\\data\\AUTONEER.FDB user=SYSDBA passwordSet=true source=state useDefault=true","stack":"Error: Your user name and password are not defined. Ask your database\nadministrator to set up a Firebird login\n\n    at doCallback (C:\\Projects\\Autoneer-Migrate\\node_modules\\node-firebird\\lib\\callback.js:23:21)\n    at C:\\Projects\\Autoneer-Migrate\\node_modules\\node-firebird\\lib\\wire\\connection.js:172:21"}
