{"timestamp":"2026-10-09T05:41:09.757Z","runId":3,"level":"info","phase":"run_start","retryOfRunId":null,"dryRun":false,"batchSize":1000,"fkChecks":true,"tables":[{"table":"STAFF","mode":"INSERT","keyStrategy":"preserve","dedupeKeys":[],"onDuplicate":"SKIP","cleanBefore":false}]}
{"timestamp":"2026-10-09T05:41:09.758Z","runId":3,"level":"info","phase":"preflight","action":"firebird_config_check","host":"localhost","port":3050,"database":"C:\\Autoneer\\data\\AUTONEER.FDB","user":"SYSDBA","passwordSet":true,"passwordLength":9,"passwordSource":"state","useDefaultSysdbaMasterkey":true,"rawPasswordSet":true,"rawPasswordLength":9}
{"timestamp":"2026-10-09T05:41:09.812Z","runId":3,"level":"info","phase":"preflight","attempt":1,"status":"ok"}
{"timestamp":"2026-10-09T05:41:09.813Z","runId":3,"level":"debug","phase":"preflight","durationMs":55}
{"timestamp":"2026-10-09T05:41:09.813Z","runId":3,"level":"info","phase":"preflight","action":"firebird_invoice_cleanup","status":"start"}
{"timestamp":"2026-10-09T05:41:10.300Z","runId":3,"level":"info","phase":"preflight","action":"firebird_invoice_cleanup","status":"passed"}
{"timestamp":"2026-10-09T05:41:10.300Z","runId":3,"level":"info","phase":"preflight","action":"mysql_staff_cleanup","schema":"dm_trucks","status":"start"}
{"timestamp":"2026-10-09T05:41:10.328Z","runId":3,"level":"info","phase":"preflight","action":"mysql_staff_cleanup","schema":"dm_trucks","status":"passed","deletedRows":0}
{"timestamp":"2026-10-09T05:41:10.328Z","runId":3,"level":"info","phase":"preflight","action":"nullability_validation","status":"start"}
{"timestamp":"2026-10-09T05:41:10.330Z","runId":3,"level":"info","phase":"preflight","action":"nullability_validation","status":"passed"}
{"timestamp":"2026-10-09T05:41:10.331Z","runId":3,"level":"info","phase":"preflight","action":"gl_account_types_seed","status":"start"}
{"timestamp":"2026-10-09T05:41:10.334Z","runId":3,"level":"info","phase":"preflight","action":"gl_account_types_seed","status":"passed"}
{"timestamp":"2026-10-09T05:41:10.447Z","runId":3,"level":"info","phase":"preflight","action":"accnr_conversion_map","source":"firebird","sourceTable":"ACCOUNTS","count":89}
{"timestamp":"2026-10-09T05:41:10.447Z","runId":3,"level":"debug","phase":"table_loop","action":"starting","includedCount":1,"mappingTableCount":1}
{"timestamp":"2026-10-09T05:41:10.447Z","runId":3,"level":"info","phase":"table_loop","action":"normalized_tables","sampleTables":["STAFF"]}
{"timestamp":"2026-10-09T05:41:10.447Z","runId":3,"level":"debug","phase":"table_loop","action":"processing","tableName":"staff","mappingTableKeys":["STAFF"]}
{"timestamp":"2026-10-09T05:41:10.448Z","runId":3,"level":"debug","phase":"table_loop","action":"mapping_resolved","tableName":"staff","hasMappingEntry":true,"mappingTarget":"STAFF"}
{"timestamp":"2026-10-09T05:41:10.448Z","runId":3,"level":"debug","phase":"mapping_debug","tableName":"staff","mappedSource":"STAFF","firebirdTableCount":189,"sampleFirebirdTables":["ACCCLASS","ACCDEPARTMENT","ACCOUNTLINKS","ACCOUNTS","ACCOUNT_OPENING"]}
{"timestamp":"2026-10-09T05:41:10.596Z","runId":3,"level":"debug","phase":"clean_decision","tableName":"staff","cleanBefore":false,"dryRun":false,"mode":"INSERT"}
{"timestamp":"2026-10-09T05:41:10.596Z","runId":3,"level":"info","phase":"table_start","tableName":"staff","tableRunId":23,"mode":"INSERT","keyStrategy":"preserve","dedupeKeys":[]}
{"timestamp":"2026-10-09T05:41:10.596Z","runId":3,"level":"info","phase":"fetch","tableName":"staff","tableRunId":23,"sourceRows":38,"dateFilter":null}
{"timestamp":"2026-10-09T05:41:10.603Z","runId":3,"level":"debug","phase":"write","tableName":"staff","tableRunId":23,"status":"start","batchSize":38}
{"timestamp":"2026-10-09T05:41:10.610Z","runId":3,"level":"debug","phase":"write","tableName":"staff","tableRunId":23,"status":"end","inserted":36,"updated":0,"skipped":2,"durationMs":7}
{"timestamp":"2026-10-09T05:41:10.622Z","runId":3,"level":"info","phase":"table_finalize","tableName":"staff","tableRunId":23,"status":"success","inserted":36,"updated":0,"skipped":2,"errors":0,"durationMs":168}
{"timestamp":"2026-10-09T05:41:10.639Z","runId":3,"level":"info","phase":"run_finalize","status":"success"}
