{"timestamp":"2026-02-16T18:35:25.645Z","runId":300,"level":"info","phase":"run_start","dryRun":false,"batchSize":1000,"fkChecks":true,"tables":[{"table":"STOCK","mode":"INSERT","keyStrategy":"preserve","dedupeKeys":[],"onDuplicate":"SKIP","cleanBefore":true},{"table":"LABOUR_PRICING","mode":"INSERT","keyStrategy":"preserve","dedupeKeys":[],"onDuplicate":"SKIP","cleanBefore":true}]}
{"timestamp":"2026-02-16T18:35:25.645Z","runId":300,"level":"info","phase":"preflight","action":"firebird_config_check","host":"localhost","port":3050,"database":"C:\\Autoneer\\data\\AUTONEER.FDB","user":"SYSDBA","passwordSet":true,"passwordLength":9,"passwordSource":"state","useDefaultSysdbaMasterkey":true,"rawPasswordSet":true,"rawPasswordLength":9}
{"timestamp":"2026-02-16T18:35:25.752Z","runId":300,"level":"info","phase":"preflight","attempt":1,"status":"ok"}
{"timestamp":"2026-02-16T18:35:25.753Z","runId":300,"level":"debug","phase":"preflight","durationMs":108}
{"timestamp":"2026-02-16T18:35:25.753Z","runId":300,"level":"info","phase":"preflight","action":"nullability_validation","status":"start"}
{"timestamp":"2026-02-16T18:35:25.758Z","runId":300,"level":"info","phase":"preflight","action":"nullability_validation","status":"passed"}
{"timestamp":"2026-02-16T18:35:25.824Z","runId":300,"level":"debug","phase":"table_loop","action":"starting","includedCount":2,"mappingTableCount":2}
{"timestamp":"2026-02-16T18:35:25.824Z","runId":300,"level":"info","phase":"table_loop","action":"normalized_tables","sampleTables":["STOCK","LABOUR_PRICING"]}
{"timestamp":"2026-02-16T18:35:25.825Z","runId":300,"level":"debug","phase":"table_loop","action":"processing","tableName":"STOCK","mappingTableKeys":["STOCK","PRICING"]}
{"timestamp":"2026-02-16T18:35:25.825Z","runId":300,"level":"debug","phase":"table_loop","action":"mapping_resolved","tableName":"STOCK","hasMappingEntry":true,"mappingTarget":"STOCK"}
{"timestamp":"2026-02-16T18:35:25.825Z","runId":300,"level":"debug","phase":"mapping_debug","tableName":"STOCK","mappedSource":"STOCK","firebirdTableCount":191,"sampleFirebirdTables":["ACCCLASS","ACCDEPARTMENT","ACCOUNTLINKS","ACCOUNTS","ACCOUNT_OPENING"]}
{"timestamp":"2026-02-16T18:35:25.894Z","runId":300,"level":"debug","phase":"clean_decision","tableName":"STOCK","cleanBefore":true,"dryRun":false,"mode":"INSERT"}
{"timestamp":"2026-02-16T18:35:25.894Z","runId":300,"type":"table_cleaning_started","table":"STOCK","tableRunId":456}
{"timestamp":"2026-02-16T18:35:25.894Z","runId":300,"level":"info","phase":"clean","tableName":"STOCK","tableRunId":456,"status":"start"}
{"timestamp":"2026-02-16T18:35:25.895Z","runId":300,"level":"debug","phase":"clean","tableName":"STOCK","tableRunId":456,"action":"fk_checks_disabled"}
{"timestamp":"2026-02-16T18:35:25.926Z","runId":300,"level":"info","phase":"clean","tableName":"STOCK","tableRunId":456,"status":"success","method":"TRUNCATE","affectedRows":null,"postCount":0,"durationMs":31}
{"timestamp":"2026-02-16T18:35:25.935Z","runId":300,"type":"table_cleaned","table":"STOCK","tableRunId":456,"method":"TRUNCATE","affectedRows":null,"postCount":0}
{"timestamp":"2026-02-16T18:35:25.936Z","runId":300,"level":"debug","phase":"clean","tableName":"STOCK","tableRunId":456,"action":"fk_checks_restored"}
{"timestamp":"2026-02-16T18:35:25.936Z","runId":300,"level":"info","phase":"table_start","tableName":"STOCK","tableRunId":456,"mode":"INSERT","keyStrategy":"preserve","dedupeKeys":[]}
{"timestamp":"2026-02-16T18:35:26.005Z","runId":300,"level":"info","phase":"fetch","tableName":"STOCK","tableRunId":456,"sourceRows":76}
{"timestamp":"2026-02-16T18:35:26.083Z","runId":300,"level":"debug","phase":"write","tableName":"STOCK","tableRunId":456,"status":"start","batchSize":76}
{"timestamp":"2026-02-16T18:35:26.094Z","runId":300,"level":"debug","phase":"write","tableName":"STOCK","tableRunId":456,"status":"end","inserted":76,"updated":0,"skipped":0,"durationMs":11}
{"timestamp":"2026-02-16T18:35:26.116Z","runId":300,"level":"info","phase":"table_finalize","tableName":"STOCK","tableRunId":456,"status":"success","inserted":76,"updated":0,"skipped":0,"errors":0,"durationMs":169}
{"timestamp":"2026-02-16T18:35:26.117Z","runId":300,"level":"debug","phase":"table_loop","action":"processing","tableName":"LABOUR_PRICING","mappingTableKeys":["STOCK","PRICING"]}
{"timestamp":"2026-02-16T18:35:26.117Z","runId":300,"level":"debug","phase":"table_loop","action":"mapping_resolved","tableName":"LABOUR_PRICING","hasMappingEntry":true,"mappingTarget":"LABOUR_PRICING"}
{"timestamp":"2026-02-16T18:35:26.117Z","runId":300,"level":"debug","phase":"mapping_debug","tableName":"LABOUR_PRICING","mappedSource":"PRICING","firebirdTableCount":191,"sampleFirebirdTables":["ACCCLASS","ACCDEPARTMENT","ACCOUNTLINKS","ACCOUNTS","ACCOUNT_OPENING"]}
{"timestamp":"2026-02-16T18:35:26.185Z","runId":300,"level":"debug","phase":"clean_decision","tableName":"LABOUR_PRICING","cleanBefore":true,"dryRun":false,"mode":"INSERT"}
{"timestamp":"2026-02-16T18:35:26.185Z","runId":300,"type":"table_cleaning_started","table":"LABOUR_PRICING","tableRunId":457}
{"timestamp":"2026-02-16T18:35:26.186Z","runId":300,"level":"info","phase":"clean","tableName":"LABOUR_PRICING","tableRunId":457,"status":"start"}
{"timestamp":"2026-02-16T18:35:26.186Z","runId":300,"level":"debug","phase":"clean","tableName":"LABOUR_PRICING","tableRunId":457,"action":"fk_checks_disabled"}
{"timestamp":"2026-02-16T18:35:26.219Z","runId":300,"level":"info","phase":"clean","tableName":"LABOUR_PRICING","tableRunId":457,"status":"success","method":"TRUNCATE","affectedRows":null,"postCount":0,"durationMs":33}
{"timestamp":"2026-02-16T18:35:26.227Z","runId":300,"type":"table_cleaned","table":"LABOUR_PRICING","tableRunId":457,"method":"TRUNCATE","affectedRows":null,"postCount":0}
{"timestamp":"2026-02-16T18:35:26.228Z","runId":300,"level":"debug","phase":"clean","tableName":"LABOUR_PRICING","tableRunId":457,"action":"fk_checks_restored"}
{"timestamp":"2026-02-16T18:35:26.229Z","runId":300,"level":"info","phase":"table_start","tableName":"LABOUR_PRICING","tableRunId":457,"mode":"INSERT","keyStrategy":"preserve","dedupeKeys":[]}
{"timestamp":"2026-02-16T18:35:26.309Z","runId":300,"level":"info","phase":"fetch","tableName":"LABOUR_PRICING","tableRunId":457,"sourceRows":2841}
{"timestamp":"2026-02-16T18:35:27.194Z","runId":300,"level":"debug","phase":"write","tableName":"LABOUR_PRICING","tableRunId":457,"status":"start","batchSize":1000}
{"timestamp":"2026-02-16T18:35:27.228Z","runId":300,"level":"debug","phase":"write","tableName":"LABOUR_PRICING","tableRunId":457,"status":"end","inserted":1000,"updated":0,"skipped":0,"durationMs":34}
{"timestamp":"2026-02-16T18:35:27.367Z","runId":300,"level":"debug","phase":"write","tableName":"LABOUR_PRICING","tableRunId":457,"status":"start","batchSize":1000}
{"timestamp":"2026-02-16T18:35:27.404Z","runId":300,"level":"debug","phase":"write","tableName":"LABOUR_PRICING","tableRunId":457,"status":"end","inserted":1000,"updated":0,"skipped":0,"durationMs":37}
{"timestamp":"2026-02-16T18:35:27.517Z","runId":300,"level":"debug","phase":"write","tableName":"LABOUR_PRICING","tableRunId":457,"status":"start","batchSize":841}
{"timestamp":"2026-02-16T18:35:27.552Z","runId":300,"level":"debug","phase":"write","tableName":"LABOUR_PRICING","tableRunId":457,"status":"end","inserted":841,"updated":0,"skipped":0,"durationMs":35}
{"timestamp":"2026-02-16T18:35:27.573Z","runId":300,"level":"info","phase":"table_finalize","tableName":"LABOUR_PRICING","tableRunId":457,"status":"success","inserted":2841,"updated":0,"skipped":0,"errors":0,"durationMs":1334}
{"timestamp":"2026-02-16T18:35:27.580Z","runId":300,"level":"info","phase":"run_finalize","status":"success"}
