{"timestamp":"2026-02-16T18:36:00.360Z","runId":301,"level":"info","phase":"run_start","dryRun":false,"batchSize":1000,"fkChecks":true,"tables":[{"table":"SUPPLIERS","mode":"INSERT","keyStrategy":"preserve","dedupeKeys":[],"onDuplicate":"SKIP","cleanBefore":true},{"table":"INVOICE_ITEMS","mode":"INSERT","keyStrategy":"preserve","dedupeKeys":[],"onDuplicate":"SKIP","cleanBefore":true},{"table":"INVOICES_SUPPLIER","mode":"INSERT","keyStrategy":"preserve","dedupeKeys":[],"onDuplicate":"SKIP","cleanBefore":true},{"table":"PAYMENTS_SUPPLIERS","mode":"INSERT","keyStrategy":"preserve","dedupeKeys":[],"onDuplicate":"SKIP","cleanBefore":true}]}
{"timestamp":"2026-02-16T18:36:00.361Z","runId":301,"level":"info","phase":"preflight","action":"firebird_config_check","host":"localhost","port":3050,"database":"C:\\Autoneer\\data\\AUTONEER.FDB","user":"SYSDBA","passwordSet":true,"passwordLength":9,"passwordSource":"state","useDefaultSysdbaMasterkey":true,"rawPasswordSet":true,"rawPasswordLength":9}
{"timestamp":"2026-02-16T18:36:00.453Z","runId":301,"level":"info","phase":"preflight","attempt":1,"status":"ok"}
{"timestamp":"2026-02-16T18:36:00.454Z","runId":301,"level":"debug","phase":"preflight","durationMs":93}
{"timestamp":"2026-02-16T18:36:00.455Z","runId":301,"level":"info","phase":"preflight","action":"nullability_validation","status":"start"}
{"timestamp":"2026-02-16T18:36:00.462Z","runId":301,"level":"info","phase":"preflight","action":"nullability_validation","status":"passed"}
{"timestamp":"2026-02-16T18:36:00.547Z","runId":301,"level":"debug","phase":"table_loop","action":"starting","includedCount":4,"mappingTableCount":5}
{"timestamp":"2026-02-16T18:36:00.547Z","runId":301,"level":"info","phase":"table_loop","action":"normalized_tables","sampleTables":["SUPPLIERS","INVOICE_ITEMS","INVOICES_SUPPLIER","PAYMENTS_SUPPLIERS"]}
{"timestamp":"2026-02-16T18:36:00.548Z","runId":301,"level":"debug","phase":"table_loop","action":"processing","tableName":"SUPPLIERS","mappingTableKeys":["INVTOTAL","SUPPLIER","CNOTESUPP","PAYMENTSSUPP","INVOICESUPPLIER"]}
{"timestamp":"2026-02-16T18:36:00.548Z","runId":301,"level":"debug","phase":"table_loop","action":"mapping_resolved","tableName":"SUPPLIERS","hasMappingEntry":true,"mappingTarget":"SUPPLIERS"}
{"timestamp":"2026-02-16T18:36:00.549Z","runId":301,"level":"debug","phase":"mapping_debug","tableName":"SUPPLIERS","mappedSource":"SUPPLIER","firebirdTableCount":191,"sampleFirebirdTables":["ACCCLASS","ACCDEPARTMENT","ACCOUNTLINKS","ACCOUNTS","ACCOUNT_OPENING"]}
{"timestamp":"2026-02-16T18:36:00.637Z","runId":301,"level":"debug","phase":"clean_decision","tableName":"SUPPLIERS","cleanBefore":true,"dryRun":false,"mode":"INSERT"}
{"timestamp":"2026-02-16T18:36:00.638Z","runId":301,"type":"table_cleaning_started","table":"SUPPLIERS","tableRunId":458}
{"timestamp":"2026-02-16T18:36:00.638Z","runId":301,"level":"info","phase":"clean","tableName":"SUPPLIERS","tableRunId":458,"status":"start"}
{"timestamp":"2026-02-16T18:36:00.639Z","runId":301,"level":"debug","phase":"clean","tableName":"SUPPLIERS","tableRunId":458,"action":"fk_checks_disabled"}
{"timestamp":"2026-02-16T18:36:00.677Z","runId":301,"level":"info","phase":"clean","tableName":"SUPPLIERS","tableRunId":458,"status":"success","method":"TRUNCATE","affectedRows":null,"postCount":0,"durationMs":39}
{"timestamp":"2026-02-16T18:36:00.692Z","runId":301,"type":"table_cleaned","table":"SUPPLIERS","tableRunId":458,"method":"TRUNCATE","affectedRows":null,"postCount":0}
{"timestamp":"2026-02-16T18:36:00.693Z","runId":301,"level":"debug","phase":"clean","tableName":"SUPPLIERS","tableRunId":458,"action":"fk_checks_restored"}
{"timestamp":"2026-02-16T18:36:00.693Z","runId":301,"level":"info","phase":"table_start","tableName":"SUPPLIERS","tableRunId":458,"mode":"INSERT","keyStrategy":"preserve","dedupeKeys":[]}
{"timestamp":"2026-02-16T18:36:00.762Z","runId":301,"level":"info","phase":"fetch","tableName":"SUPPLIERS","tableRunId":458,"sourceRows":22}
{"timestamp":"2026-02-16T18:36:00.819Z","runId":301,"level":"debug","phase":"write","tableName":"SUPPLIERS","tableRunId":458,"status":"start","batchSize":22}
{"timestamp":"2026-02-16T18:36:00.824Z","runId":301,"level":"debug","phase":"write","tableName":"SUPPLIERS","tableRunId":458,"status":"end","inserted":22,"updated":0,"skipped":0,"durationMs":5}
{"timestamp":"2026-02-16T18:36:00.839Z","runId":301,"level":"info","phase":"table_finalize","tableName":"SUPPLIERS","tableRunId":458,"status":"success","inserted":22,"updated":0,"skipped":0,"errors":0,"durationMs":138}
{"timestamp":"2026-02-16T18:36:00.840Z","runId":301,"level":"debug","phase":"table_loop","action":"processing","tableName":"INVOICE_ITEMS","mappingTableKeys":["INVTOTAL","SUPPLIER","CNOTESUPP","PAYMENTSSUPP","INVOICESUPPLIER"]}
{"timestamp":"2026-02-16T18:36:00.840Z","runId":301,"level":"debug","phase":"table_loop","action":"mapping_resolved","tableName":"INVOICE_ITEMS","hasMappingEntry":true,"mappingTarget":"INVOICE_ITEMS"}
{"timestamp":"2026-02-16T18:36:00.840Z","runId":301,"level":"debug","phase":"mapping_debug","tableName":"INVOICE_ITEMS","mappedSource":"INVTOTAL","firebirdTableCount":191,"sampleFirebirdTables":["ACCCLASS","ACCDEPARTMENT","ACCOUNTLINKS","ACCOUNTS","ACCOUNT_OPENING"]}
{"timestamp":"2026-02-16T18:36:00.908Z","runId":301,"level":"debug","phase":"clean_decision","tableName":"INVOICE_ITEMS","cleanBefore":true,"dryRun":false,"mode":"INSERT"}
{"timestamp":"2026-02-16T18:36:00.908Z","runId":301,"type":"table_cleaning_started","table":"INVOICE_ITEMS","tableRunId":459}
{"timestamp":"2026-02-16T18:36:00.909Z","runId":301,"level":"info","phase":"clean","tableName":"INVOICE_ITEMS","tableRunId":459,"status":"start"}
{"timestamp":"2026-02-16T18:36:00.909Z","runId":301,"level":"debug","phase":"clean","tableName":"INVOICE_ITEMS","tableRunId":459,"action":"fk_checks_disabled"}
{"timestamp":"2026-02-16T18:36:00.940Z","runId":301,"level":"info","phase":"clean","tableName":"INVOICE_ITEMS","tableRunId":459,"status":"success","method":"TRUNCATE","affectedRows":null,"postCount":0,"durationMs":31}
{"timestamp":"2026-02-16T18:36:00.947Z","runId":301,"type":"table_cleaned","table":"INVOICE_ITEMS","tableRunId":459,"method":"TRUNCATE","affectedRows":null,"postCount":0}
{"timestamp":"2026-02-16T18:36:00.948Z","runId":301,"level":"debug","phase":"clean","tableName":"INVOICE_ITEMS","tableRunId":459,"action":"fk_checks_restored"}
{"timestamp":"2026-02-16T18:36:00.948Z","runId":301,"level":"info","phase":"table_start","tableName":"INVOICE_ITEMS","tableRunId":459,"mode":"INSERT","keyStrategy":"preserve","dedupeKeys":[]}
{"timestamp":"2026-02-16T18:36:01.615Z","runId":301,"level":"info","phase":"fetch","tableName":"INVOICE_ITEMS","tableRunId":459,"sourceRows":58}
{"timestamp":"2026-02-16T18:36:01.708Z","runId":301,"level":"debug","phase":"write","tableName":"INVOICE_ITEMS","tableRunId":459,"status":"start","batchSize":58}
{"timestamp":"2026-02-16T18:36:01.718Z","runId":301,"level":"debug","phase":"write","tableName":"INVOICE_ITEMS","tableRunId":459,"status":"end","inserted":58,"updated":0,"skipped":0,"durationMs":10}
{"timestamp":"2026-02-16T18:36:01.731Z","runId":301,"level":"info","phase":"table_finalize","tableName":"INVOICE_ITEMS","tableRunId":459,"status":"success","inserted":58,"updated":0,"skipped":0,"errors":0,"durationMs":778}
{"timestamp":"2026-02-16T18:36:01.731Z","runId":301,"level":"debug","phase":"table_loop","action":"processing","tableName":"INVOICES_SUPPLIER","mappingTableKeys":["INVTOTAL","SUPPLIER","CNOTESUPP","PAYMENTSSUPP","INVOICESUPPLIER"]}
{"timestamp":"2026-02-16T18:36:01.732Z","runId":301,"level":"debug","phase":"table_loop","action":"mapping_resolved","tableName":"INVOICES_SUPPLIER","hasMappingEntry":true,"mappingTarget":"INVOICES_SUPPLIER"}
{"timestamp":"2026-02-16T18:36:01.732Z","runId":301,"level":"debug","phase":"mapping_debug","tableName":"INVOICES_SUPPLIER","mappedSource":"INVOICESUPPLIER","firebirdTableCount":191,"sampleFirebirdTables":["ACCCLASS","ACCDEPARTMENT","ACCOUNTLINKS","ACCOUNTS","ACCOUNT_OPENING"]}
{"timestamp":"2026-02-16T18:36:01.791Z","runId":301,"level":"debug","phase":"clean_decision","tableName":"INVOICES_SUPPLIER","cleanBefore":true,"dryRun":false,"mode":"INSERT"}
{"timestamp":"2026-02-16T18:36:01.792Z","runId":301,"type":"table_cleaning_started","table":"INVOICES_SUPPLIER","tableRunId":460}
{"timestamp":"2026-02-16T18:36:01.792Z","runId":301,"level":"info","phase":"clean","tableName":"INVOICES_SUPPLIER","tableRunId":460,"status":"start"}
{"timestamp":"2026-02-16T18:36:01.793Z","runId":301,"level":"debug","phase":"clean","tableName":"INVOICES_SUPPLIER","tableRunId":460,"action":"fk_checks_disabled"}
{"timestamp":"2026-02-16T18:36:01.821Z","runId":301,"level":"info","phase":"clean","tableName":"INVOICES_SUPPLIER","tableRunId":460,"status":"success","method":"TRUNCATE","affectedRows":null,"postCount":0,"durationMs":29}
{"timestamp":"2026-02-16T18:36:01.828Z","runId":301,"type":"table_cleaned","table":"INVOICES_SUPPLIER","tableRunId":460,"method":"TRUNCATE","affectedRows":null,"postCount":0}
{"timestamp":"2026-02-16T18:36:01.828Z","runId":301,"level":"debug","phase":"clean","tableName":"INVOICES_SUPPLIER","tableRunId":460,"action":"fk_checks_restored"}
{"timestamp":"2026-02-16T18:36:01.829Z","runId":301,"level":"info","phase":"table_start","tableName":"INVOICES_SUPPLIER","tableRunId":460,"mode":"INSERT","keyStrategy":"preserve","dedupeKeys":[]}
{"timestamp":"2026-02-16T18:36:01.896Z","runId":301,"level":"info","phase":"fetch","tableName":"INVOICES_SUPPLIER","tableRunId":460,"sourceRows":27}
{"timestamp":"2026-02-16T18:36:01.959Z","runId":301,"level":"debug","phase":"write","tableName":"INVOICES_SUPPLIER","tableRunId":460,"status":"start","batchSize":27}
{"timestamp":"2026-02-16T18:36:01.967Z","runId":301,"level":"debug","phase":"write","tableName":"INVOICES_SUPPLIER","tableRunId":460,"status":"end","inserted":27,"updated":0,"skipped":0,"durationMs":8}
{"timestamp":"2026-02-16T18:36:01.986Z","runId":301,"level":"info","phase":"table_finalize","tableName":"INVOICES_SUPPLIER","tableRunId":460,"status":"success","inserted":27,"updated":0,"skipped":0,"errors":0,"durationMs":148}
{"timestamp":"2026-02-16T18:36:01.987Z","runId":301,"level":"debug","phase":"table_loop","action":"processing","tableName":"PAYMENTS_SUPPLIERS","mappingTableKeys":["INVTOTAL","SUPPLIER","CNOTESUPP","PAYMENTSSUPP","INVOICESUPPLIER"]}
{"timestamp":"2026-02-16T18:36:01.987Z","runId":301,"level":"debug","phase":"table_loop","action":"mapping_resolved","tableName":"PAYMENTS_SUPPLIERS","hasMappingEntry":true,"mappingTarget":"PAYMENTS_SUPPLIERS"}
{"timestamp":"2026-02-16T18:36:01.988Z","runId":301,"level":"debug","phase":"mapping_debug","tableName":"PAYMENTS_SUPPLIERS","mappedSource":"PAYMENTSSUPP","firebirdTableCount":191,"sampleFirebirdTables":["ACCCLASS","ACCDEPARTMENT","ACCOUNTLINKS","ACCOUNTS","ACCOUNT_OPENING"]}
{"timestamp":"2026-02-16T18:36:02.055Z","runId":301,"level":"debug","phase":"clean_decision","tableName":"PAYMENTS_SUPPLIERS","cleanBefore":true,"dryRun":false,"mode":"INSERT"}
{"timestamp":"2026-02-16T18:36:02.055Z","runId":301,"type":"table_cleaning_started","table":"PAYMENTS_SUPPLIERS","tableRunId":461}
{"timestamp":"2026-02-16T18:36:02.056Z","runId":301,"level":"info","phase":"clean","tableName":"PAYMENTS_SUPPLIERS","tableRunId":461,"status":"start"}
{"timestamp":"2026-02-16T18:36:02.057Z","runId":301,"level":"debug","phase":"clean","tableName":"PAYMENTS_SUPPLIERS","tableRunId":461,"action":"fk_checks_disabled"}
{"timestamp":"2026-02-16T18:36:02.106Z","runId":301,"level":"info","phase":"clean","tableName":"PAYMENTS_SUPPLIERS","tableRunId":461,"status":"success","method":"TRUNCATE","affectedRows":null,"postCount":0,"durationMs":50}
{"timestamp":"2026-02-16T18:36:02.114Z","runId":301,"type":"table_cleaned","table":"PAYMENTS_SUPPLIERS","tableRunId":461,"method":"TRUNCATE","affectedRows":null,"postCount":0}
{"timestamp":"2026-02-16T18:36:02.116Z","runId":301,"level":"debug","phase":"clean","tableName":"PAYMENTS_SUPPLIERS","tableRunId":461,"action":"fk_checks_restored"}
{"timestamp":"2026-02-16T18:36:02.116Z","runId":301,"level":"info","phase":"table_start","tableName":"PAYMENTS_SUPPLIERS","tableRunId":461,"mode":"INSERT","keyStrategy":"preserve","dedupeKeys":[]}
{"timestamp":"2026-02-16T18:36:02.190Z","runId":301,"level":"info","phase":"fetch","tableName":"PAYMENTS_SUPPLIERS","tableRunId":461,"sourceRows":2}
{"timestamp":"2026-02-16T18:36:02.267Z","runId":301,"level":"debug","phase":"write","tableName":"PAYMENTS_SUPPLIERS","tableRunId":461,"status":"start","batchSize":2}
{"timestamp":"2026-02-16T18:36:02.275Z","runId":301,"level":"debug","phase":"write","tableName":"PAYMENTS_SUPPLIERS","tableRunId":461,"status":"end","inserted":2,"updated":0,"skipped":0,"durationMs":8}
{"timestamp":"2026-02-16T18:36:02.295Z","runId":301,"level":"info","phase":"table_finalize","tableName":"PAYMENTS_SUPPLIERS","tableRunId":461,"status":"success","inserted":2,"updated":0,"skipped":0,"errors":0,"durationMs":168}
{"timestamp":"2026-02-16T18:36:02.302Z","runId":301,"level":"info","phase":"run_finalize","status":"success"}
