{"timestamp":"2026-02-16T18:36:57.302Z","runId":302,"level":"info","phase":"run_start","dryRun":false,"batchSize":1000,"fkChecks":true,"tables":[{"table":"INVOICES","mode":"INSERT","keyStrategy":"preserve","dedupeKeys":[],"onDuplicate":"SKIP","cleanBefore":true},{"table":"PAYMENTS","mode":"INSERT","keyStrategy":"preserve","dedupeKeys":[],"onDuplicate":"SKIP","cleanBefore":true},{"table":"CUSTOMERS","mode":"INSERT","keyStrategy":"preserve","dedupeKeys":[],"onDuplicate":"SKIP","cleanBefore":true},{"table":"WORK_DONE","mode":"INSERT","keyStrategy":"preserve","dedupeKeys":[],"onDuplicate":"SKIP","cleanBefore":true},{"table":"SPARES_USED","mode":"INSERT","keyStrategy":"preserve","dedupeKeys":[],"onDuplicate":"SKIP","cleanBefore":true},{"table":"CREDIT_NOTES","mode":"INSERT","keyStrategy":"preserve","dedupeKeys":[],"onDuplicate":"SKIP","cleanBefore":true},{"table":"JOB_INFORMATION","mode":"INSERT","keyStrategy":"preserve","dedupeKeys":[],"onDuplicate":"SKIP","cleanBefore":true}]}
{"timestamp":"2026-02-16T18:36:57.302Z","runId":302,"level":"info","phase":"preflight","action":"firebird_config_check","host":"localhost","port":3050,"database":"C:\\Autoneer\\data\\AUTONEER.FDB","user":"SYSDBA","passwordSet":true,"passwordLength":9,"passwordSource":"state","useDefaultSysdbaMasterkey":true,"rawPasswordSet":true,"rawPasswordLength":9}
{"timestamp":"2026-02-16T18:36:57.406Z","runId":302,"level":"info","phase":"preflight","attempt":1,"status":"ok"}
{"timestamp":"2026-02-16T18:36:57.406Z","runId":302,"level":"debug","phase":"preflight","durationMs":104}
{"timestamp":"2026-02-16T18:36:57.407Z","runId":302,"level":"info","phase":"preflight","action":"nullability_validation","status":"start"}
{"timestamp":"2026-02-16T18:36:57.424Z","runId":302,"level":"info","phase":"preflight","action":"nullability_validation","status":"passed"}
{"timestamp":"2026-02-16T18:36:57.522Z","runId":302,"level":"debug","phase":"table_loop","action":"starting","includedCount":7,"mappingTableCount":8}
{"timestamp":"2026-02-16T18:36:57.523Z","runId":302,"level":"info","phase":"table_loop","action":"normalized_tables","sampleTables":["INVOICES","PAYMENTS","CUSTOMERS","WORK_DONE","SPARES_USED"]}
{"timestamp":"2026-02-16T18:36:57.523Z","runId":302,"level":"debug","phase":"table_loop","action":"processing","tableName":"INVOICES","mappingTableKeys":["CNOTE","CUSTOMER","INVOICES","PAYMENTS","WORKDONE"]}
{"timestamp":"2026-02-16T18:36:57.523Z","runId":302,"level":"debug","phase":"table_loop","action":"mapping_resolved","tableName":"INVOICES","hasMappingEntry":true,"mappingTarget":"INVOICES"}
{"timestamp":"2026-02-16T18:36:57.524Z","runId":302,"level":"debug","phase":"mapping_debug","tableName":"INVOICES","mappedSource":"INVOICES","firebirdTableCount":191,"sampleFirebirdTables":["ACCCLASS","ACCDEPARTMENT","ACCOUNTLINKS","ACCOUNTS","ACCOUNT_OPENING"]}
{"timestamp":"2026-02-16T18:36:57.612Z","runId":302,"level":"debug","phase":"clean_decision","tableName":"INVOICES","cleanBefore":true,"dryRun":false,"mode":"INSERT"}
{"timestamp":"2026-02-16T18:36:57.613Z","runId":302,"type":"table_cleaning_started","table":"INVOICES","tableRunId":462}
{"timestamp":"2026-02-16T18:36:57.613Z","runId":302,"level":"info","phase":"clean","tableName":"INVOICES","tableRunId":462,"status":"start"}
{"timestamp":"2026-02-16T18:36:57.615Z","runId":302,"level":"debug","phase":"clean","tableName":"INVOICES","tableRunId":462,"action":"fk_checks_disabled"}
{"timestamp":"2026-02-16T18:36:57.676Z","runId":302,"level":"info","phase":"clean","tableName":"INVOICES","tableRunId":462,"status":"success","method":"TRUNCATE","affectedRows":null,"postCount":0,"durationMs":62}
{"timestamp":"2026-02-16T18:36:57.690Z","runId":302,"type":"table_cleaned","table":"INVOICES","tableRunId":462,"method":"TRUNCATE","affectedRows":null,"postCount":0}
{"timestamp":"2026-02-16T18:36:57.691Z","runId":302,"level":"debug","phase":"clean","tableName":"INVOICES","tableRunId":462,"action":"fk_checks_restored"}
{"timestamp":"2026-02-16T18:36:57.691Z","runId":302,"level":"info","phase":"table_start","tableName":"INVOICES","tableRunId":462,"mode":"INSERT","keyStrategy":"preserve","dedupeKeys":[]}
{"timestamp":"2026-02-16T18:36:57.786Z","runId":302,"level":"info","phase":"fetch","tableName":"INVOICES","tableRunId":462,"sourceRows":23}
{"timestamp":"2026-02-16T18:36:57.865Z","runId":302,"level":"debug","phase":"write","tableName":"INVOICES","tableRunId":462,"status":"start","batchSize":23}
{"timestamp":"2026-02-16T18:36:57.874Z","runId":302,"level":"debug","phase":"write","tableName":"INVOICES","tableRunId":462,"status":"end","inserted":23,"updated":0,"skipped":0,"durationMs":9}
{"timestamp":"2026-02-16T18:36:57.894Z","runId":302,"level":"info","phase":"table_finalize","tableName":"INVOICES","tableRunId":462,"status":"success","inserted":23,"updated":0,"skipped":0,"errors":0,"durationMs":194}
{"timestamp":"2026-02-16T18:36:57.894Z","runId":302,"level":"debug","phase":"table_loop","action":"processing","tableName":"PAYMENTS","mappingTableKeys":["CNOTE","CUSTOMER","INVOICES","PAYMENTS","WORKDONE"]}
{"timestamp":"2026-02-16T18:36:57.895Z","runId":302,"level":"debug","phase":"table_loop","action":"mapping_resolved","tableName":"PAYMENTS","hasMappingEntry":true,"mappingTarget":"PAYMENTS"}
{"timestamp":"2026-02-16T18:36:57.896Z","runId":302,"level":"debug","phase":"mapping_debug","tableName":"PAYMENTS","mappedSource":"PAYMENTS","firebirdTableCount":191,"sampleFirebirdTables":["ACCCLASS","ACCDEPARTMENT","ACCOUNTLINKS","ACCOUNTS","ACCOUNT_OPENING"]}
{"timestamp":"2026-02-16T18:36:57.992Z","runId":302,"level":"debug","phase":"clean_decision","tableName":"PAYMENTS","cleanBefore":true,"dryRun":false,"mode":"INSERT"}
{"timestamp":"2026-02-16T18:36:57.993Z","runId":302,"type":"table_cleaning_started","table":"PAYMENTS","tableRunId":463}
{"timestamp":"2026-02-16T18:36:57.993Z","runId":302,"level":"info","phase":"clean","tableName":"PAYMENTS","tableRunId":463,"status":"start"}
{"timestamp":"2026-02-16T18:36:57.995Z","runId":302,"level":"debug","phase":"clean","tableName":"PAYMENTS","tableRunId":463,"action":"fk_checks_disabled"}
{"timestamp":"2026-02-16T18:36:58.043Z","runId":302,"level":"info","phase":"clean","tableName":"PAYMENTS","tableRunId":463,"status":"success","method":"TRUNCATE","affectedRows":null,"postCount":0,"durationMs":49}
{"timestamp":"2026-02-16T18:36:58.051Z","runId":302,"type":"table_cleaned","table":"PAYMENTS","tableRunId":463,"method":"TRUNCATE","affectedRows":null,"postCount":0}
{"timestamp":"2026-02-16T18:36:58.052Z","runId":302,"level":"debug","phase":"clean","tableName":"PAYMENTS","tableRunId":463,"action":"fk_checks_restored"}
{"timestamp":"2026-02-16T18:36:58.053Z","runId":302,"level":"info","phase":"table_start","tableName":"PAYMENTS","tableRunId":463,"mode":"INSERT","keyStrategy":"preserve","dedupeKeys":[]}
{"timestamp":"2026-02-16T18:36:58.142Z","runId":302,"level":"info","phase":"fetch","tableName":"PAYMENTS","tableRunId":463,"sourceRows":18}
{"timestamp":"2026-02-16T18:36:58.214Z","runId":302,"level":"debug","phase":"write","tableName":"PAYMENTS","tableRunId":463,"status":"start","batchSize":18}
{"timestamp":"2026-02-16T18:36:58.220Z","runId":302,"level":"debug","phase":"write","tableName":"PAYMENTS","tableRunId":463,"status":"end","inserted":18,"updated":0,"skipped":0,"durationMs":6}
{"timestamp":"2026-02-16T18:36:58.242Z","runId":302,"level":"info","phase":"table_finalize","tableName":"PAYMENTS","tableRunId":463,"status":"success","inserted":18,"updated":0,"skipped":0,"errors":0,"durationMs":177}
{"timestamp":"2026-02-16T18:36:58.242Z","runId":302,"level":"debug","phase":"table_loop","action":"processing","tableName":"CUSTOMERS","mappingTableKeys":["CNOTE","CUSTOMER","INVOICES","PAYMENTS","WORKDONE"]}
{"timestamp":"2026-02-16T18:36:58.243Z","runId":302,"level":"debug","phase":"table_loop","action":"mapping_resolved","tableName":"CUSTOMERS","hasMappingEntry":true,"mappingTarget":"CUSTOMERS"}
{"timestamp":"2026-02-16T18:36:58.243Z","runId":302,"level":"debug","phase":"mapping_debug","tableName":"CUSTOMERS","mappedSource":"CUSTOMER","firebirdTableCount":191,"sampleFirebirdTables":["ACCCLASS","ACCDEPARTMENT","ACCOUNTLINKS","ACCOUNTS","ACCOUNT_OPENING"]}
{"timestamp":"2026-02-16T18:36:58.345Z","runId":302,"level":"debug","phase":"clean_decision","tableName":"CUSTOMERS","cleanBefore":true,"dryRun":false,"mode":"INSERT"}
{"timestamp":"2026-02-16T18:36:58.346Z","runId":302,"type":"table_cleaning_started","table":"CUSTOMERS","tableRunId":464}
{"timestamp":"2026-02-16T18:36:58.346Z","runId":302,"level":"info","phase":"clean","tableName":"CUSTOMERS","tableRunId":464,"status":"start"}
{"timestamp":"2026-02-16T18:36:58.347Z","runId":302,"level":"debug","phase":"clean","tableName":"CUSTOMERS","tableRunId":464,"action":"fk_checks_disabled"}
{"timestamp":"2026-02-16T18:36:58.421Z","runId":302,"level":"info","phase":"clean","tableName":"CUSTOMERS","tableRunId":464,"status":"success","method":"TRUNCATE","affectedRows":null,"postCount":0,"durationMs":74}
{"timestamp":"2026-02-16T18:36:58.428Z","runId":302,"type":"table_cleaned","table":"CUSTOMERS","tableRunId":464,"method":"TRUNCATE","affectedRows":null,"postCount":0}
{"timestamp":"2026-02-16T18:36:58.429Z","runId":302,"level":"debug","phase":"clean","tableName":"CUSTOMERS","tableRunId":464,"action":"fk_checks_restored"}
{"timestamp":"2026-02-16T18:36:58.430Z","runId":302,"level":"info","phase":"table_start","tableName":"CUSTOMERS","tableRunId":464,"mode":"INSERT","keyStrategy":"preserve","dedupeKeys":[]}
{"timestamp":"2026-02-16T18:36:59.119Z","runId":302,"level":"info","phase":"fetch","tableName":"CUSTOMERS","tableRunId":464,"sourceRows":22}
{"timestamp":"2026-02-16T18:36:59.970Z","runId":302,"level":"debug","phase":"write","tableName":"CUSTOMERS","tableRunId":464,"status":"start","batchSize":22}
{"timestamp":"2026-02-16T18:36:59.978Z","runId":302,"level":"debug","phase":"write","tableName":"CUSTOMERS","tableRunId":464,"status":"end","inserted":22,"updated":0,"skipped":0,"durationMs":8}
{"timestamp":"2026-02-16T18:37:00.000Z","runId":302,"level":"info","phase":"table_finalize","tableName":"CUSTOMERS","tableRunId":464,"status":"success","inserted":22,"updated":0,"skipped":0,"errors":0,"durationMs":1560}
{"timestamp":"2026-02-16T18:37:00.001Z","runId":302,"level":"debug","phase":"table_loop","action":"processing","tableName":"WORK_DONE","mappingTableKeys":["CNOTE","CUSTOMER","INVOICES","PAYMENTS","WORKDONE"]}
{"timestamp":"2026-02-16T18:37:00.002Z","runId":302,"level":"debug","phase":"table_loop","action":"mapping_resolved","tableName":"WORK_DONE","hasMappingEntry":true,"mappingTarget":"WORK_DONE"}
{"timestamp":"2026-02-16T18:37:00.002Z","runId":302,"level":"debug","phase":"mapping_debug","tableName":"WORK_DONE","mappedSource":"WORKDONE","firebirdTableCount":191,"sampleFirebirdTables":["ACCCLASS","ACCDEPARTMENT","ACCOUNTLINKS","ACCOUNTS","ACCOUNT_OPENING"]}
{"timestamp":"2026-02-16T18:37:00.090Z","runId":302,"level":"debug","phase":"clean_decision","tableName":"WORK_DONE","cleanBefore":true,"dryRun":false,"mode":"INSERT"}
{"timestamp":"2026-02-16T18:37:00.090Z","runId":302,"type":"table_cleaning_started","table":"WORK_DONE","tableRunId":465}
{"timestamp":"2026-02-16T18:37:00.091Z","runId":302,"level":"info","phase":"clean","tableName":"WORK_DONE","tableRunId":465,"status":"start"}
{"timestamp":"2026-02-16T18:37:00.091Z","runId":302,"level":"debug","phase":"clean","tableName":"WORK_DONE","tableRunId":465,"action":"fk_checks_disabled"}
{"timestamp":"2026-02-16T18:37:00.136Z","runId":302,"level":"info","phase":"clean","tableName":"WORK_DONE","tableRunId":465,"status":"success","method":"TRUNCATE","affectedRows":null,"postCount":0,"durationMs":45}
{"timestamp":"2026-02-16T18:37:00.144Z","runId":302,"type":"table_cleaned","table":"WORK_DONE","tableRunId":465,"method":"TRUNCATE","affectedRows":null,"postCount":0}
{"timestamp":"2026-02-16T18:37:00.145Z","runId":302,"level":"debug","phase":"clean","tableName":"WORK_DONE","tableRunId":465,"action":"fk_checks_restored"}
{"timestamp":"2026-02-16T18:37:00.145Z","runId":302,"level":"info","phase":"table_start","tableName":"WORK_DONE","tableRunId":465,"mode":"INSERT","keyStrategy":"preserve","dedupeKeys":[]}
{"timestamp":"2026-02-16T18:37:00.241Z","runId":302,"level":"info","phase":"fetch","tableName":"WORK_DONE","tableRunId":465,"sourceRows":50}
{"timestamp":"2026-02-16T18:37:00.333Z","runId":302,"level":"debug","phase":"write","tableName":"WORK_DONE","tableRunId":465,"status":"start","batchSize":50}
{"timestamp":"2026-02-16T18:37:00.342Z","runId":302,"level":"debug","phase":"write","tableName":"WORK_DONE","tableRunId":465,"status":"end","inserted":38,"updated":0,"skipped":12,"durationMs":9}
{"timestamp":"2026-02-16T18:37:00.361Z","runId":302,"level":"info","phase":"table_finalize","tableName":"WORK_DONE","tableRunId":465,"status":"success","inserted":38,"updated":0,"skipped":12,"errors":0,"durationMs":207}
{"timestamp":"2026-02-16T18:37:00.362Z","runId":302,"level":"debug","phase":"table_loop","action":"processing","tableName":"SPARES_USED","mappingTableKeys":["CNOTE","CUSTOMER","INVOICES","PAYMENTS","WORKDONE"]}
{"timestamp":"2026-02-16T18:37:00.362Z","runId":302,"level":"debug","phase":"table_loop","action":"mapping_resolved","tableName":"SPARES_USED","hasMappingEntry":true,"mappingTarget":"SPARES_USED"}
{"timestamp":"2026-02-16T18:37:00.363Z","runId":302,"level":"debug","phase":"mapping_debug","tableName":"SPARES_USED","mappedSource":"SPARES_USED","firebirdTableCount":191,"sampleFirebirdTables":["ACCCLASS","ACCDEPARTMENT","ACCOUNTLINKS","ACCOUNTS","ACCOUNT_OPENING"]}
{"timestamp":"2026-02-16T18:37:00.448Z","runId":302,"level":"debug","phase":"clean_decision","tableName":"SPARES_USED","cleanBefore":true,"dryRun":false,"mode":"INSERT"}
{"timestamp":"2026-02-16T18:37:00.449Z","runId":302,"type":"table_cleaning_started","table":"SPARES_USED","tableRunId":466}
{"timestamp":"2026-02-16T18:37:00.449Z","runId":302,"level":"info","phase":"clean","tableName":"SPARES_USED","tableRunId":466,"status":"start"}
{"timestamp":"2026-02-16T18:37:00.450Z","runId":302,"level":"debug","phase":"clean","tableName":"SPARES_USED","tableRunId":466,"action":"fk_checks_disabled"}
{"timestamp":"2026-02-16T18:37:00.506Z","runId":302,"level":"info","phase":"clean","tableName":"SPARES_USED","tableRunId":466,"status":"success","method":"TRUNCATE","affectedRows":null,"postCount":0,"durationMs":56}
{"timestamp":"2026-02-16T18:37:00.513Z","runId":302,"type":"table_cleaned","table":"SPARES_USED","tableRunId":466,"method":"TRUNCATE","affectedRows":null,"postCount":0}
{"timestamp":"2026-02-16T18:37:00.515Z","runId":302,"level":"debug","phase":"clean","tableName":"SPARES_USED","tableRunId":466,"action":"fk_checks_restored"}
{"timestamp":"2026-02-16T18:37:00.515Z","runId":302,"level":"info","phase":"table_start","tableName":"SPARES_USED","tableRunId":466,"mode":"INSERT","keyStrategy":"preserve","dedupeKeys":[]}
{"timestamp":"2026-02-16T18:37:00.621Z","runId":302,"level":"info","phase":"fetch","tableName":"SPARES_USED","tableRunId":466,"sourceRows":84}
{"timestamp":"2026-02-16T18:37:00.720Z","runId":302,"level":"debug","phase":"write","tableName":"SPARES_USED","tableRunId":466,"status":"start","batchSize":84}
{"timestamp":"2026-02-16T18:37:00.729Z","runId":302,"level":"debug","phase":"write","tableName":"SPARES_USED","tableRunId":466,"status":"end","inserted":84,"updated":0,"skipped":0,"durationMs":9}
{"timestamp":"2026-02-16T18:37:00.744Z","runId":302,"level":"info","phase":"table_finalize","tableName":"SPARES_USED","tableRunId":466,"status":"success","inserted":84,"updated":0,"skipped":0,"errors":0,"durationMs":222}
{"timestamp":"2026-02-16T18:37:00.745Z","runId":302,"level":"debug","phase":"table_loop","action":"processing","tableName":"CREDIT_NOTES","mappingTableKeys":["CNOTE","CUSTOMER","INVOICES","PAYMENTS","WORKDONE"]}
{"timestamp":"2026-02-16T18:37:00.745Z","runId":302,"level":"debug","phase":"table_loop","action":"mapping_resolved","tableName":"CREDIT_NOTES","hasMappingEntry":true,"mappingTarget":"CREDIT_NOTES"}
{"timestamp":"2026-02-16T18:37:00.745Z","runId":302,"level":"debug","phase":"mapping_debug","tableName":"CREDIT_NOTES","mappedSource":"CNOTE","firebirdTableCount":191,"sampleFirebirdTables":["ACCCLASS","ACCDEPARTMENT","ACCOUNTLINKS","ACCOUNTS","ACCOUNT_OPENING"]}
{"timestamp":"2026-02-16T18:37:00.815Z","runId":302,"level":"debug","phase":"clean_decision","tableName":"CREDIT_NOTES","cleanBefore":true,"dryRun":false,"mode":"INSERT"}
{"timestamp":"2026-02-16T18:37:00.815Z","runId":302,"type":"table_cleaning_started","table":"CREDIT_NOTES","tableRunId":467}
{"timestamp":"2026-02-16T18:37:00.816Z","runId":302,"level":"info","phase":"clean","tableName":"CREDIT_NOTES","tableRunId":467,"status":"start"}
{"timestamp":"2026-02-16T18:37:00.816Z","runId":302,"level":"debug","phase":"clean","tableName":"CREDIT_NOTES","tableRunId":467,"action":"fk_checks_disabled"}
{"timestamp":"2026-02-16T18:37:00.850Z","runId":302,"level":"info","phase":"clean","tableName":"CREDIT_NOTES","tableRunId":467,"status":"success","method":"TRUNCATE","affectedRows":null,"postCount":0,"durationMs":34}
{"timestamp":"2026-02-16T18:37:00.857Z","runId":302,"type":"table_cleaned","table":"CREDIT_NOTES","tableRunId":467,"method":"TRUNCATE","affectedRows":null,"postCount":0}
{"timestamp":"2026-02-16T18:37:00.858Z","runId":302,"level":"debug","phase":"clean","tableName":"CREDIT_NOTES","tableRunId":467,"action":"fk_checks_restored"}
{"timestamp":"2026-02-16T18:37:00.858Z","runId":302,"level":"info","phase":"table_start","tableName":"CREDIT_NOTES","tableRunId":467,"mode":"INSERT","keyStrategy":"preserve","dedupeKeys":[]}
{"timestamp":"2026-02-16T18:37:01.714Z","runId":302,"level":"error","phase":"run_error","error":"Your user name and password are not defined. Ask your database\nadministrator to set up a Firebird login\n. Likely causes: empty user, empty password, Firebird Embedded security misconfiguration, or connecting to the wrong server/port. Verify credentials on Setup. Config used: host=localhost port=3050 database=C:\\Autoneer\\data\\AUTONEER.FDB user=SYSDBA passwordSet=true source=state useDefault=true","stack":"Error: Your user name and password are not defined. Ask your database\nadministrator to set up a Firebird login\n\n    at doCallback (C:\\Projects\\Autoneer-Migrate\\node_modules\\node-firebird\\lib\\callback.js:23:21)\n    at C:\\Projects\\Autoneer-Migrate\\node_modules\\node-firebird\\lib\\wire\\connection.js:172:21"}
