{"timestamp":"2026-02-16T18:47:20.335Z","runId":304,"level":"info","phase":"run_start","dryRun":false,"batchSize":1000,"fkChecks":true,"tables":[{"table":"INVOICES","mode":"INSERT","keyStrategy":"preserve","dedupeKeys":[],"onDuplicate":"SKIP","cleanBefore":true},{"table":"PAYMENTS","mode":"INSERT","keyStrategy":"preserve","dedupeKeys":[],"onDuplicate":"SKIP","cleanBefore":true},{"table":"CUSTOMERS","mode":"INSERT","keyStrategy":"preserve","dedupeKeys":[],"onDuplicate":"SKIP","cleanBefore":true},{"table":"WORK_DONE","mode":"INSERT","keyStrategy":"preserve","dedupeKeys":[],"onDuplicate":"SKIP","cleanBefore":true},{"table":"WORK_TODO","mode":"INSERT","keyStrategy":"preserve","dedupeKeys":[],"onDuplicate":"SKIP","cleanBefore":true},{"table":"SPARES_USED","mode":"INSERT","keyStrategy":"preserve","dedupeKeys":[],"onDuplicate":"SKIP","cleanBefore":true},{"table":"CREDIT_NOTES","mode":"INSERT","keyStrategy":"preserve","dedupeKeys":[],"onDuplicate":"SKIP","cleanBefore":true},{"table":"JOB_INFORMATION","mode":"INSERT","keyStrategy":"preserve","dedupeKeys":[],"onDuplicate":"SKIP","cleanBefore":true}]}
{"timestamp":"2026-02-16T18:47:20.335Z","runId":304,"level":"info","phase":"preflight","action":"firebird_config_check","host":"localhost","port":3050,"database":"C:\\Autoneer\\data\\AUTONEER.FDB","user":"SYSDBA","passwordSet":true,"passwordLength":9,"passwordSource":"state","useDefaultSysdbaMasterkey":true,"rawPasswordSet":true,"rawPasswordLength":9}
{"timestamp":"2026-02-16T18:47:20.395Z","runId":304,"level":"info","phase":"preflight","attempt":1,"status":"ok"}
{"timestamp":"2026-02-16T18:47:20.396Z","runId":304,"level":"debug","phase":"preflight","durationMs":61}
{"timestamp":"2026-02-16T18:47:20.396Z","runId":304,"level":"info","phase":"preflight","action":"nullability_validation","status":"start"}
{"timestamp":"2026-02-16T18:47:20.406Z","runId":304,"level":"info","phase":"preflight","action":"nullability_validation","status":"passed"}
{"timestamp":"2026-02-16T18:47:20.453Z","runId":304,"level":"debug","phase":"table_loop","action":"starting","includedCount":8,"mappingTableCount":8}
{"timestamp":"2026-02-16T18:47:20.453Z","runId":304,"level":"info","phase":"table_loop","action":"normalized_tables","sampleTables":["INVOICES","PAYMENTS","CUSTOMERS","WORK_DONE","WORK_TODO"]}
{"timestamp":"2026-02-16T18:47:20.453Z","runId":304,"level":"debug","phase":"table_loop","action":"processing","tableName":"INVOICES","mappingTableKeys":["CNOTE","CUSTOMER","INVOICES","PAYMENTS","WORKDONE"]}
{"timestamp":"2026-02-16T18:47:20.453Z","runId":304,"level":"debug","phase":"table_loop","action":"mapping_resolved","tableName":"INVOICES","hasMappingEntry":true,"mappingTarget":"INVOICES"}
{"timestamp":"2026-02-16T18:47:20.453Z","runId":304,"level":"debug","phase":"mapping_debug","tableName":"INVOICES","mappedSource":"INVOICES","firebirdTableCount":191,"sampleFirebirdTables":["ACCCLASS","ACCDEPARTMENT","ACCOUNTLINKS","ACCOUNTS","ACCOUNT_OPENING"]}
{"timestamp":"2026-02-16T18:47:20.510Z","runId":304,"level":"debug","phase":"clean_decision","tableName":"INVOICES","cleanBefore":true,"dryRun":false,"mode":"INSERT"}
{"timestamp":"2026-02-16T18:47:20.511Z","runId":304,"type":"table_cleaning_started","table":"INVOICES","tableRunId":475}
{"timestamp":"2026-02-16T18:47:20.511Z","runId":304,"level":"info","phase":"clean","tableName":"INVOICES","tableRunId":475,"status":"start"}
{"timestamp":"2026-02-16T18:47:20.512Z","runId":304,"level":"debug","phase":"clean","tableName":"INVOICES","tableRunId":475,"action":"fk_checks_disabled"}
{"timestamp":"2026-02-16T18:47:20.560Z","runId":304,"level":"info","phase":"clean","tableName":"INVOICES","tableRunId":475,"status":"success","method":"TRUNCATE","affectedRows":null,"postCount":0,"durationMs":48}
{"timestamp":"2026-02-16T18:47:20.569Z","runId":304,"type":"table_cleaned","table":"INVOICES","tableRunId":475,"method":"TRUNCATE","affectedRows":null,"postCount":0}
{"timestamp":"2026-02-16T18:47:20.570Z","runId":304,"level":"debug","phase":"clean","tableName":"INVOICES","tableRunId":475,"action":"fk_checks_restored"}
{"timestamp":"2026-02-16T18:47:20.570Z","runId":304,"level":"info","phase":"table_start","tableName":"INVOICES","tableRunId":475,"mode":"INSERT","keyStrategy":"preserve","dedupeKeys":[]}
{"timestamp":"2026-02-16T18:47:20.648Z","runId":304,"level":"info","phase":"fetch","tableName":"INVOICES","tableRunId":475,"sourceRows":23}
{"timestamp":"2026-02-16T18:47:20.716Z","runId":304,"level":"debug","phase":"write","tableName":"INVOICES","tableRunId":475,"status":"start","batchSize":23}
{"timestamp":"2026-02-16T18:47:20.723Z","runId":304,"level":"debug","phase":"write","tableName":"INVOICES","tableRunId":475,"status":"end","inserted":23,"updated":0,"skipped":0,"durationMs":7}
{"timestamp":"2026-02-16T18:47:20.745Z","runId":304,"level":"info","phase":"table_finalize","tableName":"INVOICES","tableRunId":475,"status":"success","inserted":23,"updated":0,"skipped":0,"errors":0,"durationMs":164}
{"timestamp":"2026-02-16T18:47:20.746Z","runId":304,"level":"debug","phase":"table_loop","action":"processing","tableName":"PAYMENTS","mappingTableKeys":["CNOTE","CUSTOMER","INVOICES","PAYMENTS","WORKDONE"]}
{"timestamp":"2026-02-16T18:47:20.746Z","runId":304,"level":"debug","phase":"table_loop","action":"mapping_resolved","tableName":"PAYMENTS","hasMappingEntry":true,"mappingTarget":"PAYMENTS"}
{"timestamp":"2026-02-16T18:47:20.747Z","runId":304,"level":"debug","phase":"mapping_debug","tableName":"PAYMENTS","mappedSource":"PAYMENTS","firebirdTableCount":191,"sampleFirebirdTables":["ACCCLASS","ACCDEPARTMENT","ACCOUNTLINKS","ACCOUNTS","ACCOUNT_OPENING"]}
{"timestamp":"2026-02-16T18:47:20.816Z","runId":304,"level":"debug","phase":"clean_decision","tableName":"PAYMENTS","cleanBefore":true,"dryRun":false,"mode":"INSERT"}
{"timestamp":"2026-02-16T18:47:20.816Z","runId":304,"type":"table_cleaning_started","table":"PAYMENTS","tableRunId":476}
{"timestamp":"2026-02-16T18:47:20.816Z","runId":304,"level":"info","phase":"clean","tableName":"PAYMENTS","tableRunId":476,"status":"start"}
{"timestamp":"2026-02-16T18:47:20.817Z","runId":304,"level":"debug","phase":"clean","tableName":"PAYMENTS","tableRunId":476,"action":"fk_checks_disabled"}
{"timestamp":"2026-02-16T18:47:20.873Z","runId":304,"level":"info","phase":"clean","tableName":"PAYMENTS","tableRunId":476,"status":"success","method":"TRUNCATE","affectedRows":null,"postCount":0,"durationMs":56}
{"timestamp":"2026-02-16T18:47:20.880Z","runId":304,"type":"table_cleaned","table":"PAYMENTS","tableRunId":476,"method":"TRUNCATE","affectedRows":null,"postCount":0}
{"timestamp":"2026-02-16T18:47:20.881Z","runId":304,"level":"debug","phase":"clean","tableName":"PAYMENTS","tableRunId":476,"action":"fk_checks_restored"}
{"timestamp":"2026-02-16T18:47:20.882Z","runId":304,"level":"info","phase":"table_start","tableName":"PAYMENTS","tableRunId":476,"mode":"INSERT","keyStrategy":"preserve","dedupeKeys":[]}
{"timestamp":"2026-02-16T18:47:20.956Z","runId":304,"level":"info","phase":"fetch","tableName":"PAYMENTS","tableRunId":476,"sourceRows":18}
{"timestamp":"2026-02-16T18:47:21.793Z","runId":304,"level":"debug","phase":"write","tableName":"PAYMENTS","tableRunId":476,"status":"start","batchSize":18}
{"timestamp":"2026-02-16T18:47:21.799Z","runId":304,"level":"debug","phase":"write","tableName":"PAYMENTS","tableRunId":476,"status":"end","inserted":18,"updated":0,"skipped":0,"durationMs":6}
{"timestamp":"2026-02-16T18:47:21.818Z","runId":304,"level":"info","phase":"table_finalize","tableName":"PAYMENTS","tableRunId":476,"status":"success","inserted":18,"updated":0,"skipped":0,"errors":0,"durationMs":927}
{"timestamp":"2026-02-16T18:47:21.818Z","runId":304,"level":"debug","phase":"table_loop","action":"processing","tableName":"CUSTOMERS","mappingTableKeys":["CNOTE","CUSTOMER","INVOICES","PAYMENTS","WORKDONE"]}
{"timestamp":"2026-02-16T18:47:21.819Z","runId":304,"level":"debug","phase":"table_loop","action":"mapping_resolved","tableName":"CUSTOMERS","hasMappingEntry":true,"mappingTarget":"CUSTOMERS"}
{"timestamp":"2026-02-16T18:47:21.819Z","runId":304,"level":"debug","phase":"mapping_debug","tableName":"CUSTOMERS","mappedSource":"CUSTOMER","firebirdTableCount":191,"sampleFirebirdTables":["ACCCLASS","ACCDEPARTMENT","ACCOUNTLINKS","ACCOUNTS","ACCOUNT_OPENING"]}
{"timestamp":"2026-02-16T18:47:21.907Z","runId":304,"level":"debug","phase":"clean_decision","tableName":"CUSTOMERS","cleanBefore":true,"dryRun":false,"mode":"INSERT"}
{"timestamp":"2026-02-16T18:47:21.907Z","runId":304,"type":"table_cleaning_started","table":"CUSTOMERS","tableRunId":477}
{"timestamp":"2026-02-16T18:47:21.908Z","runId":304,"level":"info","phase":"clean","tableName":"CUSTOMERS","tableRunId":477,"status":"start"}
{"timestamp":"2026-02-16T18:47:21.909Z","runId":304,"level":"debug","phase":"clean","tableName":"CUSTOMERS","tableRunId":477,"action":"fk_checks_disabled"}
{"timestamp":"2026-02-16T18:47:21.954Z","runId":304,"level":"info","phase":"clean","tableName":"CUSTOMERS","tableRunId":477,"status":"success","method":"TRUNCATE","affectedRows":null,"postCount":0,"durationMs":46}
{"timestamp":"2026-02-16T18:47:21.962Z","runId":304,"type":"table_cleaned","table":"CUSTOMERS","tableRunId":477,"method":"TRUNCATE","affectedRows":null,"postCount":0}
{"timestamp":"2026-02-16T18:47:21.963Z","runId":304,"level":"debug","phase":"clean","tableName":"CUSTOMERS","tableRunId":477,"action":"fk_checks_restored"}
{"timestamp":"2026-02-16T18:47:21.964Z","runId":304,"level":"info","phase":"table_start","tableName":"CUSTOMERS","tableRunId":477,"mode":"INSERT","keyStrategy":"preserve","dedupeKeys":[]}
{"timestamp":"2026-02-16T18:47:22.046Z","runId":304,"level":"info","phase":"fetch","tableName":"CUSTOMERS","tableRunId":477,"sourceRows":22}
{"timestamp":"2026-02-16T18:47:22.132Z","runId":304,"level":"debug","phase":"write","tableName":"CUSTOMERS","tableRunId":477,"status":"start","batchSize":22}
{"timestamp":"2026-02-16T18:47:22.141Z","runId":304,"level":"debug","phase":"write","tableName":"CUSTOMERS","tableRunId":477,"status":"end","inserted":22,"updated":0,"skipped":0,"durationMs":9}
{"timestamp":"2026-02-16T18:47:22.163Z","runId":304,"level":"info","phase":"table_finalize","tableName":"CUSTOMERS","tableRunId":477,"status":"success","inserted":22,"updated":0,"skipped":0,"errors":0,"durationMs":189}
{"timestamp":"2026-02-16T18:47:22.164Z","runId":304,"level":"debug","phase":"table_loop","action":"processing","tableName":"WORK_DONE","mappingTableKeys":["CNOTE","CUSTOMER","INVOICES","PAYMENTS","WORKDONE"]}
{"timestamp":"2026-02-16T18:47:22.165Z","runId":304,"level":"debug","phase":"table_loop","action":"mapping_resolved","tableName":"WORK_DONE","hasMappingEntry":true,"mappingTarget":"WORK_DONE"}
{"timestamp":"2026-02-16T18:47:22.165Z","runId":304,"level":"debug","phase":"mapping_debug","tableName":"WORK_DONE","mappedSource":"WORKDONE","firebirdTableCount":191,"sampleFirebirdTables":["ACCCLASS","ACCDEPARTMENT","ACCOUNTLINKS","ACCOUNTS","ACCOUNT_OPENING"]}
{"timestamp":"2026-02-16T18:47:22.245Z","runId":304,"level":"debug","phase":"clean_decision","tableName":"WORK_DONE","cleanBefore":true,"dryRun":false,"mode":"INSERT"}
{"timestamp":"2026-02-16T18:47:22.246Z","runId":304,"type":"table_cleaning_started","table":"WORK_DONE","tableRunId":478}
{"timestamp":"2026-02-16T18:47:22.246Z","runId":304,"level":"info","phase":"clean","tableName":"WORK_DONE","tableRunId":478,"status":"start"}
{"timestamp":"2026-02-16T18:47:22.247Z","runId":304,"level":"debug","phase":"clean","tableName":"WORK_DONE","tableRunId":478,"action":"fk_checks_disabled"}
{"timestamp":"2026-02-16T18:47:22.301Z","runId":304,"level":"info","phase":"clean","tableName":"WORK_DONE","tableRunId":478,"status":"success","method":"TRUNCATE","affectedRows":null,"postCount":0,"durationMs":55}
{"timestamp":"2026-02-16T18:47:22.309Z","runId":304,"type":"table_cleaned","table":"WORK_DONE","tableRunId":478,"method":"TRUNCATE","affectedRows":null,"postCount":0}
{"timestamp":"2026-02-16T18:47:22.310Z","runId":304,"level":"debug","phase":"clean","tableName":"WORK_DONE","tableRunId":478,"action":"fk_checks_restored"}
{"timestamp":"2026-02-16T18:47:22.311Z","runId":304,"level":"info","phase":"table_start","tableName":"WORK_DONE","tableRunId":478,"mode":"INSERT","keyStrategy":"preserve","dedupeKeys":[]}
{"timestamp":"2026-02-16T18:47:22.388Z","runId":304,"level":"info","phase":"fetch","tableName":"WORK_DONE","tableRunId":478,"sourceRows":50}
{"timestamp":"2026-02-16T18:47:22.460Z","runId":304,"level":"debug","phase":"write","tableName":"WORK_DONE","tableRunId":478,"status":"start","batchSize":50}
{"timestamp":"2026-02-16T18:47:22.468Z","runId":304,"level":"debug","phase":"write","tableName":"WORK_DONE","tableRunId":478,"status":"end","inserted":38,"updated":0,"skipped":12,"durationMs":8}
{"timestamp":"2026-02-16T18:47:22.486Z","runId":304,"level":"info","phase":"table_finalize","tableName":"WORK_DONE","tableRunId":478,"status":"success","inserted":38,"updated":0,"skipped":12,"errors":0,"durationMs":167}
{"timestamp":"2026-02-16T18:47:22.487Z","runId":304,"level":"debug","phase":"table_loop","action":"processing","tableName":"WORK_TODO","mappingTableKeys":["CNOTE","CUSTOMER","INVOICES","PAYMENTS","WORKDONE"]}
{"timestamp":"2026-02-16T18:47:22.487Z","runId":304,"level":"debug","phase":"table_loop","action":"mapping_resolved","tableName":"WORK_TODO","hasMappingEntry":true,"mappingTarget":"WORK_TODO"}
{"timestamp":"2026-02-16T18:47:22.488Z","runId":304,"level":"debug","phase":"mapping_debug","tableName":"WORK_TODO","mappedSource":"WORKTODO","firebirdTableCount":191,"sampleFirebirdTables":["ACCCLASS","ACCDEPARTMENT","ACCOUNTLINKS","ACCOUNTS","ACCOUNT_OPENING"]}
{"timestamp":"2026-02-16T18:47:22.571Z","runId":304,"level":"debug","phase":"clean_decision","tableName":"WORK_TODO","cleanBefore":true,"dryRun":false,"mode":"INSERT"}
{"timestamp":"2026-02-16T18:47:22.572Z","runId":304,"type":"table_cleaning_started","table":"WORK_TODO","tableRunId":479}
{"timestamp":"2026-02-16T18:47:22.572Z","runId":304,"level":"info","phase":"clean","tableName":"WORK_TODO","tableRunId":479,"status":"start"}
{"timestamp":"2026-02-16T18:47:22.573Z","runId":304,"level":"debug","phase":"clean","tableName":"WORK_TODO","tableRunId":479,"action":"fk_checks_disabled"}
{"timestamp":"2026-02-16T18:47:22.605Z","runId":304,"level":"info","phase":"clean","tableName":"WORK_TODO","tableRunId":479,"status":"success","method":"TRUNCATE","affectedRows":null,"postCount":0,"durationMs":32}
{"timestamp":"2026-02-16T18:47:22.611Z","runId":304,"type":"table_cleaned","table":"WORK_TODO","tableRunId":479,"method":"TRUNCATE","affectedRows":null,"postCount":0}
{"timestamp":"2026-02-16T18:47:22.611Z","runId":304,"level":"debug","phase":"clean","tableName":"WORK_TODO","tableRunId":479,"action":"fk_checks_restored"}
{"timestamp":"2026-02-16T18:47:22.612Z","runId":304,"level":"info","phase":"table_start","tableName":"WORK_TODO","tableRunId":479,"mode":"INSERT","keyStrategy":"preserve","dedupeKeys":[]}
{"timestamp":"2026-02-16T18:47:22.685Z","runId":304,"level":"info","phase":"fetch","tableName":"WORK_TODO","tableRunId":479,"sourceRows":0}
{"timestamp":"2026-02-16T18:47:22.694Z","runId":304,"level":"info","phase":"table_finalize","tableName":"WORK_TODO","tableRunId":479,"status":"success","inserted":0,"updated":0,"skipped":0,"errors":0,"durationMs":74}
{"timestamp":"2026-02-16T18:47:22.695Z","runId":304,"level":"debug","phase":"table_loop","action":"processing","tableName":"SPARES_USED","mappingTableKeys":["CNOTE","CUSTOMER","INVOICES","PAYMENTS","WORKDONE"]}
{"timestamp":"2026-02-16T18:47:22.695Z","runId":304,"level":"debug","phase":"table_loop","action":"mapping_resolved","tableName":"SPARES_USED","hasMappingEntry":true,"mappingTarget":"SPARES_USED"}
{"timestamp":"2026-02-16T18:47:22.695Z","runId":304,"level":"debug","phase":"mapping_debug","tableName":"SPARES_USED","mappedSource":"SPARES_USED","firebirdTableCount":191,"sampleFirebirdTables":["ACCCLASS","ACCDEPARTMENT","ACCOUNTLINKS","ACCOUNTS","ACCOUNT_OPENING"]}
{"timestamp":"2026-02-16T18:47:22.773Z","runId":304,"level":"debug","phase":"clean_decision","tableName":"SPARES_USED","cleanBefore":true,"dryRun":false,"mode":"INSERT"}
{"timestamp":"2026-02-16T18:47:22.774Z","runId":304,"type":"table_cleaning_started","table":"SPARES_USED","tableRunId":480}
{"timestamp":"2026-02-16T18:47:22.774Z","runId":304,"level":"info","phase":"clean","tableName":"SPARES_USED","tableRunId":480,"status":"start"}
{"timestamp":"2026-02-16T18:47:22.775Z","runId":304,"level":"debug","phase":"clean","tableName":"SPARES_USED","tableRunId":480,"action":"fk_checks_disabled"}
{"timestamp":"2026-02-16T18:47:22.822Z","runId":304,"level":"info","phase":"clean","tableName":"SPARES_USED","tableRunId":480,"status":"success","method":"TRUNCATE","affectedRows":null,"postCount":0,"durationMs":48}
{"timestamp":"2026-02-16T18:47:22.830Z","runId":304,"type":"table_cleaned","table":"SPARES_USED","tableRunId":480,"method":"TRUNCATE","affectedRows":null,"postCount":0}
{"timestamp":"2026-02-16T18:47:22.831Z","runId":304,"level":"debug","phase":"clean","tableName":"SPARES_USED","tableRunId":480,"action":"fk_checks_restored"}
{"timestamp":"2026-02-16T18:47:22.832Z","runId":304,"level":"info","phase":"table_start","tableName":"SPARES_USED","tableRunId":480,"mode":"INSERT","keyStrategy":"preserve","dedupeKeys":[]}
{"timestamp":"2026-02-16T18:47:23.733Z","runId":304,"level":"info","phase":"fetch","tableName":"SPARES_USED","tableRunId":480,"sourceRows":84}
{"timestamp":"2026-02-16T18:47:23.813Z","runId":304,"level":"debug","phase":"write","tableName":"SPARES_USED","tableRunId":480,"status":"start","batchSize":84}
{"timestamp":"2026-02-16T18:47:23.823Z","runId":304,"level":"debug","phase":"write","tableName":"SPARES_USED","tableRunId":480,"status":"end","inserted":84,"updated":0,"skipped":0,"durationMs":10}
{"timestamp":"2026-02-16T18:47:23.841Z","runId":304,"level":"info","phase":"table_finalize","tableName":"SPARES_USED","tableRunId":480,"status":"success","inserted":84,"updated":0,"skipped":0,"errors":0,"durationMs":1000}
{"timestamp":"2026-02-16T18:47:23.842Z","runId":304,"level":"debug","phase":"table_loop","action":"processing","tableName":"CREDIT_NOTES","mappingTableKeys":["CNOTE","CUSTOMER","INVOICES","PAYMENTS","WORKDONE"]}
{"timestamp":"2026-02-16T18:47:23.842Z","runId":304,"level":"debug","phase":"table_loop","action":"mapping_resolved","tableName":"CREDIT_NOTES","hasMappingEntry":true,"mappingTarget":"CREDIT_NOTES"}
{"timestamp":"2026-02-16T18:47:23.843Z","runId":304,"level":"debug","phase":"mapping_debug","tableName":"CREDIT_NOTES","mappedSource":"CNOTE","firebirdTableCount":191,"sampleFirebirdTables":["ACCCLASS","ACCDEPARTMENT","ACCOUNTLINKS","ACCOUNTS","ACCOUNT_OPENING"]}
{"timestamp":"2026-02-16T18:47:23.921Z","runId":304,"level":"debug","phase":"clean_decision","tableName":"CREDIT_NOTES","cleanBefore":true,"dryRun":false,"mode":"INSERT"}
{"timestamp":"2026-02-16T18:47:23.922Z","runId":304,"type":"table_cleaning_started","table":"CREDIT_NOTES","tableRunId":481}
{"timestamp":"2026-02-16T18:47:23.922Z","runId":304,"level":"info","phase":"clean","tableName":"CREDIT_NOTES","tableRunId":481,"status":"start"}
{"timestamp":"2026-02-16T18:47:23.923Z","runId":304,"level":"debug","phase":"clean","tableName":"CREDIT_NOTES","tableRunId":481,"action":"fk_checks_disabled"}
{"timestamp":"2026-02-16T18:47:23.958Z","runId":304,"level":"info","phase":"clean","tableName":"CREDIT_NOTES","tableRunId":481,"status":"success","method":"TRUNCATE","affectedRows":null,"postCount":0,"durationMs":36}
{"timestamp":"2026-02-16T18:47:23.964Z","runId":304,"type":"table_cleaned","table":"CREDIT_NOTES","tableRunId":481,"method":"TRUNCATE","affectedRows":null,"postCount":0}
{"timestamp":"2026-02-16T18:47:23.965Z","runId":304,"level":"debug","phase":"clean","tableName":"CREDIT_NOTES","tableRunId":481,"action":"fk_checks_restored"}
{"timestamp":"2026-02-16T18:47:23.965Z","runId":304,"level":"info","phase":"table_start","tableName":"CREDIT_NOTES","tableRunId":481,"mode":"INSERT","keyStrategy":"preserve","dedupeKeys":[]}
{"timestamp":"2026-02-16T18:47:24.038Z","runId":304,"level":"info","phase":"fetch","tableName":"CREDIT_NOTES","tableRunId":481,"sourceRows":0}
{"timestamp":"2026-02-16T18:47:24.045Z","runId":304,"level":"info","phase":"table_finalize","tableName":"CREDIT_NOTES","tableRunId":481,"status":"success","inserted":0,"updated":0,"skipped":0,"errors":0,"durationMs":74}
{"timestamp":"2026-02-16T18:47:24.046Z","runId":304,"level":"debug","phase":"table_loop","action":"processing","tableName":"JOB_INFORMATION","mappingTableKeys":["CNOTE","CUSTOMER","INVOICES","PAYMENTS","WORKDONE"]}
{"timestamp":"2026-02-16T18:47:24.046Z","runId":304,"level":"debug","phase":"table_loop","action":"mapping_resolved","tableName":"JOB_INFORMATION","hasMappingEntry":true,"mappingTarget":"JOB_INFORMATION"}
{"timestamp":"2026-02-16T18:47:24.047Z","runId":304,"level":"debug","phase":"mapping_debug","tableName":"JOB_INFORMATION","mappedSource":"JOB_INFORMATION","firebirdTableCount":191,"sampleFirebirdTables":["ACCCLASS","ACCDEPARTMENT","ACCOUNTLINKS","ACCOUNTS","ACCOUNT_OPENING"]}
{"timestamp":"2026-02-16T18:47:24.126Z","runId":304,"level":"debug","phase":"clean_decision","tableName":"JOB_INFORMATION","cleanBefore":true,"dryRun":false,"mode":"INSERT"}
{"timestamp":"2026-02-16T18:47:24.126Z","runId":304,"type":"table_cleaning_started","table":"JOB_INFORMATION","tableRunId":482}
{"timestamp":"2026-02-16T18:47:24.126Z","runId":304,"level":"info","phase":"clean","tableName":"JOB_INFORMATION","tableRunId":482,"status":"start"}
{"timestamp":"2026-02-16T18:47:24.127Z","runId":304,"level":"debug","phase":"clean","tableName":"JOB_INFORMATION","tableRunId":482,"action":"fk_checks_disabled"}
{"timestamp":"2026-02-16T18:47:24.179Z","runId":304,"level":"info","phase":"clean","tableName":"JOB_INFORMATION","tableRunId":482,"status":"success","method":"TRUNCATE","affectedRows":null,"postCount":0,"durationMs":52}
{"timestamp":"2026-02-16T18:47:24.188Z","runId":304,"type":"table_cleaned","table":"JOB_INFORMATION","tableRunId":482,"method":"TRUNCATE","affectedRows":null,"postCount":0}
{"timestamp":"2026-02-16T18:47:24.189Z","runId":304,"level":"debug","phase":"clean","tableName":"JOB_INFORMATION","tableRunId":482,"action":"fk_checks_restored"}
{"timestamp":"2026-02-16T18:47:24.189Z","runId":304,"level":"info","phase":"table_start","tableName":"JOB_INFORMATION","tableRunId":482,"mode":"INSERT","keyStrategy":"preserve","dedupeKeys":[]}
{"timestamp":"2026-02-16T18:47:24.280Z","runId":304,"level":"info","phase":"fetch","tableName":"JOB_INFORMATION","tableRunId":482,"sourceRows":22}
{"timestamp":"2026-02-16T18:47:24.358Z","runId":304,"level":"debug","phase":"write","tableName":"JOB_INFORMATION","tableRunId":482,"status":"start","batchSize":22}
{"timestamp":"2026-02-16T18:47:24.364Z","runId":304,"level":"debug","phase":"write","tableName":"JOB_INFORMATION","tableRunId":482,"status":"end","inserted":22,"updated":0,"skipped":0,"durationMs":6}
{"timestamp":"2026-02-16T18:47:24.378Z","runId":304,"level":"info","phase":"table_finalize","tableName":"JOB_INFORMATION","tableRunId":482,"status":"success","inserted":22,"updated":0,"skipped":0,"errors":0,"durationMs":182}
{"timestamp":"2026-02-16T18:47:24.382Z","runId":304,"level":"info","phase":"run_finalize","status":"success"}
