{"timestamp":"2026-02-16T18:47:53.153Z","runId":305,"level":"info","phase":"run_start","dryRun":false,"batchSize":1000,"fkChecks":true,"tables":[{"table":"SUPPLIERS","mode":"INSERT","keyStrategy":"preserve","dedupeKeys":[],"onDuplicate":"SKIP","cleanBefore":true},{"table":"INVOICE_ITEMS","mode":"INSERT","keyStrategy":"preserve","dedupeKeys":[],"onDuplicate":"SKIP","cleanBefore":true},{"table":"INVOICES_SUPPLIER","mode":"INSERT","keyStrategy":"preserve","dedupeKeys":[],"onDuplicate":"SKIP","cleanBefore":true},{"table":"PAYMENTS_SUPPLIERS","mode":"INSERT","keyStrategy":"preserve","dedupeKeys":[],"onDuplicate":"SKIP","cleanBefore":true},{"table":"CREDIT_NOTES_SUPPLIER","mode":"INSERT","keyStrategy":"preserve","dedupeKeys":[],"onDuplicate":"SKIP","cleanBefore":true}]}
{"timestamp":"2026-02-16T18:47:53.154Z","runId":305,"level":"info","phase":"preflight","action":"firebird_config_check","host":"localhost","port":3050,"database":"C:\\Autoneer\\data\\AUTONEER.FDB","user":"SYSDBA","passwordSet":true,"passwordLength":9,"passwordSource":"state","useDefaultSysdbaMasterkey":true,"rawPasswordSet":true,"rawPasswordLength":9}
{"timestamp":"2026-02-16T18:47:53.235Z","runId":305,"level":"info","phase":"preflight","attempt":1,"status":"ok"}
{"timestamp":"2026-02-16T18:47:53.236Z","runId":305,"level":"debug","phase":"preflight","durationMs":82}
{"timestamp":"2026-02-16T18:47:53.237Z","runId":305,"level":"info","phase":"preflight","action":"nullability_validation","status":"start"}
{"timestamp":"2026-02-16T18:47:53.247Z","runId":305,"level":"info","phase":"preflight","action":"nullability_validation","status":"passed"}
{"timestamp":"2026-02-16T18:47:53.339Z","runId":305,"level":"debug","phase":"table_loop","action":"starting","includedCount":5,"mappingTableCount":5}
{"timestamp":"2026-02-16T18:47:53.339Z","runId":305,"level":"info","phase":"table_loop","action":"normalized_tables","sampleTables":["SUPPLIERS","INVOICE_ITEMS","INVOICES_SUPPLIER","PAYMENTS_SUPPLIERS","CREDIT_NOTES_SUPPLIER"]}
{"timestamp":"2026-02-16T18:47:53.340Z","runId":305,"level":"debug","phase":"table_loop","action":"processing","tableName":"SUPPLIERS","mappingTableKeys":["INVTOTAL","SUPPLIER","CNOTESUPP","PAYMENTSSUPP","INVOICESUPPLIER"]}
{"timestamp":"2026-02-16T18:47:53.340Z","runId":305,"level":"debug","phase":"table_loop","action":"mapping_resolved","tableName":"SUPPLIERS","hasMappingEntry":true,"mappingTarget":"SUPPLIERS"}
{"timestamp":"2026-02-16T18:47:53.340Z","runId":305,"level":"debug","phase":"mapping_debug","tableName":"SUPPLIERS","mappedSource":"SUPPLIER","firebirdTableCount":191,"sampleFirebirdTables":["ACCCLASS","ACCDEPARTMENT","ACCOUNTLINKS","ACCOUNTS","ACCOUNT_OPENING"]}
{"timestamp":"2026-02-16T18:47:53.426Z","runId":305,"level":"debug","phase":"clean_decision","tableName":"SUPPLIERS","cleanBefore":true,"dryRun":false,"mode":"INSERT"}
{"timestamp":"2026-02-16T18:47:53.427Z","runId":305,"type":"table_cleaning_started","table":"SUPPLIERS","tableRunId":483}
{"timestamp":"2026-02-16T18:47:53.427Z","runId":305,"level":"info","phase":"clean","tableName":"SUPPLIERS","tableRunId":483,"status":"start"}
{"timestamp":"2026-02-16T18:47:53.428Z","runId":305,"level":"debug","phase":"clean","tableName":"SUPPLIERS","tableRunId":483,"action":"fk_checks_disabled"}
{"timestamp":"2026-02-16T18:47:53.465Z","runId":305,"level":"info","phase":"clean","tableName":"SUPPLIERS","tableRunId":483,"status":"success","method":"TRUNCATE","affectedRows":null,"postCount":0,"durationMs":38}
{"timestamp":"2026-02-16T18:47:53.476Z","runId":305,"type":"table_cleaned","table":"SUPPLIERS","tableRunId":483,"method":"TRUNCATE","affectedRows":null,"postCount":0}
{"timestamp":"2026-02-16T18:47:53.477Z","runId":305,"level":"debug","phase":"clean","tableName":"SUPPLIERS","tableRunId":483,"action":"fk_checks_restored"}
{"timestamp":"2026-02-16T18:47:53.478Z","runId":305,"level":"info","phase":"table_start","tableName":"SUPPLIERS","tableRunId":483,"mode":"INSERT","keyStrategy":"preserve","dedupeKeys":[]}
{"timestamp":"2026-02-16T18:47:53.571Z","runId":305,"level":"info","phase":"fetch","tableName":"SUPPLIERS","tableRunId":483,"sourceRows":22}
{"timestamp":"2026-02-16T18:47:53.651Z","runId":305,"level":"debug","phase":"write","tableName":"SUPPLIERS","tableRunId":483,"status":"start","batchSize":22}
{"timestamp":"2026-02-16T18:47:53.658Z","runId":305,"level":"debug","phase":"write","tableName":"SUPPLIERS","tableRunId":483,"status":"end","inserted":22,"updated":0,"skipped":0,"durationMs":7}
{"timestamp":"2026-02-16T18:47:53.677Z","runId":305,"level":"info","phase":"table_finalize","tableName":"SUPPLIERS","tableRunId":483,"status":"success","inserted":22,"updated":0,"skipped":0,"errors":0,"durationMs":190}
{"timestamp":"2026-02-16T18:47:53.678Z","runId":305,"level":"debug","phase":"table_loop","action":"processing","tableName":"INVOICE_ITEMS","mappingTableKeys":["INVTOTAL","SUPPLIER","CNOTESUPP","PAYMENTSSUPP","INVOICESUPPLIER"]}
{"timestamp":"2026-02-16T18:47:53.678Z","runId":305,"level":"debug","phase":"table_loop","action":"mapping_resolved","tableName":"INVOICE_ITEMS","hasMappingEntry":true,"mappingTarget":"INVOICE_ITEMS"}
{"timestamp":"2026-02-16T18:47:53.679Z","runId":305,"level":"debug","phase":"mapping_debug","tableName":"INVOICE_ITEMS","mappedSource":"INVTOTAL","firebirdTableCount":191,"sampleFirebirdTables":["ACCCLASS","ACCDEPARTMENT","ACCOUNTLINKS","ACCOUNTS","ACCOUNT_OPENING"]}
{"timestamp":"2026-02-16T18:47:53.770Z","runId":305,"level":"debug","phase":"clean_decision","tableName":"INVOICE_ITEMS","cleanBefore":true,"dryRun":false,"mode":"INSERT"}
{"timestamp":"2026-02-16T18:47:53.770Z","runId":305,"type":"table_cleaning_started","table":"INVOICE_ITEMS","tableRunId":484}
{"timestamp":"2026-02-16T18:47:53.770Z","runId":305,"level":"info","phase":"clean","tableName":"INVOICE_ITEMS","tableRunId":484,"status":"start"}
{"timestamp":"2026-02-16T18:47:53.772Z","runId":305,"level":"debug","phase":"clean","tableName":"INVOICE_ITEMS","tableRunId":484,"action":"fk_checks_disabled"}
{"timestamp":"2026-02-16T18:47:53.809Z","runId":305,"level":"info","phase":"clean","tableName":"INVOICE_ITEMS","tableRunId":484,"status":"success","method":"TRUNCATE","affectedRows":null,"postCount":0,"durationMs":38}
{"timestamp":"2026-02-16T18:47:53.816Z","runId":305,"type":"table_cleaned","table":"INVOICE_ITEMS","tableRunId":484,"method":"TRUNCATE","affectedRows":null,"postCount":0}
{"timestamp":"2026-02-16T18:47:53.817Z","runId":305,"level":"debug","phase":"clean","tableName":"INVOICE_ITEMS","tableRunId":484,"action":"fk_checks_restored"}
{"timestamp":"2026-02-16T18:47:53.817Z","runId":305,"level":"info","phase":"table_start","tableName":"INVOICE_ITEMS","tableRunId":484,"mode":"INSERT","keyStrategy":"preserve","dedupeKeys":[]}
{"timestamp":"2026-02-16T18:47:54.641Z","runId":305,"level":"info","phase":"fetch","tableName":"INVOICE_ITEMS","tableRunId":484,"sourceRows":58}
{"timestamp":"2026-02-16T18:47:54.720Z","runId":305,"level":"debug","phase":"write","tableName":"INVOICE_ITEMS","tableRunId":484,"status":"start","batchSize":58}
{"timestamp":"2026-02-16T18:47:54.729Z","runId":305,"level":"debug","phase":"write","tableName":"INVOICE_ITEMS","tableRunId":484,"status":"end","inserted":58,"updated":0,"skipped":0,"durationMs":9}
{"timestamp":"2026-02-16T18:47:54.749Z","runId":305,"level":"info","phase":"table_finalize","tableName":"INVOICE_ITEMS","tableRunId":484,"status":"success","inserted":58,"updated":0,"skipped":0,"errors":0,"durationMs":923}
{"timestamp":"2026-02-16T18:47:54.750Z","runId":305,"level":"debug","phase":"table_loop","action":"processing","tableName":"INVOICES_SUPPLIER","mappingTableKeys":["INVTOTAL","SUPPLIER","CNOTESUPP","PAYMENTSSUPP","INVOICESUPPLIER"]}
{"timestamp":"2026-02-16T18:47:54.750Z","runId":305,"level":"debug","phase":"table_loop","action":"mapping_resolved","tableName":"INVOICES_SUPPLIER","hasMappingEntry":true,"mappingTarget":"INVOICES_SUPPLIER"}
{"timestamp":"2026-02-16T18:47:54.751Z","runId":305,"level":"debug","phase":"mapping_debug","tableName":"INVOICES_SUPPLIER","mappedSource":"INVOICESUPPLIER","firebirdTableCount":191,"sampleFirebirdTables":["ACCCLASS","ACCDEPARTMENT","ACCOUNTLINKS","ACCOUNTS","ACCOUNT_OPENING"]}
{"timestamp":"2026-02-16T18:47:54.841Z","runId":305,"level":"debug","phase":"clean_decision","tableName":"INVOICES_SUPPLIER","cleanBefore":true,"dryRun":false,"mode":"INSERT"}
{"timestamp":"2026-02-16T18:47:54.841Z","runId":305,"type":"table_cleaning_started","table":"INVOICES_SUPPLIER","tableRunId":485}
{"timestamp":"2026-02-16T18:47:54.842Z","runId":305,"level":"info","phase":"clean","tableName":"INVOICES_SUPPLIER","tableRunId":485,"status":"start"}
{"timestamp":"2026-02-16T18:47:54.843Z","runId":305,"level":"debug","phase":"clean","tableName":"INVOICES_SUPPLIER","tableRunId":485,"action":"fk_checks_disabled"}
{"timestamp":"2026-02-16T18:47:54.880Z","runId":305,"level":"info","phase":"clean","tableName":"INVOICES_SUPPLIER","tableRunId":485,"status":"success","method":"TRUNCATE","affectedRows":null,"postCount":0,"durationMs":38}
{"timestamp":"2026-02-16T18:47:54.890Z","runId":305,"type":"table_cleaned","table":"INVOICES_SUPPLIER","tableRunId":485,"method":"TRUNCATE","affectedRows":null,"postCount":0}
{"timestamp":"2026-02-16T18:47:54.891Z","runId":305,"level":"debug","phase":"clean","tableName":"INVOICES_SUPPLIER","tableRunId":485,"action":"fk_checks_restored"}
{"timestamp":"2026-02-16T18:47:54.892Z","runId":305,"level":"info","phase":"table_start","tableName":"INVOICES_SUPPLIER","tableRunId":485,"mode":"INSERT","keyStrategy":"preserve","dedupeKeys":[]}
{"timestamp":"2026-02-16T18:47:54.983Z","runId":305,"level":"info","phase":"fetch","tableName":"INVOICES_SUPPLIER","tableRunId":485,"sourceRows":27}
{"timestamp":"2026-02-16T18:47:55.875Z","runId":305,"level":"debug","phase":"write","tableName":"INVOICES_SUPPLIER","tableRunId":485,"status":"start","batchSize":27}
{"timestamp":"2026-02-16T18:47:55.883Z","runId":305,"level":"debug","phase":"write","tableName":"INVOICES_SUPPLIER","tableRunId":485,"status":"end","inserted":27,"updated":0,"skipped":0,"durationMs":8}
{"timestamp":"2026-02-16T18:47:55.906Z","runId":305,"level":"info","phase":"table_finalize","tableName":"INVOICES_SUPPLIER","tableRunId":485,"status":"success","inserted":27,"updated":0,"skipped":0,"errors":0,"durationMs":1002}
{"timestamp":"2026-02-16T18:47:55.907Z","runId":305,"level":"debug","phase":"table_loop","action":"processing","tableName":"PAYMENTS_SUPPLIERS","mappingTableKeys":["INVTOTAL","SUPPLIER","CNOTESUPP","PAYMENTSSUPP","INVOICESUPPLIER"]}
{"timestamp":"2026-02-16T18:47:55.907Z","runId":305,"level":"debug","phase":"table_loop","action":"mapping_resolved","tableName":"PAYMENTS_SUPPLIERS","hasMappingEntry":true,"mappingTarget":"PAYMENTS_SUPPLIERS"}
{"timestamp":"2026-02-16T18:47:55.908Z","runId":305,"level":"debug","phase":"mapping_debug","tableName":"PAYMENTS_SUPPLIERS","mappedSource":"PAYMENTSSUPP","firebirdTableCount":191,"sampleFirebirdTables":["ACCCLASS","ACCDEPARTMENT","ACCOUNTLINKS","ACCOUNTS","ACCOUNT_OPENING"]}
{"timestamp":"2026-02-16T18:47:55.996Z","runId":305,"level":"debug","phase":"clean_decision","tableName":"PAYMENTS_SUPPLIERS","cleanBefore":true,"dryRun":false,"mode":"INSERT"}
{"timestamp":"2026-02-16T18:47:55.997Z","runId":305,"type":"table_cleaning_started","table":"PAYMENTS_SUPPLIERS","tableRunId":486}
{"timestamp":"2026-02-16T18:47:55.997Z","runId":305,"level":"info","phase":"clean","tableName":"PAYMENTS_SUPPLIERS","tableRunId":486,"status":"start"}
{"timestamp":"2026-02-16T18:47:55.998Z","runId":305,"level":"debug","phase":"clean","tableName":"PAYMENTS_SUPPLIERS","tableRunId":486,"action":"fk_checks_disabled"}
{"timestamp":"2026-02-16T18:47:56.049Z","runId":305,"level":"info","phase":"clean","tableName":"PAYMENTS_SUPPLIERS","tableRunId":486,"status":"success","method":"TRUNCATE","affectedRows":null,"postCount":0,"durationMs":51}
{"timestamp":"2026-02-16T18:47:56.057Z","runId":305,"type":"table_cleaned","table":"PAYMENTS_SUPPLIERS","tableRunId":486,"method":"TRUNCATE","affectedRows":null,"postCount":0}
{"timestamp":"2026-02-16T18:47:56.058Z","runId":305,"level":"debug","phase":"clean","tableName":"PAYMENTS_SUPPLIERS","tableRunId":486,"action":"fk_checks_restored"}
{"timestamp":"2026-02-16T18:47:56.059Z","runId":305,"level":"info","phase":"table_start","tableName":"PAYMENTS_SUPPLIERS","tableRunId":486,"mode":"INSERT","keyStrategy":"preserve","dedupeKeys":[]}
{"timestamp":"2026-02-16T18:47:56.155Z","runId":305,"level":"info","phase":"fetch","tableName":"PAYMENTS_SUPPLIERS","tableRunId":486,"sourceRows":2}
{"timestamp":"2026-02-16T18:47:56.234Z","runId":305,"level":"debug","phase":"write","tableName":"PAYMENTS_SUPPLIERS","tableRunId":486,"status":"start","batchSize":2}
{"timestamp":"2026-02-16T18:47:56.240Z","runId":305,"level":"debug","phase":"write","tableName":"PAYMENTS_SUPPLIERS","tableRunId":486,"status":"end","inserted":2,"updated":0,"skipped":0,"durationMs":6}
{"timestamp":"2026-02-16T18:47:56.261Z","runId":305,"level":"info","phase":"table_finalize","tableName":"PAYMENTS_SUPPLIERS","tableRunId":486,"status":"success","inserted":2,"updated":0,"skipped":0,"errors":0,"durationMs":192}
{"timestamp":"2026-02-16T18:47:56.261Z","runId":305,"level":"debug","phase":"table_loop","action":"processing","tableName":"CREDIT_NOTES_SUPPLIER","mappingTableKeys":["INVTOTAL","SUPPLIER","CNOTESUPP","PAYMENTSSUPP","INVOICESUPPLIER"]}
{"timestamp":"2026-02-16T18:47:56.262Z","runId":305,"level":"debug","phase":"table_loop","action":"mapping_resolved","tableName":"CREDIT_NOTES_SUPPLIER","hasMappingEntry":true,"mappingTarget":"CREDIT_NOTES_SUPPLIER"}
{"timestamp":"2026-02-16T18:47:56.262Z","runId":305,"level":"debug","phase":"mapping_debug","tableName":"CREDIT_NOTES_SUPPLIER","mappedSource":"CNOTESUPP","firebirdTableCount":191,"sampleFirebirdTables":["ACCCLASS","ACCDEPARTMENT","ACCOUNTLINKS","ACCOUNTS","ACCOUNT_OPENING"]}
{"timestamp":"2026-02-16T18:47:56.340Z","runId":305,"level":"debug","phase":"clean_decision","tableName":"CREDIT_NOTES_SUPPLIER","cleanBefore":true,"dryRun":false,"mode":"INSERT"}
{"timestamp":"2026-02-16T18:47:56.340Z","runId":305,"type":"table_cleaning_started","table":"CREDIT_NOTES_SUPPLIER","tableRunId":487}
{"timestamp":"2026-02-16T18:47:56.341Z","runId":305,"level":"info","phase":"clean","tableName":"CREDIT_NOTES_SUPPLIER","tableRunId":487,"status":"start"}
{"timestamp":"2026-02-16T18:47:56.342Z","runId":305,"level":"debug","phase":"clean","tableName":"CREDIT_NOTES_SUPPLIER","tableRunId":487,"action":"fk_checks_disabled"}
{"timestamp":"2026-02-16T18:47:56.380Z","runId":305,"level":"info","phase":"clean","tableName":"CREDIT_NOTES_SUPPLIER","tableRunId":487,"status":"success","method":"TRUNCATE","affectedRows":null,"postCount":0,"durationMs":39}
{"timestamp":"2026-02-16T18:47:56.388Z","runId":305,"type":"table_cleaned","table":"CREDIT_NOTES_SUPPLIER","tableRunId":487,"method":"TRUNCATE","affectedRows":null,"postCount":0}
{"timestamp":"2026-02-16T18:47:56.389Z","runId":305,"level":"debug","phase":"clean","tableName":"CREDIT_NOTES_SUPPLIER","tableRunId":487,"action":"fk_checks_restored"}
{"timestamp":"2026-02-16T18:47:56.390Z","runId":305,"level":"info","phase":"table_start","tableName":"CREDIT_NOTES_SUPPLIER","tableRunId":487,"mode":"INSERT","keyStrategy":"preserve","dedupeKeys":[]}
{"timestamp":"2026-02-16T18:47:57.147Z","runId":305,"level":"info","phase":"fetch","tableName":"CREDIT_NOTES_SUPPLIER","tableRunId":487,"sourceRows":0}
{"timestamp":"2026-02-16T18:47:57.156Z","runId":305,"level":"info","phase":"table_finalize","tableName":"CREDIT_NOTES_SUPPLIER","tableRunId":487,"status":"success","inserted":0,"updated":0,"skipped":0,"errors":0,"durationMs":758}
{"timestamp":"2026-02-16T18:47:57.162Z","runId":305,"level":"info","phase":"run_finalize","status":"success"}
