{"timestamp":"2026-02-16T19:46:22.129Z","runId":306,"level":"info","phase":"run_start","dryRun":false,"batchSize":1000,"fkChecks":true,"tables":[{"table":"SUPPLIERS","mode":"INSERT","keyStrategy":"preserve","dedupeKeys":[],"onDuplicate":"SKIP","cleanBefore":true},{"table":"INVOICE_ITEMS","mode":"INSERT","keyStrategy":"preserve","dedupeKeys":[],"onDuplicate":"SKIP","cleanBefore":true},{"table":"INVOICES_SUPPLIER","mode":"INSERT","keyStrategy":"preserve","dedupeKeys":[],"onDuplicate":"SKIP","cleanBefore":true},{"table":"PAYMENTS_SUPPLIERS","mode":"INSERT","keyStrategy":"preserve","dedupeKeys":[],"onDuplicate":"SKIP","cleanBefore":true},{"table":"CREDIT_NOTES_SUPPLIER","mode":"INSERT","keyStrategy":"preserve","dedupeKeys":[],"onDuplicate":"SKIP","cleanBefore":true}]}
{"timestamp":"2026-02-16T19:46:22.129Z","runId":306,"level":"info","phase":"preflight","action":"firebird_config_check","host":"localhost","port":3050,"database":"C:\\Autoneer\\data\\AUTONEER.FDB","user":"SYSDBA","passwordSet":true,"passwordLength":9,"passwordSource":"state","useDefaultSysdbaMasterkey":true,"rawPasswordSet":true,"rawPasswordLength":9}
{"timestamp":"2026-02-16T19:46:22.201Z","runId":306,"level":"info","phase":"preflight","attempt":1,"status":"ok"}
{"timestamp":"2026-02-16T19:46:22.202Z","runId":306,"level":"debug","phase":"preflight","durationMs":73}
{"timestamp":"2026-02-16T19:46:22.202Z","runId":306,"level":"info","phase":"preflight","action":"nullability_validation","status":"start"}
{"timestamp":"2026-02-16T19:46:22.210Z","runId":306,"level":"info","phase":"preflight","action":"nullability_validation","status":"passed"}
{"timestamp":"2026-02-16T19:46:22.280Z","runId":306,"level":"debug","phase":"table_loop","action":"starting","includedCount":5,"mappingTableCount":5}
{"timestamp":"2026-02-16T19:46:22.281Z","runId":306,"level":"info","phase":"table_loop","action":"normalized_tables","sampleTables":["SUPPLIERS","INVOICE_ITEMS","INVOICES_SUPPLIER","PAYMENTS_SUPPLIERS","CREDIT_NOTES_SUPPLIER"]}
{"timestamp":"2026-02-16T19:46:22.281Z","runId":306,"level":"debug","phase":"table_loop","action":"processing","tableName":"SUPPLIERS","mappingTableKeys":["INVTOTAL","SUPPLIER","CNOTESUPP","PAYMENTSSUPP","INVOICESUPPLIER"]}
{"timestamp":"2026-02-16T19:46:22.282Z","runId":306,"level":"debug","phase":"table_loop","action":"mapping_resolved","tableName":"SUPPLIERS","hasMappingEntry":true,"mappingTarget":"SUPPLIERS"}
{"timestamp":"2026-02-16T19:46:22.282Z","runId":306,"level":"debug","phase":"mapping_debug","tableName":"SUPPLIERS","mappedSource":"SUPPLIER","firebirdTableCount":191,"sampleFirebirdTables":["ACCCLASS","ACCDEPARTMENT","ACCOUNTLINKS","ACCOUNTS","ACCOUNT_OPENING"]}
{"timestamp":"2026-02-16T19:46:22.346Z","runId":306,"level":"debug","phase":"clean_decision","tableName":"SUPPLIERS","cleanBefore":true,"dryRun":false,"mode":"INSERT"}
{"timestamp":"2026-02-16T19:46:22.346Z","runId":306,"type":"table_cleaning_started","table":"SUPPLIERS","tableRunId":488}
{"timestamp":"2026-02-16T19:46:22.347Z","runId":306,"level":"info","phase":"clean","tableName":"SUPPLIERS","tableRunId":488,"status":"start"}
{"timestamp":"2026-02-16T19:46:22.347Z","runId":306,"level":"debug","phase":"clean","tableName":"SUPPLIERS","tableRunId":488,"action":"fk_checks_disabled"}
{"timestamp":"2026-02-16T19:46:22.381Z","runId":306,"level":"info","phase":"clean","tableName":"SUPPLIERS","tableRunId":488,"status":"success","method":"TRUNCATE","affectedRows":null,"postCount":0,"durationMs":34}
{"timestamp":"2026-02-16T19:46:22.392Z","runId":306,"type":"table_cleaned","table":"SUPPLIERS","tableRunId":488,"method":"TRUNCATE","affectedRows":null,"postCount":0}
{"timestamp":"2026-02-16T19:46:22.393Z","runId":306,"level":"debug","phase":"clean","tableName":"SUPPLIERS","tableRunId":488,"action":"fk_checks_restored"}
{"timestamp":"2026-02-16T19:46:22.393Z","runId":306,"level":"info","phase":"table_start","tableName":"SUPPLIERS","tableRunId":488,"mode":"INSERT","keyStrategy":"preserve","dedupeKeys":[]}
{"timestamp":"2026-02-16T19:46:22.481Z","runId":306,"level":"info","phase":"fetch","tableName":"SUPPLIERS","tableRunId":488,"sourceRows":22}
{"timestamp":"2026-02-16T19:46:22.562Z","runId":306,"level":"debug","phase":"write","tableName":"SUPPLIERS","tableRunId":488,"status":"start","batchSize":22}
{"timestamp":"2026-02-16T19:46:22.568Z","runId":306,"level":"debug","phase":"write","tableName":"SUPPLIERS","tableRunId":488,"status":"end","inserted":22,"updated":0,"skipped":0,"durationMs":6}
{"timestamp":"2026-02-16T19:46:22.585Z","runId":306,"level":"info","phase":"table_finalize","tableName":"SUPPLIERS","tableRunId":488,"status":"success","inserted":22,"updated":0,"skipped":0,"errors":0,"durationMs":183}
{"timestamp":"2026-02-16T19:46:22.585Z","runId":306,"level":"debug","phase":"table_loop","action":"processing","tableName":"INVOICE_ITEMS","mappingTableKeys":["INVTOTAL","SUPPLIER","CNOTESUPP","PAYMENTSSUPP","INVOICESUPPLIER"]}
{"timestamp":"2026-02-16T19:46:22.585Z","runId":306,"level":"debug","phase":"table_loop","action":"mapping_resolved","tableName":"INVOICE_ITEMS","hasMappingEntry":true,"mappingTarget":"INVOICE_ITEMS"}
{"timestamp":"2026-02-16T19:46:22.586Z","runId":306,"level":"debug","phase":"mapping_debug","tableName":"INVOICE_ITEMS","mappedSource":"INVTOTAL","firebirdTableCount":191,"sampleFirebirdTables":["ACCCLASS","ACCDEPARTMENT","ACCOUNTLINKS","ACCOUNTS","ACCOUNT_OPENING"]}
{"timestamp":"2026-02-16T19:46:22.663Z","runId":306,"level":"debug","phase":"clean_decision","tableName":"INVOICE_ITEMS","cleanBefore":true,"dryRun":false,"mode":"INSERT"}
{"timestamp":"2026-02-16T19:46:22.663Z","runId":306,"type":"table_cleaning_started","table":"INVOICE_ITEMS","tableRunId":489}
{"timestamp":"2026-02-16T19:46:22.663Z","runId":306,"level":"info","phase":"clean","tableName":"INVOICE_ITEMS","tableRunId":489,"status":"start"}
{"timestamp":"2026-02-16T19:46:22.664Z","runId":306,"level":"debug","phase":"clean","tableName":"INVOICE_ITEMS","tableRunId":489,"action":"fk_checks_disabled"}
{"timestamp":"2026-02-16T19:46:22.692Z","runId":306,"level":"info","phase":"clean","tableName":"INVOICE_ITEMS","tableRunId":489,"status":"success","method":"TRUNCATE","affectedRows":null,"postCount":0,"durationMs":28}
{"timestamp":"2026-02-16T19:46:22.700Z","runId":306,"type":"table_cleaned","table":"INVOICE_ITEMS","tableRunId":489,"method":"TRUNCATE","affectedRows":null,"postCount":0}
{"timestamp":"2026-02-16T19:46:22.700Z","runId":306,"level":"debug","phase":"clean","tableName":"INVOICE_ITEMS","tableRunId":489,"action":"fk_checks_restored"}
{"timestamp":"2026-02-16T19:46:22.701Z","runId":306,"level":"info","phase":"table_start","tableName":"INVOICE_ITEMS","tableRunId":489,"mode":"INSERT","keyStrategy":"preserve","dedupeKeys":[]}
{"timestamp":"2026-02-16T19:46:22.787Z","runId":306,"level":"info","phase":"fetch","tableName":"INVOICE_ITEMS","tableRunId":489,"sourceRows":58}
{"timestamp":"2026-02-16T19:46:22.870Z","runId":306,"level":"debug","phase":"write","tableName":"INVOICE_ITEMS","tableRunId":489,"status":"start","batchSize":58}
{"timestamp":"2026-02-16T19:46:22.876Z","runId":306,"level":"debug","phase":"write","tableName":"INVOICE_ITEMS","tableRunId":489,"status":"end","inserted":58,"updated":0,"skipped":0,"durationMs":6}
{"timestamp":"2026-02-16T19:46:22.890Z","runId":306,"level":"info","phase":"table_finalize","tableName":"INVOICE_ITEMS","tableRunId":489,"status":"success","inserted":58,"updated":0,"skipped":0,"errors":0,"durationMs":183}
{"timestamp":"2026-02-16T19:46:22.891Z","runId":306,"level":"debug","phase":"table_loop","action":"processing","tableName":"INVOICES_SUPPLIER","mappingTableKeys":["INVTOTAL","SUPPLIER","CNOTESUPP","PAYMENTSSUPP","INVOICESUPPLIER"]}
{"timestamp":"2026-02-16T19:46:22.891Z","runId":306,"level":"debug","phase":"table_loop","action":"mapping_resolved","tableName":"INVOICES_SUPPLIER","hasMappingEntry":true,"mappingTarget":"INVOICES_SUPPLIER"}
{"timestamp":"2026-02-16T19:46:22.891Z","runId":306,"level":"debug","phase":"mapping_debug","tableName":"INVOICES_SUPPLIER","mappedSource":"INVOICESUPPLIER","firebirdTableCount":191,"sampleFirebirdTables":["ACCCLASS","ACCDEPARTMENT","ACCOUNTLINKS","ACCOUNTS","ACCOUNT_OPENING"]}
{"timestamp":"2026-02-16T19:46:22.974Z","runId":306,"level":"debug","phase":"clean_decision","tableName":"INVOICES_SUPPLIER","cleanBefore":true,"dryRun":false,"mode":"INSERT"}
{"timestamp":"2026-02-16T19:46:22.974Z","runId":306,"type":"table_cleaning_started","table":"INVOICES_SUPPLIER","tableRunId":490}
{"timestamp":"2026-02-16T19:46:22.974Z","runId":306,"level":"info","phase":"clean","tableName":"INVOICES_SUPPLIER","tableRunId":490,"status":"start"}
{"timestamp":"2026-02-16T19:46:22.975Z","runId":306,"level":"debug","phase":"clean","tableName":"INVOICES_SUPPLIER","tableRunId":490,"action":"fk_checks_disabled"}
{"timestamp":"2026-02-16T19:46:23.011Z","runId":306,"level":"info","phase":"clean","tableName":"INVOICES_SUPPLIER","tableRunId":490,"status":"success","method":"TRUNCATE","affectedRows":null,"postCount":0,"durationMs":36}
{"timestamp":"2026-02-16T19:46:23.016Z","runId":306,"type":"table_cleaned","table":"INVOICES_SUPPLIER","tableRunId":490,"method":"TRUNCATE","affectedRows":null,"postCount":0}
{"timestamp":"2026-02-16T19:46:23.017Z","runId":306,"level":"debug","phase":"clean","tableName":"INVOICES_SUPPLIER","tableRunId":490,"action":"fk_checks_restored"}
{"timestamp":"2026-02-16T19:46:23.017Z","runId":306,"level":"info","phase":"table_start","tableName":"INVOICES_SUPPLIER","tableRunId":490,"mode":"INSERT","keyStrategy":"preserve","dedupeKeys":[]}
{"timestamp":"2026-02-16T19:46:23.102Z","runId":306,"level":"info","phase":"fetch","tableName":"INVOICES_SUPPLIER","tableRunId":490,"sourceRows":27}
{"timestamp":"2026-02-16T19:46:23.178Z","runId":306,"level":"debug","phase":"write","tableName":"INVOICES_SUPPLIER","tableRunId":490,"status":"start","batchSize":27}
{"timestamp":"2026-02-16T19:46:23.184Z","runId":306,"level":"debug","phase":"write","tableName":"INVOICES_SUPPLIER","tableRunId":490,"status":"end","inserted":27,"updated":0,"skipped":0,"durationMs":6}
{"timestamp":"2026-02-16T19:46:23.200Z","runId":306,"level":"info","phase":"table_finalize","tableName":"INVOICES_SUPPLIER","tableRunId":490,"status":"success","inserted":27,"updated":0,"skipped":0,"errors":0,"durationMs":174}
{"timestamp":"2026-02-16T19:46:23.200Z","runId":306,"level":"debug","phase":"table_loop","action":"processing","tableName":"PAYMENTS_SUPPLIERS","mappingTableKeys":["INVTOTAL","SUPPLIER","CNOTESUPP","PAYMENTSSUPP","INVOICESUPPLIER"]}
{"timestamp":"2026-02-16T19:46:23.201Z","runId":306,"level":"debug","phase":"table_loop","action":"mapping_resolved","tableName":"PAYMENTS_SUPPLIERS","hasMappingEntry":true,"mappingTarget":"PAYMENTS_SUPPLIERS"}
{"timestamp":"2026-02-16T19:46:23.201Z","runId":306,"level":"debug","phase":"mapping_debug","tableName":"PAYMENTS_SUPPLIERS","mappedSource":"PAYMENTSSUPP","firebirdTableCount":191,"sampleFirebirdTables":["ACCCLASS","ACCDEPARTMENT","ACCOUNTLINKS","ACCOUNTS","ACCOUNT_OPENING"]}
{"timestamp":"2026-02-16T19:46:24.023Z","runId":306,"level":"debug","phase":"clean_decision","tableName":"PAYMENTS_SUPPLIERS","cleanBefore":true,"dryRun":false,"mode":"INSERT"}
{"timestamp":"2026-02-16T19:46:24.024Z","runId":306,"type":"table_cleaning_started","table":"PAYMENTS_SUPPLIERS","tableRunId":491}
{"timestamp":"2026-02-16T19:46:24.024Z","runId":306,"level":"info","phase":"clean","tableName":"PAYMENTS_SUPPLIERS","tableRunId":491,"status":"start"}
{"timestamp":"2026-02-16T19:46:24.025Z","runId":306,"level":"debug","phase":"clean","tableName":"PAYMENTS_SUPPLIERS","tableRunId":491,"action":"fk_checks_disabled"}
{"timestamp":"2026-02-16T19:46:24.060Z","runId":306,"level":"info","phase":"clean","tableName":"PAYMENTS_SUPPLIERS","tableRunId":491,"status":"success","method":"TRUNCATE","affectedRows":null,"postCount":0,"durationMs":36}
{"timestamp":"2026-02-16T19:46:24.066Z","runId":306,"type":"table_cleaned","table":"PAYMENTS_SUPPLIERS","tableRunId":491,"method":"TRUNCATE","affectedRows":null,"postCount":0}
{"timestamp":"2026-02-16T19:46:24.066Z","runId":306,"level":"debug","phase":"clean","tableName":"PAYMENTS_SUPPLIERS","tableRunId":491,"action":"fk_checks_restored"}
{"timestamp":"2026-02-16T19:46:24.067Z","runId":306,"level":"info","phase":"table_start","tableName":"PAYMENTS_SUPPLIERS","tableRunId":491,"mode":"INSERT","keyStrategy":"preserve","dedupeKeys":[]}
{"timestamp":"2026-02-16T19:46:24.806Z","runId":306,"level":"info","phase":"fetch","tableName":"PAYMENTS_SUPPLIERS","tableRunId":491,"sourceRows":2}
{"timestamp":"2026-02-16T19:46:24.885Z","runId":306,"level":"debug","phase":"write","tableName":"PAYMENTS_SUPPLIERS","tableRunId":491,"status":"start","batchSize":2}
{"timestamp":"2026-02-16T19:46:24.890Z","runId":306,"level":"debug","phase":"write","tableName":"PAYMENTS_SUPPLIERS","tableRunId":491,"status":"end","inserted":2,"updated":0,"skipped":0,"durationMs":5}
{"timestamp":"2026-02-16T19:46:24.903Z","runId":306,"level":"info","phase":"table_finalize","tableName":"PAYMENTS_SUPPLIERS","tableRunId":491,"status":"success","inserted":2,"updated":0,"skipped":0,"errors":0,"durationMs":829}
{"timestamp":"2026-02-16T19:46:24.904Z","runId":306,"level":"debug","phase":"table_loop","action":"processing","tableName":"CREDIT_NOTES_SUPPLIER","mappingTableKeys":["INVTOTAL","SUPPLIER","CNOTESUPP","PAYMENTSSUPP","INVOICESUPPLIER"]}
{"timestamp":"2026-02-16T19:46:24.904Z","runId":306,"level":"debug","phase":"table_loop","action":"mapping_resolved","tableName":"CREDIT_NOTES_SUPPLIER","hasMappingEntry":true,"mappingTarget":"CREDIT_NOTES_SUPPLIER"}
{"timestamp":"2026-02-16T19:46:24.905Z","runId":306,"level":"debug","phase":"mapping_debug","tableName":"CREDIT_NOTES_SUPPLIER","mappedSource":"CNOTESUPP","firebirdTableCount":191,"sampleFirebirdTables":["ACCCLASS","ACCDEPARTMENT","ACCOUNTLINKS","ACCOUNTS","ACCOUNT_OPENING"]}
{"timestamp":"2026-02-16T19:46:24.987Z","runId":306,"level":"debug","phase":"clean_decision","tableName":"CREDIT_NOTES_SUPPLIER","cleanBefore":true,"dryRun":false,"mode":"INSERT"}
{"timestamp":"2026-02-16T19:46:24.987Z","runId":306,"type":"table_cleaning_started","table":"CREDIT_NOTES_SUPPLIER","tableRunId":492}
{"timestamp":"2026-02-16T19:46:24.987Z","runId":306,"level":"info","phase":"clean","tableName":"CREDIT_NOTES_SUPPLIER","tableRunId":492,"status":"start"}
{"timestamp":"2026-02-16T19:46:24.988Z","runId":306,"level":"debug","phase":"clean","tableName":"CREDIT_NOTES_SUPPLIER","tableRunId":492,"action":"fk_checks_disabled"}
{"timestamp":"2026-02-16T19:46:25.013Z","runId":306,"level":"info","phase":"clean","tableName":"CREDIT_NOTES_SUPPLIER","tableRunId":492,"status":"success","method":"TRUNCATE","affectedRows":null,"postCount":0,"durationMs":25}
{"timestamp":"2026-02-16T19:46:25.019Z","runId":306,"type":"table_cleaned","table":"CREDIT_NOTES_SUPPLIER","tableRunId":492,"method":"TRUNCATE","affectedRows":null,"postCount":0}
{"timestamp":"2026-02-16T19:46:25.019Z","runId":306,"level":"debug","phase":"clean","tableName":"CREDIT_NOTES_SUPPLIER","tableRunId":492,"action":"fk_checks_restored"}
{"timestamp":"2026-02-16T19:46:25.020Z","runId":306,"level":"info","phase":"table_start","tableName":"CREDIT_NOTES_SUPPLIER","tableRunId":492,"mode":"INSERT","keyStrategy":"preserve","dedupeKeys":[]}
{"timestamp":"2026-02-16T19:46:25.100Z","runId":306,"level":"info","phase":"fetch","tableName":"CREDIT_NOTES_SUPPLIER","tableRunId":492,"sourceRows":0}
{"timestamp":"2026-02-16T19:46:25.107Z","runId":306,"level":"info","phase":"table_finalize","tableName":"CREDIT_NOTES_SUPPLIER","tableRunId":492,"status":"success","inserted":0,"updated":0,"skipped":0,"errors":0,"durationMs":80}
{"timestamp":"2026-02-16T19:46:25.111Z","runId":306,"level":"info","phase":"run_finalize","status":"success"}
