{"timestamp":"2026-02-16T19:46:50.891Z","runId":307,"level":"info","phase":"run_start","dryRun":false,"batchSize":1000,"fkChecks":true,"tables":[{"table":"INVOICES","mode":"INSERT","keyStrategy":"preserve","dedupeKeys":[],"onDuplicate":"SKIP","cleanBefore":true},{"table":"PAYMENTS","mode":"INSERT","keyStrategy":"preserve","dedupeKeys":[],"onDuplicate":"SKIP","cleanBefore":true},{"table":"CUSTOMERS","mode":"INSERT","keyStrategy":"preserve","dedupeKeys":[],"onDuplicate":"SKIP","cleanBefore":true},{"table":"WORK_DONE","mode":"INSERT","keyStrategy":"preserve","dedupeKeys":[],"onDuplicate":"SKIP","cleanBefore":true},{"table":"WORK_TODO","mode":"INSERT","keyStrategy":"preserve","dedupeKeys":[],"onDuplicate":"SKIP","cleanBefore":true},{"table":"SPARES_USED","mode":"INSERT","keyStrategy":"preserve","dedupeKeys":[],"onDuplicate":"SKIP","cleanBefore":true},{"table":"CREDIT_NOTES","mode":"INSERT","keyStrategy":"preserve","dedupeKeys":[],"onDuplicate":"SKIP","cleanBefore":true},{"table":"JOB_INFORMATION","mode":"INSERT","keyStrategy":"preserve","dedupeKeys":[],"onDuplicate":"SKIP","cleanBefore":true}]}
{"timestamp":"2026-02-16T19:46:50.891Z","runId":307,"level":"info","phase":"preflight","action":"firebird_config_check","host":"localhost","port":3050,"database":"C:\\Autoneer\\data\\AUTONEER.FDB","user":"SYSDBA","passwordSet":true,"passwordLength":9,"passwordSource":"state","useDefaultSysdbaMasterkey":true,"rawPasswordSet":true,"rawPasswordLength":9}
{"timestamp":"2026-02-16T19:46:50.995Z","runId":307,"level":"info","phase":"preflight","attempt":1,"status":"ok"}
{"timestamp":"2026-02-16T19:46:50.996Z","runId":307,"level":"debug","phase":"preflight","durationMs":105}
{"timestamp":"2026-02-16T19:46:50.996Z","runId":307,"level":"info","phase":"preflight","action":"nullability_validation","status":"start"}
{"timestamp":"2026-02-16T19:46:51.017Z","runId":307,"level":"info","phase":"preflight","action":"nullability_validation","status":"passed"}
{"timestamp":"2026-02-16T19:46:51.120Z","runId":307,"level":"debug","phase":"table_loop","action":"starting","includedCount":8,"mappingTableCount":8}
{"timestamp":"2026-02-16T19:46:51.121Z","runId":307,"level":"info","phase":"table_loop","action":"normalized_tables","sampleTables":["INVOICES","PAYMENTS","CUSTOMERS","WORK_DONE","WORK_TODO"]}
{"timestamp":"2026-02-16T19:46:51.121Z","runId":307,"level":"debug","phase":"table_loop","action":"processing","tableName":"INVOICES","mappingTableKeys":["CNOTE","CUSTOMER","INVOICES","PAYMENTS","WORKDONE"]}
{"timestamp":"2026-02-16T19:46:51.122Z","runId":307,"level":"debug","phase":"table_loop","action":"mapping_resolved","tableName":"INVOICES","hasMappingEntry":true,"mappingTarget":"INVOICES"}
{"timestamp":"2026-02-16T19:46:51.122Z","runId":307,"level":"debug","phase":"mapping_debug","tableName":"INVOICES","mappedSource":"INVOICES","firebirdTableCount":191,"sampleFirebirdTables":["ACCCLASS","ACCDEPARTMENT","ACCOUNTLINKS","ACCOUNTS","ACCOUNT_OPENING"]}
{"timestamp":"2026-02-16T19:46:51.967Z","runId":307,"level":"debug","phase":"clean_decision","tableName":"INVOICES","cleanBefore":true,"dryRun":false,"mode":"INSERT"}
{"timestamp":"2026-02-16T19:46:51.968Z","runId":307,"type":"table_cleaning_started","table":"INVOICES","tableRunId":493}
{"timestamp":"2026-02-16T19:46:51.968Z","runId":307,"level":"info","phase":"clean","tableName":"INVOICES","tableRunId":493,"status":"start"}
{"timestamp":"2026-02-16T19:46:51.969Z","runId":307,"level":"debug","phase":"clean","tableName":"INVOICES","tableRunId":493,"action":"fk_checks_disabled"}
{"timestamp":"2026-02-16T19:46:52.034Z","runId":307,"level":"info","phase":"clean","tableName":"INVOICES","tableRunId":493,"status":"success","method":"TRUNCATE","affectedRows":null,"postCount":0,"durationMs":66}
{"timestamp":"2026-02-16T19:46:52.045Z","runId":307,"type":"table_cleaned","table":"INVOICES","tableRunId":493,"method":"TRUNCATE","affectedRows":null,"postCount":0}
{"timestamp":"2026-02-16T19:46:52.046Z","runId":307,"level":"debug","phase":"clean","tableName":"INVOICES","tableRunId":493,"action":"fk_checks_restored"}
{"timestamp":"2026-02-16T19:46:52.046Z","runId":307,"level":"info","phase":"table_start","tableName":"INVOICES","tableRunId":493,"mode":"INSERT","keyStrategy":"preserve","dedupeKeys":[]}
{"timestamp":"2026-02-16T19:46:52.144Z","runId":307,"level":"info","phase":"fetch","tableName":"INVOICES","tableRunId":493,"sourceRows":23}
{"timestamp":"2026-02-16T19:46:52.262Z","runId":307,"level":"debug","phase":"write","tableName":"INVOICES","tableRunId":493,"status":"start","batchSize":23}
{"timestamp":"2026-02-16T19:46:52.271Z","runId":307,"level":"debug","phase":"write","tableName":"INVOICES","tableRunId":493,"status":"end","inserted":23,"updated":0,"skipped":0,"durationMs":9}
{"timestamp":"2026-02-16T19:46:52.295Z","runId":307,"level":"info","phase":"table_finalize","tableName":"INVOICES","tableRunId":493,"status":"success","inserted":23,"updated":0,"skipped":0,"errors":0,"durationMs":237}
{"timestamp":"2026-02-16T19:46:52.295Z","runId":307,"level":"debug","phase":"table_loop","action":"processing","tableName":"PAYMENTS","mappingTableKeys":["CNOTE","CUSTOMER","INVOICES","PAYMENTS","WORKDONE"]}
{"timestamp":"2026-02-16T19:46:52.296Z","runId":307,"level":"debug","phase":"table_loop","action":"mapping_resolved","tableName":"PAYMENTS","hasMappingEntry":true,"mappingTarget":"PAYMENTS"}
{"timestamp":"2026-02-16T19:46:52.297Z","runId":307,"level":"debug","phase":"mapping_debug","tableName":"PAYMENTS","mappedSource":"PAYMENTS","firebirdTableCount":191,"sampleFirebirdTables":["ACCCLASS","ACCDEPARTMENT","ACCOUNTLINKS","ACCOUNTS","ACCOUNT_OPENING"]}
{"timestamp":"2026-02-16T19:46:52.401Z","runId":307,"level":"debug","phase":"clean_decision","tableName":"PAYMENTS","cleanBefore":true,"dryRun":false,"mode":"INSERT"}
{"timestamp":"2026-02-16T19:46:52.401Z","runId":307,"type":"table_cleaning_started","table":"PAYMENTS","tableRunId":494}
{"timestamp":"2026-02-16T19:46:52.402Z","runId":307,"level":"info","phase":"clean","tableName":"PAYMENTS","tableRunId":494,"status":"start"}
{"timestamp":"2026-02-16T19:46:52.403Z","runId":307,"level":"debug","phase":"clean","tableName":"PAYMENTS","tableRunId":494,"action":"fk_checks_disabled"}
{"timestamp":"2026-02-16T19:46:52.464Z","runId":307,"level":"info","phase":"clean","tableName":"PAYMENTS","tableRunId":494,"status":"success","method":"TRUNCATE","affectedRows":null,"postCount":0,"durationMs":62}
{"timestamp":"2026-02-16T19:46:52.476Z","runId":307,"type":"table_cleaned","table":"PAYMENTS","tableRunId":494,"method":"TRUNCATE","affectedRows":null,"postCount":0}
{"timestamp":"2026-02-16T19:46:52.478Z","runId":307,"level":"debug","phase":"clean","tableName":"PAYMENTS","tableRunId":494,"action":"fk_checks_restored"}
{"timestamp":"2026-02-16T19:46:52.478Z","runId":307,"level":"info","phase":"table_start","tableName":"PAYMENTS","tableRunId":494,"mode":"INSERT","keyStrategy":"preserve","dedupeKeys":[]}
{"timestamp":"2026-02-16T19:46:52.587Z","runId":307,"level":"info","phase":"fetch","tableName":"PAYMENTS","tableRunId":494,"sourceRows":18}
{"timestamp":"2026-02-16T19:46:52.693Z","runId":307,"level":"debug","phase":"write","tableName":"PAYMENTS","tableRunId":494,"status":"start","batchSize":18}
{"timestamp":"2026-02-16T19:46:52.700Z","runId":307,"level":"debug","phase":"write","tableName":"PAYMENTS","tableRunId":494,"status":"end","inserted":18,"updated":0,"skipped":0,"durationMs":7}
{"timestamp":"2026-02-16T19:46:52.722Z","runId":307,"level":"info","phase":"table_finalize","tableName":"PAYMENTS","tableRunId":494,"status":"success","inserted":18,"updated":0,"skipped":0,"errors":0,"durationMs":232}
{"timestamp":"2026-02-16T19:46:52.722Z","runId":307,"level":"debug","phase":"table_loop","action":"processing","tableName":"CUSTOMERS","mappingTableKeys":["CNOTE","CUSTOMER","INVOICES","PAYMENTS","WORKDONE"]}
{"timestamp":"2026-02-16T19:46:52.723Z","runId":307,"level":"debug","phase":"table_loop","action":"mapping_resolved","tableName":"CUSTOMERS","hasMappingEntry":true,"mappingTarget":"CUSTOMERS"}
{"timestamp":"2026-02-16T19:46:52.724Z","runId":307,"level":"debug","phase":"mapping_debug","tableName":"CUSTOMERS","mappedSource":"CUSTOMER","firebirdTableCount":191,"sampleFirebirdTables":["ACCCLASS","ACCDEPARTMENT","ACCOUNTLINKS","ACCOUNTS","ACCOUNT_OPENING"]}
{"timestamp":"2026-02-16T19:46:52.830Z","runId":307,"level":"debug","phase":"clean_decision","tableName":"CUSTOMERS","cleanBefore":true,"dryRun":false,"mode":"INSERT"}
{"timestamp":"2026-02-16T19:46:52.831Z","runId":307,"type":"table_cleaning_started","table":"CUSTOMERS","tableRunId":495}
{"timestamp":"2026-02-16T19:46:52.831Z","runId":307,"level":"info","phase":"clean","tableName":"CUSTOMERS","tableRunId":495,"status":"start"}
{"timestamp":"2026-02-16T19:46:52.832Z","runId":307,"level":"debug","phase":"clean","tableName":"CUSTOMERS","tableRunId":495,"action":"fk_checks_disabled"}
{"timestamp":"2026-02-16T19:46:52.875Z","runId":307,"level":"info","phase":"clean","tableName":"CUSTOMERS","tableRunId":495,"status":"success","method":"TRUNCATE","affectedRows":null,"postCount":0,"durationMs":43}
{"timestamp":"2026-02-16T19:46:52.884Z","runId":307,"type":"table_cleaned","table":"CUSTOMERS","tableRunId":495,"method":"TRUNCATE","affectedRows":null,"postCount":0}
{"timestamp":"2026-02-16T19:46:52.885Z","runId":307,"level":"debug","phase":"clean","tableName":"CUSTOMERS","tableRunId":495,"action":"fk_checks_restored"}
{"timestamp":"2026-02-16T19:46:52.885Z","runId":307,"level":"info","phase":"table_start","tableName":"CUSTOMERS","tableRunId":495,"mode":"INSERT","keyStrategy":"preserve","dedupeKeys":[]}
{"timestamp":"2026-02-16T19:46:52.984Z","runId":307,"level":"info","phase":"fetch","tableName":"CUSTOMERS","tableRunId":495,"sourceRows":22}
{"timestamp":"2026-02-16T19:46:53.092Z","runId":307,"level":"debug","phase":"write","tableName":"CUSTOMERS","tableRunId":495,"status":"start","batchSize":22}
{"timestamp":"2026-02-16T19:46:53.100Z","runId":307,"level":"debug","phase":"write","tableName":"CUSTOMERS","tableRunId":495,"status":"end","inserted":22,"updated":0,"skipped":0,"durationMs":8}
{"timestamp":"2026-02-16T19:46:53.123Z","runId":307,"level":"info","phase":"table_finalize","tableName":"CUSTOMERS","tableRunId":495,"status":"success","inserted":22,"updated":0,"skipped":0,"errors":0,"durationMs":227}
{"timestamp":"2026-02-16T19:46:53.124Z","runId":307,"level":"debug","phase":"table_loop","action":"processing","tableName":"WORK_DONE","mappingTableKeys":["CNOTE","CUSTOMER","INVOICES","PAYMENTS","WORKDONE"]}
{"timestamp":"2026-02-16T19:46:53.124Z","runId":307,"level":"debug","phase":"table_loop","action":"mapping_resolved","tableName":"WORK_DONE","hasMappingEntry":true,"mappingTarget":"WORK_DONE"}
{"timestamp":"2026-02-16T19:46:53.125Z","runId":307,"level":"debug","phase":"mapping_debug","tableName":"WORK_DONE","mappedSource":"WORKDONE","firebirdTableCount":191,"sampleFirebirdTables":["ACCCLASS","ACCDEPARTMENT","ACCOUNTLINKS","ACCOUNTS","ACCOUNT_OPENING"]}
{"timestamp":"2026-02-16T19:46:53.241Z","runId":307,"level":"debug","phase":"clean_decision","tableName":"WORK_DONE","cleanBefore":true,"dryRun":false,"mode":"INSERT"}
{"timestamp":"2026-02-16T19:46:53.242Z","runId":307,"type":"table_cleaning_started","table":"WORK_DONE","tableRunId":496}
{"timestamp":"2026-02-16T19:46:53.242Z","runId":307,"level":"info","phase":"clean","tableName":"WORK_DONE","tableRunId":496,"status":"start"}
{"timestamp":"2026-02-16T19:46:53.243Z","runId":307,"level":"debug","phase":"clean","tableName":"WORK_DONE","tableRunId":496,"action":"fk_checks_disabled"}
{"timestamp":"2026-02-16T19:46:53.291Z","runId":307,"level":"info","phase":"clean","tableName":"WORK_DONE","tableRunId":496,"status":"success","method":"TRUNCATE","affectedRows":null,"postCount":0,"durationMs":49}
{"timestamp":"2026-02-16T19:46:53.300Z","runId":307,"type":"table_cleaned","table":"WORK_DONE","tableRunId":496,"method":"TRUNCATE","affectedRows":null,"postCount":0}
{"timestamp":"2026-02-16T19:46:53.301Z","runId":307,"level":"debug","phase":"clean","tableName":"WORK_DONE","tableRunId":496,"action":"fk_checks_restored"}
{"timestamp":"2026-02-16T19:46:53.301Z","runId":307,"level":"info","phase":"table_start","tableName":"WORK_DONE","tableRunId":496,"mode":"INSERT","keyStrategy":"preserve","dedupeKeys":[]}
{"timestamp":"2026-02-16T19:46:53.418Z","runId":307,"level":"info","phase":"fetch","tableName":"WORK_DONE","tableRunId":496,"sourceRows":50}
{"timestamp":"2026-02-16T19:46:53.522Z","runId":307,"level":"debug","phase":"write","tableName":"WORK_DONE","tableRunId":496,"status":"start","batchSize":50}
{"timestamp":"2026-02-16T19:46:53.530Z","runId":307,"level":"debug","phase":"write","tableName":"WORK_DONE","tableRunId":496,"status":"end","inserted":38,"updated":0,"skipped":12,"durationMs":8}
{"timestamp":"2026-02-16T19:46:53.552Z","runId":307,"level":"info","phase":"table_finalize","tableName":"WORK_DONE","tableRunId":496,"status":"success","inserted":38,"updated":0,"skipped":12,"errors":0,"durationMs":241}
{"timestamp":"2026-02-16T19:46:53.553Z","runId":307,"level":"debug","phase":"table_loop","action":"processing","tableName":"WORK_TODO","mappingTableKeys":["CNOTE","CUSTOMER","INVOICES","PAYMENTS","WORKDONE"]}
{"timestamp":"2026-02-16T19:46:53.553Z","runId":307,"level":"debug","phase":"table_loop","action":"mapping_resolved","tableName":"WORK_TODO","hasMappingEntry":true,"mappingTarget":"WORK_TODO"}
{"timestamp":"2026-02-16T19:46:53.554Z","runId":307,"level":"debug","phase":"mapping_debug","tableName":"WORK_TODO","mappedSource":"WORKTODO","firebirdTableCount":191,"sampleFirebirdTables":["ACCCLASS","ACCDEPARTMENT","ACCOUNTLINKS","ACCOUNTS","ACCOUNT_OPENING"]}
{"timestamp":"2026-02-16T19:46:53.655Z","runId":307,"level":"debug","phase":"clean_decision","tableName":"WORK_TODO","cleanBefore":true,"dryRun":false,"mode":"INSERT"}
{"timestamp":"2026-02-16T19:46:53.656Z","runId":307,"type":"table_cleaning_started","table":"WORK_TODO","tableRunId":497}
{"timestamp":"2026-02-16T19:46:53.656Z","runId":307,"level":"info","phase":"clean","tableName":"WORK_TODO","tableRunId":497,"status":"start"}
{"timestamp":"2026-02-16T19:46:53.657Z","runId":307,"level":"debug","phase":"clean","tableName":"WORK_TODO","tableRunId":497,"action":"fk_checks_disabled"}
{"timestamp":"2026-02-16T19:46:53.696Z","runId":307,"level":"info","phase":"clean","tableName":"WORK_TODO","tableRunId":497,"status":"success","method":"TRUNCATE","affectedRows":null,"postCount":0,"durationMs":40}
{"timestamp":"2026-02-16T19:46:53.705Z","runId":307,"type":"table_cleaned","table":"WORK_TODO","tableRunId":497,"method":"TRUNCATE","affectedRows":null,"postCount":0}
{"timestamp":"2026-02-16T19:46:53.705Z","runId":307,"level":"debug","phase":"clean","tableName":"WORK_TODO","tableRunId":497,"action":"fk_checks_restored"}
{"timestamp":"2026-02-16T19:46:53.706Z","runId":307,"level":"info","phase":"table_start","tableName":"WORK_TODO","tableRunId":497,"mode":"INSERT","keyStrategy":"preserve","dedupeKeys":[]}
{"timestamp":"2026-02-16T19:46:53.802Z","runId":307,"level":"info","phase":"fetch","tableName":"WORK_TODO","tableRunId":497,"sourceRows":0}
{"timestamp":"2026-02-16T19:46:53.812Z","runId":307,"level":"info","phase":"table_finalize","tableName":"WORK_TODO","tableRunId":497,"status":"success","inserted":0,"updated":0,"skipped":0,"errors":0,"durationMs":97}
{"timestamp":"2026-02-16T19:46:53.813Z","runId":307,"level":"debug","phase":"table_loop","action":"processing","tableName":"SPARES_USED","mappingTableKeys":["CNOTE","CUSTOMER","INVOICES","PAYMENTS","WORKDONE"]}
{"timestamp":"2026-02-16T19:46:53.813Z","runId":307,"level":"debug","phase":"table_loop","action":"mapping_resolved","tableName":"SPARES_USED","hasMappingEntry":true,"mappingTarget":"SPARES_USED"}
{"timestamp":"2026-02-16T19:46:53.814Z","runId":307,"level":"debug","phase":"mapping_debug","tableName":"SPARES_USED","mappedSource":"SPARES_USED","firebirdTableCount":191,"sampleFirebirdTables":["ACCCLASS","ACCDEPARTMENT","ACCOUNTLINKS","ACCOUNTS","ACCOUNT_OPENING"]}
{"timestamp":"2026-02-16T19:46:53.936Z","runId":307,"level":"debug","phase":"clean_decision","tableName":"SPARES_USED","cleanBefore":true,"dryRun":false,"mode":"INSERT"}
{"timestamp":"2026-02-16T19:46:53.937Z","runId":307,"type":"table_cleaning_started","table":"SPARES_USED","tableRunId":498}
{"timestamp":"2026-02-16T19:46:53.937Z","runId":307,"level":"info","phase":"clean","tableName":"SPARES_USED","tableRunId":498,"status":"start"}
{"timestamp":"2026-02-16T19:46:53.939Z","runId":307,"level":"debug","phase":"clean","tableName":"SPARES_USED","tableRunId":498,"action":"fk_checks_disabled"}
{"timestamp":"2026-02-16T19:46:53.999Z","runId":307,"level":"info","phase":"clean","tableName":"SPARES_USED","tableRunId":498,"status":"success","method":"TRUNCATE","affectedRows":null,"postCount":0,"durationMs":61}
{"timestamp":"2026-02-16T19:46:54.008Z","runId":307,"type":"table_cleaned","table":"SPARES_USED","tableRunId":498,"method":"TRUNCATE","affectedRows":null,"postCount":0}
{"timestamp":"2026-02-16T19:46:54.009Z","runId":307,"level":"debug","phase":"clean","tableName":"SPARES_USED","tableRunId":498,"action":"fk_checks_restored"}
{"timestamp":"2026-02-16T19:46:54.010Z","runId":307,"level":"info","phase":"table_start","tableName":"SPARES_USED","tableRunId":498,"mode":"INSERT","keyStrategy":"preserve","dedupeKeys":[]}
{"timestamp":"2026-02-16T19:46:54.114Z","runId":307,"level":"info","phase":"fetch","tableName":"SPARES_USED","tableRunId":498,"sourceRows":84}
{"timestamp":"2026-02-16T19:46:54.222Z","runId":307,"level":"debug","phase":"write","tableName":"SPARES_USED","tableRunId":498,"status":"start","batchSize":84}
{"timestamp":"2026-02-16T19:46:54.236Z","runId":307,"level":"debug","phase":"write","tableName":"SPARES_USED","tableRunId":498,"status":"end","inserted":84,"updated":0,"skipped":0,"durationMs":14}
{"timestamp":"2026-02-16T19:46:54.259Z","runId":307,"level":"info","phase":"table_finalize","tableName":"SPARES_USED","tableRunId":498,"status":"success","inserted":84,"updated":0,"skipped":0,"errors":0,"durationMs":238}
{"timestamp":"2026-02-16T19:46:54.260Z","runId":307,"level":"debug","phase":"table_loop","action":"processing","tableName":"CREDIT_NOTES","mappingTableKeys":["CNOTE","CUSTOMER","INVOICES","PAYMENTS","WORKDONE"]}
{"timestamp":"2026-02-16T19:46:54.260Z","runId":307,"level":"debug","phase":"table_loop","action":"mapping_resolved","tableName":"CREDIT_NOTES","hasMappingEntry":true,"mappingTarget":"CREDIT_NOTES"}
{"timestamp":"2026-02-16T19:46:54.260Z","runId":307,"level":"debug","phase":"mapping_debug","tableName":"CREDIT_NOTES","mappedSource":"CNOTE","firebirdTableCount":191,"sampleFirebirdTables":["ACCCLASS","ACCDEPARTMENT","ACCOUNTLINKS","ACCOUNTS","ACCOUNT_OPENING"]}
{"timestamp":"2026-02-16T19:46:54.358Z","runId":307,"level":"debug","phase":"clean_decision","tableName":"CREDIT_NOTES","cleanBefore":true,"dryRun":false,"mode":"INSERT"}
{"timestamp":"2026-02-16T19:46:54.359Z","runId":307,"type":"table_cleaning_started","table":"CREDIT_NOTES","tableRunId":499}
{"timestamp":"2026-02-16T19:46:54.359Z","runId":307,"level":"info","phase":"clean","tableName":"CREDIT_NOTES","tableRunId":499,"status":"start"}
{"timestamp":"2026-02-16T19:46:54.360Z","runId":307,"level":"debug","phase":"clean","tableName":"CREDIT_NOTES","tableRunId":499,"action":"fk_checks_disabled"}
{"timestamp":"2026-02-16T19:46:54.403Z","runId":307,"level":"info","phase":"clean","tableName":"CREDIT_NOTES","tableRunId":499,"status":"success","method":"TRUNCATE","affectedRows":null,"postCount":0,"durationMs":44}
{"timestamp":"2026-02-16T19:46:54.413Z","runId":307,"type":"table_cleaned","table":"CREDIT_NOTES","tableRunId":499,"method":"TRUNCATE","affectedRows":null,"postCount":0}
{"timestamp":"2026-02-16T19:46:54.415Z","runId":307,"level":"debug","phase":"clean","tableName":"CREDIT_NOTES","tableRunId":499,"action":"fk_checks_restored"}
{"timestamp":"2026-02-16T19:46:54.415Z","runId":307,"level":"info","phase":"table_start","tableName":"CREDIT_NOTES","tableRunId":499,"mode":"INSERT","keyStrategy":"preserve","dedupeKeys":[]}
{"timestamp":"2026-02-16T19:46:54.509Z","runId":307,"level":"info","phase":"fetch","tableName":"CREDIT_NOTES","tableRunId":499,"sourceRows":0}
{"timestamp":"2026-02-16T19:46:54.519Z","runId":307,"level":"info","phase":"table_finalize","tableName":"CREDIT_NOTES","tableRunId":499,"status":"success","inserted":0,"updated":0,"skipped":0,"errors":0,"durationMs":95}
{"timestamp":"2026-02-16T19:46:54.520Z","runId":307,"level":"debug","phase":"table_loop","action":"processing","tableName":"JOB_INFORMATION","mappingTableKeys":["CNOTE","CUSTOMER","INVOICES","PAYMENTS","WORKDONE"]}
{"timestamp":"2026-02-16T19:46:54.520Z","runId":307,"level":"debug","phase":"table_loop","action":"mapping_resolved","tableName":"JOB_INFORMATION","hasMappingEntry":true,"mappingTarget":"JOB_INFORMATION"}
{"timestamp":"2026-02-16T19:46:54.521Z","runId":307,"level":"debug","phase":"mapping_debug","tableName":"JOB_INFORMATION","mappedSource":"JOB_INFORMATION","firebirdTableCount":191,"sampleFirebirdTables":["ACCCLASS","ACCDEPARTMENT","ACCOUNTLINKS","ACCOUNTS","ACCOUNT_OPENING"]}
{"timestamp":"2026-02-16T19:46:54.622Z","runId":307,"level":"debug","phase":"clean_decision","tableName":"JOB_INFORMATION","cleanBefore":true,"dryRun":false,"mode":"INSERT"}
{"timestamp":"2026-02-16T19:46:54.622Z","runId":307,"type":"table_cleaning_started","table":"JOB_INFORMATION","tableRunId":500}
{"timestamp":"2026-02-16T19:46:54.623Z","runId":307,"level":"info","phase":"clean","tableName":"JOB_INFORMATION","tableRunId":500,"status":"start"}
{"timestamp":"2026-02-16T19:46:54.624Z","runId":307,"level":"debug","phase":"clean","tableName":"JOB_INFORMATION","tableRunId":500,"action":"fk_checks_disabled"}
{"timestamp":"2026-02-16T19:46:54.701Z","runId":307,"level":"info","phase":"clean","tableName":"JOB_INFORMATION","tableRunId":500,"status":"success","method":"TRUNCATE","affectedRows":null,"postCount":0,"durationMs":78}
{"timestamp":"2026-02-16T19:46:54.710Z","runId":307,"type":"table_cleaned","table":"JOB_INFORMATION","tableRunId":500,"method":"TRUNCATE","affectedRows":null,"postCount":0}
{"timestamp":"2026-02-16T19:46:54.711Z","runId":307,"level":"debug","phase":"clean","tableName":"JOB_INFORMATION","tableRunId":500,"action":"fk_checks_restored"}
{"timestamp":"2026-02-16T19:46:54.712Z","runId":307,"level":"info","phase":"table_start","tableName":"JOB_INFORMATION","tableRunId":500,"mode":"INSERT","keyStrategy":"preserve","dedupeKeys":[]}
{"timestamp":"2026-02-16T19:46:54.815Z","runId":307,"level":"info","phase":"fetch","tableName":"JOB_INFORMATION","tableRunId":500,"sourceRows":22}
{"timestamp":"2026-02-16T19:46:54.912Z","runId":307,"level":"debug","phase":"write","tableName":"JOB_INFORMATION","tableRunId":500,"status":"start","batchSize":22}
{"timestamp":"2026-02-16T19:46:54.920Z","runId":307,"level":"debug","phase":"write","tableName":"JOB_INFORMATION","tableRunId":500,"status":"end","inserted":22,"updated":0,"skipped":0,"durationMs":8}
{"timestamp":"2026-02-16T19:46:54.938Z","runId":307,"level":"info","phase":"table_finalize","tableName":"JOB_INFORMATION","tableRunId":500,"status":"success","inserted":22,"updated":0,"skipped":0,"errors":0,"durationMs":217}
{"timestamp":"2026-02-16T19:46:54.944Z","runId":307,"level":"info","phase":"run_finalize","status":"success"}
