{"timestamp":"2026-03-02T14:15:16.809Z","runId":348,"level":"info","phase":"run_start","dryRun":false,"batchSize":1000,"fkChecks":true,"tables":[{"table":"STOCK","mode":"INSERT","keyStrategy":"preserve","dedupeKeys":[],"onDuplicate":"SKIP","cleanBefore":true},{"table":"ACCOUNTS","mode":"INSERT","keyStrategy":"preserve","dedupeKeys":[],"onDuplicate":"SKIP","cleanBefore":true},{"table":"INVOICES","mode":"INSERT","keyStrategy":"preserve","dedupeKeys":[],"onDuplicate":"SKIP","cleanBefore":true},{"table":"PAYMENTS","mode":"INSERT","keyStrategy":"preserve","dedupeKeys":[],"onDuplicate":"SKIP","cleanBefore":true},{"table":"ACC_CLASS","mode":"INSERT","keyStrategy":"preserve","dedupeKeys":[],"onDuplicate":"SKIP","cleanBefore":true},{"table":"CUSTOMERS","mode":"INSERT","keyStrategy":"preserve","dedupeKeys":[],"onDuplicate":"SKIP","cleanBefore":true},{"table":"SUPPLIERS","mode":"INSERT","keyStrategy":"preserve","dedupeKeys":[],"onDuplicate":"SKIP","cleanBefore":true},{"table":"WORK_DONE","mode":"INSERT","keyStrategy":"preserve","dedupeKeys":[],"onDuplicate":"SKIP","cleanBefore":true},{"table":"SPARES_USED","mode":"INSERT","keyStrategy":"preserve","dedupeKeys":[],"onDuplicate":"SKIP","cleanBefore":true},{"table":"CREDIT_NOTES","mode":"INSERT","keyStrategy":"preserve","dedupeKeys":[],"onDuplicate":"SKIP","cleanBefore":true},{"table":"INVOICE_ITEMS","mode":"INSERT","keyStrategy":"preserve","dedupeKeys":[],"onDuplicate":"SKIP","cleanBefore":true},{"table":"ACC_DEPARTMENT","mode":"INSERT","keyStrategy":"preserve","dedupeKeys":[],"onDuplicate":"SKIP","cleanBefore":true},{"table":"LABOUR_PRICING","mode":"INSERT","keyStrategy":"preserve","dedupeKeys":[],"onDuplicate":"SKIP","cleanBefore":true},{"table":"INVOICE_GENERAL","mode":"INSERT","keyStrategy":"preserve","dedupeKeys":[],"onDuplicate":"SKIP","cleanBefore":true},{"table":"JOB_INFORMATION","mode":"INSERT","keyStrategy":"preserve","dedupeKeys":[],"onDuplicate":"SKIP","cleanBefore":true},{"table":"INVOICES_SUPPLIER","mode":"INSERT","keyStrategy":"preserve","dedupeKeys":[],"onDuplicate":"SKIP","cleanBefore":true},{"table":"PAYMENTS_SUPPLIERS","mode":"INSERT","keyStrategy":"preserve","dedupeKeys":[],"onDuplicate":"SKIP","cleanBefore":true},{"table":"CREDIT_NOTES_SUPPLIER","mode":"INSERT","keyStrategy":"preserve","dedupeKeys":[],"onDuplicate":"SKIP","cleanBefore":true}]}
{"timestamp":"2026-03-02T14:15:16.810Z","runId":348,"level":"info","phase":"preflight","action":"firebird_config_check","host":"localhost","port":3050,"database":"C:\\Autoneer\\data\\AUTONEER.FDB","user":"SYSDBA","passwordSet":true,"passwordLength":9,"passwordSource":"state","useDefaultSysdbaMasterkey":true,"rawPasswordSet":true,"rawPasswordLength":9}
{"timestamp":"2026-03-02T14:15:16.881Z","runId":348,"level":"info","phase":"preflight","attempt":1,"status":"ok"}
{"timestamp":"2026-03-02T14:15:16.883Z","runId":348,"level":"debug","phase":"preflight","durationMs":73}
{"timestamp":"2026-03-02T14:15:16.883Z","runId":348,"level":"info","phase":"preflight","action":"nullability_validation","status":"start"}
{"timestamp":"2026-03-02T14:15:16.909Z","runId":348,"level":"info","phase":"preflight","action":"nullability_validation","status":"passed"}
{"timestamp":"2026-03-02T14:15:16.909Z","runId":348,"level":"info","phase":"preflight","action":"gl_account_types_seed","status":"start"}
{"timestamp":"2026-03-02T14:15:16.915Z","runId":348,"level":"info","phase":"preflight","action":"gl_account_types_seed","status":"passed"}
{"timestamp":"2026-03-02T14:15:17.608Z","runId":348,"level":"debug","phase":"table_loop","action":"starting","includedCount":18,"mappingTableCount":18}
{"timestamp":"2026-03-02T14:15:17.610Z","runId":348,"level":"info","phase":"table_loop","action":"normalized_tables","sampleTables":["STOCK","ACCOUNTS","INVOICES","PAYMENTS","ACC_CLASS"]}
{"timestamp":"2026-03-02T14:15:17.610Z","runId":348,"level":"debug","phase":"table_loop","action":"processing","tableName":"STOCK","mappingTableKeys":["CNOTE","STOCK","PRICING","ACCCLASS","ACCOUNTS"]}
{"timestamp":"2026-03-02T14:15:17.610Z","runId":348,"level":"debug","phase":"table_loop","action":"mapping_resolved","tableName":"STOCK","hasMappingEntry":true,"mappingTarget":"STOCK"}
{"timestamp":"2026-03-02T14:15:17.610Z","runId":348,"level":"debug","phase":"mapping_debug","tableName":"STOCK","mappedSource":"STOCK","firebirdTableCount":190,"sampleFirebirdTables":["ACCCLASS","ACCDEPARTMENT","ACCOUNTLINKS","ACCOUNTS","ACCRANGE"]}
{"timestamp":"2026-03-02T14:15:17.704Z","runId":348,"level":"debug","phase":"clean_decision","tableName":"STOCK","cleanBefore":true,"dryRun":false,"mode":"INSERT"}
{"timestamp":"2026-03-02T14:15:17.704Z","runId":348,"type":"table_cleaning_started","table":"STOCK","tableRunId":706}
{"timestamp":"2026-03-02T14:15:17.705Z","runId":348,"level":"info","phase":"clean","tableName":"STOCK","tableRunId":706,"status":"start"}
{"timestamp":"2026-03-02T14:15:17.706Z","runId":348,"level":"debug","phase":"clean","tableName":"STOCK","tableRunId":706,"action":"fk_checks_disabled"}
{"timestamp":"2026-03-02T14:15:17.764Z","runId":348,"level":"info","phase":"clean","tableName":"STOCK","tableRunId":706,"status":"success","method":"TRUNCATE","affectedRows":null,"postCount":0,"durationMs":59}
{"timestamp":"2026-03-02T14:15:17.776Z","runId":348,"type":"table_cleaned","table":"STOCK","tableRunId":706,"method":"TRUNCATE","affectedRows":null,"postCount":0}
{"timestamp":"2026-03-02T14:15:17.777Z","runId":348,"level":"debug","phase":"clean","tableName":"STOCK","tableRunId":706,"action":"fk_checks_restored"}
{"timestamp":"2026-03-02T14:15:17.777Z","runId":348,"level":"info","phase":"table_start","tableName":"STOCK","tableRunId":706,"mode":"INSERT","keyStrategy":"preserve","dedupeKeys":[]}
{"timestamp":"2026-03-02T14:15:17.854Z","runId":348,"level":"info","phase":"fetch","tableName":"STOCK","tableRunId":706,"sourceRows":2041}
{"timestamp":"2026-03-02T14:15:18.088Z","runId":348,"level":"debug","phase":"write","tableName":"STOCK","tableRunId":706,"status":"start","batchSize":1000}
{"timestamp":"2026-03-02T14:15:18.167Z","runId":348,"level":"debug","phase":"write","tableName":"STOCK","tableRunId":706,"status":"end","inserted":1000,"updated":0,"skipped":0,"durationMs":79}
{"timestamp":"2026-03-02T14:15:18.377Z","runId":348,"level":"debug","phase":"write","tableName":"STOCK","tableRunId":706,"status":"start","batchSize":1000}
{"timestamp":"2026-03-02T14:15:18.450Z","runId":348,"level":"debug","phase":"write","tableName":"STOCK","tableRunId":706,"status":"end","inserted":1000,"updated":0,"skipped":0,"durationMs":73}
{"timestamp":"2026-03-02T14:15:18.587Z","runId":348,"level":"debug","phase":"write","tableName":"STOCK","tableRunId":706,"status":"start","batchSize":41}
{"timestamp":"2026-03-02T14:15:18.598Z","runId":348,"level":"debug","phase":"write","tableName":"STOCK","tableRunId":706,"status":"end","inserted":41,"updated":0,"skipped":0,"durationMs":11}
{"timestamp":"2026-03-02T14:15:18.626Z","runId":348,"level":"info","phase":"table_finalize","tableName":"STOCK","tableRunId":706,"status":"success","inserted":2041,"updated":0,"skipped":0,"errors":0,"durationMs":835}
{"timestamp":"2026-03-02T14:15:18.628Z","runId":348,"level":"debug","phase":"table_loop","action":"processing","tableName":"ACCOUNTS","mappingTableKeys":["CNOTE","STOCK","PRICING","ACCCLASS","ACCOUNTS"]}
{"timestamp":"2026-03-02T14:15:18.628Z","runId":348,"level":"debug","phase":"table_loop","action":"mapping_resolved","tableName":"ACCOUNTS","hasMappingEntry":true,"mappingTarget":"ACCOUNTS"}
{"timestamp":"2026-03-02T14:15:18.628Z","runId":348,"level":"debug","phase":"mapping_debug","tableName":"ACCOUNTS","mappedSource":"ACCOUNTS","firebirdTableCount":190,"sampleFirebirdTables":["ACCCLASS","ACCDEPARTMENT","ACCOUNTLINKS","ACCOUNTS","ACCRANGE"]}
{"timestamp":"2026-03-02T14:15:18.717Z","runId":348,"level":"debug","phase":"clean_decision","tableName":"ACCOUNTS","cleanBefore":true,"dryRun":false,"mode":"INSERT"}
{"timestamp":"2026-03-02T14:15:18.717Z","runId":348,"type":"table_cleaning_started","table":"ACCOUNTS","tableRunId":707}
{"timestamp":"2026-03-02T14:15:18.718Z","runId":348,"level":"info","phase":"clean","tableName":"ACCOUNTS","tableRunId":707,"status":"start"}
{"timestamp":"2026-03-02T14:15:18.718Z","runId":348,"level":"debug","phase":"clean","tableName":"ACCOUNTS","tableRunId":707,"action":"fk_checks_disabled"}
{"timestamp":"2026-03-02T14:15:18.759Z","runId":348,"level":"info","phase":"clean","tableName":"ACCOUNTS","tableRunId":707,"status":"success","method":"TRUNCATE","affectedRows":null,"postCount":0,"durationMs":41}
{"timestamp":"2026-03-02T14:15:18.767Z","runId":348,"type":"table_cleaned","table":"ACCOUNTS","tableRunId":707,"method":"TRUNCATE","affectedRows":null,"postCount":0}
{"timestamp":"2026-03-02T14:15:18.771Z","runId":348,"level":"debug","phase":"clean","tableName":"ACCOUNTS","tableRunId":707,"action":"fk_checks_restored"}
{"timestamp":"2026-03-02T14:15:18.771Z","runId":348,"level":"info","phase":"table_start","tableName":"ACCOUNTS","tableRunId":707,"mode":"INSERT","keyStrategy":"preserve","dedupeKeys":[]}
{"timestamp":"2026-03-02T14:15:18.876Z","runId":348,"level":"info","phase":"fetch","tableName":"ACCOUNTS","tableRunId":707,"sourceRows":106}
{"timestamp":"2026-03-02T14:15:19.012Z","runId":348,"level":"debug","phase":"write","tableName":"ACCOUNTS","tableRunId":707,"status":"start","batchSize":106}
{"timestamp":"2026-03-02T14:15:19.023Z","runId":348,"level":"debug","phase":"write","tableName":"ACCOUNTS","tableRunId":707,"status":"end","inserted":80,"updated":0,"skipped":26,"durationMs":11}
{"timestamp":"2026-03-02T14:15:19.043Z","runId":348,"level":"info","phase":"table_finalize","tableName":"ACCOUNTS","tableRunId":707,"status":"success","inserted":80,"updated":0,"skipped":26,"errors":0,"durationMs":262}
{"timestamp":"2026-03-02T14:15:19.043Z","runId":348,"level":"debug","phase":"table_loop","action":"processing","tableName":"INVOICES","mappingTableKeys":["CNOTE","STOCK","PRICING","ACCCLASS","ACCOUNTS"]}
{"timestamp":"2026-03-02T14:15:19.043Z","runId":348,"level":"debug","phase":"table_loop","action":"mapping_resolved","tableName":"INVOICES","hasMappingEntry":true,"mappingTarget":"INVOICES"}
{"timestamp":"2026-03-02T14:15:19.043Z","runId":348,"level":"debug","phase":"mapping_debug","tableName":"INVOICES","mappedSource":"INVOICES","firebirdTableCount":190,"sampleFirebirdTables":["ACCCLASS","ACCDEPARTMENT","ACCOUNTLINKS","ACCOUNTS","ACCRANGE"]}
{"timestamp":"2026-03-02T14:15:19.137Z","runId":348,"level":"debug","phase":"clean_decision","tableName":"INVOICES","cleanBefore":true,"dryRun":false,"mode":"INSERT"}
{"timestamp":"2026-03-02T14:15:19.137Z","runId":348,"type":"table_cleaning_started","table":"INVOICES","tableRunId":708}
{"timestamp":"2026-03-02T14:15:19.138Z","runId":348,"level":"info","phase":"clean","tableName":"INVOICES","tableRunId":708,"status":"start"}
{"timestamp":"2026-03-02T14:15:19.139Z","runId":348,"level":"debug","phase":"clean","tableName":"INVOICES","tableRunId":708,"action":"fk_checks_disabled"}
{"timestamp":"2026-03-02T14:15:19.209Z","runId":348,"level":"info","phase":"clean","tableName":"INVOICES","tableRunId":708,"status":"success","method":"TRUNCATE","affectedRows":null,"postCount":0,"durationMs":71}
{"timestamp":"2026-03-02T14:15:19.219Z","runId":348,"type":"table_cleaned","table":"INVOICES","tableRunId":708,"method":"TRUNCATE","affectedRows":null,"postCount":0}
{"timestamp":"2026-03-02T14:15:19.221Z","runId":348,"level":"debug","phase":"clean","tableName":"INVOICES","tableRunId":708,"action":"fk_checks_restored"}
{"timestamp":"2026-03-02T14:15:19.221Z","runId":348,"level":"info","phase":"table_start","tableName":"INVOICES","tableRunId":708,"mode":"INSERT","keyStrategy":"preserve","dedupeKeys":[]}
{"timestamp":"2026-03-02T14:15:19.336Z","runId":348,"level":"info","phase":"fetch","tableName":"INVOICES","tableRunId":708,"sourceRows":735}
{"timestamp":"2026-03-02T14:15:19.490Z","runId":348,"level":"debug","phase":"write","tableName":"INVOICES","tableRunId":708,"status":"start","batchSize":735}
{"timestamp":"2026-03-02T14:15:19.551Z","runId":348,"level":"debug","phase":"write","tableName":"INVOICES","tableRunId":708,"status":"end","inserted":670,"updated":0,"skipped":65,"durationMs":61}
{"timestamp":"2026-03-02T14:15:19.564Z","runId":348,"level":"info","phase":"table_finalize","tableName":"INVOICES","tableRunId":708,"status":"success","inserted":670,"updated":0,"skipped":65,"errors":0,"durationMs":336}
{"timestamp":"2026-03-02T14:15:19.564Z","runId":348,"level":"debug","phase":"table_loop","action":"processing","tableName":"PAYMENTS","mappingTableKeys":["CNOTE","STOCK","PRICING","ACCCLASS","ACCOUNTS"]}
{"timestamp":"2026-03-02T14:15:19.565Z","runId":348,"level":"debug","phase":"table_loop","action":"mapping_resolved","tableName":"PAYMENTS","hasMappingEntry":true,"mappingTarget":"PAYMENTS"}
{"timestamp":"2026-03-02T14:15:19.565Z","runId":348,"level":"debug","phase":"mapping_debug","tableName":"PAYMENTS","mappedSource":"PAYMENTS","firebirdTableCount":190,"sampleFirebirdTables":["ACCCLASS","ACCDEPARTMENT","ACCOUNTLINKS","ACCOUNTS","ACCRANGE"]}
{"timestamp":"2026-03-02T14:15:19.673Z","runId":348,"level":"debug","phase":"clean_decision","tableName":"PAYMENTS","cleanBefore":true,"dryRun":false,"mode":"INSERT"}
{"timestamp":"2026-03-02T14:15:19.673Z","runId":348,"type":"table_cleaning_started","table":"PAYMENTS","tableRunId":709}
{"timestamp":"2026-03-02T14:15:19.674Z","runId":348,"level":"info","phase":"clean","tableName":"PAYMENTS","tableRunId":709,"status":"start"}
{"timestamp":"2026-03-02T14:15:19.675Z","runId":348,"level":"debug","phase":"clean","tableName":"PAYMENTS","tableRunId":709,"action":"fk_checks_disabled"}
{"timestamp":"2026-03-02T14:15:19.726Z","runId":348,"level":"info","phase":"clean","tableName":"PAYMENTS","tableRunId":709,"status":"success","method":"TRUNCATE","affectedRows":null,"postCount":0,"durationMs":52}
{"timestamp":"2026-03-02T14:15:19.736Z","runId":348,"type":"table_cleaned","table":"PAYMENTS","tableRunId":709,"method":"TRUNCATE","affectedRows":null,"postCount":0}
{"timestamp":"2026-03-02T14:15:19.738Z","runId":348,"level":"debug","phase":"clean","tableName":"PAYMENTS","tableRunId":709,"action":"fk_checks_restored"}
{"timestamp":"2026-03-02T14:15:19.738Z","runId":348,"level":"info","phase":"table_start","tableName":"PAYMENTS","tableRunId":709,"mode":"INSERT","keyStrategy":"preserve","dedupeKeys":[]}
{"timestamp":"2026-03-02T14:15:20.429Z","runId":348,"level":"info","phase":"fetch","tableName":"PAYMENTS","tableRunId":709,"sourceRows":788}
{"timestamp":"2026-03-02T14:15:20.549Z","runId":348,"level":"debug","phase":"write","tableName":"PAYMENTS","tableRunId":709,"status":"start","batchSize":788}
{"timestamp":"2026-03-02T14:15:20.582Z","runId":348,"level":"debug","phase":"write","tableName":"PAYMENTS","tableRunId":709,"status":"end","inserted":788,"updated":0,"skipped":0,"durationMs":33}
{"timestamp":"2026-03-02T14:15:20.596Z","runId":348,"level":"info","phase":"table_finalize","tableName":"PAYMENTS","tableRunId":709,"status":"success","inserted":788,"updated":0,"skipped":0,"errors":0,"durationMs":851}
{"timestamp":"2026-03-02T14:15:20.596Z","runId":348,"level":"debug","phase":"table_loop","action":"processing","tableName":"ACC_CLASS","mappingTableKeys":["CNOTE","STOCK","PRICING","ACCCLASS","ACCOUNTS"]}
{"timestamp":"2026-03-02T14:15:20.596Z","runId":348,"level":"debug","phase":"table_loop","action":"mapping_resolved","tableName":"ACC_CLASS","hasMappingEntry":true,"mappingTarget":"ACC_CLASS"}
{"timestamp":"2026-03-02T14:15:20.596Z","runId":348,"level":"debug","phase":"mapping_debug","tableName":"ACC_CLASS","mappedSource":"ACCCLASS","firebirdTableCount":190,"sampleFirebirdTables":["ACCCLASS","ACCDEPARTMENT","ACCOUNTLINKS","ACCOUNTS","ACCRANGE"]}
{"timestamp":"2026-03-02T14:15:20.692Z","runId":348,"level":"debug","phase":"clean_decision","tableName":"ACC_CLASS","cleanBefore":true,"dryRun":false,"mode":"INSERT"}
{"timestamp":"2026-03-02T14:15:20.692Z","runId":348,"type":"table_cleaning_started","table":"ACC_CLASS","tableRunId":710}
{"timestamp":"2026-03-02T14:15:20.692Z","runId":348,"level":"info","phase":"clean","tableName":"ACC_CLASS","tableRunId":710,"status":"start"}
{"timestamp":"2026-03-02T14:15:20.693Z","runId":348,"level":"debug","phase":"clean","tableName":"ACC_CLASS","tableRunId":710,"action":"fk_checks_disabled"}
{"timestamp":"2026-03-02T14:15:20.725Z","runId":348,"level":"info","phase":"clean","tableName":"ACC_CLASS","tableRunId":710,"status":"success","method":"TRUNCATE","affectedRows":null,"postCount":0,"durationMs":32}
{"timestamp":"2026-03-02T14:15:20.732Z","runId":348,"type":"table_cleaned","table":"ACC_CLASS","tableRunId":710,"method":"TRUNCATE","affectedRows":null,"postCount":0}
{"timestamp":"2026-03-02T14:15:20.733Z","runId":348,"level":"debug","phase":"clean","tableName":"ACC_CLASS","tableRunId":710,"action":"fk_checks_restored"}
{"timestamp":"2026-03-02T14:15:20.734Z","runId":348,"level":"info","phase":"table_start","tableName":"ACC_CLASS","tableRunId":710,"mode":"INSERT","keyStrategy":"preserve","dedupeKeys":[]}
{"timestamp":"2026-03-02T14:15:20.825Z","runId":348,"level":"info","phase":"fetch","tableName":"ACC_CLASS","tableRunId":710,"sourceRows":7}
{"timestamp":"2026-03-02T14:15:20.920Z","runId":348,"level":"debug","phase":"write","tableName":"ACC_CLASS","tableRunId":710,"status":"start","batchSize":7}
{"timestamp":"2026-03-02T14:15:20.926Z","runId":348,"level":"debug","phase":"write","tableName":"ACC_CLASS","tableRunId":710,"status":"end","inserted":7,"updated":0,"skipped":0,"durationMs":6}
{"timestamp":"2026-03-02T14:15:20.946Z","runId":348,"level":"info","phase":"table_finalize","tableName":"ACC_CLASS","tableRunId":710,"status":"success","inserted":7,"updated":0,"skipped":0,"errors":0,"durationMs":201}
{"timestamp":"2026-03-02T14:15:20.947Z","runId":348,"level":"debug","phase":"table_loop","action":"processing","tableName":"CUSTOMERS","mappingTableKeys":["CNOTE","STOCK","PRICING","ACCCLASS","ACCOUNTS"]}
{"timestamp":"2026-03-02T14:15:20.948Z","runId":348,"level":"debug","phase":"table_loop","action":"mapping_resolved","tableName":"CUSTOMERS","hasMappingEntry":true,"mappingTarget":"CUSTOMERS"}
{"timestamp":"2026-03-02T14:15:20.948Z","runId":348,"level":"debug","phase":"mapping_debug","tableName":"CUSTOMERS","mappedSource":"CUSTOMER","firebirdTableCount":190,"sampleFirebirdTables":["ACCCLASS","ACCDEPARTMENT","ACCOUNTLINKS","ACCOUNTS","ACCRANGE"]}
{"timestamp":"2026-03-02T14:15:21.072Z","runId":348,"level":"debug","phase":"clean_decision","tableName":"CUSTOMERS","cleanBefore":true,"dryRun":false,"mode":"INSERT"}
{"timestamp":"2026-03-02T14:15:21.072Z","runId":348,"type":"table_cleaning_started","table":"CUSTOMERS","tableRunId":711}
{"timestamp":"2026-03-02T14:15:21.073Z","runId":348,"level":"info","phase":"clean","tableName":"CUSTOMERS","tableRunId":711,"status":"start"}
{"timestamp":"2026-03-02T14:15:21.074Z","runId":348,"level":"debug","phase":"clean","tableName":"CUSTOMERS","tableRunId":711,"action":"fk_checks_disabled"}
{"timestamp":"2026-03-02T14:15:21.124Z","runId":348,"level":"info","phase":"clean","tableName":"CUSTOMERS","tableRunId":711,"status":"success","method":"TRUNCATE","affectedRows":null,"postCount":0,"durationMs":51}
{"timestamp":"2026-03-02T14:15:21.131Z","runId":348,"type":"table_cleaned","table":"CUSTOMERS","tableRunId":711,"method":"TRUNCATE","affectedRows":null,"postCount":0}
{"timestamp":"2026-03-02T14:15:21.132Z","runId":348,"level":"debug","phase":"clean","tableName":"CUSTOMERS","tableRunId":711,"action":"fk_checks_restored"}
{"timestamp":"2026-03-02T14:15:21.132Z","runId":348,"level":"info","phase":"table_start","tableName":"CUSTOMERS","tableRunId":711,"mode":"INSERT","keyStrategy":"preserve","dedupeKeys":[]}
{"timestamp":"2026-03-02T14:15:21.232Z","runId":348,"level":"info","phase":"fetch","tableName":"CUSTOMERS","tableRunId":711,"sourceRows":93}
{"timestamp":"2026-03-02T14:15:21.340Z","runId":348,"level":"debug","phase":"write","tableName":"CUSTOMERS","tableRunId":711,"status":"start","batchSize":93}
{"timestamp":"2026-03-02T14:15:21.357Z","runId":348,"level":"debug","phase":"write","tableName":"CUSTOMERS","tableRunId":711,"status":"end","inserted":92,"updated":0,"skipped":1,"durationMs":17}
{"timestamp":"2026-03-02T14:15:21.380Z","runId":348,"level":"info","phase":"table_finalize","tableName":"CUSTOMERS","tableRunId":711,"status":"success","inserted":92,"updated":0,"skipped":1,"errors":0,"durationMs":237}
{"timestamp":"2026-03-02T14:15:21.381Z","runId":348,"level":"debug","phase":"table_loop","action":"processing","tableName":"SUPPLIERS","mappingTableKeys":["CNOTE","STOCK","PRICING","ACCCLASS","ACCOUNTS"]}
{"timestamp":"2026-03-02T14:15:21.381Z","runId":348,"level":"debug","phase":"table_loop","action":"mapping_resolved","tableName":"SUPPLIERS","hasMappingEntry":true,"mappingTarget":"SUPPLIERS"}
{"timestamp":"2026-03-02T14:15:21.381Z","runId":348,"level":"debug","phase":"mapping_debug","tableName":"SUPPLIERS","mappedSource":"SUPPLIER","firebirdTableCount":190,"sampleFirebirdTables":["ACCCLASS","ACCDEPARTMENT","ACCOUNTLINKS","ACCOUNTS","ACCRANGE"]}
{"timestamp":"2026-03-02T14:15:21.505Z","runId":348,"level":"debug","phase":"clean_decision","tableName":"SUPPLIERS","cleanBefore":true,"dryRun":false,"mode":"INSERT"}
{"timestamp":"2026-03-02T14:15:21.505Z","runId":348,"type":"table_cleaning_started","table":"SUPPLIERS","tableRunId":712}
{"timestamp":"2026-03-02T14:15:21.505Z","runId":348,"level":"info","phase":"clean","tableName":"SUPPLIERS","tableRunId":712,"status":"start"}
{"timestamp":"2026-03-02T14:15:21.506Z","runId":348,"level":"debug","phase":"clean","tableName":"SUPPLIERS","tableRunId":712,"action":"fk_checks_disabled"}
{"timestamp":"2026-03-02T14:15:21.542Z","runId":348,"level":"info","phase":"clean","tableName":"SUPPLIERS","tableRunId":712,"status":"success","method":"TRUNCATE","affectedRows":null,"postCount":0,"durationMs":37}
{"timestamp":"2026-03-02T14:15:21.553Z","runId":348,"type":"table_cleaned","table":"SUPPLIERS","tableRunId":712,"method":"TRUNCATE","affectedRows":null,"postCount":0}
{"timestamp":"2026-03-02T14:15:21.554Z","runId":348,"level":"debug","phase":"clean","tableName":"SUPPLIERS","tableRunId":712,"action":"fk_checks_restored"}
{"timestamp":"2026-03-02T14:15:21.554Z","runId":348,"level":"info","phase":"table_start","tableName":"SUPPLIERS","tableRunId":712,"mode":"INSERT","keyStrategy":"preserve","dedupeKeys":[]}
{"timestamp":"2026-03-02T14:15:21.680Z","runId":348,"level":"info","phase":"fetch","tableName":"SUPPLIERS","tableRunId":712,"sourceRows":164}
{"timestamp":"2026-03-02T14:15:21.793Z","runId":348,"level":"debug","phase":"write","tableName":"SUPPLIERS","tableRunId":712,"status":"start","batchSize":164}
{"timestamp":"2026-03-02T14:15:21.802Z","runId":348,"level":"debug","phase":"write","tableName":"SUPPLIERS","tableRunId":712,"status":"end","inserted":164,"updated":0,"skipped":0,"durationMs":9}
{"timestamp":"2026-03-02T14:15:21.818Z","runId":348,"level":"info","phase":"table_finalize","tableName":"SUPPLIERS","tableRunId":712,"status":"success","inserted":164,"updated":0,"skipped":0,"errors":0,"durationMs":257}
{"timestamp":"2026-03-02T14:15:21.819Z","runId":348,"level":"debug","phase":"table_loop","action":"processing","tableName":"WORK_DONE","mappingTableKeys":["CNOTE","STOCK","PRICING","ACCCLASS","ACCOUNTS"]}
{"timestamp":"2026-03-02T14:15:21.819Z","runId":348,"level":"debug","phase":"table_loop","action":"mapping_resolved","tableName":"WORK_DONE","hasMappingEntry":true,"mappingTarget":"WORK_DONE"}
{"timestamp":"2026-03-02T14:15:21.819Z","runId":348,"level":"debug","phase":"mapping_debug","tableName":"WORK_DONE","mappedSource":"WORKDONE","firebirdTableCount":190,"sampleFirebirdTables":["ACCCLASS","ACCDEPARTMENT","ACCOUNTLINKS","ACCOUNTS","ACCRANGE"]}
{"timestamp":"2026-03-02T14:15:21.926Z","runId":348,"level":"debug","phase":"clean_decision","tableName":"WORK_DONE","cleanBefore":true,"dryRun":false,"mode":"INSERT"}
{"timestamp":"2026-03-02T14:15:21.926Z","runId":348,"type":"table_cleaning_started","table":"WORK_DONE","tableRunId":713}
{"timestamp":"2026-03-02T14:15:21.927Z","runId":348,"level":"info","phase":"clean","tableName":"WORK_DONE","tableRunId":713,"status":"start"}
{"timestamp":"2026-03-02T14:15:21.927Z","runId":348,"level":"debug","phase":"clean","tableName":"WORK_DONE","tableRunId":713,"action":"fk_checks_disabled"}
{"timestamp":"2026-03-02T14:15:21.980Z","runId":348,"level":"info","phase":"clean","tableName":"WORK_DONE","tableRunId":713,"status":"success","method":"TRUNCATE","affectedRows":null,"postCount":0,"durationMs":53}
{"timestamp":"2026-03-02T14:15:21.990Z","runId":348,"type":"table_cleaned","table":"WORK_DONE","tableRunId":713,"method":"TRUNCATE","affectedRows":null,"postCount":0}
{"timestamp":"2026-03-02T14:15:21.991Z","runId":348,"level":"debug","phase":"clean","tableName":"WORK_DONE","tableRunId":713,"action":"fk_checks_restored"}
{"timestamp":"2026-03-02T14:15:21.991Z","runId":348,"level":"info","phase":"table_start","tableName":"WORK_DONE","tableRunId":713,"mode":"INSERT","keyStrategy":"preserve","dedupeKeys":[]}
{"timestamp":"2026-03-02T14:15:22.093Z","runId":348,"level":"info","phase":"fetch","tableName":"WORK_DONE","tableRunId":713,"sourceRows":678}
{"timestamp":"2026-03-02T14:15:22.230Z","runId":348,"level":"debug","phase":"write","tableName":"WORK_DONE","tableRunId":713,"status":"start","batchSize":678}
{"timestamp":"2026-03-02T14:15:22.261Z","runId":348,"level":"debug","phase":"write","tableName":"WORK_DONE","tableRunId":713,"status":"end","inserted":297,"updated":0,"skipped":381,"durationMs":31}
{"timestamp":"2026-03-02T14:15:22.282Z","runId":348,"level":"info","phase":"table_finalize","tableName":"WORK_DONE","tableRunId":713,"status":"success","inserted":297,"updated":0,"skipped":381,"errors":0,"durationMs":280}
{"timestamp":"2026-03-02T14:15:22.283Z","runId":348,"level":"debug","phase":"table_loop","action":"processing","tableName":"SPARES_USED","mappingTableKeys":["CNOTE","STOCK","PRICING","ACCCLASS","ACCOUNTS"]}
{"timestamp":"2026-03-02T14:15:22.283Z","runId":348,"level":"debug","phase":"table_loop","action":"mapping_resolved","tableName":"SPARES_USED","hasMappingEntry":true,"mappingTarget":"SPARES_USED"}
{"timestamp":"2026-03-02T14:15:22.283Z","runId":348,"level":"debug","phase":"mapping_debug","tableName":"SPARES_USED","mappedSource":"SPARES_USED","firebirdTableCount":190,"sampleFirebirdTables":["ACCCLASS","ACCDEPARTMENT","ACCOUNTLINKS","ACCOUNTS","ACCRANGE"]}
{"timestamp":"2026-03-02T14:15:22.388Z","runId":348,"level":"debug","phase":"clean_decision","tableName":"SPARES_USED","cleanBefore":true,"dryRun":false,"mode":"INSERT"}
{"timestamp":"2026-03-02T14:15:22.389Z","runId":348,"type":"table_cleaning_started","table":"SPARES_USED","tableRunId":714}
{"timestamp":"2026-03-02T14:15:22.389Z","runId":348,"level":"info","phase":"clean","tableName":"SPARES_USED","tableRunId":714,"status":"start"}
{"timestamp":"2026-03-02T14:15:22.390Z","runId":348,"level":"debug","phase":"clean","tableName":"SPARES_USED","tableRunId":714,"action":"fk_checks_disabled"}
{"timestamp":"2026-03-02T14:15:22.456Z","runId":348,"level":"info","phase":"clean","tableName":"SPARES_USED","tableRunId":714,"status":"success","method":"TRUNCATE","affectedRows":null,"postCount":0,"durationMs":67}
{"timestamp":"2026-03-02T14:15:22.466Z","runId":348,"type":"table_cleaned","table":"SPARES_USED","tableRunId":714,"method":"TRUNCATE","affectedRows":null,"postCount":0}
{"timestamp":"2026-03-02T14:15:22.468Z","runId":348,"level":"debug","phase":"clean","tableName":"SPARES_USED","tableRunId":714,"action":"fk_checks_restored"}
{"timestamp":"2026-03-02T14:15:22.468Z","runId":348,"level":"info","phase":"table_start","tableName":"SPARES_USED","tableRunId":714,"mode":"INSERT","keyStrategy":"preserve","dedupeKeys":[]}
{"timestamp":"2026-03-02T14:15:22.590Z","runId":348,"level":"info","phase":"fetch","tableName":"SPARES_USED","tableRunId":714,"sourceRows":3093}
{"timestamp":"2026-03-02T14:15:22.791Z","runId":348,"level":"debug","phase":"write","tableName":"SPARES_USED","tableRunId":714,"status":"start","batchSize":1000}
{"timestamp":"2026-03-02T14:15:22.858Z","runId":348,"level":"debug","phase":"write","tableName":"SPARES_USED","tableRunId":714,"status":"end","inserted":998,"updated":0,"skipped":2,"durationMs":67}
{"timestamp":"2026-03-02T14:15:23.061Z","runId":348,"level":"debug","phase":"write","tableName":"SPARES_USED","tableRunId":714,"status":"start","batchSize":1000}
{"timestamp":"2026-03-02T14:15:23.166Z","runId":348,"level":"debug","phase":"write","tableName":"SPARES_USED","tableRunId":714,"status":"end","inserted":999,"updated":0,"skipped":1,"durationMs":105}
{"timestamp":"2026-03-02T14:15:23.326Z","runId":348,"level":"debug","phase":"write","tableName":"SPARES_USED","tableRunId":714,"status":"start","batchSize":1000}
{"timestamp":"2026-03-02T14:15:23.362Z","runId":348,"level":"debug","phase":"write","tableName":"SPARES_USED","tableRunId":714,"status":"end","inserted":998,"updated":0,"skipped":2,"durationMs":36}
{"timestamp":"2026-03-02T14:15:23.490Z","runId":348,"level":"debug","phase":"write","tableName":"SPARES_USED","tableRunId":714,"status":"start","batchSize":93}
{"timestamp":"2026-03-02T14:15:23.502Z","runId":348,"level":"debug","phase":"write","tableName":"SPARES_USED","tableRunId":714,"status":"end","inserted":93,"updated":0,"skipped":0,"durationMs":12}
{"timestamp":"2026-03-02T14:15:23.516Z","runId":348,"level":"info","phase":"table_finalize","tableName":"SPARES_USED","tableRunId":714,"status":"success","inserted":3088,"updated":0,"skipped":5,"errors":0,"durationMs":1042}
{"timestamp":"2026-03-02T14:15:23.517Z","runId":348,"level":"debug","phase":"table_loop","action":"processing","tableName":"CREDIT_NOTES","mappingTableKeys":["CNOTE","STOCK","PRICING","ACCCLASS","ACCOUNTS"]}
{"timestamp":"2026-03-02T14:15:23.517Z","runId":348,"level":"debug","phase":"table_loop","action":"mapping_resolved","tableName":"CREDIT_NOTES","hasMappingEntry":true,"mappingTarget":"CREDIT_NOTES"}
{"timestamp":"2026-03-02T14:15:23.517Z","runId":348,"level":"debug","phase":"mapping_debug","tableName":"CREDIT_NOTES","mappedSource":"CNOTE","firebirdTableCount":190,"sampleFirebirdTables":["ACCCLASS","ACCDEPARTMENT","ACCOUNTLINKS","ACCOUNTS","ACCRANGE"]}
{"timestamp":"2026-03-02T14:15:23.609Z","runId":348,"level":"debug","phase":"clean_decision","tableName":"CREDIT_NOTES","cleanBefore":true,"dryRun":false,"mode":"INSERT"}
{"timestamp":"2026-03-02T14:15:23.609Z","runId":348,"type":"table_cleaning_started","table":"CREDIT_NOTES","tableRunId":715}
{"timestamp":"2026-03-02T14:15:23.609Z","runId":348,"level":"info","phase":"clean","tableName":"CREDIT_NOTES","tableRunId":715,"status":"start"}
{"timestamp":"2026-03-02T14:15:23.610Z","runId":348,"level":"debug","phase":"clean","tableName":"CREDIT_NOTES","tableRunId":715,"action":"fk_checks_disabled"}
{"timestamp":"2026-03-02T14:15:23.659Z","runId":348,"level":"info","phase":"clean","tableName":"CREDIT_NOTES","tableRunId":715,"status":"success","method":"TRUNCATE","affectedRows":null,"postCount":0,"durationMs":50}
{"timestamp":"2026-03-02T14:15:23.665Z","runId":348,"type":"table_cleaned","table":"CREDIT_NOTES","tableRunId":715,"method":"TRUNCATE","affectedRows":null,"postCount":0}
{"timestamp":"2026-03-02T14:15:23.666Z","runId":348,"level":"debug","phase":"clean","tableName":"CREDIT_NOTES","tableRunId":715,"action":"fk_checks_restored"}
{"timestamp":"2026-03-02T14:15:23.666Z","runId":348,"level":"info","phase":"table_start","tableName":"CREDIT_NOTES","tableRunId":715,"mode":"INSERT","keyStrategy":"preserve","dedupeKeys":[]}
{"timestamp":"2026-03-02T14:15:23.761Z","runId":348,"level":"info","phase":"fetch","tableName":"CREDIT_NOTES","tableRunId":715,"sourceRows":6}
{"timestamp":"2026-03-02T14:15:23.849Z","runId":348,"level":"debug","phase":"write","tableName":"CREDIT_NOTES","tableRunId":715,"status":"start","batchSize":6}
{"timestamp":"2026-03-02T14:15:23.856Z","runId":348,"level":"debug","phase":"write","tableName":"CREDIT_NOTES","tableRunId":715,"status":"end","inserted":6,"updated":0,"skipped":0,"durationMs":7}
{"timestamp":"2026-03-02T14:15:23.876Z","runId":348,"level":"info","phase":"table_finalize","tableName":"CREDIT_NOTES","tableRunId":715,"status":"success","inserted":6,"updated":0,"skipped":0,"errors":0,"durationMs":200}
{"timestamp":"2026-03-02T14:15:23.877Z","runId":348,"level":"debug","phase":"table_loop","action":"processing","tableName":"INVOICE_ITEMS","mappingTableKeys":["CNOTE","STOCK","PRICING","ACCCLASS","ACCOUNTS"]}
{"timestamp":"2026-03-02T14:15:23.877Z","runId":348,"level":"debug","phase":"table_loop","action":"mapping_resolved","tableName":"INVOICE_ITEMS","hasMappingEntry":true,"mappingTarget":"INVOICE_ITEMS"}
{"timestamp":"2026-03-02T14:15:23.877Z","runId":348,"level":"debug","phase":"mapping_debug","tableName":"INVOICE_ITEMS","mappedSource":"INVTOTAL","firebirdTableCount":190,"sampleFirebirdTables":["ACCCLASS","ACCDEPARTMENT","ACCOUNTLINKS","ACCOUNTS","ACCRANGE"]}
{"timestamp":"2026-03-02T14:15:24.774Z","runId":348,"level":"debug","phase":"clean_decision","tableName":"INVOICE_ITEMS","cleanBefore":true,"dryRun":false,"mode":"INSERT"}
{"timestamp":"2026-03-02T14:15:24.774Z","runId":348,"type":"table_cleaning_started","table":"INVOICE_ITEMS","tableRunId":716}
{"timestamp":"2026-03-02T14:15:24.774Z","runId":348,"level":"info","phase":"clean","tableName":"INVOICE_ITEMS","tableRunId":716,"status":"start"}
{"timestamp":"2026-03-02T14:15:24.775Z","runId":348,"level":"debug","phase":"clean","tableName":"INVOICE_ITEMS","tableRunId":716,"action":"fk_checks_disabled"}
{"timestamp":"2026-03-02T14:15:24.820Z","runId":348,"level":"info","phase":"clean","tableName":"INVOICE_ITEMS","tableRunId":716,"status":"success","method":"TRUNCATE","affectedRows":null,"postCount":0,"durationMs":46}
{"timestamp":"2026-03-02T14:15:24.826Z","runId":348,"type":"table_cleaned","table":"INVOICE_ITEMS","tableRunId":716,"method":"TRUNCATE","affectedRows":null,"postCount":0}
{"timestamp":"2026-03-02T14:15:24.827Z","runId":348,"level":"debug","phase":"clean","tableName":"INVOICE_ITEMS","tableRunId":716,"action":"fk_checks_restored"}
{"timestamp":"2026-03-02T14:15:24.827Z","runId":348,"level":"info","phase":"table_start","tableName":"INVOICE_ITEMS","tableRunId":716,"mode":"INSERT","keyStrategy":"preserve","dedupeKeys":[]}
{"timestamp":"2026-03-02T14:15:24.909Z","runId":348,"level":"info","phase":"fetch","tableName":"INVOICE_ITEMS","tableRunId":716,"sourceRows":2239}
{"timestamp":"2026-03-02T14:15:25.068Z","runId":348,"level":"debug","phase":"write","tableName":"INVOICE_ITEMS","tableRunId":716,"status":"start","batchSize":1000}
{"timestamp":"2026-03-02T14:15:25.113Z","runId":348,"level":"debug","phase":"write","tableName":"INVOICE_ITEMS","tableRunId":716,"status":"end","inserted":1000,"updated":0,"skipped":0,"durationMs":45}
{"timestamp":"2026-03-02T14:15:25.284Z","runId":348,"level":"debug","phase":"write","tableName":"INVOICE_ITEMS","tableRunId":716,"status":"start","batchSize":1000}
{"timestamp":"2026-03-02T14:15:25.340Z","runId":348,"level":"debug","phase":"write","tableName":"INVOICE_ITEMS","tableRunId":716,"status":"end","inserted":1000,"updated":0,"skipped":0,"durationMs":56}
{"timestamp":"2026-03-02T14:15:25.478Z","runId":348,"level":"debug","phase":"write","tableName":"INVOICE_ITEMS","tableRunId":716,"status":"start","batchSize":239}
{"timestamp":"2026-03-02T14:15:25.497Z","runId":348,"level":"debug","phase":"write","tableName":"INVOICE_ITEMS","tableRunId":716,"status":"end","inserted":239,"updated":0,"skipped":0,"durationMs":19}
{"timestamp":"2026-03-02T14:15:25.512Z","runId":348,"level":"info","phase":"table_finalize","tableName":"INVOICE_ITEMS","tableRunId":716,"status":"success","inserted":2239,"updated":0,"skipped":0,"errors":0,"durationMs":678}
{"timestamp":"2026-03-02T14:15:25.512Z","runId":348,"level":"debug","phase":"table_loop","action":"processing","tableName":"ACC_DEPARTMENT","mappingTableKeys":["CNOTE","STOCK","PRICING","ACCCLASS","ACCOUNTS"]}
{"timestamp":"2026-03-02T14:15:25.512Z","runId":348,"level":"debug","phase":"table_loop","action":"mapping_resolved","tableName":"ACC_DEPARTMENT","hasMappingEntry":true,"mappingTarget":"ACC_DEPARTMENT"}
{"timestamp":"2026-03-02T14:15:25.512Z","runId":348,"level":"debug","phase":"mapping_debug","tableName":"ACC_DEPARTMENT","mappedSource":"ACCDEPARTMENT","firebirdTableCount":190,"sampleFirebirdTables":["ACCCLASS","ACCDEPARTMENT","ACCOUNTLINKS","ACCOUNTS","ACCRANGE"]}
{"timestamp":"2026-03-02T14:15:25.584Z","runId":348,"level":"debug","phase":"clean_decision","tableName":"ACC_DEPARTMENT","cleanBefore":true,"dryRun":false,"mode":"INSERT"}
{"timestamp":"2026-03-02T14:15:25.585Z","runId":348,"type":"table_cleaning_started","table":"ACC_DEPARTMENT","tableRunId":717}
{"timestamp":"2026-03-02T14:15:25.585Z","runId":348,"level":"info","phase":"clean","tableName":"ACC_DEPARTMENT","tableRunId":717,"status":"start"}
{"timestamp":"2026-03-02T14:15:25.585Z","runId":348,"level":"debug","phase":"clean","tableName":"ACC_DEPARTMENT","tableRunId":717,"action":"fk_checks_disabled"}
{"timestamp":"2026-03-02T14:15:25.611Z","runId":348,"level":"info","phase":"clean","tableName":"ACC_DEPARTMENT","tableRunId":717,"status":"success","method":"TRUNCATE","affectedRows":null,"postCount":0,"durationMs":26}
{"timestamp":"2026-03-02T14:15:25.617Z","runId":348,"type":"table_cleaned","table":"ACC_DEPARTMENT","tableRunId":717,"method":"TRUNCATE","affectedRows":null,"postCount":0}
{"timestamp":"2026-03-02T14:15:25.617Z","runId":348,"level":"debug","phase":"clean","tableName":"ACC_DEPARTMENT","tableRunId":717,"action":"fk_checks_restored"}
{"timestamp":"2026-03-02T14:15:25.617Z","runId":348,"level":"info","phase":"table_start","tableName":"ACC_DEPARTMENT","tableRunId":717,"mode":"INSERT","keyStrategy":"preserve","dedupeKeys":[]}
{"timestamp":"2026-03-02T14:15:25.710Z","runId":348,"level":"info","phase":"fetch","tableName":"ACC_DEPARTMENT","tableRunId":717,"sourceRows":8}
{"timestamp":"2026-03-02T14:15:25.788Z","runId":348,"level":"debug","phase":"write","tableName":"ACC_DEPARTMENT","tableRunId":717,"status":"start","batchSize":8}
{"timestamp":"2026-03-02T14:15:25.793Z","runId":348,"level":"debug","phase":"write","tableName":"ACC_DEPARTMENT","tableRunId":717,"status":"end","inserted":8,"updated":0,"skipped":0,"durationMs":5}
{"timestamp":"2026-03-02T14:15:25.813Z","runId":348,"level":"info","phase":"table_finalize","tableName":"ACC_DEPARTMENT","tableRunId":717,"status":"success","inserted":8,"updated":0,"skipped":0,"errors":0,"durationMs":187}
{"timestamp":"2026-03-02T14:15:25.814Z","runId":348,"level":"debug","phase":"table_loop","action":"processing","tableName":"LABOUR_PRICING","mappingTableKeys":["CNOTE","STOCK","PRICING","ACCCLASS","ACCOUNTS"]}
{"timestamp":"2026-03-02T14:15:25.814Z","runId":348,"level":"debug","phase":"table_loop","action":"mapping_resolved","tableName":"LABOUR_PRICING","hasMappingEntry":true,"mappingTarget":"LABOUR_PRICING"}
{"timestamp":"2026-03-02T14:15:25.814Z","runId":348,"level":"debug","phase":"mapping_debug","tableName":"LABOUR_PRICING","mappedSource":"PRICING","firebirdTableCount":190,"sampleFirebirdTables":["ACCCLASS","ACCDEPARTMENT","ACCOUNTLINKS","ACCOUNTS","ACCRANGE"]}
{"timestamp":"2026-03-02T14:15:25.893Z","runId":348,"level":"debug","phase":"clean_decision","tableName":"LABOUR_PRICING","cleanBefore":true,"dryRun":false,"mode":"INSERT"}
{"timestamp":"2026-03-02T14:15:25.893Z","runId":348,"type":"table_cleaning_started","table":"LABOUR_PRICING","tableRunId":718}
{"timestamp":"2026-03-02T14:15:25.893Z","runId":348,"level":"info","phase":"clean","tableName":"LABOUR_PRICING","tableRunId":718,"status":"start"}
{"timestamp":"2026-03-02T14:15:25.894Z","runId":348,"level":"debug","phase":"clean","tableName":"LABOUR_PRICING","tableRunId":718,"action":"fk_checks_disabled"}
{"timestamp":"2026-03-02T14:15:25.921Z","runId":348,"level":"info","phase":"clean","tableName":"LABOUR_PRICING","tableRunId":718,"status":"success","method":"TRUNCATE","affectedRows":null,"postCount":0,"durationMs":27}
{"timestamp":"2026-03-02T14:15:25.926Z","runId":348,"type":"table_cleaned","table":"LABOUR_PRICING","tableRunId":718,"method":"TRUNCATE","affectedRows":null,"postCount":0}
{"timestamp":"2026-03-02T14:15:25.927Z","runId":348,"level":"debug","phase":"clean","tableName":"LABOUR_PRICING","tableRunId":718,"action":"fk_checks_restored"}
{"timestamp":"2026-03-02T14:15:25.927Z","runId":348,"level":"info","phase":"table_start","tableName":"LABOUR_PRICING","tableRunId":718,"mode":"INSERT","keyStrategy":"preserve","dedupeKeys":[]}
{"timestamp":"2026-03-02T14:15:26.004Z","runId":348,"level":"info","phase":"fetch","tableName":"LABOUR_PRICING","tableRunId":718,"sourceRows":2899}
{"timestamp":"2026-03-02T14:15:26.116Z","runId":348,"level":"debug","phase":"write","tableName":"LABOUR_PRICING","tableRunId":718,"status":"start","batchSize":1000}
{"timestamp":"2026-03-02T14:15:26.142Z","runId":348,"level":"debug","phase":"write","tableName":"LABOUR_PRICING","tableRunId":718,"status":"end","inserted":1000,"updated":0,"skipped":0,"durationMs":26}
{"timestamp":"2026-03-02T14:15:26.951Z","runId":348,"level":"debug","phase":"write","tableName":"LABOUR_PRICING","tableRunId":718,"status":"start","batchSize":1000}
{"timestamp":"2026-03-02T14:15:26.986Z","runId":348,"level":"debug","phase":"write","tableName":"LABOUR_PRICING","tableRunId":718,"status":"end","inserted":1000,"updated":0,"skipped":0,"durationMs":35}
{"timestamp":"2026-03-02T14:15:27.106Z","runId":348,"level":"debug","phase":"write","tableName":"LABOUR_PRICING","tableRunId":718,"status":"start","batchSize":899}
{"timestamp":"2026-03-02T14:15:27.128Z","runId":348,"level":"debug","phase":"write","tableName":"LABOUR_PRICING","tableRunId":718,"status":"end","inserted":899,"updated":0,"skipped":0,"durationMs":22}
{"timestamp":"2026-03-02T14:15:27.143Z","runId":348,"level":"info","phase":"table_finalize","tableName":"LABOUR_PRICING","tableRunId":718,"status":"success","inserted":2899,"updated":0,"skipped":0,"errors":0,"durationMs":1209}
{"timestamp":"2026-03-02T14:15:27.143Z","runId":348,"level":"debug","phase":"table_loop","action":"processing","tableName":"INVOICE_GENERAL","mappingTableKeys":["CNOTE","STOCK","PRICING","ACCCLASS","ACCOUNTS"]}
{"timestamp":"2026-03-02T14:15:27.143Z","runId":348,"level":"debug","phase":"table_loop","action":"mapping_resolved","tableName":"INVOICE_GENERAL","hasMappingEntry":true,"mappingTarget":"INVOICE_GENERAL"}
{"timestamp":"2026-03-02T14:15:27.143Z","runId":348,"level":"debug","phase":"mapping_debug","tableName":"INVOICE_GENERAL","mappedSource":"INVOICEGENERAL","firebirdTableCount":190,"sampleFirebirdTables":["ACCCLASS","ACCDEPARTMENT","ACCOUNTLINKS","ACCOUNTS","ACCRANGE"]}
{"timestamp":"2026-03-02T14:15:27.236Z","runId":348,"level":"debug","phase":"clean_decision","tableName":"INVOICE_GENERAL","cleanBefore":true,"dryRun":false,"mode":"INSERT"}
{"timestamp":"2026-03-02T14:15:27.236Z","runId":348,"type":"table_cleaning_started","table":"INVOICE_GENERAL","tableRunId":719}
{"timestamp":"2026-03-02T14:15:27.237Z","runId":348,"level":"info","phase":"clean","tableName":"INVOICE_GENERAL","tableRunId":719,"status":"start"}
{"timestamp":"2026-03-02T14:15:27.237Z","runId":348,"level":"debug","phase":"clean","tableName":"INVOICE_GENERAL","tableRunId":719,"action":"fk_checks_disabled"}
{"timestamp":"2026-03-02T14:15:27.264Z","runId":348,"level":"info","phase":"clean","tableName":"INVOICE_GENERAL","tableRunId":719,"status":"success","method":"TRUNCATE","affectedRows":null,"postCount":0,"durationMs":27}
{"timestamp":"2026-03-02T14:15:27.271Z","runId":348,"type":"table_cleaned","table":"INVOICE_GENERAL","tableRunId":719,"method":"TRUNCATE","affectedRows":null,"postCount":0}
{"timestamp":"2026-03-02T14:15:27.272Z","runId":348,"level":"debug","phase":"clean","tableName":"INVOICE_GENERAL","tableRunId":719,"action":"fk_checks_restored"}
{"timestamp":"2026-03-02T14:15:27.272Z","runId":348,"level":"info","phase":"table_start","tableName":"INVOICE_GENERAL","tableRunId":719,"mode":"INSERT","keyStrategy":"preserve","dedupeKeys":[]}
{"timestamp":"2026-03-02T14:15:27.359Z","runId":348,"level":"info","phase":"fetch","tableName":"INVOICE_GENERAL","tableRunId":719,"sourceRows":0}
{"timestamp":"2026-03-02T14:15:27.368Z","runId":348,"level":"info","phase":"table_finalize","tableName":"INVOICE_GENERAL","tableRunId":719,"status":"success","inserted":0,"updated":0,"skipped":0,"errors":0,"durationMs":87}
{"timestamp":"2026-03-02T14:15:27.369Z","runId":348,"level":"debug","phase":"table_loop","action":"processing","tableName":"JOB_INFORMATION","mappingTableKeys":["CNOTE","STOCK","PRICING","ACCCLASS","ACCOUNTS"]}
{"timestamp":"2026-03-02T14:15:27.369Z","runId":348,"level":"debug","phase":"table_loop","action":"mapping_resolved","tableName":"JOB_INFORMATION","hasMappingEntry":true,"mappingTarget":"JOB_INFORMATION"}
{"timestamp":"2026-03-02T14:15:27.369Z","runId":348,"level":"debug","phase":"mapping_debug","tableName":"JOB_INFORMATION","mappedSource":"JOB_INFORMATION","firebirdTableCount":190,"sampleFirebirdTables":["ACCCLASS","ACCDEPARTMENT","ACCOUNTLINKS","ACCOUNTS","ACCRANGE"]}
{"timestamp":"2026-03-02T14:15:27.459Z","runId":348,"level":"debug","phase":"clean_decision","tableName":"JOB_INFORMATION","cleanBefore":true,"dryRun":false,"mode":"INSERT"}
{"timestamp":"2026-03-02T14:15:27.459Z","runId":348,"type":"table_cleaning_started","table":"JOB_INFORMATION","tableRunId":720}
{"timestamp":"2026-03-02T14:15:27.459Z","runId":348,"level":"info","phase":"clean","tableName":"JOB_INFORMATION","tableRunId":720,"status":"start"}
{"timestamp":"2026-03-02T14:15:27.460Z","runId":348,"level":"debug","phase":"clean","tableName":"JOB_INFORMATION","tableRunId":720,"action":"fk_checks_disabled"}
{"timestamp":"2026-03-02T14:15:27.515Z","runId":348,"level":"info","phase":"clean","tableName":"JOB_INFORMATION","tableRunId":720,"status":"success","method":"TRUNCATE","affectedRows":null,"postCount":0,"durationMs":56}
{"timestamp":"2026-03-02T14:15:27.524Z","runId":348,"type":"table_cleaned","table":"JOB_INFORMATION","tableRunId":720,"method":"TRUNCATE","affectedRows":null,"postCount":0}
{"timestamp":"2026-03-02T14:15:27.525Z","runId":348,"level":"debug","phase":"clean","tableName":"JOB_INFORMATION","tableRunId":720,"action":"fk_checks_restored"}
{"timestamp":"2026-03-02T14:15:27.525Z","runId":348,"level":"info","phase":"table_start","tableName":"JOB_INFORMATION","tableRunId":720,"mode":"INSERT","keyStrategy":"preserve","dedupeKeys":[]}
{"timestamp":"2026-03-02T14:15:27.613Z","runId":348,"level":"info","phase":"fetch","tableName":"JOB_INFORMATION","tableRunId":720,"sourceRows":728}
{"timestamp":"2026-03-02T14:15:27.758Z","runId":348,"level":"debug","phase":"write","tableName":"JOB_INFORMATION","tableRunId":720,"status":"start","batchSize":728}
{"timestamp":"2026-03-02T14:15:27.820Z","runId":348,"level":"debug","phase":"write","tableName":"JOB_INFORMATION","tableRunId":720,"status":"end","inserted":728,"updated":0,"skipped":0,"durationMs":62}
{"timestamp":"2026-03-02T14:15:27.832Z","runId":348,"level":"info","phase":"table_finalize","tableName":"JOB_INFORMATION","tableRunId":720,"status":"success","inserted":728,"updated":0,"skipped":0,"errors":0,"durationMs":301}
{"timestamp":"2026-03-02T14:15:27.832Z","runId":348,"level":"debug","phase":"table_loop","action":"processing","tableName":"INVOICES_SUPPLIER","mappingTableKeys":["CNOTE","STOCK","PRICING","ACCCLASS","ACCOUNTS"]}
{"timestamp":"2026-03-02T14:15:27.832Z","runId":348,"level":"debug","phase":"table_loop","action":"mapping_resolved","tableName":"INVOICES_SUPPLIER","hasMappingEntry":true,"mappingTarget":"INVOICES_SUPPLIER"}
{"timestamp":"2026-03-02T14:15:27.832Z","runId":348,"level":"debug","phase":"mapping_debug","tableName":"INVOICES_SUPPLIER","mappedSource":"INVOICESUPPLIER","firebirdTableCount":190,"sampleFirebirdTables":["ACCCLASS","ACCDEPARTMENT","ACCOUNTLINKS","ACCOUNTS","ACCRANGE"]}
{"timestamp":"2026-03-02T14:15:27.908Z","runId":348,"level":"debug","phase":"clean_decision","tableName":"INVOICES_SUPPLIER","cleanBefore":true,"dryRun":false,"mode":"INSERT"}
{"timestamp":"2026-03-02T14:15:27.908Z","runId":348,"type":"table_cleaning_started","table":"INVOICES_SUPPLIER","tableRunId":721}
{"timestamp":"2026-03-02T14:15:27.909Z","runId":348,"level":"info","phase":"clean","tableName":"INVOICES_SUPPLIER","tableRunId":721,"status":"start"}
{"timestamp":"2026-03-02T14:15:27.910Z","runId":348,"level":"debug","phase":"clean","tableName":"INVOICES_SUPPLIER","tableRunId":721,"action":"fk_checks_disabled"}
{"timestamp":"2026-03-02T14:15:27.954Z","runId":348,"level":"info","phase":"clean","tableName":"INVOICES_SUPPLIER","tableRunId":721,"status":"success","method":"TRUNCATE","affectedRows":null,"postCount":0,"durationMs":45}
{"timestamp":"2026-03-02T14:15:27.960Z","runId":348,"type":"table_cleaned","table":"INVOICES_SUPPLIER","tableRunId":721,"method":"TRUNCATE","affectedRows":null,"postCount":0}
{"timestamp":"2026-03-02T14:15:27.961Z","runId":348,"level":"debug","phase":"clean","tableName":"INVOICES_SUPPLIER","tableRunId":721,"action":"fk_checks_restored"}
{"timestamp":"2026-03-02T14:15:27.961Z","runId":348,"level":"info","phase":"table_start","tableName":"INVOICES_SUPPLIER","tableRunId":721,"mode":"INSERT","keyStrategy":"preserve","dedupeKeys":[]}
{"timestamp":"2026-03-02T14:15:28.060Z","runId":348,"level":"info","phase":"fetch","tableName":"INVOICES_SUPPLIER","tableRunId":721,"sourceRows":1219}
{"timestamp":"2026-03-02T14:15:28.172Z","runId":348,"level":"debug","phase":"write","tableName":"INVOICES_SUPPLIER","tableRunId":721,"status":"start","batchSize":1000}
{"timestamp":"2026-03-02T14:15:28.217Z","runId":348,"level":"debug","phase":"write","tableName":"INVOICES_SUPPLIER","tableRunId":721,"status":"end","inserted":1000,"updated":0,"skipped":0,"durationMs":45}
{"timestamp":"2026-03-02T14:15:28.322Z","runId":348,"level":"debug","phase":"write","tableName":"INVOICES_SUPPLIER","tableRunId":721,"status":"start","batchSize":219}
{"timestamp":"2026-03-02T14:15:28.333Z","runId":348,"level":"debug","phase":"write","tableName":"INVOICES_SUPPLIER","tableRunId":721,"status":"end","inserted":219,"updated":0,"skipped":0,"durationMs":11}
{"timestamp":"2026-03-02T14:15:28.344Z","runId":348,"level":"info","phase":"table_finalize","tableName":"INVOICES_SUPPLIER","tableRunId":721,"status":"success","inserted":1219,"updated":0,"skipped":0,"errors":0,"durationMs":378}
{"timestamp":"2026-03-02T14:15:28.344Z","runId":348,"level":"debug","phase":"table_loop","action":"processing","tableName":"PAYMENTS_SUPPLIERS","mappingTableKeys":["CNOTE","STOCK","PRICING","ACCCLASS","ACCOUNTS"]}
{"timestamp":"2026-03-02T14:15:28.344Z","runId":348,"level":"debug","phase":"table_loop","action":"mapping_resolved","tableName":"PAYMENTS_SUPPLIERS","hasMappingEntry":true,"mappingTarget":"PAYMENTS_SUPPLIERS"}
{"timestamp":"2026-03-02T14:15:28.344Z","runId":348,"level":"debug","phase":"mapping_debug","tableName":"PAYMENTS_SUPPLIERS","mappedSource":"PAYMENTSSUPP","firebirdTableCount":190,"sampleFirebirdTables":["ACCCLASS","ACCDEPARTMENT","ACCOUNTLINKS","ACCOUNTS","ACCRANGE"]}
{"timestamp":"2026-03-02T14:15:28.425Z","runId":348,"level":"debug","phase":"clean_decision","tableName":"PAYMENTS_SUPPLIERS","cleanBefore":true,"dryRun":false,"mode":"INSERT"}
{"timestamp":"2026-03-02T14:15:28.425Z","runId":348,"type":"table_cleaning_started","table":"PAYMENTS_SUPPLIERS","tableRunId":722}
{"timestamp":"2026-03-02T14:15:28.426Z","runId":348,"level":"info","phase":"clean","tableName":"PAYMENTS_SUPPLIERS","tableRunId":722,"status":"start"}
{"timestamp":"2026-03-02T14:15:28.427Z","runId":348,"level":"debug","phase":"clean","tableName":"PAYMENTS_SUPPLIERS","tableRunId":722,"action":"fk_checks_disabled"}
{"timestamp":"2026-03-02T14:15:28.476Z","runId":348,"level":"info","phase":"clean","tableName":"PAYMENTS_SUPPLIERS","tableRunId":722,"status":"success","method":"TRUNCATE","affectedRows":null,"postCount":0,"durationMs":50}
{"timestamp":"2026-03-02T14:15:28.484Z","runId":348,"type":"table_cleaned","table":"PAYMENTS_SUPPLIERS","tableRunId":722,"method":"TRUNCATE","affectedRows":null,"postCount":0}
{"timestamp":"2026-03-02T14:15:28.485Z","runId":348,"level":"debug","phase":"clean","tableName":"PAYMENTS_SUPPLIERS","tableRunId":722,"action":"fk_checks_restored"}
{"timestamp":"2026-03-02T14:15:28.486Z","runId":348,"level":"info","phase":"table_start","tableName":"PAYMENTS_SUPPLIERS","tableRunId":722,"mode":"INSERT","keyStrategy":"preserve","dedupeKeys":[]}
{"timestamp":"2026-03-02T14:15:28.572Z","runId":348,"level":"info","phase":"fetch","tableName":"PAYMENTS_SUPPLIERS","tableRunId":722,"sourceRows":0}
{"timestamp":"2026-03-02T14:15:28.581Z","runId":348,"level":"info","phase":"table_finalize","tableName":"PAYMENTS_SUPPLIERS","tableRunId":722,"status":"success","inserted":0,"updated":0,"skipped":0,"errors":0,"durationMs":87}
{"timestamp":"2026-03-02T14:15:28.582Z","runId":348,"level":"debug","phase":"table_loop","action":"processing","tableName":"CREDIT_NOTES_SUPPLIER","mappingTableKeys":["CNOTE","STOCK","PRICING","ACCCLASS","ACCOUNTS"]}
{"timestamp":"2026-03-02T14:15:28.582Z","runId":348,"level":"debug","phase":"table_loop","action":"mapping_resolved","tableName":"CREDIT_NOTES_SUPPLIER","hasMappingEntry":true,"mappingTarget":"CREDIT_NOTES_SUPPLIER"}
{"timestamp":"2026-03-02T14:15:28.582Z","runId":348,"level":"debug","phase":"mapping_debug","tableName":"CREDIT_NOTES_SUPPLIER","mappedSource":"CNOTESUPP","firebirdTableCount":190,"sampleFirebirdTables":["ACCCLASS","ACCDEPARTMENT","ACCOUNTLINKS","ACCOUNTS","ACCRANGE"]}
{"timestamp":"2026-03-02T14:15:29.281Z","runId":348,"level":"debug","phase":"clean_decision","tableName":"CREDIT_NOTES_SUPPLIER","cleanBefore":true,"dryRun":false,"mode":"INSERT"}
{"timestamp":"2026-03-02T14:15:29.281Z","runId":348,"type":"table_cleaning_started","table":"CREDIT_NOTES_SUPPLIER","tableRunId":723}
{"timestamp":"2026-03-02T14:15:29.281Z","runId":348,"level":"info","phase":"clean","tableName":"CREDIT_NOTES_SUPPLIER","tableRunId":723,"status":"start"}
{"timestamp":"2026-03-02T14:15:29.282Z","runId":348,"level":"debug","phase":"clean","tableName":"CREDIT_NOTES_SUPPLIER","tableRunId":723,"action":"fk_checks_disabled"}
{"timestamp":"2026-03-02T14:15:29.319Z","runId":348,"level":"info","phase":"clean","tableName":"CREDIT_NOTES_SUPPLIER","tableRunId":723,"status":"success","method":"TRUNCATE","affectedRows":null,"postCount":0,"durationMs":37}
{"timestamp":"2026-03-02T14:15:29.327Z","runId":348,"type":"table_cleaned","table":"CREDIT_NOTES_SUPPLIER","tableRunId":723,"method":"TRUNCATE","affectedRows":null,"postCount":0}
{"timestamp":"2026-03-02T14:15:29.328Z","runId":348,"level":"debug","phase":"clean","tableName":"CREDIT_NOTES_SUPPLIER","tableRunId":723,"action":"fk_checks_restored"}
{"timestamp":"2026-03-02T14:15:29.328Z","runId":348,"level":"info","phase":"table_start","tableName":"CREDIT_NOTES_SUPPLIER","tableRunId":723,"mode":"INSERT","keyStrategy":"preserve","dedupeKeys":[]}
{"timestamp":"2026-03-02T14:15:29.428Z","runId":348,"level":"info","phase":"fetch","tableName":"CREDIT_NOTES_SUPPLIER","tableRunId":723,"sourceRows":0}
{"timestamp":"2026-03-02T14:15:29.439Z","runId":348,"level":"info","phase":"table_finalize","tableName":"CREDIT_NOTES_SUPPLIER","tableRunId":723,"status":"success","inserted":0,"updated":0,"skipped":0,"errors":0,"durationMs":101}
{"timestamp":"2026-03-02T14:15:29.439Z","runId":348,"level":"info","phase":"post_migration_gl_validation","status":"start"}
{"timestamp":"2026-03-02T14:15:29.472Z","runId":348,"level":"info","phase":"post_migration_gl_validation","check":"E","name":"GL Account Types Canonical","passed":true,"errorCount":0,"errors":[]}
{"timestamp":"2026-03-02T14:15:29.473Z","runId":348,"level":"info","phase":"post_migration_gl_validation","check":"F","name":"All Accounts Typed","passed":true,"errorCount":0,"errors":[]}
{"timestamp":"2026-03-02T14:15:29.473Z","runId":348,"level":"warn","phase":"post_migration_gl_validation","check":"A","name":"Account Type Mismatches","passed":false,"errorCount":1,"errors":[{"accnr":6200,"name":"INTERNAL PARTS REVENUE","actual_type_id":1,"actual_type_code":"INCOME","source_accclass":6,"expected_type_id":6,"message":"Account 6200 (INTERNAL PARTS REVENUE): type_id=1 but ACCCLASS=6 → expected type_id=6"}]}
{"timestamp":"2026-03-02T14:15:29.474Z","runId":348,"level":"info","phase":"post_migration_gl_validation","check":"B","name":"Posting Line Type Alignment","passed":true,"errorCount":0,"errors":[]}
{"timestamp":"2026-03-02T14:15:29.474Z","runId":348,"level":"info","phase":"post_migration_gl_validation","check":"C","name":"Orphan / Invalid Postings","passed":true,"errorCount":0,"errors":[]}
{"timestamp":"2026-03-02T14:15:29.474Z","runId":348,"level":"info","phase":"post_migration_gl_validation","check":"D","name":"COS Integrity","passed":true,"errorCount":0,"errors":[]}
{"timestamp":"2026-03-02T14:15:29.474Z","runId":348,"level":"error","phase":"post_migration_gl_validation","status":"failed","message":"GL validation failed:\n  • [A] Account Type Mismatches: 1 error(s)"}
