{"timestamp":"2026-03-02T15:14:22.515Z","runId":349,"level":"info","phase":"run_start","dryRun":false,"batchSize":1000,"fkChecks":true,"tables":[{"table":"LOCATION","mode":"INSERT","keyStrategy":"preserve","dedupeKeys":[],"onDuplicate":"SKIP","cleanBefore":true},{"table":"WIP_STATUS","mode":"INSERT","keyStrategy":"preserve","dedupeKeys":[],"onDuplicate":"SKIP","cleanBefore":true}]}
{"timestamp":"2026-03-02T15:14:22.516Z","runId":349,"level":"info","phase":"preflight","action":"firebird_config_check","host":"localhost","port":3050,"database":"C:\\Autoneer\\data\\AUTONEER.FDB","user":"SYSDBA","passwordSet":true,"passwordLength":9,"passwordSource":"state","useDefaultSysdbaMasterkey":true,"rawPasswordSet":true,"rawPasswordLength":9}
{"timestamp":"2026-03-02T15:14:23.281Z","runId":349,"level":"info","phase":"preflight","attempt":1,"status":"ok"}
{"timestamp":"2026-03-02T15:14:23.282Z","runId":349,"level":"debug","phase":"preflight","durationMs":766}
{"timestamp":"2026-03-02T15:14:23.282Z","runId":349,"level":"info","phase":"preflight","action":"nullability_validation","status":"start"}
{"timestamp":"2026-03-02T15:14:23.286Z","runId":349,"level":"info","phase":"preflight","action":"nullability_validation","status":"passed"}
{"timestamp":"2026-03-02T15:14:23.286Z","runId":349,"level":"info","phase":"preflight","action":"gl_account_types_seed","status":"start"}
{"timestamp":"2026-03-02T15:14:23.291Z","runId":349,"level":"info","phase":"preflight","action":"gl_account_types_seed","status":"passed"}
{"timestamp":"2026-03-02T15:14:23.352Z","runId":349,"level":"debug","phase":"table_loop","action":"starting","includedCount":2,"mappingTableCount":2}
{"timestamp":"2026-03-02T15:14:23.352Z","runId":349,"level":"info","phase":"table_loop","action":"normalized_tables","sampleTables":["LOCATION","WIP_STATUS"]}
{"timestamp":"2026-03-02T15:14:23.353Z","runId":349,"level":"debug","phase":"table_loop","action":"processing","tableName":"LOCATION","mappingTableKeys":["LOCATION","WIPSTATUS"]}
{"timestamp":"2026-03-02T15:14:23.353Z","runId":349,"level":"debug","phase":"table_loop","action":"mapping_resolved","tableName":"LOCATION","hasMappingEntry":true,"mappingTarget":"LOCATION"}
{"timestamp":"2026-03-02T15:14:23.353Z","runId":349,"level":"debug","phase":"mapping_debug","tableName":"LOCATION","mappedSource":"LOCATION","firebirdTableCount":190,"sampleFirebirdTables":["ACCCLASS","ACCDEPARTMENT","ACCOUNTLINKS","ACCOUNTS","ACCRANGE"]}
{"timestamp":"2026-03-02T15:14:23.433Z","runId":349,"level":"debug","phase":"clean_decision","tableName":"LOCATION","cleanBefore":true,"dryRun":false,"mode":"INSERT"}
{"timestamp":"2026-03-02T15:14:23.434Z","runId":349,"type":"table_cleaning_started","table":"LOCATION","tableRunId":724}
{"timestamp":"2026-03-02T15:14:23.434Z","runId":349,"level":"info","phase":"clean","tableName":"LOCATION","tableRunId":724,"status":"start"}
{"timestamp":"2026-03-02T15:14:23.435Z","runId":349,"level":"debug","phase":"clean","tableName":"LOCATION","tableRunId":724,"action":"fk_checks_disabled"}
{"timestamp":"2026-03-02T15:14:23.461Z","runId":349,"level":"info","phase":"clean","tableName":"LOCATION","tableRunId":724,"status":"success","method":"TRUNCATE","affectedRows":null,"postCount":0,"durationMs":27}
{"timestamp":"2026-03-02T15:14:23.470Z","runId":349,"type":"table_cleaned","table":"LOCATION","tableRunId":724,"method":"TRUNCATE","affectedRows":null,"postCount":0}
{"timestamp":"2026-03-02T15:14:23.470Z","runId":349,"level":"debug","phase":"clean","tableName":"LOCATION","tableRunId":724,"action":"fk_checks_restored"}
{"timestamp":"2026-03-02T15:14:23.470Z","runId":349,"level":"info","phase":"table_start","tableName":"LOCATION","tableRunId":724,"mode":"INSERT","keyStrategy":"preserve","dedupeKeys":[]}
{"timestamp":"2026-03-02T15:14:24.340Z","runId":349,"level":"info","phase":"fetch","tableName":"LOCATION","tableRunId":724,"sourceRows":15}
{"timestamp":"2026-03-02T15:14:24.415Z","runId":349,"level":"debug","phase":"write","tableName":"LOCATION","tableRunId":724,"status":"start","batchSize":15}
{"timestamp":"2026-03-02T15:14:24.422Z","runId":349,"level":"debug","phase":"write","tableName":"LOCATION","tableRunId":724,"status":"end","inserted":15,"updated":0,"skipped":0,"durationMs":7}
{"timestamp":"2026-03-02T15:14:24.437Z","runId":349,"level":"info","phase":"table_finalize","tableName":"LOCATION","tableRunId":724,"status":"success","inserted":15,"updated":0,"skipped":0,"errors":0,"durationMs":959}
{"timestamp":"2026-03-02T15:14:24.437Z","runId":349,"level":"debug","phase":"table_loop","action":"processing","tableName":"WIP_STATUS","mappingTableKeys":["LOCATION","WIPSTATUS"]}
{"timestamp":"2026-03-02T15:14:24.437Z","runId":349,"level":"debug","phase":"table_loop","action":"mapping_resolved","tableName":"WIP_STATUS","hasMappingEntry":true,"mappingTarget":"WIP_STATUS"}
{"timestamp":"2026-03-02T15:14:24.437Z","runId":349,"level":"debug","phase":"mapping_debug","tableName":"WIP_STATUS","mappedSource":"WIPSTATUS","firebirdTableCount":190,"sampleFirebirdTables":["ACCCLASS","ACCDEPARTMENT","ACCOUNTLINKS","ACCOUNTS","ACCRANGE"]}
{"timestamp":"2026-03-02T15:14:24.506Z","runId":349,"level":"debug","phase":"clean_decision","tableName":"WIP_STATUS","cleanBefore":true,"dryRun":false,"mode":"INSERT"}
{"timestamp":"2026-03-02T15:14:24.506Z","runId":349,"type":"table_cleaning_started","table":"WIP_STATUS","tableRunId":725}
{"timestamp":"2026-03-02T15:14:24.507Z","runId":349,"level":"info","phase":"clean","tableName":"WIP_STATUS","tableRunId":725,"status":"start"}
{"timestamp":"2026-03-02T15:14:24.508Z","runId":349,"level":"debug","phase":"clean","tableName":"WIP_STATUS","tableRunId":725,"action":"fk_checks_disabled"}
{"timestamp":"2026-03-02T15:14:24.536Z","runId":349,"level":"info","phase":"clean","tableName":"WIP_STATUS","tableRunId":725,"status":"success","method":"TRUNCATE","affectedRows":null,"postCount":0,"durationMs":29}
{"timestamp":"2026-03-02T15:14:24.543Z","runId":349,"type":"table_cleaned","table":"WIP_STATUS","tableRunId":725,"method":"TRUNCATE","affectedRows":null,"postCount":0}
{"timestamp":"2026-03-02T15:14:24.544Z","runId":349,"level":"debug","phase":"clean","tableName":"WIP_STATUS","tableRunId":725,"action":"fk_checks_restored"}
{"timestamp":"2026-03-02T15:14:24.544Z","runId":349,"level":"info","phase":"table_start","tableName":"WIP_STATUS","tableRunId":725,"mode":"INSERT","keyStrategy":"preserve","dedupeKeys":[]}
{"timestamp":"2026-03-02T15:14:25.275Z","runId":349,"level":"info","phase":"fetch","tableName":"WIP_STATUS","tableRunId":725,"sourceRows":21}
{"timestamp":"2026-03-02T15:14:25.347Z","runId":349,"level":"debug","phase":"write","tableName":"WIP_STATUS","tableRunId":725,"status":"start","batchSize":21}
{"timestamp":"2026-03-02T15:14:25.353Z","runId":349,"level":"debug","phase":"write","tableName":"WIP_STATUS","tableRunId":725,"status":"end","inserted":21,"updated":0,"skipped":0,"durationMs":6}
{"timestamp":"2026-03-02T15:14:25.373Z","runId":349,"level":"info","phase":"table_finalize","tableName":"WIP_STATUS","tableRunId":725,"status":"success","inserted":21,"updated":0,"skipped":0,"errors":0,"durationMs":820}
{"timestamp":"2026-03-02T15:14:25.377Z","runId":349,"level":"info","phase":"run_finalize","status":"success"}
