{"timestamp":"2026-03-04T08:56:59.731Z","runId":350,"level":"info","phase":"run_start","dryRun":false,"batchSize":1000,"fkChecks":true,"tables":[{"table":"STOCK","mode":"INSERT","keyStrategy":"preserve","dedupeKeys":[],"onDuplicate":"SKIP","cleanBefore":true},{"table":"ACCOUNTS","mode":"INSERT","keyStrategy":"preserve","dedupeKeys":[],"onDuplicate":"SKIP","cleanBefore":true},{"table":"INVOICES","mode":"INSERT","keyStrategy":"preserve","dedupeKeys":[],"onDuplicate":"SKIP","cleanBefore":true},{"table":"PAYMENTS","mode":"INSERT","keyStrategy":"preserve","dedupeKeys":[],"onDuplicate":"SKIP","cleanBefore":true},{"table":"ACC_CLASS","mode":"INSERT","keyStrategy":"preserve","dedupeKeys":[],"onDuplicate":"SKIP","cleanBefore":true},{"table":"CUSTOMERS","mode":"INSERT","keyStrategy":"preserve","dedupeKeys":[],"onDuplicate":"SKIP","cleanBefore":true},{"table":"SUPPLIERS","mode":"INSERT","keyStrategy":"preserve","dedupeKeys":[],"onDuplicate":"SKIP","cleanBefore":true},{"table":"WORK_DONE","mode":"INSERT","keyStrategy":"preserve","dedupeKeys":[],"onDuplicate":"SKIP","cleanBefore":true},{"table":"SPARES_USED","mode":"INSERT","keyStrategy":"preserve","dedupeKeys":[],"onDuplicate":"SKIP","cleanBefore":true},{"table":"CREDIT_NOTES","mode":"INSERT","keyStrategy":"preserve","dedupeKeys":[],"onDuplicate":"SKIP","cleanBefore":true},{"table":"INVOICE_ITEMS","mode":"INSERT","keyStrategy":"preserve","dedupeKeys":[],"onDuplicate":"SKIP","cleanBefore":true},{"table":"ACC_DEPARTMENT","mode":"INSERT","keyStrategy":"preserve","dedupeKeys":[],"onDuplicate":"SKIP","cleanBefore":true},{"table":"LABOUR_PRICING","mode":"INSERT","keyStrategy":"preserve","dedupeKeys":[],"onDuplicate":"SKIP","cleanBefore":true},{"table":"INVOICE_GENERAL","mode":"INSERT","keyStrategy":"preserve","dedupeKeys":[],"onDuplicate":"SKIP","cleanBefore":true},{"table":"JOB_INFORMATION","mode":"INSERT","keyStrategy":"preserve","dedupeKeys":[],"onDuplicate":"SKIP","cleanBefore":true},{"table":"INVOICES_SUPPLIER","mode":"INSERT","keyStrategy":"preserve","dedupeKeys":[],"onDuplicate":"SKIP","cleanBefore":true},{"table":"PAYMENTS_SUPPLIERS","mode":"INSERT","keyStrategy":"preserve","dedupeKeys":[],"onDuplicate":"SKIP","cleanBefore":true},{"table":"CREDIT_NOTES_SUPPLIER","mode":"INSERT","keyStrategy":"preserve","dedupeKeys":[],"onDuplicate":"SKIP","cleanBefore":true}]}
{"timestamp":"2026-03-04T08:56:59.733Z","runId":350,"level":"info","phase":"preflight","action":"firebird_config_check","host":"localhost","port":3050,"database":"C:\\Autoneer\\data\\AUTONEER.FDB","user":"SYSDBA","passwordSet":true,"passwordLength":9,"passwordSource":"state","useDefaultSysdbaMasterkey":true,"rawPasswordSet":true,"rawPasswordLength":9}
{"timestamp":"2026-03-04T08:57:00.575Z","runId":350,"level":"info","phase":"preflight","attempt":1,"status":"ok"}
{"timestamp":"2026-03-04T08:57:00.576Z","runId":350,"level":"debug","phase":"preflight","durationMs":844}
{"timestamp":"2026-03-04T08:57:00.577Z","runId":350,"level":"info","phase":"preflight","action":"nullability_validation","status":"start"}
{"timestamp":"2026-03-04T08:57:00.608Z","runId":350,"level":"info","phase":"preflight","action":"nullability_validation","status":"passed"}
{"timestamp":"2026-03-04T08:57:00.609Z","runId":350,"level":"info","phase":"preflight","action":"gl_account_types_seed","status":"start"}
{"timestamp":"2026-03-04T08:57:00.617Z","runId":350,"level":"info","phase":"preflight","action":"gl_account_types_seed","status":"passed"}
{"timestamp":"2026-03-04T08:57:00.736Z","runId":350,"level":"debug","phase":"table_loop","action":"starting","includedCount":18,"mappingTableCount":18}
{"timestamp":"2026-03-04T08:57:00.737Z","runId":350,"level":"info","phase":"table_loop","action":"normalized_tables","sampleTables":["STOCK","ACCOUNTS","INVOICES","PAYMENTS","ACC_CLASS"]}
{"timestamp":"2026-03-04T08:57:00.737Z","runId":350,"level":"debug","phase":"table_loop","action":"processing","tableName":"STOCK","mappingTableKeys":["CNOTE","STOCK","PRICING","ACCCLASS","ACCOUNTS"]}
{"timestamp":"2026-03-04T08:57:00.737Z","runId":350,"level":"debug","phase":"table_loop","action":"mapping_resolved","tableName":"STOCK","hasMappingEntry":true,"mappingTarget":"STOCK"}
{"timestamp":"2026-03-04T08:57:00.737Z","runId":350,"level":"debug","phase":"mapping_debug","tableName":"STOCK","mappedSource":"STOCK","firebirdTableCount":191,"sampleFirebirdTables":["ACCCLASS","ACCDEPARTMENT","ACCOUNTLINKS","ACCOUNTS","ACCOUNT_OPENING"]}
{"timestamp":"2026-03-04T08:57:00.861Z","runId":350,"level":"debug","phase":"clean_decision","tableName":"STOCK","cleanBefore":true,"dryRun":false,"mode":"INSERT"}
{"timestamp":"2026-03-04T08:57:00.861Z","runId":350,"type":"table_cleaning_started","table":"STOCK","tableRunId":726}
{"timestamp":"2026-03-04T08:57:00.862Z","runId":350,"level":"info","phase":"clean","tableName":"STOCK","tableRunId":726,"status":"start"}
{"timestamp":"2026-03-04T08:57:00.863Z","runId":350,"level":"debug","phase":"clean","tableName":"STOCK","tableRunId":726,"action":"fk_checks_disabled"}
{"timestamp":"2026-03-04T08:57:00.921Z","runId":350,"level":"info","phase":"clean","tableName":"STOCK","tableRunId":726,"status":"success","method":"TRUNCATE","affectedRows":null,"postCount":0,"durationMs":59}
{"timestamp":"2026-03-04T08:57:00.936Z","runId":350,"type":"table_cleaned","table":"STOCK","tableRunId":726,"method":"TRUNCATE","affectedRows":null,"postCount":0}
{"timestamp":"2026-03-04T08:57:00.937Z","runId":350,"level":"debug","phase":"clean","tableName":"STOCK","tableRunId":726,"action":"fk_checks_restored"}
{"timestamp":"2026-03-04T08:57:00.937Z","runId":350,"level":"info","phase":"table_start","tableName":"STOCK","tableRunId":726,"mode":"INSERT","keyStrategy":"preserve","dedupeKeys":[]}
{"timestamp":"2026-03-04T08:57:01.051Z","runId":350,"level":"info","phase":"fetch","tableName":"STOCK","tableRunId":726,"sourceRows":2041}
{"timestamp":"2026-03-04T08:57:01.299Z","runId":350,"level":"debug","phase":"write","tableName":"STOCK","tableRunId":726,"status":"start","batchSize":1000}
{"timestamp":"2026-03-04T08:57:01.370Z","runId":350,"level":"debug","phase":"write","tableName":"STOCK","tableRunId":726,"status":"end","inserted":1000,"updated":0,"skipped":0,"durationMs":71}
{"timestamp":"2026-03-04T08:57:01.566Z","runId":350,"level":"debug","phase":"write","tableName":"STOCK","tableRunId":726,"status":"start","batchSize":1000}
{"timestamp":"2026-03-04T08:57:01.634Z","runId":350,"level":"debug","phase":"write","tableName":"STOCK","tableRunId":726,"status":"end","inserted":1000,"updated":0,"skipped":0,"durationMs":69}
{"timestamp":"2026-03-04T08:57:01.773Z","runId":350,"level":"debug","phase":"write","tableName":"STOCK","tableRunId":726,"status":"start","batchSize":41}
{"timestamp":"2026-03-04T08:57:01.782Z","runId":350,"level":"debug","phase":"write","tableName":"STOCK","tableRunId":726,"status":"end","inserted":41,"updated":0,"skipped":0,"durationMs":9}
{"timestamp":"2026-03-04T08:57:01.799Z","runId":350,"level":"info","phase":"table_finalize","tableName":"STOCK","tableRunId":726,"status":"success","inserted":2041,"updated":0,"skipped":0,"errors":0,"durationMs":854}
{"timestamp":"2026-03-04T08:57:01.800Z","runId":350,"level":"debug","phase":"table_loop","action":"processing","tableName":"ACCOUNTS","mappingTableKeys":["CNOTE","STOCK","PRICING","ACCCLASS","ACCOUNTS"]}
{"timestamp":"2026-03-04T08:57:01.800Z","runId":350,"level":"debug","phase":"table_loop","action":"mapping_resolved","tableName":"ACCOUNTS","hasMappingEntry":true,"mappingTarget":"ACCOUNTS"}
{"timestamp":"2026-03-04T08:57:01.800Z","runId":350,"level":"debug","phase":"mapping_debug","tableName":"ACCOUNTS","mappedSource":"ACCOUNTS","firebirdTableCount":191,"sampleFirebirdTables":["ACCCLASS","ACCDEPARTMENT","ACCOUNTLINKS","ACCOUNTS","ACCOUNT_OPENING"]}
{"timestamp":"2026-03-04T08:57:01.918Z","runId":350,"level":"debug","phase":"clean_decision","tableName":"ACCOUNTS","cleanBefore":true,"dryRun":false,"mode":"INSERT"}
{"timestamp":"2026-03-04T08:57:01.918Z","runId":350,"type":"table_cleaning_started","table":"ACCOUNTS","tableRunId":727}
{"timestamp":"2026-03-04T08:57:01.919Z","runId":350,"level":"info","phase":"clean","tableName":"ACCOUNTS","tableRunId":727,"status":"start"}
{"timestamp":"2026-03-04T08:57:01.919Z","runId":350,"level":"debug","phase":"clean","tableName":"ACCOUNTS","tableRunId":727,"action":"fk_checks_disabled"}
{"timestamp":"2026-03-04T08:57:01.949Z","runId":350,"level":"info","phase":"clean","tableName":"ACCOUNTS","tableRunId":727,"status":"success","method":"TRUNCATE","affectedRows":null,"postCount":0,"durationMs":30}
{"timestamp":"2026-03-04T08:57:01.957Z","runId":350,"type":"table_cleaned","table":"ACCOUNTS","tableRunId":727,"method":"TRUNCATE","affectedRows":null,"postCount":0}
{"timestamp":"2026-03-04T08:57:01.958Z","runId":350,"level":"debug","phase":"clean","tableName":"ACCOUNTS","tableRunId":727,"action":"fk_checks_restored"}
{"timestamp":"2026-03-04T08:57:01.959Z","runId":350,"level":"info","phase":"table_start","tableName":"ACCOUNTS","tableRunId":727,"mode":"INSERT","keyStrategy":"preserve","dedupeKeys":[]}
{"timestamp":"2026-03-04T08:57:02.073Z","runId":350,"level":"info","phase":"fetch","tableName":"ACCOUNTS","tableRunId":727,"sourceRows":106}
{"timestamp":"2026-03-04T08:57:02.190Z","runId":350,"level":"debug","phase":"write","tableName":"ACCOUNTS","tableRunId":727,"status":"start","batchSize":106}
{"timestamp":"2026-03-04T08:57:02.201Z","runId":350,"level":"debug","phase":"write","tableName":"ACCOUNTS","tableRunId":727,"status":"end","inserted":80,"updated":0,"skipped":26,"durationMs":11}
{"timestamp":"2026-03-04T08:57:02.220Z","runId":350,"level":"info","phase":"table_finalize","tableName":"ACCOUNTS","tableRunId":727,"status":"success","inserted":80,"updated":0,"skipped":26,"errors":0,"durationMs":253}
{"timestamp":"2026-03-04T08:57:02.221Z","runId":350,"level":"debug","phase":"table_loop","action":"processing","tableName":"INVOICES","mappingTableKeys":["CNOTE","STOCK","PRICING","ACCCLASS","ACCOUNTS"]}
{"timestamp":"2026-03-04T08:57:02.221Z","runId":350,"level":"debug","phase":"table_loop","action":"mapping_resolved","tableName":"INVOICES","hasMappingEntry":true,"mappingTarget":"INVOICES"}
{"timestamp":"2026-03-04T08:57:02.221Z","runId":350,"level":"debug","phase":"mapping_debug","tableName":"INVOICES","mappedSource":"INVOICES","firebirdTableCount":191,"sampleFirebirdTables":["ACCCLASS","ACCDEPARTMENT","ACCOUNTLINKS","ACCOUNTS","ACCOUNT_OPENING"]}
{"timestamp":"2026-03-04T08:57:02.338Z","runId":350,"level":"debug","phase":"clean_decision","tableName":"INVOICES","cleanBefore":true,"dryRun":false,"mode":"INSERT"}
{"timestamp":"2026-03-04T08:57:02.338Z","runId":350,"type":"table_cleaning_started","table":"INVOICES","tableRunId":728}
{"timestamp":"2026-03-04T08:57:02.338Z","runId":350,"level":"info","phase":"clean","tableName":"INVOICES","tableRunId":728,"status":"start"}
{"timestamp":"2026-03-04T08:57:02.339Z","runId":350,"level":"debug","phase":"clean","tableName":"INVOICES","tableRunId":728,"action":"fk_checks_disabled"}
{"timestamp":"2026-03-04T08:57:02.394Z","runId":350,"level":"info","phase":"clean","tableName":"INVOICES","tableRunId":728,"status":"success","method":"TRUNCATE","affectedRows":null,"postCount":0,"durationMs":56}
{"timestamp":"2026-03-04T08:57:02.402Z","runId":350,"type":"table_cleaned","table":"INVOICES","tableRunId":728,"method":"TRUNCATE","affectedRows":null,"postCount":0}
{"timestamp":"2026-03-04T08:57:02.403Z","runId":350,"level":"debug","phase":"clean","tableName":"INVOICES","tableRunId":728,"action":"fk_checks_restored"}
{"timestamp":"2026-03-04T08:57:02.404Z","runId":350,"level":"info","phase":"table_start","tableName":"INVOICES","tableRunId":728,"mode":"INSERT","keyStrategy":"preserve","dedupeKeys":[]}
{"timestamp":"2026-03-04T08:57:02.515Z","runId":350,"level":"info","phase":"fetch","tableName":"INVOICES","tableRunId":728,"sourceRows":735}
{"timestamp":"2026-03-04T08:57:02.667Z","runId":350,"level":"debug","phase":"write","tableName":"INVOICES","tableRunId":728,"status":"start","batchSize":735}
{"timestamp":"2026-03-04T08:57:02.753Z","runId":350,"level":"debug","phase":"write","tableName":"INVOICES","tableRunId":728,"status":"end","inserted":670,"updated":0,"skipped":65,"durationMs":86}
{"timestamp":"2026-03-04T08:57:02.772Z","runId":350,"level":"info","phase":"table_finalize","tableName":"INVOICES","tableRunId":728,"status":"success","inserted":670,"updated":0,"skipped":65,"errors":0,"durationMs":359}
{"timestamp":"2026-03-04T08:57:02.772Z","runId":350,"level":"debug","phase":"table_loop","action":"processing","tableName":"PAYMENTS","mappingTableKeys":["CNOTE","STOCK","PRICING","ACCCLASS","ACCOUNTS"]}
{"timestamp":"2026-03-04T08:57:02.773Z","runId":350,"level":"debug","phase":"table_loop","action":"mapping_resolved","tableName":"PAYMENTS","hasMappingEntry":true,"mappingTarget":"PAYMENTS"}
{"timestamp":"2026-03-04T08:57:02.773Z","runId":350,"level":"debug","phase":"mapping_debug","tableName":"PAYMENTS","mappedSource":"PAYMENTS","firebirdTableCount":191,"sampleFirebirdTables":["ACCCLASS","ACCDEPARTMENT","ACCOUNTLINKS","ACCOUNTS","ACCOUNT_OPENING"]}
{"timestamp":"2026-03-04T08:57:02.879Z","runId":350,"level":"debug","phase":"clean_decision","tableName":"PAYMENTS","cleanBefore":true,"dryRun":false,"mode":"INSERT"}
{"timestamp":"2026-03-04T08:57:02.879Z","runId":350,"type":"table_cleaning_started","table":"PAYMENTS","tableRunId":729}
{"timestamp":"2026-03-04T08:57:02.879Z","runId":350,"level":"info","phase":"clean","tableName":"PAYMENTS","tableRunId":729,"status":"start"}
{"timestamp":"2026-03-04T08:57:02.880Z","runId":350,"level":"debug","phase":"clean","tableName":"PAYMENTS","tableRunId":729,"action":"fk_checks_disabled"}
{"timestamp":"2026-03-04T08:57:02.931Z","runId":350,"level":"info","phase":"clean","tableName":"PAYMENTS","tableRunId":729,"status":"success","method":"TRUNCATE","affectedRows":null,"postCount":0,"durationMs":51}
{"timestamp":"2026-03-04T08:57:02.939Z","runId":350,"type":"table_cleaned","table":"PAYMENTS","tableRunId":729,"method":"TRUNCATE","affectedRows":null,"postCount":0}
{"timestamp":"2026-03-04T08:57:02.941Z","runId":350,"level":"debug","phase":"clean","tableName":"PAYMENTS","tableRunId":729,"action":"fk_checks_restored"}
{"timestamp":"2026-03-04T08:57:02.941Z","runId":350,"level":"info","phase":"table_start","tableName":"PAYMENTS","tableRunId":729,"mode":"INSERT","keyStrategy":"preserve","dedupeKeys":[]}
{"timestamp":"2026-03-04T08:57:03.056Z","runId":350,"level":"info","phase":"fetch","tableName":"PAYMENTS","tableRunId":729,"sourceRows":788}
{"timestamp":"2026-03-04T08:57:03.189Z","runId":350,"level":"debug","phase":"write","tableName":"PAYMENTS","tableRunId":729,"status":"start","batchSize":788}
{"timestamp":"2026-03-04T08:57:03.221Z","runId":350,"level":"debug","phase":"write","tableName":"PAYMENTS","tableRunId":729,"status":"end","inserted":788,"updated":0,"skipped":0,"durationMs":32}
{"timestamp":"2026-03-04T08:57:03.239Z","runId":350,"level":"info","phase":"table_finalize","tableName":"PAYMENTS","tableRunId":729,"status":"success","inserted":788,"updated":0,"skipped":0,"errors":0,"durationMs":289}
{"timestamp":"2026-03-04T08:57:03.240Z","runId":350,"level":"debug","phase":"table_loop","action":"processing","tableName":"ACC_CLASS","mappingTableKeys":["CNOTE","STOCK","PRICING","ACCCLASS","ACCOUNTS"]}
{"timestamp":"2026-03-04T08:57:03.240Z","runId":350,"level":"debug","phase":"table_loop","action":"mapping_resolved","tableName":"ACC_CLASS","hasMappingEntry":true,"mappingTarget":"ACC_CLASS"}
{"timestamp":"2026-03-04T08:57:03.240Z","runId":350,"level":"debug","phase":"mapping_debug","tableName":"ACC_CLASS","mappedSource":"ACCCLASS","firebirdTableCount":191,"sampleFirebirdTables":["ACCCLASS","ACCDEPARTMENT","ACCOUNTLINKS","ACCOUNTS","ACCOUNT_OPENING"]}
{"timestamp":"2026-03-04T08:57:03.344Z","runId":350,"level":"debug","phase":"clean_decision","tableName":"ACC_CLASS","cleanBefore":true,"dryRun":false,"mode":"INSERT"}
{"timestamp":"2026-03-04T08:57:03.344Z","runId":350,"type":"table_cleaning_started","table":"ACC_CLASS","tableRunId":730}
{"timestamp":"2026-03-04T08:57:03.345Z","runId":350,"level":"info","phase":"clean","tableName":"ACC_CLASS","tableRunId":730,"status":"start"}
{"timestamp":"2026-03-04T08:57:03.346Z","runId":350,"level":"debug","phase":"clean","tableName":"ACC_CLASS","tableRunId":730,"action":"fk_checks_disabled"}
{"timestamp":"2026-03-04T08:57:03.376Z","runId":350,"level":"info","phase":"clean","tableName":"ACC_CLASS","tableRunId":730,"status":"success","method":"TRUNCATE","affectedRows":null,"postCount":0,"durationMs":31}
{"timestamp":"2026-03-04T08:57:03.386Z","runId":350,"type":"table_cleaned","table":"ACC_CLASS","tableRunId":730,"method":"TRUNCATE","affectedRows":null,"postCount":0}
{"timestamp":"2026-03-04T08:57:03.388Z","runId":350,"level":"debug","phase":"clean","tableName":"ACC_CLASS","tableRunId":730,"action":"fk_checks_restored"}
{"timestamp":"2026-03-04T08:57:03.388Z","runId":350,"level":"info","phase":"table_start","tableName":"ACC_CLASS","tableRunId":730,"mode":"INSERT","keyStrategy":"preserve","dedupeKeys":[]}
{"timestamp":"2026-03-04T08:57:03.495Z","runId":350,"level":"info","phase":"fetch","tableName":"ACC_CLASS","tableRunId":730,"sourceRows":7}
{"timestamp":"2026-03-04T08:57:03.600Z","runId":350,"level":"debug","phase":"write","tableName":"ACC_CLASS","tableRunId":730,"status":"start","batchSize":7}
{"timestamp":"2026-03-04T08:57:03.606Z","runId":350,"level":"debug","phase":"write","tableName":"ACC_CLASS","tableRunId":730,"status":"end","inserted":7,"updated":0,"skipped":0,"durationMs":6}
{"timestamp":"2026-03-04T08:57:03.625Z","runId":350,"level":"info","phase":"table_finalize","tableName":"ACC_CLASS","tableRunId":730,"status":"success","inserted":7,"updated":0,"skipped":0,"errors":0,"durationMs":227}
{"timestamp":"2026-03-04T08:57:03.626Z","runId":350,"level":"debug","phase":"table_loop","action":"processing","tableName":"CUSTOMERS","mappingTableKeys":["CNOTE","STOCK","PRICING","ACCCLASS","ACCOUNTS"]}
{"timestamp":"2026-03-04T08:57:03.626Z","runId":350,"level":"debug","phase":"table_loop","action":"mapping_resolved","tableName":"CUSTOMERS","hasMappingEntry":true,"mappingTarget":"CUSTOMERS"}
{"timestamp":"2026-03-04T08:57:03.626Z","runId":350,"level":"debug","phase":"mapping_debug","tableName":"CUSTOMERS","mappedSource":"CUSTOMER","firebirdTableCount":191,"sampleFirebirdTables":["ACCCLASS","ACCDEPARTMENT","ACCOUNTLINKS","ACCOUNTS","ACCOUNT_OPENING"]}
{"timestamp":"2026-03-04T08:57:03.734Z","runId":350,"level":"debug","phase":"clean_decision","tableName":"CUSTOMERS","cleanBefore":true,"dryRun":false,"mode":"INSERT"}
{"timestamp":"2026-03-04T08:57:03.734Z","runId":350,"type":"table_cleaning_started","table":"CUSTOMERS","tableRunId":731}
{"timestamp":"2026-03-04T08:57:03.735Z","runId":350,"level":"info","phase":"clean","tableName":"CUSTOMERS","tableRunId":731,"status":"start"}
{"timestamp":"2026-03-04T08:57:03.735Z","runId":350,"level":"debug","phase":"clean","tableName":"CUSTOMERS","tableRunId":731,"action":"fk_checks_disabled"}
{"timestamp":"2026-03-04T08:57:03.778Z","runId":350,"level":"info","phase":"clean","tableName":"CUSTOMERS","tableRunId":731,"status":"success","method":"TRUNCATE","affectedRows":null,"postCount":0,"durationMs":43}
{"timestamp":"2026-03-04T08:57:03.787Z","runId":350,"type":"table_cleaned","table":"CUSTOMERS","tableRunId":731,"method":"TRUNCATE","affectedRows":null,"postCount":0}
{"timestamp":"2026-03-04T08:57:03.788Z","runId":350,"level":"debug","phase":"clean","tableName":"CUSTOMERS","tableRunId":731,"action":"fk_checks_restored"}
{"timestamp":"2026-03-04T08:57:03.788Z","runId":350,"level":"info","phase":"table_start","tableName":"CUSTOMERS","tableRunId":731,"mode":"INSERT","keyStrategy":"preserve","dedupeKeys":[]}
{"timestamp":"2026-03-04T08:57:03.904Z","runId":350,"level":"info","phase":"fetch","tableName":"CUSTOMERS","tableRunId":731,"sourceRows":93}
{"timestamp":"2026-03-04T08:57:04.021Z","runId":350,"level":"debug","phase":"write","tableName":"CUSTOMERS","tableRunId":731,"status":"start","batchSize":93}
{"timestamp":"2026-03-04T08:57:04.033Z","runId":350,"level":"debug","phase":"write","tableName":"CUSTOMERS","tableRunId":731,"status":"end","inserted":92,"updated":0,"skipped":1,"durationMs":12}
{"timestamp":"2026-03-04T08:57:04.051Z","runId":350,"level":"info","phase":"table_finalize","tableName":"CUSTOMERS","tableRunId":731,"status":"success","inserted":92,"updated":0,"skipped":1,"errors":0,"durationMs":254}
{"timestamp":"2026-03-04T08:57:04.052Z","runId":350,"level":"debug","phase":"table_loop","action":"processing","tableName":"SUPPLIERS","mappingTableKeys":["CNOTE","STOCK","PRICING","ACCCLASS","ACCOUNTS"]}
{"timestamp":"2026-03-04T08:57:04.052Z","runId":350,"level":"debug","phase":"table_loop","action":"mapping_resolved","tableName":"SUPPLIERS","hasMappingEntry":true,"mappingTarget":"SUPPLIERS"}
{"timestamp":"2026-03-04T08:57:04.052Z","runId":350,"level":"debug","phase":"mapping_debug","tableName":"SUPPLIERS","mappedSource":"SUPPLIER","firebirdTableCount":191,"sampleFirebirdTables":["ACCCLASS","ACCDEPARTMENT","ACCOUNTLINKS","ACCOUNTS","ACCOUNT_OPENING"]}
{"timestamp":"2026-03-04T08:57:04.160Z","runId":350,"level":"debug","phase":"clean_decision","tableName":"SUPPLIERS","cleanBefore":true,"dryRun":false,"mode":"INSERT"}
{"timestamp":"2026-03-04T08:57:04.160Z","runId":350,"type":"table_cleaning_started","table":"SUPPLIERS","tableRunId":732}
{"timestamp":"2026-03-04T08:57:04.161Z","runId":350,"level":"info","phase":"clean","tableName":"SUPPLIERS","tableRunId":732,"status":"start"}
{"timestamp":"2026-03-04T08:57:04.162Z","runId":350,"level":"debug","phase":"clean","tableName":"SUPPLIERS","tableRunId":732,"action":"fk_checks_disabled"}
{"timestamp":"2026-03-04T08:57:04.192Z","runId":350,"level":"info","phase":"clean","tableName":"SUPPLIERS","tableRunId":732,"status":"success","method":"TRUNCATE","affectedRows":null,"postCount":0,"durationMs":31}
{"timestamp":"2026-03-04T08:57:04.201Z","runId":350,"type":"table_cleaned","table":"SUPPLIERS","tableRunId":732,"method":"TRUNCATE","affectedRows":null,"postCount":0}
{"timestamp":"2026-03-04T08:57:04.202Z","runId":350,"level":"debug","phase":"clean","tableName":"SUPPLIERS","tableRunId":732,"action":"fk_checks_restored"}
{"timestamp":"2026-03-04T08:57:04.202Z","runId":350,"level":"info","phase":"table_start","tableName":"SUPPLIERS","tableRunId":732,"mode":"INSERT","keyStrategy":"preserve","dedupeKeys":[]}
{"timestamp":"2026-03-04T08:57:04.313Z","runId":350,"level":"info","phase":"fetch","tableName":"SUPPLIERS","tableRunId":732,"sourceRows":164}
{"timestamp":"2026-03-04T08:57:04.432Z","runId":350,"level":"debug","phase":"write","tableName":"SUPPLIERS","tableRunId":732,"status":"start","batchSize":164}
{"timestamp":"2026-03-04T08:57:04.443Z","runId":350,"level":"debug","phase":"write","tableName":"SUPPLIERS","tableRunId":732,"status":"end","inserted":164,"updated":0,"skipped":0,"durationMs":11}
{"timestamp":"2026-03-04T08:57:04.461Z","runId":350,"level":"info","phase":"table_finalize","tableName":"SUPPLIERS","tableRunId":732,"status":"success","inserted":164,"updated":0,"skipped":0,"errors":0,"durationMs":250}
{"timestamp":"2026-03-04T08:57:04.462Z","runId":350,"level":"debug","phase":"table_loop","action":"processing","tableName":"WORK_DONE","mappingTableKeys":["CNOTE","STOCK","PRICING","ACCCLASS","ACCOUNTS"]}
{"timestamp":"2026-03-04T08:57:04.462Z","runId":350,"level":"debug","phase":"table_loop","action":"mapping_resolved","tableName":"WORK_DONE","hasMappingEntry":true,"mappingTarget":"WORK_DONE"}
{"timestamp":"2026-03-04T08:57:04.462Z","runId":350,"level":"debug","phase":"mapping_debug","tableName":"WORK_DONE","mappedSource":"WORKDONE","firebirdTableCount":191,"sampleFirebirdTables":["ACCCLASS","ACCDEPARTMENT","ACCOUNTLINKS","ACCOUNTS","ACCOUNT_OPENING"]}
{"timestamp":"2026-03-04T08:57:04.567Z","runId":350,"level":"debug","phase":"clean_decision","tableName":"WORK_DONE","cleanBefore":true,"dryRun":false,"mode":"INSERT"}
{"timestamp":"2026-03-04T08:57:04.567Z","runId":350,"type":"table_cleaning_started","table":"WORK_DONE","tableRunId":733}
{"timestamp":"2026-03-04T08:57:04.567Z","runId":350,"level":"info","phase":"clean","tableName":"WORK_DONE","tableRunId":733,"status":"start"}
{"timestamp":"2026-03-04T08:57:04.568Z","runId":350,"level":"debug","phase":"clean","tableName":"WORK_DONE","tableRunId":733,"action":"fk_checks_disabled"}
{"timestamp":"2026-03-04T08:57:04.613Z","runId":350,"level":"info","phase":"clean","tableName":"WORK_DONE","tableRunId":733,"status":"success","method":"TRUNCATE","affectedRows":null,"postCount":0,"durationMs":46}
{"timestamp":"2026-03-04T08:57:04.622Z","runId":350,"type":"table_cleaned","table":"WORK_DONE","tableRunId":733,"method":"TRUNCATE","affectedRows":null,"postCount":0}
{"timestamp":"2026-03-04T08:57:04.623Z","runId":350,"level":"debug","phase":"clean","tableName":"WORK_DONE","tableRunId":733,"action":"fk_checks_restored"}
{"timestamp":"2026-03-04T08:57:04.624Z","runId":350,"level":"info","phase":"table_start","tableName":"WORK_DONE","tableRunId":733,"mode":"INSERT","keyStrategy":"preserve","dedupeKeys":[]}
{"timestamp":"2026-03-04T08:57:04.732Z","runId":350,"level":"info","phase":"fetch","tableName":"WORK_DONE","tableRunId":733,"sourceRows":678}
{"timestamp":"2026-03-04T08:57:05.586Z","runId":350,"level":"debug","phase":"write","tableName":"WORK_DONE","tableRunId":733,"status":"start","batchSize":678}
{"timestamp":"2026-03-04T08:57:05.608Z","runId":350,"level":"debug","phase":"write","tableName":"WORK_DONE","tableRunId":733,"status":"end","inserted":297,"updated":0,"skipped":381,"durationMs":22}
{"timestamp":"2026-03-04T08:57:05.628Z","runId":350,"level":"info","phase":"table_finalize","tableName":"WORK_DONE","tableRunId":733,"status":"success","inserted":297,"updated":0,"skipped":381,"errors":0,"durationMs":995}
{"timestamp":"2026-03-04T08:57:05.629Z","runId":350,"level":"debug","phase":"table_loop","action":"processing","tableName":"SPARES_USED","mappingTableKeys":["CNOTE","STOCK","PRICING","ACCCLASS","ACCOUNTS"]}
{"timestamp":"2026-03-04T08:57:05.629Z","runId":350,"level":"debug","phase":"table_loop","action":"mapping_resolved","tableName":"SPARES_USED","hasMappingEntry":true,"mappingTarget":"SPARES_USED"}
{"timestamp":"2026-03-04T08:57:05.629Z","runId":350,"level":"debug","phase":"mapping_debug","tableName":"SPARES_USED","mappedSource":"SPARES_USED","firebirdTableCount":191,"sampleFirebirdTables":["ACCCLASS","ACCDEPARTMENT","ACCOUNTLINKS","ACCOUNTS","ACCOUNT_OPENING"]}
{"timestamp":"2026-03-04T08:57:05.734Z","runId":350,"level":"debug","phase":"clean_decision","tableName":"SPARES_USED","cleanBefore":true,"dryRun":false,"mode":"INSERT"}
{"timestamp":"2026-03-04T08:57:05.734Z","runId":350,"type":"table_cleaning_started","table":"SPARES_USED","tableRunId":734}
{"timestamp":"2026-03-04T08:57:05.735Z","runId":350,"level":"info","phase":"clean","tableName":"SPARES_USED","tableRunId":734,"status":"start"}
{"timestamp":"2026-03-04T08:57:05.735Z","runId":350,"level":"debug","phase":"clean","tableName":"SPARES_USED","tableRunId":734,"action":"fk_checks_disabled"}
{"timestamp":"2026-03-04T08:57:05.771Z","runId":350,"level":"info","phase":"clean","tableName":"SPARES_USED","tableRunId":734,"status":"success","method":"TRUNCATE","affectedRows":null,"postCount":0,"durationMs":36}
{"timestamp":"2026-03-04T08:57:05.778Z","runId":350,"type":"table_cleaned","table":"SPARES_USED","tableRunId":734,"method":"TRUNCATE","affectedRows":null,"postCount":0}
{"timestamp":"2026-03-04T08:57:05.779Z","runId":350,"level":"debug","phase":"clean","tableName":"SPARES_USED","tableRunId":734,"action":"fk_checks_restored"}
{"timestamp":"2026-03-04T08:57:05.779Z","runId":350,"level":"info","phase":"table_start","tableName":"SPARES_USED","tableRunId":734,"mode":"INSERT","keyStrategy":"preserve","dedupeKeys":[]}
{"timestamp":"2026-03-04T08:57:05.895Z","runId":350,"level":"info","phase":"fetch","tableName":"SPARES_USED","tableRunId":734,"sourceRows":3093}
{"timestamp":"2026-03-04T08:57:06.746Z","runId":350,"level":"debug","phase":"write","tableName":"SPARES_USED","tableRunId":734,"status":"start","batchSize":1000}
{"timestamp":"2026-03-04T08:57:06.800Z","runId":350,"level":"debug","phase":"write","tableName":"SPARES_USED","tableRunId":734,"status":"end","inserted":998,"updated":0,"skipped":2,"durationMs":54}
{"timestamp":"2026-03-04T08:57:06.988Z","runId":350,"level":"debug","phase":"write","tableName":"SPARES_USED","tableRunId":734,"status":"start","batchSize":1000}
{"timestamp":"2026-03-04T08:57:07.052Z","runId":350,"level":"debug","phase":"write","tableName":"SPARES_USED","tableRunId":734,"status":"end","inserted":999,"updated":0,"skipped":1,"durationMs":64}
{"timestamp":"2026-03-04T08:57:07.247Z","runId":350,"level":"debug","phase":"write","tableName":"SPARES_USED","tableRunId":734,"status":"start","batchSize":1000}
{"timestamp":"2026-03-04T08:57:07.304Z","runId":350,"level":"debug","phase":"write","tableName":"SPARES_USED","tableRunId":734,"status":"end","inserted":998,"updated":0,"skipped":2,"durationMs":57}
{"timestamp":"2026-03-04T08:57:07.448Z","runId":350,"level":"debug","phase":"write","tableName":"SPARES_USED","tableRunId":734,"status":"start","batchSize":93}
{"timestamp":"2026-03-04T08:57:07.460Z","runId":350,"level":"debug","phase":"write","tableName":"SPARES_USED","tableRunId":734,"status":"end","inserted":93,"updated":0,"skipped":0,"durationMs":12}
{"timestamp":"2026-03-04T08:57:07.479Z","runId":350,"level":"info","phase":"table_finalize","tableName":"SPARES_USED","tableRunId":734,"status":"success","inserted":3088,"updated":0,"skipped":5,"errors":0,"durationMs":1692}
{"timestamp":"2026-03-04T08:57:07.480Z","runId":350,"level":"debug","phase":"table_loop","action":"processing","tableName":"CREDIT_NOTES","mappingTableKeys":["CNOTE","STOCK","PRICING","ACCCLASS","ACCOUNTS"]}
{"timestamp":"2026-03-04T08:57:07.480Z","runId":350,"level":"debug","phase":"table_loop","action":"mapping_resolved","tableName":"CREDIT_NOTES","hasMappingEntry":true,"mappingTarget":"CREDIT_NOTES"}
{"timestamp":"2026-03-04T08:57:07.480Z","runId":350,"level":"debug","phase":"mapping_debug","tableName":"CREDIT_NOTES","mappedSource":"CNOTE","firebirdTableCount":191,"sampleFirebirdTables":["ACCCLASS","ACCDEPARTMENT","ACCOUNTLINKS","ACCOUNTS","ACCOUNT_OPENING"]}
{"timestamp":"2026-03-04T08:57:07.588Z","runId":350,"level":"debug","phase":"clean_decision","tableName":"CREDIT_NOTES","cleanBefore":true,"dryRun":false,"mode":"INSERT"}
{"timestamp":"2026-03-04T08:57:07.588Z","runId":350,"type":"table_cleaning_started","table":"CREDIT_NOTES","tableRunId":735}
{"timestamp":"2026-03-04T08:57:07.589Z","runId":350,"level":"info","phase":"clean","tableName":"CREDIT_NOTES","tableRunId":735,"status":"start"}
{"timestamp":"2026-03-04T08:57:07.590Z","runId":350,"level":"debug","phase":"clean","tableName":"CREDIT_NOTES","tableRunId":735,"action":"fk_checks_disabled"}
{"timestamp":"2026-03-04T08:57:07.638Z","runId":350,"level":"info","phase":"clean","tableName":"CREDIT_NOTES","tableRunId":735,"status":"success","method":"TRUNCATE","affectedRows":null,"postCount":0,"durationMs":49}
{"timestamp":"2026-03-04T08:57:07.647Z","runId":350,"type":"table_cleaned","table":"CREDIT_NOTES","tableRunId":735,"method":"TRUNCATE","affectedRows":null,"postCount":0}
{"timestamp":"2026-03-04T08:57:07.649Z","runId":350,"level":"debug","phase":"clean","tableName":"CREDIT_NOTES","tableRunId":735,"action":"fk_checks_restored"}
{"timestamp":"2026-03-04T08:57:07.649Z","runId":350,"level":"info","phase":"table_start","tableName":"CREDIT_NOTES","tableRunId":735,"mode":"INSERT","keyStrategy":"preserve","dedupeKeys":[]}
{"timestamp":"2026-03-04T08:57:07.755Z","runId":350,"level":"info","phase":"fetch","tableName":"CREDIT_NOTES","tableRunId":735,"sourceRows":6}
{"timestamp":"2026-03-04T08:57:07.874Z","runId":350,"level":"debug","phase":"write","tableName":"CREDIT_NOTES","tableRunId":735,"status":"start","batchSize":6}
{"timestamp":"2026-03-04T08:57:07.880Z","runId":350,"level":"debug","phase":"write","tableName":"CREDIT_NOTES","tableRunId":735,"status":"end","inserted":6,"updated":0,"skipped":0,"durationMs":6}
{"timestamp":"2026-03-04T08:57:07.897Z","runId":350,"level":"info","phase":"table_finalize","tableName":"CREDIT_NOTES","tableRunId":735,"status":"success","inserted":6,"updated":0,"skipped":0,"errors":0,"durationMs":239}
{"timestamp":"2026-03-04T08:57:07.898Z","runId":350,"level":"debug","phase":"table_loop","action":"processing","tableName":"INVOICE_ITEMS","mappingTableKeys":["CNOTE","STOCK","PRICING","ACCCLASS","ACCOUNTS"]}
{"timestamp":"2026-03-04T08:57:07.898Z","runId":350,"level":"debug","phase":"table_loop","action":"mapping_resolved","tableName":"INVOICE_ITEMS","hasMappingEntry":true,"mappingTarget":"INVOICE_ITEMS"}
{"timestamp":"2026-03-04T08:57:07.898Z","runId":350,"level":"debug","phase":"mapping_debug","tableName":"INVOICE_ITEMS","mappedSource":"INVTOTAL","firebirdTableCount":191,"sampleFirebirdTables":["ACCCLASS","ACCDEPARTMENT","ACCOUNTLINKS","ACCOUNTS","ACCOUNT_OPENING"]}
{"timestamp":"2026-03-04T08:57:08.012Z","runId":350,"level":"debug","phase":"clean_decision","tableName":"INVOICE_ITEMS","cleanBefore":true,"dryRun":false,"mode":"INSERT"}
{"timestamp":"2026-03-04T08:57:08.012Z","runId":350,"type":"table_cleaning_started","table":"INVOICE_ITEMS","tableRunId":736}
{"timestamp":"2026-03-04T08:57:08.013Z","runId":350,"level":"info","phase":"clean","tableName":"INVOICE_ITEMS","tableRunId":736,"status":"start"}
{"timestamp":"2026-03-04T08:57:08.013Z","runId":350,"level":"debug","phase":"clean","tableName":"INVOICE_ITEMS","tableRunId":736,"action":"fk_checks_disabled"}
{"timestamp":"2026-03-04T08:57:08.061Z","runId":350,"level":"info","phase":"clean","tableName":"INVOICE_ITEMS","tableRunId":736,"status":"success","method":"TRUNCATE","affectedRows":null,"postCount":0,"durationMs":48}
{"timestamp":"2026-03-04T08:57:08.070Z","runId":350,"type":"table_cleaned","table":"INVOICE_ITEMS","tableRunId":736,"method":"TRUNCATE","affectedRows":null,"postCount":0}
{"timestamp":"2026-03-04T08:57:08.071Z","runId":350,"level":"debug","phase":"clean","tableName":"INVOICE_ITEMS","tableRunId":736,"action":"fk_checks_restored"}
{"timestamp":"2026-03-04T08:57:08.071Z","runId":350,"level":"info","phase":"table_start","tableName":"INVOICE_ITEMS","tableRunId":736,"mode":"INSERT","keyStrategy":"preserve","dedupeKeys":[]}
{"timestamp":"2026-03-04T08:57:08.190Z","runId":350,"level":"info","phase":"fetch","tableName":"INVOICE_ITEMS","tableRunId":736,"sourceRows":2239}
{"timestamp":"2026-03-04T08:57:09.085Z","runId":350,"level":"debug","phase":"write","tableName":"INVOICE_ITEMS","tableRunId":736,"status":"start","batchSize":1000}
{"timestamp":"2026-03-04T08:57:09.174Z","runId":350,"level":"debug","phase":"write","tableName":"INVOICE_ITEMS","tableRunId":736,"status":"end","inserted":1000,"updated":0,"skipped":0,"durationMs":89}
{"timestamp":"2026-03-04T08:57:09.345Z","runId":350,"level":"debug","phase":"write","tableName":"INVOICE_ITEMS","tableRunId":736,"status":"start","batchSize":1000}
{"timestamp":"2026-03-04T08:57:09.409Z","runId":350,"level":"debug","phase":"write","tableName":"INVOICE_ITEMS","tableRunId":736,"status":"end","inserted":1000,"updated":0,"skipped":0,"durationMs":64}
{"timestamp":"2026-03-04T08:57:09.546Z","runId":350,"level":"debug","phase":"write","tableName":"INVOICE_ITEMS","tableRunId":736,"status":"start","batchSize":239}
{"timestamp":"2026-03-04T08:57:09.562Z","runId":350,"level":"debug","phase":"write","tableName":"INVOICE_ITEMS","tableRunId":736,"status":"end","inserted":239,"updated":0,"skipped":0,"durationMs":16}
{"timestamp":"2026-03-04T08:57:09.575Z","runId":350,"level":"info","phase":"table_finalize","tableName":"INVOICE_ITEMS","tableRunId":736,"status":"success","inserted":2239,"updated":0,"skipped":0,"errors":0,"durationMs":1497}
{"timestamp":"2026-03-04T08:57:09.575Z","runId":350,"level":"debug","phase":"table_loop","action":"processing","tableName":"ACC_DEPARTMENT","mappingTableKeys":["CNOTE","STOCK","PRICING","ACCCLASS","ACCOUNTS"]}
{"timestamp":"2026-03-04T08:57:09.575Z","runId":350,"level":"debug","phase":"table_loop","action":"mapping_resolved","tableName":"ACC_DEPARTMENT","hasMappingEntry":true,"mappingTarget":"ACC_DEPARTMENT"}
{"timestamp":"2026-03-04T08:57:09.575Z","runId":350,"level":"debug","phase":"mapping_debug","tableName":"ACC_DEPARTMENT","mappedSource":"ACCDEPARTMENT","firebirdTableCount":191,"sampleFirebirdTables":["ACCCLASS","ACCDEPARTMENT","ACCOUNTLINKS","ACCOUNTS","ACCOUNT_OPENING"]}
{"timestamp":"2026-03-04T08:57:10.517Z","runId":350,"level":"debug","phase":"clean_decision","tableName":"ACC_DEPARTMENT","cleanBefore":true,"dryRun":false,"mode":"INSERT"}
{"timestamp":"2026-03-04T08:57:10.517Z","runId":350,"type":"table_cleaning_started","table":"ACC_DEPARTMENT","tableRunId":737}
{"timestamp":"2026-03-04T08:57:10.517Z","runId":350,"level":"info","phase":"clean","tableName":"ACC_DEPARTMENT","tableRunId":737,"status":"start"}
{"timestamp":"2026-03-04T08:57:10.518Z","runId":350,"level":"debug","phase":"clean","tableName":"ACC_DEPARTMENT","tableRunId":737,"action":"fk_checks_disabled"}
{"timestamp":"2026-03-04T08:57:10.541Z","runId":350,"level":"info","phase":"clean","tableName":"ACC_DEPARTMENT","tableRunId":737,"status":"success","method":"TRUNCATE","affectedRows":null,"postCount":0,"durationMs":23}
{"timestamp":"2026-03-04T08:57:10.548Z","runId":350,"type":"table_cleaned","table":"ACC_DEPARTMENT","tableRunId":737,"method":"TRUNCATE","affectedRows":null,"postCount":0}
{"timestamp":"2026-03-04T08:57:10.550Z","runId":350,"level":"debug","phase":"clean","tableName":"ACC_DEPARTMENT","tableRunId":737,"action":"fk_checks_restored"}
{"timestamp":"2026-03-04T08:57:10.550Z","runId":350,"level":"info","phase":"table_start","tableName":"ACC_DEPARTMENT","tableRunId":737,"mode":"INSERT","keyStrategy":"preserve","dedupeKeys":[]}
{"timestamp":"2026-03-04T08:57:10.662Z","runId":350,"level":"info","phase":"fetch","tableName":"ACC_DEPARTMENT","tableRunId":737,"sourceRows":8}
{"timestamp":"2026-03-04T08:57:10.769Z","runId":350,"level":"debug","phase":"write","tableName":"ACC_DEPARTMENT","tableRunId":737,"status":"start","batchSize":8}
{"timestamp":"2026-03-04T08:57:10.775Z","runId":350,"level":"debug","phase":"write","tableName":"ACC_DEPARTMENT","tableRunId":737,"status":"end","inserted":8,"updated":0,"skipped":0,"durationMs":6}
{"timestamp":"2026-03-04T08:57:10.795Z","runId":350,"level":"info","phase":"table_finalize","tableName":"ACC_DEPARTMENT","tableRunId":737,"status":"success","inserted":8,"updated":0,"skipped":0,"errors":0,"durationMs":236}
{"timestamp":"2026-03-04T08:57:10.796Z","runId":350,"level":"debug","phase":"table_loop","action":"processing","tableName":"LABOUR_PRICING","mappingTableKeys":["CNOTE","STOCK","PRICING","ACCCLASS","ACCOUNTS"]}
{"timestamp":"2026-03-04T08:57:10.796Z","runId":350,"level":"debug","phase":"table_loop","action":"mapping_resolved","tableName":"LABOUR_PRICING","hasMappingEntry":true,"mappingTarget":"LABOUR_PRICING"}
{"timestamp":"2026-03-04T08:57:10.796Z","runId":350,"level":"debug","phase":"mapping_debug","tableName":"LABOUR_PRICING","mappedSource":"PRICING","firebirdTableCount":191,"sampleFirebirdTables":["ACCCLASS","ACCDEPARTMENT","ACCOUNTLINKS","ACCOUNTS","ACCOUNT_OPENING"]}
{"timestamp":"2026-03-04T08:57:10.906Z","runId":350,"level":"debug","phase":"clean_decision","tableName":"LABOUR_PRICING","cleanBefore":true,"dryRun":false,"mode":"INSERT"}
{"timestamp":"2026-03-04T08:57:10.906Z","runId":350,"type":"table_cleaning_started","table":"LABOUR_PRICING","tableRunId":738}
{"timestamp":"2026-03-04T08:57:10.907Z","runId":350,"level":"info","phase":"clean","tableName":"LABOUR_PRICING","tableRunId":738,"status":"start"}
{"timestamp":"2026-03-04T08:57:10.907Z","runId":350,"level":"debug","phase":"clean","tableName":"LABOUR_PRICING","tableRunId":738,"action":"fk_checks_disabled"}
{"timestamp":"2026-03-04T08:57:10.939Z","runId":350,"level":"info","phase":"clean","tableName":"LABOUR_PRICING","tableRunId":738,"status":"success","method":"TRUNCATE","affectedRows":null,"postCount":0,"durationMs":32}
{"timestamp":"2026-03-04T08:57:10.948Z","runId":350,"type":"table_cleaned","table":"LABOUR_PRICING","tableRunId":738,"method":"TRUNCATE","affectedRows":null,"postCount":0}
{"timestamp":"2026-03-04T08:57:10.950Z","runId":350,"level":"debug","phase":"clean","tableName":"LABOUR_PRICING","tableRunId":738,"action":"fk_checks_restored"}
{"timestamp":"2026-03-04T08:57:10.950Z","runId":350,"level":"info","phase":"table_start","tableName":"LABOUR_PRICING","tableRunId":738,"mode":"INSERT","keyStrategy":"preserve","dedupeKeys":[]}
{"timestamp":"2026-03-04T08:57:11.067Z","runId":350,"level":"info","phase":"fetch","tableName":"LABOUR_PRICING","tableRunId":738,"sourceRows":2899}
{"timestamp":"2026-03-04T08:57:11.201Z","runId":350,"level":"debug","phase":"write","tableName":"LABOUR_PRICING","tableRunId":738,"status":"start","batchSize":1000}
{"timestamp":"2026-03-04T08:57:11.226Z","runId":350,"level":"debug","phase":"write","tableName":"LABOUR_PRICING","tableRunId":738,"status":"end","inserted":1000,"updated":0,"skipped":0,"durationMs":25}
{"timestamp":"2026-03-04T08:57:11.365Z","runId":350,"level":"debug","phase":"write","tableName":"LABOUR_PRICING","tableRunId":738,"status":"start","batchSize":1000}
{"timestamp":"2026-03-04T08:57:11.392Z","runId":350,"level":"debug","phase":"write","tableName":"LABOUR_PRICING","tableRunId":738,"status":"end","inserted":1000,"updated":0,"skipped":0,"durationMs":27}
{"timestamp":"2026-03-04T08:57:11.537Z","runId":350,"level":"debug","phase":"write","tableName":"LABOUR_PRICING","tableRunId":738,"status":"start","batchSize":899}
{"timestamp":"2026-03-04T08:57:11.565Z","runId":350,"level":"debug","phase":"write","tableName":"LABOUR_PRICING","tableRunId":738,"status":"end","inserted":899,"updated":0,"skipped":0,"durationMs":28}
{"timestamp":"2026-03-04T08:57:11.581Z","runId":350,"level":"info","phase":"table_finalize","tableName":"LABOUR_PRICING","tableRunId":738,"status":"success","inserted":2899,"updated":0,"skipped":0,"errors":0,"durationMs":622}
{"timestamp":"2026-03-04T08:57:11.581Z","runId":350,"level":"debug","phase":"table_loop","action":"processing","tableName":"INVOICE_GENERAL","mappingTableKeys":["CNOTE","STOCK","PRICING","ACCCLASS","ACCOUNTS"]}
{"timestamp":"2026-03-04T08:57:11.581Z","runId":350,"level":"debug","phase":"table_loop","action":"mapping_resolved","tableName":"INVOICE_GENERAL","hasMappingEntry":true,"mappingTarget":"INVOICE_GENERAL"}
{"timestamp":"2026-03-04T08:57:11.581Z","runId":350,"level":"debug","phase":"mapping_debug","tableName":"INVOICE_GENERAL","mappedSource":"INVOICEGENERAL","firebirdTableCount":191,"sampleFirebirdTables":["ACCCLASS","ACCDEPARTMENT","ACCOUNTLINKS","ACCOUNTS","ACCOUNT_OPENING"]}
{"timestamp":"2026-03-04T08:57:11.689Z","runId":350,"level":"debug","phase":"clean_decision","tableName":"INVOICE_GENERAL","cleanBefore":true,"dryRun":false,"mode":"INSERT"}
{"timestamp":"2026-03-04T08:57:11.690Z","runId":350,"type":"table_cleaning_started","table":"INVOICE_GENERAL","tableRunId":739}
{"timestamp":"2026-03-04T08:57:11.690Z","runId":350,"level":"info","phase":"clean","tableName":"INVOICE_GENERAL","tableRunId":739,"status":"start"}
{"timestamp":"2026-03-04T08:57:11.691Z","runId":350,"level":"debug","phase":"clean","tableName":"INVOICE_GENERAL","tableRunId":739,"action":"fk_checks_disabled"}
{"timestamp":"2026-03-04T08:57:11.722Z","runId":350,"level":"info","phase":"clean","tableName":"INVOICE_GENERAL","tableRunId":739,"status":"success","method":"TRUNCATE","affectedRows":null,"postCount":0,"durationMs":32}
{"timestamp":"2026-03-04T08:57:11.730Z","runId":350,"type":"table_cleaned","table":"INVOICE_GENERAL","tableRunId":739,"method":"TRUNCATE","affectedRows":null,"postCount":0}
{"timestamp":"2026-03-04T08:57:11.734Z","runId":350,"level":"debug","phase":"clean","tableName":"INVOICE_GENERAL","tableRunId":739,"action":"fk_checks_restored"}
{"timestamp":"2026-03-04T08:57:11.734Z","runId":350,"level":"info","phase":"table_start","tableName":"INVOICE_GENERAL","tableRunId":739,"mode":"INSERT","keyStrategy":"preserve","dedupeKeys":[]}
{"timestamp":"2026-03-04T08:57:11.854Z","runId":350,"level":"info","phase":"fetch","tableName":"INVOICE_GENERAL","tableRunId":739,"sourceRows":0}
{"timestamp":"2026-03-04T08:57:11.865Z","runId":350,"level":"info","phase":"table_finalize","tableName":"INVOICE_GENERAL","tableRunId":739,"status":"success","inserted":0,"updated":0,"skipped":0,"errors":0,"durationMs":120}
{"timestamp":"2026-03-04T08:57:11.866Z","runId":350,"level":"debug","phase":"table_loop","action":"processing","tableName":"JOB_INFORMATION","mappingTableKeys":["CNOTE","STOCK","PRICING","ACCCLASS","ACCOUNTS"]}
{"timestamp":"2026-03-04T08:57:11.866Z","runId":350,"level":"debug","phase":"table_loop","action":"mapping_resolved","tableName":"JOB_INFORMATION","hasMappingEntry":true,"mappingTarget":"JOB_INFORMATION"}
{"timestamp":"2026-03-04T08:57:11.866Z","runId":350,"level":"debug","phase":"mapping_debug","tableName":"JOB_INFORMATION","mappedSource":"JOB_INFORMATION","firebirdTableCount":191,"sampleFirebirdTables":["ACCCLASS","ACCDEPARTMENT","ACCOUNTLINKS","ACCOUNTS","ACCOUNT_OPENING"]}
{"timestamp":"2026-03-04T08:57:11.988Z","runId":350,"level":"debug","phase":"clean_decision","tableName":"JOB_INFORMATION","cleanBefore":true,"dryRun":false,"mode":"INSERT"}
{"timestamp":"2026-03-04T08:57:11.988Z","runId":350,"type":"table_cleaning_started","table":"JOB_INFORMATION","tableRunId":740}
{"timestamp":"2026-03-04T08:57:11.989Z","runId":350,"level":"info","phase":"clean","tableName":"JOB_INFORMATION","tableRunId":740,"status":"start"}
{"timestamp":"2026-03-04T08:57:11.989Z","runId":350,"level":"debug","phase":"clean","tableName":"JOB_INFORMATION","tableRunId":740,"action":"fk_checks_disabled"}
{"timestamp":"2026-03-04T08:57:12.043Z","runId":350,"level":"info","phase":"clean","tableName":"JOB_INFORMATION","tableRunId":740,"status":"success","method":"TRUNCATE","affectedRows":null,"postCount":0,"durationMs":54}
{"timestamp":"2026-03-04T08:57:12.051Z","runId":350,"type":"table_cleaned","table":"JOB_INFORMATION","tableRunId":740,"method":"TRUNCATE","affectedRows":null,"postCount":0}
{"timestamp":"2026-03-04T08:57:12.053Z","runId":350,"level":"debug","phase":"clean","tableName":"JOB_INFORMATION","tableRunId":740,"action":"fk_checks_restored"}
{"timestamp":"2026-03-04T08:57:12.053Z","runId":350,"level":"info","phase":"table_start","tableName":"JOB_INFORMATION","tableRunId":740,"mode":"INSERT","keyStrategy":"preserve","dedupeKeys":[]}
{"timestamp":"2026-03-04T08:57:12.173Z","runId":350,"level":"info","phase":"fetch","tableName":"JOB_INFORMATION","tableRunId":740,"sourceRows":728}
{"timestamp":"2026-03-04T08:57:12.365Z","runId":350,"level":"debug","phase":"write","tableName":"JOB_INFORMATION","tableRunId":740,"status":"start","batchSize":728}
{"timestamp":"2026-03-04T08:57:12.428Z","runId":350,"level":"debug","phase":"write","tableName":"JOB_INFORMATION","tableRunId":740,"status":"end","inserted":728,"updated":0,"skipped":0,"durationMs":63}
{"timestamp":"2026-03-04T08:57:12.443Z","runId":350,"level":"info","phase":"table_finalize","tableName":"JOB_INFORMATION","tableRunId":740,"status":"success","inserted":728,"updated":0,"skipped":0,"errors":0,"durationMs":383}
{"timestamp":"2026-03-04T08:57:12.444Z","runId":350,"level":"debug","phase":"table_loop","action":"processing","tableName":"INVOICES_SUPPLIER","mappingTableKeys":["CNOTE","STOCK","PRICING","ACCCLASS","ACCOUNTS"]}
{"timestamp":"2026-03-04T08:57:12.444Z","runId":350,"level":"debug","phase":"table_loop","action":"mapping_resolved","tableName":"INVOICES_SUPPLIER","hasMappingEntry":true,"mappingTarget":"INVOICES_SUPPLIER"}
{"timestamp":"2026-03-04T08:57:12.444Z","runId":350,"level":"debug","phase":"mapping_debug","tableName":"INVOICES_SUPPLIER","mappedSource":"INVOICESUPPLIER","firebirdTableCount":191,"sampleFirebirdTables":["ACCCLASS","ACCDEPARTMENT","ACCOUNTLINKS","ACCOUNTS","ACCOUNT_OPENING"]}
{"timestamp":"2026-03-04T08:57:12.553Z","runId":350,"level":"debug","phase":"clean_decision","tableName":"INVOICES_SUPPLIER","cleanBefore":true,"dryRun":false,"mode":"INSERT"}
{"timestamp":"2026-03-04T08:57:12.553Z","runId":350,"type":"table_cleaning_started","table":"INVOICES_SUPPLIER","tableRunId":741}
{"timestamp":"2026-03-04T08:57:12.553Z","runId":350,"level":"info","phase":"clean","tableName":"INVOICES_SUPPLIER","tableRunId":741,"status":"start"}
{"timestamp":"2026-03-04T08:57:12.554Z","runId":350,"level":"debug","phase":"clean","tableName":"INVOICES_SUPPLIER","tableRunId":741,"action":"fk_checks_disabled"}
{"timestamp":"2026-03-04T08:57:12.597Z","runId":350,"level":"info","phase":"clean","tableName":"INVOICES_SUPPLIER","tableRunId":741,"status":"success","method":"TRUNCATE","affectedRows":null,"postCount":0,"durationMs":44}
{"timestamp":"2026-03-04T08:57:12.605Z","runId":350,"type":"table_cleaned","table":"INVOICES_SUPPLIER","tableRunId":741,"method":"TRUNCATE","affectedRows":null,"postCount":0}
{"timestamp":"2026-03-04T08:57:12.606Z","runId":350,"level":"debug","phase":"clean","tableName":"INVOICES_SUPPLIER","tableRunId":741,"action":"fk_checks_restored"}
{"timestamp":"2026-03-04T08:57:12.606Z","runId":350,"level":"info","phase":"table_start","tableName":"INVOICES_SUPPLIER","tableRunId":741,"mode":"INSERT","keyStrategy":"preserve","dedupeKeys":[]}
{"timestamp":"2026-03-04T08:57:12.722Z","runId":350,"level":"info","phase":"fetch","tableName":"INVOICES_SUPPLIER","tableRunId":741,"sourceRows":1219}
{"timestamp":"2026-03-04T08:57:12.877Z","runId":350,"level":"debug","phase":"write","tableName":"INVOICES_SUPPLIER","tableRunId":741,"status":"start","batchSize":1000}
{"timestamp":"2026-03-04T08:57:12.932Z","runId":350,"level":"debug","phase":"write","tableName":"INVOICES_SUPPLIER","tableRunId":741,"status":"end","inserted":1000,"updated":0,"skipped":0,"durationMs":55}
{"timestamp":"2026-03-04T08:57:13.057Z","runId":350,"level":"debug","phase":"write","tableName":"INVOICES_SUPPLIER","tableRunId":741,"status":"start","batchSize":219}
{"timestamp":"2026-03-04T08:57:13.073Z","runId":350,"level":"debug","phase":"write","tableName":"INVOICES_SUPPLIER","tableRunId":741,"status":"end","inserted":219,"updated":0,"skipped":0,"durationMs":16}
{"timestamp":"2026-03-04T08:57:13.092Z","runId":350,"level":"info","phase":"table_finalize","tableName":"INVOICES_SUPPLIER","tableRunId":741,"status":"success","inserted":1219,"updated":0,"skipped":0,"errors":0,"durationMs":477}
{"timestamp":"2026-03-04T08:57:13.093Z","runId":350,"level":"debug","phase":"table_loop","action":"processing","tableName":"PAYMENTS_SUPPLIERS","mappingTableKeys":["CNOTE","STOCK","PRICING","ACCCLASS","ACCOUNTS"]}
{"timestamp":"2026-03-04T08:57:13.093Z","runId":350,"level":"debug","phase":"table_loop","action":"mapping_resolved","tableName":"PAYMENTS_SUPPLIERS","hasMappingEntry":true,"mappingTarget":"PAYMENTS_SUPPLIERS"}
{"timestamp":"2026-03-04T08:57:13.093Z","runId":350,"level":"debug","phase":"mapping_debug","tableName":"PAYMENTS_SUPPLIERS","mappedSource":"PAYMENTSSUPP","firebirdTableCount":191,"sampleFirebirdTables":["ACCCLASS","ACCDEPARTMENT","ACCOUNTLINKS","ACCOUNTS","ACCOUNT_OPENING"]}
{"timestamp":"2026-03-04T08:57:13.198Z","runId":350,"level":"debug","phase":"clean_decision","tableName":"PAYMENTS_SUPPLIERS","cleanBefore":true,"dryRun":false,"mode":"INSERT"}
{"timestamp":"2026-03-04T08:57:13.198Z","runId":350,"type":"table_cleaning_started","table":"PAYMENTS_SUPPLIERS","tableRunId":742}
{"timestamp":"2026-03-04T08:57:13.198Z","runId":350,"level":"info","phase":"clean","tableName":"PAYMENTS_SUPPLIERS","tableRunId":742,"status":"start"}
{"timestamp":"2026-03-04T08:57:13.199Z","runId":350,"level":"debug","phase":"clean","tableName":"PAYMENTS_SUPPLIERS","tableRunId":742,"action":"fk_checks_disabled"}
{"timestamp":"2026-03-04T08:57:13.243Z","runId":350,"level":"info","phase":"clean","tableName":"PAYMENTS_SUPPLIERS","tableRunId":742,"status":"success","method":"TRUNCATE","affectedRows":null,"postCount":0,"durationMs":45}
{"timestamp":"2026-03-04T08:57:13.252Z","runId":350,"type":"table_cleaned","table":"PAYMENTS_SUPPLIERS","tableRunId":742,"method":"TRUNCATE","affectedRows":null,"postCount":0}
{"timestamp":"2026-03-04T08:57:13.254Z","runId":350,"level":"debug","phase":"clean","tableName":"PAYMENTS_SUPPLIERS","tableRunId":742,"action":"fk_checks_restored"}
{"timestamp":"2026-03-04T08:57:13.254Z","runId":350,"level":"info","phase":"table_start","tableName":"PAYMENTS_SUPPLIERS","tableRunId":742,"mode":"INSERT","keyStrategy":"preserve","dedupeKeys":[]}
{"timestamp":"2026-03-04T08:57:13.361Z","runId":350,"level":"info","phase":"fetch","tableName":"PAYMENTS_SUPPLIERS","tableRunId":742,"sourceRows":0}
{"timestamp":"2026-03-04T08:57:13.371Z","runId":350,"level":"info","phase":"table_finalize","tableName":"PAYMENTS_SUPPLIERS","tableRunId":742,"status":"success","inserted":0,"updated":0,"skipped":0,"errors":0,"durationMs":108}
{"timestamp":"2026-03-04T08:57:13.372Z","runId":350,"level":"debug","phase":"table_loop","action":"processing","tableName":"CREDIT_NOTES_SUPPLIER","mappingTableKeys":["CNOTE","STOCK","PRICING","ACCCLASS","ACCOUNTS"]}
{"timestamp":"2026-03-04T08:57:13.372Z","runId":350,"level":"debug","phase":"table_loop","action":"mapping_resolved","tableName":"CREDIT_NOTES_SUPPLIER","hasMappingEntry":true,"mappingTarget":"CREDIT_NOTES_SUPPLIER"}
{"timestamp":"2026-03-04T08:57:13.372Z","runId":350,"level":"debug","phase":"mapping_debug","tableName":"CREDIT_NOTES_SUPPLIER","mappedSource":"CNOTESUPP","firebirdTableCount":191,"sampleFirebirdTables":["ACCCLASS","ACCDEPARTMENT","ACCOUNTLINKS","ACCOUNTS","ACCOUNT_OPENING"]}
{"timestamp":"2026-03-04T08:57:13.486Z","runId":350,"level":"debug","phase":"clean_decision","tableName":"CREDIT_NOTES_SUPPLIER","cleanBefore":true,"dryRun":false,"mode":"INSERT"}
{"timestamp":"2026-03-04T08:57:13.487Z","runId":350,"type":"table_cleaning_started","table":"CREDIT_NOTES_SUPPLIER","tableRunId":743}
{"timestamp":"2026-03-04T08:57:13.487Z","runId":350,"level":"info","phase":"clean","tableName":"CREDIT_NOTES_SUPPLIER","tableRunId":743,"status":"start"}
{"timestamp":"2026-03-04T08:57:13.488Z","runId":350,"level":"debug","phase":"clean","tableName":"CREDIT_NOTES_SUPPLIER","tableRunId":743,"action":"fk_checks_disabled"}
{"timestamp":"2026-03-04T08:57:13.517Z","runId":350,"level":"info","phase":"clean","tableName":"CREDIT_NOTES_SUPPLIER","tableRunId":743,"status":"success","method":"TRUNCATE","affectedRows":null,"postCount":0,"durationMs":30}
{"timestamp":"2026-03-04T08:57:13.524Z","runId":350,"type":"table_cleaned","table":"CREDIT_NOTES_SUPPLIER","tableRunId":743,"method":"TRUNCATE","affectedRows":null,"postCount":0}
{"timestamp":"2026-03-04T08:57:13.525Z","runId":350,"level":"debug","phase":"clean","tableName":"CREDIT_NOTES_SUPPLIER","tableRunId":743,"action":"fk_checks_restored"}
{"timestamp":"2026-03-04T08:57:13.525Z","runId":350,"level":"info","phase":"table_start","tableName":"CREDIT_NOTES_SUPPLIER","tableRunId":743,"mode":"INSERT","keyStrategy":"preserve","dedupeKeys":[]}
{"timestamp":"2026-03-04T08:57:13.636Z","runId":350,"level":"info","phase":"fetch","tableName":"CREDIT_NOTES_SUPPLIER","tableRunId":743,"sourceRows":0}
{"timestamp":"2026-03-04T08:57:13.645Z","runId":350,"level":"info","phase":"table_finalize","tableName":"CREDIT_NOTES_SUPPLIER","tableRunId":743,"status":"success","inserted":0,"updated":0,"skipped":0,"errors":0,"durationMs":112}
{"timestamp":"2026-03-04T08:57:13.646Z","runId":350,"level":"info","phase":"post_migration_gl_validation","status":"start"}
{"timestamp":"2026-03-04T08:57:13.674Z","runId":350,"level":"info","phase":"post_migration_gl_validation","check":"E","name":"GL Account Types Canonical","passed":true,"errorCount":0,"errors":[]}
{"timestamp":"2026-03-04T08:57:13.674Z","runId":350,"level":"info","phase":"post_migration_gl_validation","check":"F","name":"All Accounts Typed","passed":true,"errorCount":0,"errors":[]}
{"timestamp":"2026-03-04T08:57:13.675Z","runId":350,"level":"warn","phase":"post_migration_gl_validation","check":"A","name":"Account Type Mismatches","passed":false,"errorCount":1,"errors":[{"accnr":6200,"name":"INTERNAL PARTS REVENUE","actual_type_id":1,"actual_type_code":"INCOME","source_accclass":6,"expected_type_id":6,"message":"Account 6200 (INTERNAL PARTS REVENUE): type_id=1 but ACCCLASS=6 → expected type_id=6"}]}
{"timestamp":"2026-03-04T08:57:13.675Z","runId":350,"level":"info","phase":"post_migration_gl_validation","check":"B","name":"Posting Line Type Alignment","passed":true,"errorCount":0,"errors":[]}
{"timestamp":"2026-03-04T08:57:13.675Z","runId":350,"level":"info","phase":"post_migration_gl_validation","check":"C","name":"Orphan / Invalid Postings","passed":true,"errorCount":0,"errors":[]}
{"timestamp":"2026-03-04T08:57:13.675Z","runId":350,"level":"info","phase":"post_migration_gl_validation","check":"D","name":"COS Integrity","passed":true,"errorCount":0,"errors":[]}
{"timestamp":"2026-03-04T08:57:13.676Z","runId":350,"level":"error","phase":"post_migration_gl_validation","status":"failed","message":"GL validation failed:\n  • [A] Account Type Mismatches: 1 error(s)"}
