{"timestamp":"2026-10-06T08:26:04.499Z","runId":4,"level":"info","phase":"run_start","dryRun":false,"batchSize":1000,"fkChecks":true,"tables":[{"table":"BANKS","mode":"INSERT","keyStrategy":"preserve","dedupeKeys":[],"onDuplicate":"SKIP","cleanBefore":false},{"table":"STAFF","mode":"INSERT","keyStrategy":"preserve","dedupeKeys":[],"onDuplicate":"SKIP","cleanBefore":false},{"table":"STOCK","mode":"INSERT","keyStrategy":"preserve","dedupeKeys":[],"onDuplicate":"SKIP","cleanBefore":false},{"table":"ACCOUNTS","mode":"INSERT","keyStrategy":"preserve","dedupeKeys":[],"onDuplicate":"SKIP","cleanBefore":false},{"table":"INVOICES","mode":"INSERT","keyStrategy":"preserve","dedupeKeys":[],"onDuplicate":"SKIP","cleanBefore":false},{"table":"LOCATION","mode":"INSERT","keyStrategy":"preserve","dedupeKeys":[],"onDuplicate":"SKIP","cleanBefore":false},{"table":"PAYMENTS","mode":"INSERT","keyStrategy":"preserve","dedupeKeys":[],"onDuplicate":"SKIP","cleanBefore":false},{"table":"ACC_CLASS","mode":"INSERT","keyStrategy":"preserve","dedupeKeys":[],"onDuplicate":"SKIP","cleanBefore":false},{"table":"CUSTOMERS","mode":"INSERT","keyStrategy":"preserve","dedupeKeys":[],"onDuplicate":"SKIP","cleanBefore":false},{"table":"SUPPLIERS","mode":"INSERT","keyStrategy":"preserve","dedupeKeys":[],"onDuplicate":"SKIP","cleanBefore":false},{"table":"WORK_DONE","mode":"INSERT","keyStrategy":"preserve","dedupeKeys":[],"onDuplicate":"SKIP","cleanBefore":false},{"table":"WIP_STATUS","mode":"INSERT","keyStrategy":"preserve","dedupeKeys":[],"onDuplicate":"SKIP","cleanBefore":false},{"table":"SPARES_USED","mode":"INSERT","keyStrategy":"preserve","dedupeKeys":[],"onDuplicate":"SKIP","cleanBefore":false},{"table":"CREDIT_NOTES","mode":"INSERT","keyStrategy":"preserve","dedupeKeys":[],"onDuplicate":"SKIP","cleanBefore":false},{"table":"INVOICE_ITEMS","mode":"INSERT","keyStrategy":"preserve","dedupeKeys":[],"onDuplicate":"SKIP","cleanBefore":false},{"table":"ACC_DEPARTMENT","mode":"INSERT","keyStrategy":"preserve","dedupeKeys":[],"onDuplicate":"SKIP","cleanBefore":false},{"table":"LABOUR_PRICING","mode":"INSERT","keyStrategy":"preserve","dedupeKeys":[],"onDuplicate":"SKIP","cleanBefore":false},{"table":"INVOICE_GENERAL","mode":"INSERT","keyStrategy":"preserve","dedupeKeys":[],"onDuplicate":"SKIP","cleanBefore":false},{"table":"INVOICES_SUPPLIER","mode":"INSERT","keyStrategy":"preserve","dedupeKeys":[],"onDuplicate":"SKIP","cleanBefore":false},{"table":"PAYMENTS_SUPPLIERS","mode":"INSERT","keyStrategy":"preserve","dedupeKeys":[],"onDuplicate":"SKIP","cleanBefore":false},{"table":"CREDIT_NOTES_SUPPLIER","mode":"INSERT","keyStrategy":"preserve","dedupeKeys":[],"onDuplicate":"SKIP","cleanBefore":false}]}
{"timestamp":"2026-10-06T08:26:04.500Z","runId":4,"level":"info","phase":"preflight","action":"firebird_config_check","host":"localhost","port":3050,"database":"C:\\Autoneer\\data\\AUTONEER.FDB","user":"SYSDBA","passwordSet":true,"passwordLength":9,"passwordSource":"state","useDefaultSysdbaMasterkey":true,"rawPasswordSet":true,"rawPasswordLength":9}
{"timestamp":"2026-10-06T08:26:04.570Z","runId":4,"level":"info","phase":"preflight","attempt":1,"status":"ok"}
{"timestamp":"2026-10-06T08:26:04.571Z","runId":4,"level":"debug","phase":"preflight","durationMs":71}
{"timestamp":"2026-10-06T08:26:04.571Z","runId":4,"level":"info","phase":"preflight","action":"nullability_validation","status":"start"}
{"timestamp":"2026-10-06T08:26:04.588Z","runId":4,"level":"info","phase":"preflight","action":"nullability_validation","status":"passed"}
{"timestamp":"2026-10-06T08:26:04.588Z","runId":4,"level":"info","phase":"preflight","action":"gl_account_types_seed","status":"start"}
{"timestamp":"2026-10-06T08:26:04.592Z","runId":4,"level":"info","phase":"preflight","action":"gl_account_types_seed","status":"passed"}
{"timestamp":"2026-10-06T08:26:04.730Z","runId":4,"level":"info","phase":"preflight","action":"accnr_conversion_map","source":"firebird","sourceTable":"ACCOUNTS","count":130}
{"timestamp":"2026-10-06T08:26:04.731Z","runId":4,"level":"debug","phase":"table_loop","action":"starting","includedCount":21,"mappingTableCount":21}
{"timestamp":"2026-10-06T08:26:04.731Z","runId":4,"level":"warn","phase":"plan_migrate","table":"invoices","action":"enforce_invoice_identity","message":"Invoices preserve original invoice numbers and reject duplicate keys to prevent lost or misidentified invoices.","requested":{"mode":"INSERT","keyStrategy":"preserve","onDuplicate":"SKIP"},"applied":{"mode":"INSERT","keyStrategy":"preserve","onDuplicate":"ERROR"}}
{"timestamp":"2026-10-06T08:26:04.731Z","runId":4,"level":"info","phase":"table_loop","action":"normalized_tables","sampleTables":["BANKS","STAFF","STOCK","ACCOUNTS","INVOICES"]}
{"timestamp":"2026-10-06T08:26:04.731Z","runId":4,"level":"debug","phase":"table_loop","action":"processing","tableName":"banks","mappingTableKeys":["BANKS","CNOTE","STAFF","STOCK","PRICING"]}
{"timestamp":"2026-10-06T08:26:04.731Z","runId":4,"level":"debug","phase":"table_loop","action":"mapping_resolved","tableName":"banks","hasMappingEntry":true,"mappingTarget":"BANKS"}
{"timestamp":"2026-10-06T08:26:04.731Z","runId":4,"level":"debug","phase":"mapping_debug","tableName":"banks","mappedSource":"BANKS","firebirdTableCount":189,"sampleFirebirdTables":["ACCCLASS","ACCDEPARTMENT","ACCOUNTLINKS","ACCOUNTS","ACCOUNT_OPENING"]}
{"timestamp":"2026-10-06T08:26:04.862Z","runId":4,"level":"debug","phase":"clean_decision","tableName":"banks","cleanBefore":false,"dryRun":false,"mode":"INSERT"}
{"timestamp":"2026-10-06T08:26:04.863Z","runId":4,"level":"info","phase":"table_start","tableName":"banks","tableRunId":16,"mode":"INSERT","keyStrategy":"preserve","dedupeKeys":[]}
{"timestamp":"2026-10-06T08:26:04.863Z","runId":4,"level":"info","phase":"fetch","tableName":"banks","tableRunId":16,"sourceRows":0,"dateFilter":null}
{"timestamp":"2026-10-06T08:26:04.869Z","runId":4,"level":"info","phase":"table_finalize","tableName":"banks","tableRunId":16,"status":"success","inserted":0,"updated":0,"skipped":0,"errors":0,"durationMs":132}
{"timestamp":"2026-10-06T08:26:04.870Z","runId":4,"level":"debug","phase":"table_loop","action":"processing","tableName":"staff","mappingTableKeys":["BANKS","CNOTE","STAFF","STOCK","PRICING"]}
{"timestamp":"2026-10-06T08:26:04.870Z","runId":4,"level":"debug","phase":"table_loop","action":"mapping_resolved","tableName":"staff","hasMappingEntry":true,"mappingTarget":"STAFF"}
{"timestamp":"2026-10-06T08:26:04.870Z","runId":4,"level":"debug","phase":"mapping_debug","tableName":"staff","mappedSource":"STAFF","firebirdTableCount":189,"sampleFirebirdTables":["ACCCLASS","ACCDEPARTMENT","ACCOUNTLINKS","ACCOUNTS","ACCOUNT_OPENING"]}
{"timestamp":"2026-10-06T08:26:05.013Z","runId":4,"level":"debug","phase":"clean_decision","tableName":"staff","cleanBefore":false,"dryRun":false,"mode":"INSERT"}
{"timestamp":"2026-10-06T08:26:05.013Z","runId":4,"level":"info","phase":"table_start","tableName":"staff","tableRunId":17,"mode":"INSERT","keyStrategy":"preserve","dedupeKeys":[]}
{"timestamp":"2026-10-06T08:26:05.013Z","runId":4,"level":"info","phase":"fetch","tableName":"staff","tableRunId":17,"sourceRows":38,"dateFilter":null}
{"timestamp":"2026-10-06T08:26:05.019Z","runId":4,"level":"debug","phase":"write","tableName":"staff","tableRunId":17,"status":"start","batchSize":38}
{"timestamp":"2026-10-06T08:26:05.026Z","runId":4,"level":"debug","phase":"write","tableName":"staff","tableRunId":17,"status":"end","inserted":1,"updated":0,"skipped":37,"durationMs":7}
{"timestamp":"2026-10-06T08:26:05.034Z","runId":4,"level":"info","phase":"table_finalize","tableName":"staff","tableRunId":17,"status":"success","inserted":1,"updated":0,"skipped":37,"errors":0,"durationMs":160}
{"timestamp":"2026-10-06T08:26:05.035Z","runId":4,"level":"debug","phase":"table_loop","action":"processing","tableName":"stock","mappingTableKeys":["BANKS","CNOTE","STAFF","STOCK","PRICING"]}
{"timestamp":"2026-10-06T08:26:05.035Z","runId":4,"level":"debug","phase":"table_loop","action":"mapping_resolved","tableName":"stock","hasMappingEntry":true,"mappingTarget":"STOCK"}
{"timestamp":"2026-10-06T08:26:05.035Z","runId":4,"level":"debug","phase":"mapping_debug","tableName":"stock","mappedSource":"STOCK","firebirdTableCount":189,"sampleFirebirdTables":["ACCCLASS","ACCDEPARTMENT","ACCOUNTLINKS","ACCOUNTS","ACCOUNT_OPENING"]}
{"timestamp":"2026-10-06T08:26:05.794Z","runId":4,"level":"error","phase":"run_error","error":"Your user name and password are not defined. Ask your database\nadministrator to set up a Firebird login\n. Likely causes: empty user, empty password, Firebird Embedded security misconfiguration, or connecting to the wrong server/port. Verify credentials on Setup. Config used: host=localhost port=3050 database=C:\\Autoneer\\data\\AUTONEER.FDB user=SYSDBA passwordSet=true source=state useDefault=true","stack":"Error: Your user name and password are not defined. Ask your database\nadministrator to set up a Firebird login\n\n    at doCallback (C:\\Projects\\Autoneer-Migrate\\node_modules\\node-firebird\\lib\\callback.js:23:21)\n    at C:\\Projects\\Autoneer-Migrate\\node_modules\\node-firebird\\lib\\wire\\connection.js:172:21"}
