{"timestamp":"2026-03-21T13:50:04.033Z","runId":45,"level":"info","phase":"run_start","dryRun":false,"batchSize":1000,"fkChecks":true,"tables":[{"table":"BANKS","mode":"INSERT","keyStrategy":"preserve","dedupeKeys":[],"onDuplicate":"SKIP","cleanBefore":true},{"table":"STOCK","mode":"INSERT","keyStrategy":"preserve","dedupeKeys":[],"onDuplicate":"SKIP","cleanBefore":true},{"table":"ACCOUNTS","mode":"INSERT","keyStrategy":"preserve","dedupeKeys":[],"onDuplicate":"SKIP","cleanBefore":true},{"table":"INVOICES","mode":"INSERT","keyStrategy":"preserve","dedupeKeys":[],"onDuplicate":"SKIP","cleanBefore":true},{"table":"LOCATION","mode":"INSERT","keyStrategy":"preserve","dedupeKeys":[],"onDuplicate":"SKIP","cleanBefore":true},{"table":"PAYMENTS","mode":"INSERT","keyStrategy":"preserve","dedupeKeys":[],"onDuplicate":"SKIP","cleanBefore":true},{"table":"ACC_CLASS","mode":"INSERT","keyStrategy":"preserve","dedupeKeys":[],"onDuplicate":"SKIP","cleanBefore":true},{"table":"CUSTOMERS","mode":"INSERT","keyStrategy":"preserve","dedupeKeys":[],"onDuplicate":"SKIP","cleanBefore":true},{"table":"SUPPLIERS","mode":"INSERT","keyStrategy":"preserve","dedupeKeys":[],"onDuplicate":"SKIP","cleanBefore":true},{"table":"WORK_DONE","mode":"INSERT","keyStrategy":"preserve","dedupeKeys":[],"onDuplicate":"SKIP","cleanBefore":true},{"table":"WIP_STATUS","mode":"INSERT","keyStrategy":"preserve","dedupeKeys":[],"onDuplicate":"SKIP","cleanBefore":true},{"table":"SPARES_USED","mode":"INSERT","keyStrategy":"preserve","dedupeKeys":[],"onDuplicate":"SKIP","cleanBefore":true},{"table":"CREDIT_NOTES","mode":"INSERT","keyStrategy":"preserve","dedupeKeys":[],"onDuplicate":"SKIP","cleanBefore":true},{"table":"INVOICE_ITEMS","mode":"INSERT","keyStrategy":"preserve","dedupeKeys":[],"onDuplicate":"SKIP","cleanBefore":true},{"table":"ACC_DEPARTMENT","mode":"INSERT","keyStrategy":"preserve","dedupeKeys":[],"onDuplicate":"SKIP","cleanBefore":true},{"table":"LABOUR_PRICING","mode":"INSERT","keyStrategy":"preserve","dedupeKeys":[],"onDuplicate":"SKIP","cleanBefore":true},{"table":"INVOICE_GENERAL","mode":"INSERT","keyStrategy":"preserve","dedupeKeys":[],"onDuplicate":"SKIP","cleanBefore":true},{"table":"JOB_INFORMATION","mode":"INSERT","keyStrategy":"preserve","dedupeKeys":[],"onDuplicate":"SKIP","cleanBefore":true},{"table":"INVOICES_SUPPLIER","mode":"INSERT","keyStrategy":"preserve","dedupeKeys":[],"onDuplicate":"SKIP","cleanBefore":true},{"table":"PAYMENTS_SUPPLIERS","mode":"INSERT","keyStrategy":"preserve","dedupeKeys":[],"onDuplicate":"SKIP","cleanBefore":true},{"table":"CREDIT_NOTES_SUPPLIER","mode":"INSERT","keyStrategy":"preserve","dedupeKeys":[],"onDuplicate":"SKIP","cleanBefore":true}]}
{"timestamp":"2026-03-21T13:50:04.034Z","runId":45,"level":"info","phase":"preflight","action":"firebird_config_check","host":"localhost","port":3050,"database":"C:\\Autoneer\\data\\AUTONEER.FDB","user":"SYSDBA","passwordSet":true,"passwordLength":9,"passwordSource":"state","useDefaultSysdbaMasterkey":true,"rawPasswordSet":true,"rawPasswordLength":9}
{"timestamp":"2026-03-21T13:50:04.094Z","runId":45,"level":"info","phase":"preflight","attempt":1,"status":"ok"}
{"timestamp":"2026-03-21T13:50:04.095Z","runId":45,"level":"debug","phase":"preflight","durationMs":61}
{"timestamp":"2026-03-21T13:50:04.095Z","runId":45,"level":"info","phase":"preflight","action":"nullability_validation","status":"start"}
{"timestamp":"2026-03-21T13:50:04.113Z","runId":45,"level":"info","phase":"preflight","action":"nullability_validation","status":"passed"}
{"timestamp":"2026-03-21T13:50:04.113Z","runId":45,"level":"info","phase":"preflight","action":"gl_account_types_seed","status":"start"}
{"timestamp":"2026-03-21T13:50:04.118Z","runId":45,"level":"info","phase":"preflight","action":"gl_account_types_seed","status":"passed"}
{"timestamp":"2026-03-21T13:50:04.217Z","runId":45,"level":"info","phase":"preflight","action":"accnr_conversion_map","source":"firebird","sourceTable":"ACCOUNTS","count":89}
{"timestamp":"2026-03-21T13:50:04.217Z","runId":45,"level":"debug","phase":"table_loop","action":"starting","includedCount":21,"mappingTableCount":21}
{"timestamp":"2026-03-21T13:50:04.218Z","runId":45,"level":"info","phase":"table_loop","action":"normalized_tables","sampleTables":["BANKS","STOCK","ACCOUNTS","INVOICES","LOCATION"]}
{"timestamp":"2026-03-21T13:50:04.218Z","runId":45,"level":"debug","phase":"table_loop","action":"processing","tableName":"banks","mappingTableKeys":["BANKS","CNOTE","STOCK","PRICING","ACCCLASS"]}
{"timestamp":"2026-03-21T13:50:04.218Z","runId":45,"level":"debug","phase":"table_loop","action":"mapping_resolved","tableName":"banks","hasMappingEntry":true,"mappingTarget":"BANKS"}
{"timestamp":"2026-03-21T13:50:04.218Z","runId":45,"level":"debug","phase":"mapping_debug","tableName":"banks","mappedSource":"BANKS","firebirdTableCount":193,"sampleFirebirdTables":["ACCCLASS","ACCDEPARTMENT","ACCOUNTLINKS","ACCOUNTS","ACCOUNT_OPENING"]}
{"timestamp":"2026-03-21T13:50:04.277Z","runId":45,"level":"debug","phase":"clean_decision","tableName":"banks","cleanBefore":true,"dryRun":false,"mode":"INSERT"}
{"timestamp":"2026-03-21T13:50:04.277Z","runId":45,"type":"table_cleaning_started","table":"banks","tableRunId":501}
{"timestamp":"2026-03-21T13:50:04.277Z","runId":45,"level":"info","phase":"clean","tableName":"banks","tableRunId":501,"status":"start"}
{"timestamp":"2026-03-21T13:50:04.278Z","runId":45,"level":"debug","phase":"clean","tableName":"banks","tableRunId":501,"action":"fk_checks_disabled"}
{"timestamp":"2026-03-21T13:50:04.308Z","runId":45,"level":"info","phase":"clean","tableName":"banks","tableRunId":501,"status":"success","method":"TRUNCATE","affectedRows":null,"postCount":0,"durationMs":31}
{"timestamp":"2026-03-21T13:50:04.316Z","runId":45,"type":"table_cleaned","table":"banks","tableRunId":501,"method":"TRUNCATE","affectedRows":null,"postCount":0}
{"timestamp":"2026-03-21T13:50:04.317Z","runId":45,"level":"debug","phase":"clean","tableName":"banks","tableRunId":501,"action":"fk_checks_restored"}
{"timestamp":"2026-03-21T13:50:04.317Z","runId":45,"level":"info","phase":"table_start","tableName":"banks","tableRunId":501,"mode":"INSERT","keyStrategy":"preserve","dedupeKeys":[]}
{"timestamp":"2026-03-21T13:50:04.372Z","runId":45,"level":"info","phase":"fetch","tableName":"banks","tableRunId":501,"sourceRows":1}
{"timestamp":"2026-03-21T13:50:04.423Z","runId":45,"level":"debug","phase":"write","tableName":"banks","tableRunId":501,"status":"start","batchSize":1}
{"timestamp":"2026-03-21T13:50:04.427Z","runId":45,"level":"debug","phase":"write","tableName":"banks","tableRunId":501,"status":"end","inserted":1,"updated":0,"skipped":0,"durationMs":4}
{"timestamp":"2026-03-21T13:50:04.443Z","runId":45,"level":"info","phase":"table_finalize","tableName":"banks","tableRunId":501,"status":"success","inserted":1,"updated":0,"skipped":0,"errors":0,"durationMs":118}
{"timestamp":"2026-03-21T13:50:04.444Z","runId":45,"level":"debug","phase":"table_loop","action":"processing","tableName":"stock","mappingTableKeys":["BANKS","CNOTE","STOCK","PRICING","ACCCLASS"]}
{"timestamp":"2026-03-21T13:50:04.444Z","runId":45,"level":"debug","phase":"table_loop","action":"mapping_resolved","tableName":"stock","hasMappingEntry":true,"mappingTarget":"STOCK"}
{"timestamp":"2026-03-21T13:50:04.444Z","runId":45,"level":"debug","phase":"mapping_debug","tableName":"stock","mappedSource":"STOCK","firebirdTableCount":193,"sampleFirebirdTables":["ACCCLASS","ACCDEPARTMENT","ACCOUNTLINKS","ACCOUNTS","ACCOUNT_OPENING"]}
{"timestamp":"2026-03-21T13:50:04.497Z","runId":45,"level":"debug","phase":"clean_decision","tableName":"stock","cleanBefore":true,"dryRun":false,"mode":"INSERT"}
{"timestamp":"2026-03-21T13:50:04.497Z","runId":45,"type":"table_cleaning_started","table":"stock","tableRunId":502}
{"timestamp":"2026-03-21T13:50:04.497Z","runId":45,"level":"info","phase":"clean","tableName":"stock","tableRunId":502,"status":"start"}
{"timestamp":"2026-03-21T13:50:04.497Z","runId":45,"level":"debug","phase":"clean","tableName":"stock","tableRunId":502,"action":"fk_checks_disabled"}
{"timestamp":"2026-03-21T13:50:04.539Z","runId":45,"level":"info","phase":"clean","tableName":"stock","tableRunId":502,"status":"success","method":"TRUNCATE","affectedRows":null,"postCount":0,"durationMs":42}
{"timestamp":"2026-03-21T13:50:04.545Z","runId":45,"type":"table_cleaned","table":"stock","tableRunId":502,"method":"TRUNCATE","affectedRows":null,"postCount":0}
{"timestamp":"2026-03-21T13:50:04.546Z","runId":45,"level":"debug","phase":"clean","tableName":"stock","tableRunId":502,"action":"fk_checks_restored"}
{"timestamp":"2026-03-21T13:50:04.546Z","runId":45,"level":"info","phase":"table_start","tableName":"stock","tableRunId":502,"mode":"INSERT","keyStrategy":"preserve","dedupeKeys":[]}
{"timestamp":"2026-03-21T13:50:04.601Z","runId":45,"level":"info","phase":"fetch","tableName":"stock","tableRunId":502,"sourceRows":138}
{"timestamp":"2026-03-21T13:50:05.229Z","runId":45,"level":"debug","phase":"write","tableName":"stock","tableRunId":502,"status":"start","batchSize":138}
{"timestamp":"2026-03-21T13:50:05.249Z","runId":45,"level":"debug","phase":"write","tableName":"stock","tableRunId":502,"status":"end","inserted":138,"updated":0,"skipped":0,"durationMs":20}
{"timestamp":"2026-03-21T13:50:05.273Z","runId":45,"level":"info","phase":"table_finalize","tableName":"stock","tableRunId":502,"status":"success","inserted":138,"updated":0,"skipped":0,"errors":0,"durationMs":715}
{"timestamp":"2026-03-21T13:50:05.273Z","runId":45,"level":"debug","phase":"table_loop","action":"processing","tableName":"accounts","mappingTableKeys":["BANKS","CNOTE","STOCK","PRICING","ACCCLASS"]}
{"timestamp":"2026-03-21T13:50:05.273Z","runId":45,"level":"debug","phase":"table_loop","action":"mapping_resolved","tableName":"accounts","hasMappingEntry":true,"mappingTarget":"ACCOUNTS"}
{"timestamp":"2026-03-21T13:50:05.273Z","runId":45,"level":"debug","phase":"mapping_debug","tableName":"accounts","mappedSource":"ACCOUNTS","firebirdTableCount":193,"sampleFirebirdTables":["ACCCLASS","ACCDEPARTMENT","ACCOUNTLINKS","ACCOUNTS","ACCOUNT_OPENING"]}
{"timestamp":"2026-03-21T13:50:05.936Z","runId":45,"level":"debug","phase":"clean_decision","tableName":"accounts","cleanBefore":true,"dryRun":false,"mode":"INSERT"}
{"timestamp":"2026-03-21T13:50:05.936Z","runId":45,"type":"table_cleaning_started","table":"accounts","tableRunId":503}
{"timestamp":"2026-03-21T13:50:05.936Z","runId":45,"level":"info","phase":"clean","tableName":"accounts","tableRunId":503,"status":"start"}
{"timestamp":"2026-03-21T13:50:05.937Z","runId":45,"level":"debug","phase":"clean","tableName":"accounts","tableRunId":503,"action":"fk_checks_disabled"}
{"timestamp":"2026-03-21T13:50:05.962Z","runId":45,"level":"info","phase":"clean","tableName":"accounts","tableRunId":503,"status":"success","method":"TRUNCATE","affectedRows":null,"postCount":0,"durationMs":26}
{"timestamp":"2026-03-21T13:50:05.968Z","runId":45,"type":"table_cleaned","table":"accounts","tableRunId":503,"method":"TRUNCATE","affectedRows":null,"postCount":0}
{"timestamp":"2026-03-21T13:50:05.969Z","runId":45,"level":"debug","phase":"clean","tableName":"accounts","tableRunId":503,"action":"fk_checks_restored"}
{"timestamp":"2026-03-21T13:50:05.969Z","runId":45,"level":"info","phase":"table_start","tableName":"accounts","tableRunId":503,"mode":"INSERT","keyStrategy":"preserve","dedupeKeys":[]}
{"timestamp":"2026-03-21T13:50:06.024Z","runId":45,"level":"info","phase":"fetch","tableName":"accounts","tableRunId":503,"sourceRows":103}
{"timestamp":"2026-03-21T13:50:06.078Z","runId":45,"level":"debug","phase":"write","tableName":"accounts","tableRunId":503,"status":"start","batchSize":103}
{"timestamp":"2026-03-21T13:50:06.086Z","runId":45,"level":"debug","phase":"write","tableName":"accounts","tableRunId":503,"status":"end","inserted":103,"updated":0,"skipped":0,"durationMs":8}
{"timestamp":"2026-03-21T13:50:06.097Z","runId":45,"level":"info","phase":"table_finalize","tableName":"accounts","tableRunId":503,"status":"success","inserted":103,"updated":0,"skipped":0,"errors":0,"durationMs":123}
{"timestamp":"2026-03-21T13:50:06.098Z","runId":45,"level":"debug","phase":"table_loop","action":"processing","tableName":"invoices","mappingTableKeys":["BANKS","CNOTE","STOCK","PRICING","ACCCLASS"]}
{"timestamp":"2026-03-21T13:50:06.098Z","runId":45,"level":"debug","phase":"table_loop","action":"mapping_resolved","tableName":"invoices","hasMappingEntry":true,"mappingTarget":"INVOICES"}
{"timestamp":"2026-03-21T13:50:06.098Z","runId":45,"level":"debug","phase":"mapping_debug","tableName":"invoices","mappedSource":"INVOICES","firebirdTableCount":193,"sampleFirebirdTables":["ACCCLASS","ACCDEPARTMENT","ACCOUNTLINKS","ACCOUNTS","ACCOUNT_OPENING"]}
{"timestamp":"2026-03-21T13:50:06.152Z","runId":45,"level":"debug","phase":"clean_decision","tableName":"invoices","cleanBefore":true,"dryRun":false,"mode":"INSERT"}
{"timestamp":"2026-03-21T13:50:06.152Z","runId":45,"type":"table_cleaning_started","table":"invoices","tableRunId":504}
{"timestamp":"2026-03-21T13:50:06.152Z","runId":45,"level":"info","phase":"clean","tableName":"invoices","tableRunId":504,"status":"start"}
{"timestamp":"2026-03-21T13:50:06.152Z","runId":45,"level":"debug","phase":"clean","tableName":"invoices","tableRunId":504,"action":"fk_checks_disabled"}
{"timestamp":"2026-03-21T13:50:06.208Z","runId":45,"level":"info","phase":"clean","tableName":"invoices","tableRunId":504,"status":"success","method":"TRUNCATE","affectedRows":null,"postCount":0,"durationMs":56}
{"timestamp":"2026-03-21T13:50:06.214Z","runId":45,"type":"table_cleaned","table":"invoices","tableRunId":504,"method":"TRUNCATE","affectedRows":null,"postCount":0}
{"timestamp":"2026-03-21T13:50:06.214Z","runId":45,"level":"debug","phase":"clean","tableName":"invoices","tableRunId":504,"action":"fk_checks_restored"}
{"timestamp":"2026-03-21T13:50:06.214Z","runId":45,"level":"info","phase":"table_start","tableName":"invoices","tableRunId":504,"mode":"INSERT","keyStrategy":"preserve","dedupeKeys":[]}
{"timestamp":"2026-03-21T13:50:06.272Z","runId":45,"level":"info","phase":"fetch","tableName":"invoices","tableRunId":504,"sourceRows":39}
{"timestamp":"2026-03-21T13:50:06.332Z","runId":45,"level":"debug","phase":"write","tableName":"invoices","tableRunId":504,"status":"start","batchSize":39}
{"timestamp":"2026-03-21T13:50:06.337Z","runId":45,"level":"debug","phase":"write","tableName":"invoices","tableRunId":504,"status":"end","inserted":39,"updated":0,"skipped":0,"durationMs":5}
{"timestamp":"2026-03-21T13:50:06.350Z","runId":45,"level":"info","phase":"table_finalize","tableName":"invoices","tableRunId":504,"status":"success","inserted":39,"updated":0,"skipped":0,"errors":0,"durationMs":130}
{"timestamp":"2026-03-21T13:50:06.350Z","runId":45,"level":"debug","phase":"table_loop","action":"processing","tableName":"location","mappingTableKeys":["BANKS","CNOTE","STOCK","PRICING","ACCCLASS"]}
{"timestamp":"2026-03-21T13:50:06.351Z","runId":45,"level":"debug","phase":"table_loop","action":"mapping_resolved","tableName":"location","hasMappingEntry":true,"mappingTarget":"LOCATION"}
{"timestamp":"2026-03-21T13:50:06.351Z","runId":45,"level":"debug","phase":"mapping_debug","tableName":"location","mappedSource":"LOCATION","firebirdTableCount":193,"sampleFirebirdTables":["ACCCLASS","ACCDEPARTMENT","ACCOUNTLINKS","ACCOUNTS","ACCOUNT_OPENING"]}
{"timestamp":"2026-03-21T13:50:06.401Z","runId":45,"level":"debug","phase":"clean_decision","tableName":"location","cleanBefore":true,"dryRun":false,"mode":"INSERT"}
{"timestamp":"2026-03-21T13:50:06.401Z","runId":45,"type":"table_cleaning_started","table":"location","tableRunId":505}
{"timestamp":"2026-03-21T13:50:06.401Z","runId":45,"level":"info","phase":"clean","tableName":"location","tableRunId":505,"status":"start"}
{"timestamp":"2026-03-21T13:50:06.402Z","runId":45,"level":"debug","phase":"clean","tableName":"location","tableRunId":505,"action":"fk_checks_disabled"}
{"timestamp":"2026-03-21T13:50:06.425Z","runId":45,"level":"info","phase":"clean","tableName":"location","tableRunId":505,"status":"success","method":"TRUNCATE","affectedRows":null,"postCount":0,"durationMs":24}
{"timestamp":"2026-03-21T13:50:06.432Z","runId":45,"type":"table_cleaned","table":"location","tableRunId":505,"method":"TRUNCATE","affectedRows":null,"postCount":0}
{"timestamp":"2026-03-21T13:50:06.433Z","runId":45,"level":"debug","phase":"clean","tableName":"location","tableRunId":505,"action":"fk_checks_restored"}
{"timestamp":"2026-03-21T13:50:06.433Z","runId":45,"level":"info","phase":"table_start","tableName":"location","tableRunId":505,"mode":"INSERT","keyStrategy":"preserve","dedupeKeys":[]}
{"timestamp":"2026-03-21T13:50:06.493Z","runId":45,"level":"info","phase":"fetch","tableName":"location","tableRunId":505,"sourceRows":18}
{"timestamp":"2026-03-21T13:50:06.548Z","runId":45,"level":"debug","phase":"write","tableName":"location","tableRunId":505,"status":"start","batchSize":18}
{"timestamp":"2026-03-21T13:50:06.552Z","runId":45,"level":"debug","phase":"write","tableName":"location","tableRunId":505,"status":"end","inserted":18,"updated":0,"skipped":0,"durationMs":4}
{"timestamp":"2026-03-21T13:50:06.565Z","runId":45,"level":"info","phase":"table_finalize","tableName":"location","tableRunId":505,"status":"success","inserted":18,"updated":0,"skipped":0,"errors":0,"durationMs":126}
{"timestamp":"2026-03-21T13:50:06.565Z","runId":45,"level":"debug","phase":"table_loop","action":"processing","tableName":"payments","mappingTableKeys":["BANKS","CNOTE","STOCK","PRICING","ACCCLASS"]}
{"timestamp":"2026-03-21T13:50:06.566Z","runId":45,"level":"debug","phase":"table_loop","action":"mapping_resolved","tableName":"payments","hasMappingEntry":true,"mappingTarget":"PAYMENTS"}
{"timestamp":"2026-03-21T13:50:06.566Z","runId":45,"level":"debug","phase":"mapping_debug","tableName":"payments","mappedSource":"PAYMENTS","firebirdTableCount":193,"sampleFirebirdTables":["ACCCLASS","ACCDEPARTMENT","ACCOUNTLINKS","ACCOUNTS","ACCOUNT_OPENING"]}
{"timestamp":"2026-03-21T13:50:06.622Z","runId":45,"level":"debug","phase":"clean_decision","tableName":"payments","cleanBefore":true,"dryRun":false,"mode":"INSERT"}
{"timestamp":"2026-03-21T13:50:06.623Z","runId":45,"type":"table_cleaning_started","table":"payments","tableRunId":506}
{"timestamp":"2026-03-21T13:50:06.623Z","runId":45,"level":"info","phase":"clean","tableName":"payments","tableRunId":506,"status":"start"}
{"timestamp":"2026-03-21T13:50:06.624Z","runId":45,"level":"debug","phase":"clean","tableName":"payments","tableRunId":506,"action":"fk_checks_disabled"}
{"timestamp":"2026-03-21T13:50:06.669Z","runId":45,"level":"info","phase":"clean","tableName":"payments","tableRunId":506,"status":"success","method":"TRUNCATE","affectedRows":null,"postCount":0,"durationMs":46}
{"timestamp":"2026-03-21T13:50:06.676Z","runId":45,"type":"table_cleaned","table":"payments","tableRunId":506,"method":"TRUNCATE","affectedRows":null,"postCount":0}
{"timestamp":"2026-03-21T13:50:06.677Z","runId":45,"level":"debug","phase":"clean","tableName":"payments","tableRunId":506,"action":"fk_checks_restored"}
{"timestamp":"2026-03-21T13:50:06.677Z","runId":45,"level":"info","phase":"table_start","tableName":"payments","tableRunId":506,"mode":"INSERT","keyStrategy":"preserve","dedupeKeys":[]}
{"timestamp":"2026-03-21T13:50:06.731Z","runId":45,"level":"info","phase":"fetch","tableName":"payments","tableRunId":506,"sourceRows":40}
{"timestamp":"2026-03-21T13:50:06.780Z","runId":45,"level":"debug","phase":"write","tableName":"payments","tableRunId":506,"status":"start","batchSize":40}
{"timestamp":"2026-03-21T13:50:06.785Z","runId":45,"level":"debug","phase":"write","tableName":"payments","tableRunId":506,"status":"end","inserted":40,"updated":0,"skipped":0,"durationMs":5}
{"timestamp":"2026-03-21T13:50:06.798Z","runId":45,"level":"info","phase":"table_finalize","tableName":"payments","tableRunId":506,"status":"success","inserted":40,"updated":0,"skipped":0,"errors":0,"durationMs":114}
{"timestamp":"2026-03-21T13:50:06.798Z","runId":45,"level":"debug","phase":"table_loop","action":"processing","tableName":"acc_class","mappingTableKeys":["BANKS","CNOTE","STOCK","PRICING","ACCCLASS"]}
{"timestamp":"2026-03-21T13:50:06.798Z","runId":45,"level":"debug","phase":"table_loop","action":"mapping_resolved","tableName":"acc_class","hasMappingEntry":true,"mappingTarget":"ACC_CLASS"}
{"timestamp":"2026-03-21T13:50:06.798Z","runId":45,"level":"debug","phase":"mapping_debug","tableName":"acc_class","mappedSource":"ACCCLASS","firebirdTableCount":193,"sampleFirebirdTables":["ACCCLASS","ACCDEPARTMENT","ACCOUNTLINKS","ACCOUNTS","ACCOUNT_OPENING"]}
{"timestamp":"2026-03-21T13:50:06.849Z","runId":45,"level":"debug","phase":"clean_decision","tableName":"acc_class","cleanBefore":true,"dryRun":false,"mode":"INSERT"}
{"timestamp":"2026-03-21T13:50:06.849Z","runId":45,"type":"table_cleaning_started","table":"acc_class","tableRunId":507}
{"timestamp":"2026-03-21T13:50:06.849Z","runId":45,"level":"info","phase":"clean","tableName":"acc_class","tableRunId":507,"status":"start"}
{"timestamp":"2026-03-21T13:50:06.850Z","runId":45,"level":"debug","phase":"clean","tableName":"acc_class","tableRunId":507,"action":"fk_checks_disabled"}
{"timestamp":"2026-03-21T13:50:06.875Z","runId":45,"level":"info","phase":"clean","tableName":"acc_class","tableRunId":507,"status":"success","method":"TRUNCATE","affectedRows":null,"postCount":0,"durationMs":26}
{"timestamp":"2026-03-21T13:50:06.881Z","runId":45,"type":"table_cleaned","table":"acc_class","tableRunId":507,"method":"TRUNCATE","affectedRows":null,"postCount":0}
{"timestamp":"2026-03-21T13:50:06.882Z","runId":45,"level":"debug","phase":"clean","tableName":"acc_class","tableRunId":507,"action":"fk_checks_restored"}
{"timestamp":"2026-03-21T13:50:06.882Z","runId":45,"level":"info","phase":"table_start","tableName":"acc_class","tableRunId":507,"mode":"INSERT","keyStrategy":"preserve","dedupeKeys":[]}
{"timestamp":"2026-03-21T13:50:06.941Z","runId":45,"level":"info","phase":"fetch","tableName":"acc_class","tableRunId":507,"sourceRows":7}
{"timestamp":"2026-03-21T13:50:06.991Z","runId":45,"level":"debug","phase":"write","tableName":"acc_class","tableRunId":507,"status":"start","batchSize":7}
{"timestamp":"2026-03-21T13:50:06.995Z","runId":45,"level":"debug","phase":"write","tableName":"acc_class","tableRunId":507,"status":"end","inserted":7,"updated":0,"skipped":0,"durationMs":4}
{"timestamp":"2026-03-21T13:50:07.009Z","runId":45,"level":"info","phase":"table_finalize","tableName":"acc_class","tableRunId":507,"status":"success","inserted":7,"updated":0,"skipped":0,"errors":0,"durationMs":120}
{"timestamp":"2026-03-21T13:50:07.009Z","runId":45,"level":"debug","phase":"table_loop","action":"processing","tableName":"customers","mappingTableKeys":["BANKS","CNOTE","STOCK","PRICING","ACCCLASS"]}
{"timestamp":"2026-03-21T13:50:07.009Z","runId":45,"level":"debug","phase":"table_loop","action":"mapping_resolved","tableName":"customers","hasMappingEntry":true,"mappingTarget":"CUSTOMERS"}
{"timestamp":"2026-03-21T13:50:07.009Z","runId":45,"level":"debug","phase":"mapping_debug","tableName":"customers","mappedSource":"CUSTOMER","firebirdTableCount":193,"sampleFirebirdTables":["ACCCLASS","ACCDEPARTMENT","ACCOUNTLINKS","ACCOUNTS","ACCOUNT_OPENING"]}
{"timestamp":"2026-03-21T13:50:07.064Z","runId":45,"level":"debug","phase":"clean_decision","tableName":"customers","cleanBefore":true,"dryRun":false,"mode":"INSERT"}
{"timestamp":"2026-03-21T13:50:07.064Z","runId":45,"type":"table_cleaning_started","table":"customers","tableRunId":508}
{"timestamp":"2026-03-21T13:50:07.064Z","runId":45,"level":"info","phase":"clean","tableName":"customers","tableRunId":508,"status":"start"}
{"timestamp":"2026-03-21T13:50:07.065Z","runId":45,"level":"debug","phase":"clean","tableName":"customers","tableRunId":508,"action":"fk_checks_disabled"}
{"timestamp":"2026-03-21T13:50:07.099Z","runId":45,"level":"info","phase":"clean","tableName":"customers","tableRunId":508,"status":"success","method":"TRUNCATE","affectedRows":null,"postCount":0,"durationMs":35}
{"timestamp":"2026-03-21T13:50:07.107Z","runId":45,"type":"table_cleaned","table":"customers","tableRunId":508,"method":"TRUNCATE","affectedRows":null,"postCount":0}
{"timestamp":"2026-03-21T13:50:07.108Z","runId":45,"level":"debug","phase":"clean","tableName":"customers","tableRunId":508,"action":"fk_checks_restored"}
{"timestamp":"2026-03-21T13:50:07.108Z","runId":45,"level":"info","phase":"table_start","tableName":"customers","tableRunId":508,"mode":"INSERT","keyStrategy":"preserve","dedupeKeys":[]}
{"timestamp":"2026-03-21T13:50:07.167Z","runId":45,"level":"info","phase":"fetch","tableName":"customers","tableRunId":508,"sourceRows":33}
{"timestamp":"2026-03-21T13:50:07.218Z","runId":45,"level":"debug","phase":"write","tableName":"customers","tableRunId":508,"status":"start","batchSize":33}
{"timestamp":"2026-03-21T13:50:07.223Z","runId":45,"level":"debug","phase":"write","tableName":"customers","tableRunId":508,"status":"end","inserted":33,"updated":0,"skipped":0,"durationMs":5}
{"timestamp":"2026-03-21T13:50:07.236Z","runId":45,"level":"info","phase":"table_finalize","tableName":"customers","tableRunId":508,"status":"success","inserted":33,"updated":0,"skipped":0,"errors":0,"durationMs":121}
{"timestamp":"2026-03-21T13:50:07.237Z","runId":45,"level":"debug","phase":"table_loop","action":"processing","tableName":"suppliers","mappingTableKeys":["BANKS","CNOTE","STOCK","PRICING","ACCCLASS"]}
{"timestamp":"2026-03-21T13:50:07.237Z","runId":45,"level":"debug","phase":"table_loop","action":"mapping_resolved","tableName":"suppliers","hasMappingEntry":true,"mappingTarget":"SUPPLIERS"}
{"timestamp":"2026-03-21T13:50:07.237Z","runId":45,"level":"debug","phase":"mapping_debug","tableName":"suppliers","mappedSource":"SUPPLIER","firebirdTableCount":193,"sampleFirebirdTables":["ACCCLASS","ACCDEPARTMENT","ACCOUNTLINKS","ACCOUNTS","ACCOUNT_OPENING"]}
{"timestamp":"2026-03-21T13:50:07.307Z","runId":45,"level":"debug","phase":"clean_decision","tableName":"suppliers","cleanBefore":true,"dryRun":false,"mode":"INSERT"}
{"timestamp":"2026-03-21T13:50:07.307Z","runId":45,"type":"table_cleaning_started","table":"suppliers","tableRunId":509}
{"timestamp":"2026-03-21T13:50:07.308Z","runId":45,"level":"info","phase":"clean","tableName":"suppliers","tableRunId":509,"status":"start"}
{"timestamp":"2026-03-21T13:50:07.308Z","runId":45,"level":"debug","phase":"clean","tableName":"suppliers","tableRunId":509,"action":"fk_checks_disabled"}
{"timestamp":"2026-03-21T13:50:07.334Z","runId":45,"level":"info","phase":"clean","tableName":"suppliers","tableRunId":509,"status":"success","method":"TRUNCATE","affectedRows":null,"postCount":0,"durationMs":26}
{"timestamp":"2026-03-21T13:50:07.342Z","runId":45,"type":"table_cleaned","table":"suppliers","tableRunId":509,"method":"TRUNCATE","affectedRows":null,"postCount":0}
{"timestamp":"2026-03-21T13:50:07.343Z","runId":45,"level":"debug","phase":"clean","tableName":"suppliers","tableRunId":509,"action":"fk_checks_restored"}
{"timestamp":"2026-03-21T13:50:07.343Z","runId":45,"level":"info","phase":"table_start","tableName":"suppliers","tableRunId":509,"mode":"INSERT","keyStrategy":"preserve","dedupeKeys":[]}
{"timestamp":"2026-03-21T13:50:07.409Z","runId":45,"level":"info","phase":"fetch","tableName":"suppliers","tableRunId":509,"sourceRows":38}
{"timestamp":"2026-03-21T13:50:07.478Z","runId":45,"level":"debug","phase":"write","tableName":"suppliers","tableRunId":509,"status":"start","batchSize":38}
{"timestamp":"2026-03-21T13:50:07.483Z","runId":45,"level":"debug","phase":"write","tableName":"suppliers","tableRunId":509,"status":"end","inserted":38,"updated":0,"skipped":0,"durationMs":5}
{"timestamp":"2026-03-21T13:50:07.501Z","runId":45,"level":"info","phase":"table_finalize","tableName":"suppliers","tableRunId":509,"status":"success","inserted":38,"updated":0,"skipped":0,"errors":0,"durationMs":149}
{"timestamp":"2026-03-21T13:50:07.502Z","runId":45,"level":"debug","phase":"table_loop","action":"processing","tableName":"work_done","mappingTableKeys":["BANKS","CNOTE","STOCK","PRICING","ACCCLASS"]}
{"timestamp":"2026-03-21T13:50:07.502Z","runId":45,"level":"debug","phase":"table_loop","action":"mapping_resolved","tableName":"work_done","hasMappingEntry":true,"mappingTarget":"WORK_DONE"}
{"timestamp":"2026-03-21T13:50:07.502Z","runId":45,"level":"debug","phase":"mapping_debug","tableName":"work_done","mappedSource":"WORKDONE","firebirdTableCount":193,"sampleFirebirdTables":["ACCCLASS","ACCDEPARTMENT","ACCOUNTLINKS","ACCOUNTS","ACCOUNT_OPENING"]}
{"timestamp":"2026-03-21T13:50:07.573Z","runId":45,"level":"debug","phase":"clean_decision","tableName":"work_done","cleanBefore":true,"dryRun":false,"mode":"INSERT"}
{"timestamp":"2026-03-21T13:50:07.573Z","runId":45,"type":"table_cleaning_started","table":"work_done","tableRunId":510}
{"timestamp":"2026-03-21T13:50:07.574Z","runId":45,"level":"info","phase":"clean","tableName":"work_done","tableRunId":510,"status":"start"}
{"timestamp":"2026-03-21T13:50:07.574Z","runId":45,"level":"debug","phase":"clean","tableName":"work_done","tableRunId":510,"action":"fk_checks_disabled"}
{"timestamp":"2026-03-21T13:50:07.611Z","runId":45,"level":"info","phase":"clean","tableName":"work_done","tableRunId":510,"status":"success","method":"TRUNCATE","affectedRows":null,"postCount":0,"durationMs":37}
{"timestamp":"2026-03-21T13:50:07.619Z","runId":45,"type":"table_cleaned","table":"work_done","tableRunId":510,"method":"TRUNCATE","affectedRows":null,"postCount":0}
{"timestamp":"2026-03-21T13:50:07.620Z","runId":45,"level":"debug","phase":"clean","tableName":"work_done","tableRunId":510,"action":"fk_checks_restored"}
{"timestamp":"2026-03-21T13:50:07.620Z","runId":45,"level":"info","phase":"table_start","tableName":"work_done","tableRunId":510,"mode":"INSERT","keyStrategy":"preserve","dedupeKeys":[]}
{"timestamp":"2026-03-21T13:50:07.700Z","runId":45,"level":"info","phase":"fetch","tableName":"work_done","tableRunId":510,"sourceRows":95}
{"timestamp":"2026-03-21T13:50:07.783Z","runId":45,"level":"debug","phase":"write","tableName":"work_done","tableRunId":510,"status":"start","batchSize":95}
{"timestamp":"2026-03-21T13:50:07.792Z","runId":45,"level":"debug","phase":"write","tableName":"work_done","tableRunId":510,"status":"end","inserted":70,"updated":0,"skipped":25,"durationMs":9}
{"timestamp":"2026-03-21T13:50:07.810Z","runId":45,"level":"info","phase":"table_finalize","tableName":"work_done","tableRunId":510,"status":"success","inserted":70,"updated":0,"skipped":25,"errors":0,"durationMs":181}
{"timestamp":"2026-03-21T13:50:07.811Z","runId":45,"level":"debug","phase":"table_loop","action":"processing","tableName":"wip_status","mappingTableKeys":["BANKS","CNOTE","STOCK","PRICING","ACCCLASS"]}
{"timestamp":"2026-03-21T13:50:07.811Z","runId":45,"level":"debug","phase":"table_loop","action":"mapping_resolved","tableName":"wip_status","hasMappingEntry":true,"mappingTarget":"WIP_STATUS"}
{"timestamp":"2026-03-21T13:50:07.811Z","runId":45,"level":"debug","phase":"mapping_debug","tableName":"wip_status","mappedSource":"WIPSTATUS","firebirdTableCount":193,"sampleFirebirdTables":["ACCCLASS","ACCDEPARTMENT","ACCOUNTLINKS","ACCOUNTS","ACCOUNT_OPENING"]}
{"timestamp":"2026-03-21T13:50:07.896Z","runId":45,"level":"debug","phase":"clean_decision","tableName":"wip_status","cleanBefore":true,"dryRun":false,"mode":"INSERT"}
{"timestamp":"2026-03-21T13:50:07.896Z","runId":45,"type":"table_cleaning_started","table":"wip_status","tableRunId":511}
{"timestamp":"2026-03-21T13:50:07.897Z","runId":45,"level":"info","phase":"clean","tableName":"wip_status","tableRunId":511,"status":"start"}
{"timestamp":"2026-03-21T13:50:07.897Z","runId":45,"level":"debug","phase":"clean","tableName":"wip_status","tableRunId":511,"action":"fk_checks_disabled"}
{"timestamp":"2026-03-21T13:50:07.922Z","runId":45,"level":"info","phase":"clean","tableName":"wip_status","tableRunId":511,"status":"success","method":"TRUNCATE","affectedRows":null,"postCount":0,"durationMs":25}
{"timestamp":"2026-03-21T13:50:07.930Z","runId":45,"type":"table_cleaned","table":"wip_status","tableRunId":511,"method":"TRUNCATE","affectedRows":null,"postCount":0}
{"timestamp":"2026-03-21T13:50:07.931Z","runId":45,"level":"debug","phase":"clean","tableName":"wip_status","tableRunId":511,"action":"fk_checks_restored"}
{"timestamp":"2026-03-21T13:50:07.931Z","runId":45,"level":"info","phase":"table_start","tableName":"wip_status","tableRunId":511,"mode":"INSERT","keyStrategy":"preserve","dedupeKeys":[]}
{"timestamp":"2026-03-21T13:50:08.015Z","runId":45,"level":"info","phase":"fetch","tableName":"wip_status","tableRunId":511,"sourceRows":19}
{"timestamp":"2026-03-21T13:50:08.074Z","runId":45,"level":"debug","phase":"write","tableName":"wip_status","tableRunId":511,"status":"start","batchSize":19}
{"timestamp":"2026-03-21T13:50:08.079Z","runId":45,"level":"debug","phase":"write","tableName":"wip_status","tableRunId":511,"status":"end","inserted":19,"updated":0,"skipped":0,"durationMs":5}
{"timestamp":"2026-03-21T13:50:08.094Z","runId":45,"level":"info","phase":"table_finalize","tableName":"wip_status","tableRunId":511,"status":"success","inserted":19,"updated":0,"skipped":0,"errors":0,"durationMs":156}
{"timestamp":"2026-03-21T13:50:08.094Z","runId":45,"level":"debug","phase":"table_loop","action":"processing","tableName":"spares_used","mappingTableKeys":["BANKS","CNOTE","STOCK","PRICING","ACCCLASS"]}
{"timestamp":"2026-03-21T13:50:08.095Z","runId":45,"level":"debug","phase":"table_loop","action":"mapping_resolved","tableName":"spares_used","hasMappingEntry":true,"mappingTarget":"SPARES_USED"}
{"timestamp":"2026-03-21T13:50:08.095Z","runId":45,"level":"debug","phase":"mapping_debug","tableName":"spares_used","mappedSource":"SPARES_USED","firebirdTableCount":193,"sampleFirebirdTables":["ACCCLASS","ACCDEPARTMENT","ACCOUNTLINKS","ACCOUNTS","ACCOUNT_OPENING"]}
{"timestamp":"2026-03-21T13:50:08.165Z","runId":45,"level":"debug","phase":"clean_decision","tableName":"spares_used","cleanBefore":true,"dryRun":false,"mode":"INSERT"}
{"timestamp":"2026-03-21T13:50:08.165Z","runId":45,"type":"table_cleaning_started","table":"spares_used","tableRunId":512}
{"timestamp":"2026-03-21T13:50:08.166Z","runId":45,"level":"info","phase":"clean","tableName":"spares_used","tableRunId":512,"status":"start"}
{"timestamp":"2026-03-21T13:50:08.166Z","runId":45,"level":"debug","phase":"clean","tableName":"spares_used","tableRunId":512,"action":"fk_checks_disabled"}
{"timestamp":"2026-03-21T13:50:08.207Z","runId":45,"level":"info","phase":"clean","tableName":"spares_used","tableRunId":512,"status":"success","method":"TRUNCATE","affectedRows":null,"postCount":0,"durationMs":41}
{"timestamp":"2026-03-21T13:50:08.214Z","runId":45,"type":"table_cleaned","table":"spares_used","tableRunId":512,"method":"TRUNCATE","affectedRows":null,"postCount":0}
{"timestamp":"2026-03-21T13:50:08.215Z","runId":45,"level":"debug","phase":"clean","tableName":"spares_used","tableRunId":512,"action":"fk_checks_restored"}
{"timestamp":"2026-03-21T13:50:08.215Z","runId":45,"level":"info","phase":"table_start","tableName":"spares_used","tableRunId":512,"mode":"INSERT","keyStrategy":"preserve","dedupeKeys":[]}
{"timestamp":"2026-03-21T13:50:09.054Z","runId":45,"level":"info","phase":"fetch","tableName":"spares_used","tableRunId":512,"sourceRows":156}
{"timestamp":"2026-03-21T13:50:09.126Z","runId":45,"level":"debug","phase":"write","tableName":"spares_used","tableRunId":512,"status":"start","batchSize":156}
{"timestamp":"2026-03-21T13:50:09.143Z","runId":45,"level":"debug","phase":"write","tableName":"spares_used","tableRunId":512,"status":"end","inserted":156,"updated":0,"skipped":0,"durationMs":17}
{"timestamp":"2026-03-21T13:50:09.150Z","runId":45,"level":"info","phase":"post_validation","tableName":"spares_used","tableRunId":512,"status":"start"}
{"timestamp":"2026-03-21T13:50:09.206Z","runId":45,"level":"info","phase":"post_migration_validation","table":"spares_used","validation":"checksum","checksums":[{"column":"quantity","firebird_sum":270,"mysql_sum":270,"variance":"0.0000%"},{"column":"cost_price","firebird_sum":202810.94,"mysql_sum":202810.94,"variance":"0.0000%"},{"column":"sales_price","firebird_sum":263493.65,"mysql_sum":263493.65,"variance":"0.0000%"}],"status":"passed"}
{"timestamp":"2026-03-21T13:50:09.207Z","runId":45,"level":"info","phase":"post_migration_validation","table":"spares_used","status":"passed","readRows":156,"inserted":156,"updated":0,"skipped":0,"errors":0,"unaccounted":0}
{"timestamp":"2026-03-21T13:50:09.271Z","runId":45,"level":"info","phase":"post_validation","tableName":"spares_used","tableRunId":512,"validation":"price_check","firebird_nonzero":155,"mysql_total":156,"mysql_zero":1,"mysql_nonzero":155}
{"timestamp":"2026-03-21T13:50:09.271Z","runId":45,"level":"info","phase":"post_validation","tableName":"spares_used","tableRunId":512,"status":"passed"}
{"timestamp":"2026-03-21T13:50:09.278Z","runId":45,"level":"info","phase":"table_finalize","tableName":"spares_used","tableRunId":512,"status":"success","inserted":156,"updated":0,"skipped":0,"errors":0,"durationMs":1056}
{"timestamp":"2026-03-21T13:50:09.279Z","runId":45,"level":"debug","phase":"table_loop","action":"processing","tableName":"credit_notes","mappingTableKeys":["BANKS","CNOTE","STOCK","PRICING","ACCCLASS"]}
{"timestamp":"2026-03-21T13:50:09.279Z","runId":45,"level":"debug","phase":"table_loop","action":"mapping_resolved","tableName":"credit_notes","hasMappingEntry":true,"mappingTarget":"CREDIT_NOTES"}
{"timestamp":"2026-03-21T13:50:09.279Z","runId":45,"level":"debug","phase":"mapping_debug","tableName":"credit_notes","mappedSource":"CNOTE","firebirdTableCount":193,"sampleFirebirdTables":["ACCCLASS","ACCDEPARTMENT","ACCOUNTLINKS","ACCOUNTS","ACCOUNT_OPENING"]}
{"timestamp":"2026-03-21T13:50:09.333Z","runId":45,"level":"debug","phase":"clean_decision","tableName":"credit_notes","cleanBefore":true,"dryRun":false,"mode":"INSERT"}
{"timestamp":"2026-03-21T13:50:09.333Z","runId":45,"type":"table_cleaning_started","table":"credit_notes","tableRunId":513}
{"timestamp":"2026-03-21T13:50:09.334Z","runId":45,"level":"info","phase":"clean","tableName":"credit_notes","tableRunId":513,"status":"start"}
{"timestamp":"2026-03-21T13:50:09.334Z","runId":45,"level":"debug","phase":"clean","tableName":"credit_notes","tableRunId":513,"action":"fk_checks_disabled"}
{"timestamp":"2026-03-21T13:50:09.380Z","runId":45,"level":"info","phase":"clean","tableName":"credit_notes","tableRunId":513,"status":"success","method":"TRUNCATE","affectedRows":null,"postCount":0,"durationMs":46}
{"timestamp":"2026-03-21T13:50:09.388Z","runId":45,"type":"table_cleaned","table":"credit_notes","tableRunId":513,"method":"TRUNCATE","affectedRows":null,"postCount":0}
{"timestamp":"2026-03-21T13:50:09.390Z","runId":45,"level":"debug","phase":"clean","tableName":"credit_notes","tableRunId":513,"action":"fk_checks_restored"}
{"timestamp":"2026-03-21T13:50:09.390Z","runId":45,"level":"info","phase":"table_start","tableName":"credit_notes","tableRunId":513,"mode":"INSERT","keyStrategy":"preserve","dedupeKeys":[]}
{"timestamp":"2026-03-21T13:50:09.461Z","runId":45,"level":"info","phase":"fetch","tableName":"credit_notes","tableRunId":513,"sourceRows":1}
{"timestamp":"2026-03-21T13:50:09.517Z","runId":45,"level":"debug","phase":"write","tableName":"credit_notes","tableRunId":513,"status":"start","batchSize":1}
{"timestamp":"2026-03-21T13:50:09.522Z","runId":45,"level":"debug","phase":"write","tableName":"credit_notes","tableRunId":513,"status":"end","inserted":1,"updated":0,"skipped":0,"durationMs":5}
{"timestamp":"2026-03-21T13:50:09.540Z","runId":45,"level":"info","phase":"table_finalize","tableName":"credit_notes","tableRunId":513,"status":"success","inserted":1,"updated":0,"skipped":0,"errors":0,"durationMs":141}
{"timestamp":"2026-03-21T13:50:09.541Z","runId":45,"level":"debug","phase":"table_loop","action":"processing","tableName":"invoice_items","mappingTableKeys":["BANKS","CNOTE","STOCK","PRICING","ACCCLASS"]}
{"timestamp":"2026-03-21T13:50:09.541Z","runId":45,"level":"debug","phase":"table_loop","action":"mapping_resolved","tableName":"invoice_items","hasMappingEntry":true,"mappingTarget":"INVOICE_ITEMS"}
{"timestamp":"2026-03-21T13:50:09.541Z","runId":45,"level":"debug","phase":"mapping_debug","tableName":"invoice_items","mappedSource":"INVTOTAL","firebirdTableCount":193,"sampleFirebirdTables":["ACCCLASS","ACCDEPARTMENT","ACCOUNTLINKS","ACCOUNTS","ACCOUNT_OPENING"]}
{"timestamp":"2026-03-21T13:50:09.609Z","runId":45,"level":"debug","phase":"clean_decision","tableName":"invoice_items","cleanBefore":true,"dryRun":false,"mode":"INSERT"}
{"timestamp":"2026-03-21T13:50:09.609Z","runId":45,"type":"table_cleaning_started","table":"invoice_items","tableRunId":514}
{"timestamp":"2026-03-21T13:50:09.609Z","runId":45,"level":"info","phase":"clean","tableName":"invoice_items","tableRunId":514,"status":"start"}
{"timestamp":"2026-03-21T13:50:09.610Z","runId":45,"level":"debug","phase":"clean","tableName":"invoice_items","tableRunId":514,"action":"fk_checks_disabled"}
{"timestamp":"2026-03-21T13:50:09.650Z","runId":45,"level":"info","phase":"clean","tableName":"invoice_items","tableRunId":514,"status":"success","method":"TRUNCATE","affectedRows":null,"postCount":0,"durationMs":41}
{"timestamp":"2026-03-21T13:50:09.658Z","runId":45,"type":"table_cleaned","table":"invoice_items","tableRunId":514,"method":"TRUNCATE","affectedRows":null,"postCount":0}
{"timestamp":"2026-03-21T13:50:09.659Z","runId":45,"level":"debug","phase":"clean","tableName":"invoice_items","tableRunId":514,"action":"fk_checks_restored"}
{"timestamp":"2026-03-21T13:50:09.659Z","runId":45,"level":"info","phase":"table_start","tableName":"invoice_items","tableRunId":514,"mode":"INSERT","keyStrategy":"preserve","dedupeKeys":[]}
{"timestamp":"2026-03-21T13:50:09.719Z","runId":45,"level":"info","phase":"fetch","tableName":"invoice_items","tableRunId":514,"sourceRows":111}
{"timestamp":"2026-03-21T13:50:10.427Z","runId":45,"level":"debug","phase":"write","tableName":"invoice_items","tableRunId":514,"status":"start","batchSize":111}
{"timestamp":"2026-03-21T13:50:10.438Z","runId":45,"level":"debug","phase":"write","tableName":"invoice_items","tableRunId":514,"status":"end","inserted":111,"updated":0,"skipped":0,"durationMs":11}
{"timestamp":"2026-03-21T13:50:10.450Z","runId":45,"level":"info","phase":"table_finalize","tableName":"invoice_items","tableRunId":514,"status":"success","inserted":111,"updated":0,"skipped":0,"errors":0,"durationMs":785}
{"timestamp":"2026-03-21T13:50:10.451Z","runId":45,"level":"debug","phase":"table_loop","action":"processing","tableName":"acc_department","mappingTableKeys":["BANKS","CNOTE","STOCK","PRICING","ACCCLASS"]}
{"timestamp":"2026-03-21T13:50:10.451Z","runId":45,"level":"debug","phase":"table_loop","action":"mapping_resolved","tableName":"acc_department","hasMappingEntry":true,"mappingTarget":"ACC_DEPARTMENT"}
{"timestamp":"2026-03-21T13:50:10.451Z","runId":45,"level":"debug","phase":"mapping_debug","tableName":"acc_department","mappedSource":"ACCDEPARTMENT","firebirdTableCount":193,"sampleFirebirdTables":["ACCCLASS","ACCDEPARTMENT","ACCOUNTLINKS","ACCOUNTS","ACCOUNT_OPENING"]}
{"timestamp":"2026-03-21T13:50:10.509Z","runId":45,"level":"debug","phase":"clean_decision","tableName":"acc_department","cleanBefore":true,"dryRun":false,"mode":"INSERT"}
{"timestamp":"2026-03-21T13:50:10.510Z","runId":45,"type":"table_cleaning_started","table":"acc_department","tableRunId":515}
{"timestamp":"2026-03-21T13:50:10.510Z","runId":45,"level":"info","phase":"clean","tableName":"acc_department","tableRunId":515,"status":"start"}
{"timestamp":"2026-03-21T13:50:10.510Z","runId":45,"level":"debug","phase":"clean","tableName":"acc_department","tableRunId":515,"action":"fk_checks_disabled"}
{"timestamp":"2026-03-21T13:50:10.539Z","runId":45,"level":"info","phase":"clean","tableName":"acc_department","tableRunId":515,"status":"success","method":"TRUNCATE","affectedRows":null,"postCount":0,"durationMs":29}
{"timestamp":"2026-03-21T13:50:10.546Z","runId":45,"type":"table_cleaned","table":"acc_department","tableRunId":515,"method":"TRUNCATE","affectedRows":null,"postCount":0}
{"timestamp":"2026-03-21T13:50:10.547Z","runId":45,"level":"debug","phase":"clean","tableName":"acc_department","tableRunId":515,"action":"fk_checks_restored"}
{"timestamp":"2026-03-21T13:50:10.547Z","runId":45,"level":"info","phase":"table_start","tableName":"acc_department","tableRunId":515,"mode":"INSERT","keyStrategy":"preserve","dedupeKeys":[]}
{"timestamp":"2026-03-21T13:50:10.612Z","runId":45,"level":"info","phase":"fetch","tableName":"acc_department","tableRunId":515,"sourceRows":8}
{"timestamp":"2026-03-21T13:50:10.671Z","runId":45,"level":"debug","phase":"write","tableName":"acc_department","tableRunId":515,"status":"start","batchSize":8}
{"timestamp":"2026-03-21T13:50:10.677Z","runId":45,"level":"debug","phase":"write","tableName":"acc_department","tableRunId":515,"status":"end","inserted":8,"updated":0,"skipped":0,"durationMs":6}
{"timestamp":"2026-03-21T13:50:10.693Z","runId":45,"level":"info","phase":"table_finalize","tableName":"acc_department","tableRunId":515,"status":"success","inserted":8,"updated":0,"skipped":0,"errors":0,"durationMs":138}
{"timestamp":"2026-03-21T13:50:10.694Z","runId":45,"level":"debug","phase":"table_loop","action":"processing","tableName":"labour_pricing","mappingTableKeys":["BANKS","CNOTE","STOCK","PRICING","ACCCLASS"]}
{"timestamp":"2026-03-21T13:50:10.694Z","runId":45,"level":"debug","phase":"table_loop","action":"mapping_resolved","tableName":"labour_pricing","hasMappingEntry":true,"mappingTarget":"LABOUR_PRICING"}
{"timestamp":"2026-03-21T13:50:10.694Z","runId":45,"level":"debug","phase":"mapping_debug","tableName":"labour_pricing","mappedSource":"PRICING","firebirdTableCount":193,"sampleFirebirdTables":["ACCCLASS","ACCDEPARTMENT","ACCOUNTLINKS","ACCOUNTS","ACCOUNT_OPENING"]}
{"timestamp":"2026-03-21T13:50:10.764Z","runId":45,"level":"debug","phase":"clean_decision","tableName":"labour_pricing","cleanBefore":true,"dryRun":false,"mode":"INSERT"}
{"timestamp":"2026-03-21T13:50:10.764Z","runId":45,"type":"table_cleaning_started","table":"labour_pricing","tableRunId":516}
{"timestamp":"2026-03-21T13:50:10.765Z","runId":45,"level":"info","phase":"clean","tableName":"labour_pricing","tableRunId":516,"status":"start"}
{"timestamp":"2026-03-21T13:50:10.766Z","runId":45,"level":"debug","phase":"clean","tableName":"labour_pricing","tableRunId":516,"action":"fk_checks_disabled"}
{"timestamp":"2026-03-21T13:50:10.801Z","runId":45,"level":"info","phase":"clean","tableName":"labour_pricing","tableRunId":516,"status":"success","method":"TRUNCATE","affectedRows":null,"postCount":0,"durationMs":36}
{"timestamp":"2026-03-21T13:50:10.811Z","runId":45,"type":"table_cleaned","table":"labour_pricing","tableRunId":516,"method":"TRUNCATE","affectedRows":null,"postCount":0}
{"timestamp":"2026-03-21T13:50:10.812Z","runId":45,"level":"debug","phase":"clean","tableName":"labour_pricing","tableRunId":516,"action":"fk_checks_restored"}
{"timestamp":"2026-03-21T13:50:10.812Z","runId":45,"level":"info","phase":"table_start","tableName":"labour_pricing","tableRunId":516,"mode":"INSERT","keyStrategy":"preserve","dedupeKeys":[]}
{"timestamp":"2026-03-21T13:50:10.893Z","runId":45,"level":"info","phase":"fetch","tableName":"labour_pricing","tableRunId":516,"sourceRows":2849}
{"timestamp":"2026-03-21T13:50:11.000Z","runId":45,"level":"debug","phase":"write","tableName":"labour_pricing","tableRunId":516,"status":"start","batchSize":1000}
{"timestamp":"2026-03-21T13:50:11.022Z","runId":45,"level":"debug","phase":"write","tableName":"labour_pricing","tableRunId":516,"status":"end","inserted":1000,"updated":0,"skipped":0,"durationMs":22}
{"timestamp":"2026-03-21T13:50:11.115Z","runId":45,"level":"debug","phase":"write","tableName":"labour_pricing","tableRunId":516,"status":"start","batchSize":1000}
{"timestamp":"2026-03-21T13:50:11.178Z","runId":45,"level":"debug","phase":"write","tableName":"labour_pricing","tableRunId":516,"status":"end","inserted":1000,"updated":0,"skipped":0,"durationMs":63}
{"timestamp":"2026-03-21T13:50:11.283Z","runId":45,"level":"debug","phase":"write","tableName":"labour_pricing","tableRunId":516,"status":"start","batchSize":849}
{"timestamp":"2026-03-21T13:50:11.307Z","runId":45,"level":"debug","phase":"write","tableName":"labour_pricing","tableRunId":516,"status":"end","inserted":849,"updated":0,"skipped":0,"durationMs":24}
{"timestamp":"2026-03-21T13:50:11.322Z","runId":45,"level":"info","phase":"table_finalize","tableName":"labour_pricing","tableRunId":516,"status":"success","inserted":2849,"updated":0,"skipped":0,"errors":0,"durationMs":503}
{"timestamp":"2026-03-21T13:50:11.323Z","runId":45,"level":"debug","phase":"table_loop","action":"processing","tableName":"invoice_general","mappingTableKeys":["BANKS","CNOTE","STOCK","PRICING","ACCCLASS"]}
{"timestamp":"2026-03-21T13:50:11.323Z","runId":45,"level":"debug","phase":"table_loop","action":"mapping_resolved","tableName":"invoice_general","hasMappingEntry":true,"mappingTarget":"INVOICE_GENERAL"}
{"timestamp":"2026-03-21T13:50:11.323Z","runId":45,"level":"debug","phase":"mapping_debug","tableName":"invoice_general","mappedSource":"INVOICEGENERAL","firebirdTableCount":193,"sampleFirebirdTables":["ACCCLASS","ACCDEPARTMENT","ACCOUNTLINKS","ACCOUNTS","ACCOUNT_OPENING"]}
{"timestamp":"2026-03-21T13:50:11.384Z","runId":45,"level":"debug","phase":"clean_decision","tableName":"invoice_general","cleanBefore":true,"dryRun":false,"mode":"INSERT"}
{"timestamp":"2026-03-21T13:50:11.384Z","runId":45,"type":"table_cleaning_started","table":"invoice_general","tableRunId":517}
{"timestamp":"2026-03-21T13:50:11.385Z","runId":45,"level":"info","phase":"clean","tableName":"invoice_general","tableRunId":517,"status":"start"}
{"timestamp":"2026-03-21T13:50:11.385Z","runId":45,"level":"debug","phase":"clean","tableName":"invoice_general","tableRunId":517,"action":"fk_checks_disabled"}
{"timestamp":"2026-03-21T13:50:11.412Z","runId":45,"level":"info","phase":"clean","tableName":"invoice_general","tableRunId":517,"status":"success","method":"TRUNCATE","affectedRows":null,"postCount":0,"durationMs":27}
{"timestamp":"2026-03-21T13:50:11.418Z","runId":45,"type":"table_cleaned","table":"invoice_general","tableRunId":517,"method":"TRUNCATE","affectedRows":null,"postCount":0}
{"timestamp":"2026-03-21T13:50:11.419Z","runId":45,"level":"debug","phase":"clean","tableName":"invoice_general","tableRunId":517,"action":"fk_checks_restored"}
{"timestamp":"2026-03-21T13:50:11.419Z","runId":45,"level":"info","phase":"table_start","tableName":"invoice_general","tableRunId":517,"mode":"INSERT","keyStrategy":"preserve","dedupeKeys":[]}
{"timestamp":"2026-03-21T13:50:11.487Z","runId":45,"level":"info","phase":"fetch","tableName":"invoice_general","tableRunId":517,"sourceRows":0}
{"timestamp":"2026-03-21T13:50:11.493Z","runId":45,"level":"info","phase":"table_finalize","tableName":"invoice_general","tableRunId":517,"status":"success","inserted":0,"updated":0,"skipped":0,"errors":0,"durationMs":68}
{"timestamp":"2026-03-21T13:50:11.493Z","runId":45,"level":"debug","phase":"table_loop","action":"processing","tableName":"job_information","mappingTableKeys":["BANKS","CNOTE","STOCK","PRICING","ACCCLASS"]}
{"timestamp":"2026-03-21T13:50:11.493Z","runId":45,"level":"debug","phase":"table_loop","action":"mapping_resolved","tableName":"job_information","hasMappingEntry":true,"mappingTarget":"JOB_INFORMATION"}
{"timestamp":"2026-03-21T13:50:11.493Z","runId":45,"level":"debug","phase":"mapping_debug","tableName":"job_information","mappedSource":"JOB_INFORMATION","firebirdTableCount":193,"sampleFirebirdTables":["ACCCLASS","ACCDEPARTMENT","ACCOUNTLINKS","ACCOUNTS","ACCOUNT_OPENING"]}
{"timestamp":"2026-03-21T13:50:11.567Z","runId":45,"level":"debug","phase":"clean_decision","tableName":"job_information","cleanBefore":true,"dryRun":false,"mode":"INSERT"}
{"timestamp":"2026-03-21T13:50:11.567Z","runId":45,"type":"table_cleaning_started","table":"job_information","tableRunId":518}
{"timestamp":"2026-03-21T13:50:11.568Z","runId":45,"level":"info","phase":"clean","tableName":"job_information","tableRunId":518,"status":"start"}
{"timestamp":"2026-03-21T13:50:11.568Z","runId":45,"level":"debug","phase":"clean","tableName":"job_information","tableRunId":518,"action":"fk_checks_disabled"}
{"timestamp":"2026-03-21T13:50:11.618Z","runId":45,"level":"info","phase":"clean","tableName":"job_information","tableRunId":518,"status":"success","method":"TRUNCATE","affectedRows":null,"postCount":0,"durationMs":50}
{"timestamp":"2026-03-21T13:50:11.629Z","runId":45,"type":"table_cleaned","table":"job_information","tableRunId":518,"method":"TRUNCATE","affectedRows":null,"postCount":0}
{"timestamp":"2026-03-21T13:50:11.630Z","runId":45,"level":"debug","phase":"clean","tableName":"job_information","tableRunId":518,"action":"fk_checks_restored"}
{"timestamp":"2026-03-21T13:50:11.631Z","runId":45,"level":"info","phase":"table_start","tableName":"job_information","tableRunId":518,"mode":"INSERT","keyStrategy":"preserve","dedupeKeys":[]}
{"timestamp":"2026-03-21T13:50:11.718Z","runId":45,"level":"info","phase":"fetch","tableName":"job_information","tableRunId":518,"sourceRows":38}
{"timestamp":"2026-03-21T13:50:11.787Z","runId":45,"level":"debug","phase":"write","tableName":"job_information","tableRunId":518,"status":"start","batchSize":38}
{"timestamp":"2026-03-21T13:50:11.794Z","runId":45,"level":"debug","phase":"write","tableName":"job_information","tableRunId":518,"status":"end","inserted":38,"updated":0,"skipped":0,"durationMs":7}
{"timestamp":"2026-03-21T13:50:11.810Z","runId":45,"level":"info","phase":"table_finalize","tableName":"job_information","tableRunId":518,"status":"success","inserted":38,"updated":0,"skipped":0,"errors":0,"durationMs":170}
{"timestamp":"2026-03-21T13:50:11.810Z","runId":45,"level":"debug","phase":"table_loop","action":"processing","tableName":"invoices_supplier","mappingTableKeys":["BANKS","CNOTE","STOCK","PRICING","ACCCLASS"]}
{"timestamp":"2026-03-21T13:50:11.810Z","runId":45,"level":"debug","phase":"table_loop","action":"mapping_resolved","tableName":"invoices_supplier","hasMappingEntry":true,"mappingTarget":"INVOICES_SUPPLIER"}
{"timestamp":"2026-03-21T13:50:11.810Z","runId":45,"level":"debug","phase":"mapping_debug","tableName":"invoices_supplier","mappedSource":"INVOICESUPPLIER","firebirdTableCount":193,"sampleFirebirdTables":["ACCCLASS","ACCDEPARTMENT","ACCOUNTLINKS","ACCOUNTS","ACCOUNT_OPENING"]}
{"timestamp":"2026-03-21T13:50:11.886Z","runId":45,"level":"debug","phase":"clean_decision","tableName":"invoices_supplier","cleanBefore":true,"dryRun":false,"mode":"INSERT"}
{"timestamp":"2026-03-21T13:50:11.886Z","runId":45,"type":"table_cleaning_started","table":"invoices_supplier","tableRunId":519}
{"timestamp":"2026-03-21T13:50:11.887Z","runId":45,"level":"info","phase":"clean","tableName":"invoices_supplier","tableRunId":519,"status":"start"}
{"timestamp":"2026-03-21T13:50:11.887Z","runId":45,"level":"debug","phase":"clean","tableName":"invoices_supplier","tableRunId":519,"action":"fk_checks_disabled"}
{"timestamp":"2026-03-21T13:50:11.936Z","runId":45,"level":"info","phase":"clean","tableName":"invoices_supplier","tableRunId":519,"status":"success","method":"TRUNCATE","affectedRows":null,"postCount":0,"durationMs":49}
{"timestamp":"2026-03-21T13:50:11.943Z","runId":45,"type":"table_cleaned","table":"invoices_supplier","tableRunId":519,"method":"TRUNCATE","affectedRows":null,"postCount":0}
{"timestamp":"2026-03-21T13:50:11.944Z","runId":45,"level":"debug","phase":"clean","tableName":"invoices_supplier","tableRunId":519,"action":"fk_checks_restored"}
{"timestamp":"2026-03-21T13:50:11.944Z","runId":45,"level":"info","phase":"table_start","tableName":"invoices_supplier","tableRunId":519,"mode":"INSERT","keyStrategy":"preserve","dedupeKeys":[]}
{"timestamp":"2026-03-21T13:50:12.016Z","runId":45,"level":"info","phase":"fetch","tableName":"invoices_supplier","tableRunId":519,"sourceRows":59}
{"timestamp":"2026-03-21T13:50:12.081Z","runId":45,"level":"debug","phase":"write","tableName":"invoices_supplier","tableRunId":519,"status":"start","batchSize":59}
{"timestamp":"2026-03-21T13:50:12.088Z","runId":45,"level":"debug","phase":"write","tableName":"invoices_supplier","tableRunId":519,"status":"end","inserted":59,"updated":0,"skipped":0,"durationMs":7}
{"timestamp":"2026-03-21T13:50:12.103Z","runId":45,"level":"info","phase":"table_finalize","tableName":"invoices_supplier","tableRunId":519,"status":"success","inserted":59,"updated":0,"skipped":0,"errors":0,"durationMs":152}
{"timestamp":"2026-03-21T13:50:12.104Z","runId":45,"level":"debug","phase":"table_loop","action":"processing","tableName":"payments_suppliers","mappingTableKeys":["BANKS","CNOTE","STOCK","PRICING","ACCCLASS"]}
{"timestamp":"2026-03-21T13:50:12.104Z","runId":45,"level":"debug","phase":"table_loop","action":"mapping_resolved","tableName":"payments_suppliers","hasMappingEntry":true,"mappingTarget":"PAYMENTS_SUPPLIERS"}
{"timestamp":"2026-03-21T13:50:12.104Z","runId":45,"level":"debug","phase":"mapping_debug","tableName":"payments_suppliers","mappedSource":"PAYMENTSSUPP","firebirdTableCount":193,"sampleFirebirdTables":["ACCCLASS","ACCDEPARTMENT","ACCOUNTLINKS","ACCOUNTS","ACCOUNT_OPENING"]}
{"timestamp":"2026-03-21T13:50:12.170Z","runId":45,"level":"debug","phase":"clean_decision","tableName":"payments_suppliers","cleanBefore":true,"dryRun":false,"mode":"INSERT"}
{"timestamp":"2026-03-21T13:50:12.170Z","runId":45,"type":"table_cleaning_started","table":"payments_suppliers","tableRunId":520}
{"timestamp":"2026-03-21T13:50:12.170Z","runId":45,"level":"info","phase":"clean","tableName":"payments_suppliers","tableRunId":520,"status":"start"}
{"timestamp":"2026-03-21T13:50:12.171Z","runId":45,"level":"debug","phase":"clean","tableName":"payments_suppliers","tableRunId":520,"action":"fk_checks_disabled"}
{"timestamp":"2026-03-21T13:50:12.210Z","runId":45,"level":"info","phase":"clean","tableName":"payments_suppliers","tableRunId":520,"status":"success","method":"TRUNCATE","affectedRows":null,"postCount":0,"durationMs":40}
{"timestamp":"2026-03-21T13:50:12.216Z","runId":45,"type":"table_cleaned","table":"payments_suppliers","tableRunId":520,"method":"TRUNCATE","affectedRows":null,"postCount":0}
{"timestamp":"2026-03-21T13:50:12.217Z","runId":45,"level":"debug","phase":"clean","tableName":"payments_suppliers","tableRunId":520,"action":"fk_checks_restored"}
{"timestamp":"2026-03-21T13:50:12.217Z","runId":45,"level":"info","phase":"table_start","tableName":"payments_suppliers","tableRunId":520,"mode":"INSERT","keyStrategy":"preserve","dedupeKeys":[]}
{"timestamp":"2026-03-21T13:50:12.277Z","runId":45,"level":"info","phase":"fetch","tableName":"payments_suppliers","tableRunId":520,"sourceRows":2}
{"timestamp":"2026-03-21T13:50:12.328Z","runId":45,"level":"debug","phase":"write","tableName":"payments_suppliers","tableRunId":520,"status":"start","batchSize":2}
{"timestamp":"2026-03-21T13:50:12.333Z","runId":45,"level":"debug","phase":"write","tableName":"payments_suppliers","tableRunId":520,"status":"end","inserted":2,"updated":0,"skipped":0,"durationMs":5}
{"timestamp":"2026-03-21T13:50:12.348Z","runId":45,"level":"info","phase":"table_finalize","tableName":"payments_suppliers","tableRunId":520,"status":"success","inserted":2,"updated":0,"skipped":0,"errors":0,"durationMs":124}
{"timestamp":"2026-03-21T13:50:12.349Z","runId":45,"level":"debug","phase":"table_loop","action":"processing","tableName":"credit_notes_supplier","mappingTableKeys":["BANKS","CNOTE","STOCK","PRICING","ACCCLASS"]}
{"timestamp":"2026-03-21T13:50:12.349Z","runId":45,"level":"debug","phase":"table_loop","action":"mapping_resolved","tableName":"credit_notes_supplier","hasMappingEntry":true,"mappingTarget":"CREDIT_NOTES_SUPPLIER"}
{"timestamp":"2026-03-21T13:50:12.349Z","runId":45,"level":"debug","phase":"mapping_debug","tableName":"credit_notes_supplier","mappedSource":"CNOTESUPP","firebirdTableCount":193,"sampleFirebirdTables":["ACCCLASS","ACCDEPARTMENT","ACCOUNTLINKS","ACCOUNTS","ACCOUNT_OPENING"]}
{"timestamp":"2026-03-21T13:50:12.411Z","runId":45,"level":"debug","phase":"clean_decision","tableName":"credit_notes_supplier","cleanBefore":true,"dryRun":false,"mode":"INSERT"}
{"timestamp":"2026-03-21T13:50:12.412Z","runId":45,"type":"table_cleaning_started","table":"credit_notes_supplier","tableRunId":521}
{"timestamp":"2026-03-21T13:50:12.412Z","runId":45,"level":"info","phase":"clean","tableName":"credit_notes_supplier","tableRunId":521,"status":"start"}
{"timestamp":"2026-03-21T13:50:12.413Z","runId":45,"level":"debug","phase":"clean","tableName":"credit_notes_supplier","tableRunId":521,"action":"fk_checks_disabled"}
{"timestamp":"2026-03-21T13:50:12.440Z","runId":45,"level":"info","phase":"clean","tableName":"credit_notes_supplier","tableRunId":521,"status":"success","method":"TRUNCATE","affectedRows":null,"postCount":0,"durationMs":28}
{"timestamp":"2026-03-21T13:50:12.446Z","runId":45,"type":"table_cleaned","table":"credit_notes_supplier","tableRunId":521,"method":"TRUNCATE","affectedRows":null,"postCount":0}
{"timestamp":"2026-03-21T13:50:12.447Z","runId":45,"level":"debug","phase":"clean","tableName":"credit_notes_supplier","tableRunId":521,"action":"fk_checks_restored"}
{"timestamp":"2026-03-21T13:50:12.447Z","runId":45,"level":"info","phase":"table_start","tableName":"credit_notes_supplier","tableRunId":521,"mode":"INSERT","keyStrategy":"preserve","dedupeKeys":[]}
{"timestamp":"2026-03-21T13:50:12.503Z","runId":45,"level":"info","phase":"fetch","tableName":"credit_notes_supplier","tableRunId":521,"sourceRows":0}
{"timestamp":"2026-03-21T13:50:12.510Z","runId":45,"level":"info","phase":"table_finalize","tableName":"credit_notes_supplier","tableRunId":521,"status":"success","inserted":0,"updated":0,"skipped":0,"errors":0,"durationMs":57}
{"timestamp":"2026-03-21T13:50:12.511Z","runId":45,"level":"info","phase":"post_migration_gl_validation","status":"start"}
{"timestamp":"2026-03-21T13:50:12.529Z","runId":45,"level":"info","phase":"post_migration_gl_validation","check":"E","name":"GL Account Types Canonical","passed":true,"errorCount":0,"errors":[]}
{"timestamp":"2026-03-21T13:50:12.529Z","runId":45,"level":"info","phase":"post_migration_gl_validation","check":"F","name":"All Accounts Typed","passed":true,"errorCount":0,"errors":[]}
{"timestamp":"2026-03-21T13:50:12.529Z","runId":45,"level":"warn","phase":"post_migration_gl_validation","check":"A","name":"Account Type Mismatches","passed":false,"errorCount":1,"errors":[{"accnr":6200,"source_accnr":6506200,"name":"INTERNAL PARTS REVENUE","actual_type_id":1,"actual_type_code":"INCOME","source_accclass":6,"expected_type_id":6,"message":"Account 6200 (source accnr 6506200, INTERNAL PARTS REVENUE): type_id=1 (INCOME) but ACCCLASS=6 → expected type_id=6"}]}
{"timestamp":"2026-03-21T13:50:12.529Z","runId":45,"level":"info","phase":"post_migration_gl_validation","check":"B","name":"Posting Line Type Alignment","passed":true,"errorCount":0,"errors":[]}
{"timestamp":"2026-03-21T13:50:12.530Z","runId":45,"level":"info","phase":"post_migration_gl_validation","check":"C","name":"Orphan / Invalid Postings","passed":true,"errorCount":0,"errors":[]}
{"timestamp":"2026-03-21T13:50:12.530Z","runId":45,"level":"info","phase":"post_migration_gl_validation","check":"D","name":"COS Integrity","passed":true,"errorCount":0,"errors":[]}
{"timestamp":"2026-03-21T13:50:12.530Z","runId":45,"level":"error","phase":"post_migration_gl_validation","status":"failed","message":"GL validation failed:\n  • [A] Account Type Mismatches: 1 error(s)"}
{"timestamp":"2026-03-21T13:50:12.532Z","runId":45,"level":"warn","phase":"post_migration_gl_validation","status":"error","error":"Data truncated for column 'status' at row 1","hint":"GL validation could not run — tables may not exist yet. Run 'Rebuild GL Accounts' to create them."}
{"timestamp":"2026-03-21T13:50:12.537Z","runId":45,"level":"info","phase":"run_finalize","status":"success"}
