{"timestamp":"2026-03-21T14:34:52.631Z","runId":46,"level":"info","phase":"run_start","dryRun":false,"batchSize":1000,"fkChecks":true,"tables":[{"table":"WORK_DONE","mode":"INSERT","keyStrategy":"preserve","dedupeKeys":[],"onDuplicate":"SKIP","cleanBefore":true}]}
{"timestamp":"2026-03-21T14:34:52.632Z","runId":46,"level":"info","phase":"preflight","action":"firebird_config_check","host":"localhost","port":3050,"database":"C:\\Autoneer\\data\\AUTONEER.FDB","user":"SYSDBA","passwordSet":true,"passwordLength":9,"passwordSource":"state","useDefaultSysdbaMasterkey":true,"rawPasswordSet":true,"rawPasswordLength":9}
{"timestamp":"2026-03-21T14:34:52.686Z","runId":46,"level":"info","phase":"preflight","attempt":1,"status":"ok"}
{"timestamp":"2026-03-21T14:34:52.686Z","runId":46,"level":"debug","phase":"preflight","durationMs":54}
{"timestamp":"2026-03-21T14:34:52.686Z","runId":46,"level":"info","phase":"preflight","action":"nullability_validation","status":"start"}
{"timestamp":"2026-03-21T14:34:52.688Z","runId":46,"level":"info","phase":"preflight","action":"nullability_validation","status":"passed"}
{"timestamp":"2026-03-21T14:34:52.689Z","runId":46,"level":"info","phase":"preflight","action":"gl_account_types_seed","status":"start"}
{"timestamp":"2026-03-21T14:34:52.693Z","runId":46,"level":"info","phase":"preflight","action":"gl_account_types_seed","status":"passed"}
{"timestamp":"2026-03-21T14:34:52.796Z","runId":46,"level":"info","phase":"preflight","action":"accnr_conversion_map","source":"firebird","sourceTable":"ACCOUNTS","count":89}
{"timestamp":"2026-03-21T14:34:52.796Z","runId":46,"level":"debug","phase":"table_loop","action":"starting","includedCount":1,"mappingTableCount":1}
{"timestamp":"2026-03-21T14:34:52.796Z","runId":46,"level":"info","phase":"table_loop","action":"normalized_tables","sampleTables":["WORK_DONE"]}
{"timestamp":"2026-03-21T14:34:52.796Z","runId":46,"level":"debug","phase":"table_loop","action":"processing","tableName":"work_done","mappingTableKeys":["WORKDONE"]}
{"timestamp":"2026-03-21T14:34:52.796Z","runId":46,"level":"debug","phase":"table_loop","action":"mapping_resolved","tableName":"work_done","hasMappingEntry":true,"mappingTarget":"WORK_DONE"}
{"timestamp":"2026-03-21T14:34:52.796Z","runId":46,"level":"debug","phase":"mapping_debug","tableName":"work_done","mappedSource":"WORKDONE","firebirdTableCount":193,"sampleFirebirdTables":["ACCCLASS","ACCDEPARTMENT","ACCOUNTLINKS","ACCOUNTS","ACCOUNT_OPENING"]}
{"timestamp":"2026-03-21T14:34:52.852Z","runId":46,"level":"debug","phase":"clean_decision","tableName":"work_done","cleanBefore":true,"dryRun":false,"mode":"INSERT"}
{"timestamp":"2026-03-21T14:34:52.852Z","runId":46,"type":"table_cleaning_started","table":"work_done","tableRunId":522}
{"timestamp":"2026-03-21T14:34:52.852Z","runId":46,"level":"info","phase":"clean","tableName":"work_done","tableRunId":522,"status":"start"}
{"timestamp":"2026-03-21T14:34:52.853Z","runId":46,"level":"debug","phase":"clean","tableName":"work_done","tableRunId":522,"action":"fk_checks_disabled"}
{"timestamp":"2026-03-21T14:34:52.884Z","runId":46,"level":"info","phase":"clean","tableName":"work_done","tableRunId":522,"status":"success","method":"TRUNCATE","affectedRows":null,"postCount":0,"durationMs":32}
{"timestamp":"2026-03-21T14:34:52.894Z","runId":46,"type":"table_cleaned","table":"work_done","tableRunId":522,"method":"TRUNCATE","affectedRows":null,"postCount":0}
{"timestamp":"2026-03-21T14:34:52.894Z","runId":46,"level":"debug","phase":"clean","tableName":"work_done","tableRunId":522,"action":"fk_checks_restored"}
{"timestamp":"2026-03-21T14:34:52.894Z","runId":46,"level":"info","phase":"table_start","tableName":"work_done","tableRunId":522,"mode":"INSERT","keyStrategy":"preserve","dedupeKeys":[]}
{"timestamp":"2026-03-21T14:34:52.945Z","runId":46,"level":"info","phase":"fetch","tableName":"work_done","tableRunId":522,"sourceRows":79}
{"timestamp":"2026-03-21T14:34:53.001Z","runId":46,"level":"debug","phase":"write","tableName":"work_done","tableRunId":522,"status":"start","batchSize":79}
{"timestamp":"2026-03-21T14:34:53.007Z","runId":46,"level":"debug","phase":"write","tableName":"work_done","tableRunId":522,"status":"end","inserted":79,"updated":0,"skipped":0,"durationMs":6}
{"timestamp":"2026-03-21T14:34:53.017Z","runId":46,"level":"info","phase":"table_finalize","tableName":"work_done","tableRunId":522,"status":"success","inserted":79,"updated":0,"skipped":0,"errors":0,"durationMs":118}
{"timestamp":"2026-03-21T14:34:53.021Z","runId":46,"level":"info","phase":"run_finalize","status":"success"}
