{"timestamp":"2026-08-03T12:13:37.416Z","runId":6,"level":"info","phase":"run_start","dryRun":false,"batchSize":10000,"fkChecks":true,"tables":[{"table":"INVOICES","mode":"INSERT","keyStrategy":"preserve","dedupeKeys":[],"onDuplicate":"SKIP","cleanBefore":false}]}
{"timestamp":"2026-08-03T12:13:37.416Z","runId":6,"level":"info","phase":"preflight","action":"firebird_config_check","host":"localhost","port":3050,"database":"C:\\Autoneer\\data\\STOCK.FDB","user":"SYSDBA","passwordSet":true,"passwordLength":9,"passwordSource":"state","useDefaultSysdbaMasterkey":true,"rawPasswordSet":true,"rawPasswordLength":9}
{"timestamp":"2026-08-03T12:13:37.500Z","runId":6,"level":"info","phase":"preflight","attempt":1,"status":"ok"}
{"timestamp":"2026-08-03T12:13:37.501Z","runId":6,"level":"debug","phase":"preflight","durationMs":85}
{"timestamp":"2026-08-03T12:13:37.501Z","runId":6,"level":"info","phase":"preflight","action":"nullability_validation","status":"start"}
{"timestamp":"2026-08-03T12:13:37.503Z","runId":6,"level":"info","phase":"preflight","action":"nullability_validation","status":"passed"}
{"timestamp":"2026-08-03T12:13:37.504Z","runId":6,"level":"info","phase":"preflight","action":"gl_account_types_seed","status":"start"}
{"timestamp":"2026-08-03T12:13:37.509Z","runId":6,"level":"info","phase":"preflight","action":"gl_account_types_seed","status":"passed"}
{"timestamp":"2026-08-03T12:13:37.683Z","runId":6,"level":"info","phase":"preflight","action":"accnr_conversion_map","source":"firebird","sourceTable":"ACCOUNTS","count":91}
{"timestamp":"2026-08-03T12:13:37.683Z","runId":6,"level":"debug","phase":"table_loop","action":"starting","includedCount":1,"mappingTableCount":1}
{"timestamp":"2026-08-03T12:13:37.683Z","runId":6,"level":"warn","phase":"plan_migrate","table":"invoices","action":"enforce_invoice_identity","requested":{"mode":"INSERT","keyStrategy":"preserve","onDuplicate":"SKIP"},"applied":{"mode":"INSERT","keyStrategy":"preserve","onDuplicate":"ERROR"}}
{"timestamp":"2026-08-03T12:13:37.684Z","runId":6,"level":"info","phase":"table_loop","action":"normalized_tables","sampleTables":["INVOICES"]}
{"timestamp":"2026-08-03T12:13:37.684Z","runId":6,"level":"debug","phase":"table_loop","action":"processing","tableName":"invoices","mappingTableKeys":["INVOICES"]}
{"timestamp":"2026-08-03T12:13:37.684Z","runId":6,"level":"debug","phase":"table_loop","action":"mapping_resolved","tableName":"invoices","hasMappingEntry":true,"mappingTarget":"INVOICES"}
{"timestamp":"2026-08-03T12:13:37.684Z","runId":6,"level":"debug","phase":"mapping_debug","tableName":"invoices","mappedSource":"INVOICES","firebirdTableCount":189,"sampleFirebirdTables":["ACCCLASS","ACCDEPARTMENT","ACCOUNTLINKS","ACCOUNTS","ACCOUNT_OPENING"]}
{"timestamp":"2026-08-03T12:13:37.927Z","runId":6,"level":"info","phase":"preflight","tableName":"invoices","tableRunId":14,"action":"invoice_source_identity_policy","sourceColumn":"INV_NR","validInvoiceRows":3647,"onDuplicate":"ERROR"}
{"timestamp":"2026-08-03T12:13:37.927Z","runId":6,"level":"debug","phase":"clean_decision","tableName":"invoices","cleanBefore":false,"dryRun":false,"mode":"INSERT"}
{"timestamp":"2026-08-03T12:13:37.927Z","runId":6,"level":"info","phase":"table_start","tableName":"invoices","tableRunId":14,"mode":"INSERT","keyStrategy":"preserve","dedupeKeys":[]}
{"timestamp":"2026-08-03T12:13:37.942Z","runId":6,"level":"info","phase":"fetch","tableName":"invoices","tableRunId":14,"sourceRows":3647,"dateFilter":null}
{"timestamp":"2026-08-03T12:13:38.212Z","runId":6,"level":"debug","phase":"write","tableName":"invoices","tableRunId":14,"status":"start","batchSize":3647}
{"timestamp":"2026-08-03T12:13:57.511Z","runId":6,"level":"info","phase":"preflight","action":"firebird_config_check","host":"localhost","port":3050,"database":"C:\\Autoneer\\data\\STOCK.FDB","user":"SYSDBA","passwordSet":true,"passwordLength":9,"passwordSource":"state","useDefaultSysdbaMasterkey":true,"rawPasswordSet":true,"rawPasswordLength":9}
{"timestamp":"2026-08-03T12:13:57.579Z","runId":6,"level":"info","phase":"preflight","attempt":1,"status":"ok"}
{"timestamp":"2026-08-03T12:13:57.579Z","runId":6,"level":"debug","phase":"keepalive","status":"ok"}
{"timestamp":"2026-08-03T12:14:16.484Z","runId":6,"level":"debug","phase":"write","tableName":"invoices","tableRunId":14,"status":"end","inserted":0,"updated":0,"skipped":0,"durationMs":38272}
{"timestamp":"2026-08-03T12:14:16.494Z","runId":6,"level":"error","phase":"table_finalize","tableName":"invoices","tableRunId":14,"status":"failed","error":"Table invoices completed with 3647 errors.","hint":"Fix the row errors, then run the migration again."}
{"timestamp":"2026-08-03T12:14:16.497Z","runId":6,"level":"warn","phase":"run_finalize","status":"completed_with_errors","tableErrorCount":1}
