{"timestamp":"2026-06-08T15:25:06.151Z","runId":7,"level":"info","phase":"run_start","dryRun":false,"batchSize":1000,"fkChecks":true,"tables":[{"table":"WORK_DONE","mode":"INSERT","keyStrategy":"preserve","dedupeKeys":[],"onDuplicate":"SKIP","cleanBefore":true}]}
{"timestamp":"2026-06-08T15:25:06.151Z","runId":7,"level":"info","phase":"preflight","action":"firebird_config_check","host":"localhost","port":3050,"database":"C:\\Autoneer\\data\\AUTONEER.FDB","user":"SYSDBA","passwordSet":true,"passwordLength":9,"passwordSource":"state","useDefaultSysdbaMasterkey":true,"rawPasswordSet":true,"rawPasswordLength":9}
{"timestamp":"2026-06-08T15:25:06.196Z","runId":7,"level":"info","phase":"preflight","attempt":1,"status":"ok"}
{"timestamp":"2026-06-08T15:25:06.196Z","runId":7,"level":"debug","phase":"preflight","durationMs":45}
{"timestamp":"2026-06-08T15:25:06.197Z","runId":7,"level":"info","phase":"preflight","action":"nullability_validation","status":"start"}
{"timestamp":"2026-06-08T15:25:06.198Z","runId":7,"level":"info","phase":"preflight","action":"nullability_validation","status":"passed"}
{"timestamp":"2026-06-08T15:25:06.198Z","runId":7,"level":"info","phase":"preflight","action":"gl_account_types_seed","status":"start"}
{"timestamp":"2026-06-08T15:25:06.201Z","runId":7,"level":"info","phase":"preflight","action":"gl_account_types_seed","status":"passed"}
{"timestamp":"2026-06-08T15:25:06.307Z","runId":7,"level":"info","phase":"preflight","action":"accnr_conversion_map","source":"firebird","sourceTable":"ACCOUNTS","count":85}
{"timestamp":"2026-06-08T15:25:06.307Z","runId":7,"level":"debug","phase":"table_loop","action":"starting","includedCount":1,"mappingTableCount":1}
{"timestamp":"2026-06-08T15:25:06.307Z","runId":7,"level":"info","phase":"table_loop","action":"normalized_tables","sampleTables":["WORK_DONE"]}
{"timestamp":"2026-06-08T15:25:06.307Z","runId":7,"level":"debug","phase":"table_loop","action":"processing","tableName":"work_done","mappingTableKeys":["WORKDONE"]}
{"timestamp":"2026-06-08T15:25:06.307Z","runId":7,"level":"debug","phase":"table_loop","action":"mapping_resolved","tableName":"work_done","hasMappingEntry":true,"mappingTarget":"WORK_DONE"}
{"timestamp":"2026-06-08T15:25:06.308Z","runId":7,"level":"debug","phase":"mapping_debug","tableName":"work_done","mappedSource":"WORKDONE","firebirdTableCount":189,"sampleFirebirdTables":["ACCCLASS","ACCDEPARTMENT","ACCOUNTLINKS","ACCOUNTS","ACCOUNT_OPENING"]}
{"timestamp":"2026-06-08T15:25:07.088Z","runId":7,"level":"debug","phase":"clean_decision","tableName":"work_done","cleanBefore":true,"dryRun":false,"mode":"INSERT"}
{"timestamp":"2026-06-08T15:25:07.088Z","runId":7,"type":"table_cleaning_started","table":"work_done","tableRunId":88}
{"timestamp":"2026-06-08T15:25:07.088Z","runId":7,"level":"info","phase":"clean","tableName":"work_done","tableRunId":88,"status":"start"}
{"timestamp":"2026-06-08T15:25:07.088Z","runId":7,"level":"debug","phase":"clean","tableName":"work_done","tableRunId":88,"action":"fk_checks_disabled"}
{"timestamp":"2026-06-08T15:25:07.134Z","runId":7,"level":"info","phase":"clean","tableName":"work_done","tableRunId":88,"status":"success","method":"TRUNCATE","affectedRows":null,"postCount":0,"durationMs":46}
{"timestamp":"2026-06-08T15:25:07.142Z","runId":7,"type":"table_cleaned","table":"work_done","tableRunId":88,"method":"TRUNCATE","affectedRows":null,"postCount":0}
{"timestamp":"2026-06-08T15:25:07.143Z","runId":7,"level":"debug","phase":"clean","tableName":"work_done","tableRunId":88,"action":"fk_checks_restored"}
{"timestamp":"2026-06-08T15:25:07.143Z","runId":7,"level":"info","phase":"table_start","tableName":"work_done","tableRunId":88,"mode":"INSERT","keyStrategy":"preserve","dedupeKeys":[]}
{"timestamp":"2026-06-08T15:25:07.175Z","runId":7,"level":"info","phase":"fetch","tableName":"work_done","tableRunId":88,"sourceRows":49260,"dateFilter":null}
{"timestamp":"2026-06-08T15:25:07.395Z","runId":7,"level":"debug","phase":"write","tableName":"work_done","tableRunId":88,"status":"start","batchSize":1000}
{"timestamp":"2026-06-08T15:25:07.433Z","runId":7,"level":"debug","phase":"write","tableName":"work_done","tableRunId":88,"status":"end","inserted":998,"updated":0,"skipped":2,"durationMs":38}
{"timestamp":"2026-06-08T15:25:07.647Z","runId":7,"level":"debug","phase":"write","tableName":"work_done","tableRunId":88,"status":"start","batchSize":1000}
{"timestamp":"2026-06-08T15:25:07.692Z","runId":7,"level":"debug","phase":"write","tableName":"work_done","tableRunId":88,"status":"end","inserted":983,"updated":0,"skipped":17,"durationMs":45}
{"timestamp":"2026-06-08T15:25:07.903Z","runId":7,"level":"debug","phase":"write","tableName":"work_done","tableRunId":88,"status":"start","batchSize":1000}
{"timestamp":"2026-06-08T15:25:07.944Z","runId":7,"level":"debug","phase":"write","tableName":"work_done","tableRunId":88,"status":"end","inserted":968,"updated":0,"skipped":32,"durationMs":41}
{"timestamp":"2026-06-08T15:25:08.165Z","runId":7,"level":"debug","phase":"write","tableName":"work_done","tableRunId":88,"status":"start","batchSize":1000}
{"timestamp":"2026-06-08T15:25:08.228Z","runId":7,"level":"debug","phase":"write","tableName":"work_done","tableRunId":88,"status":"end","inserted":991,"updated":0,"skipped":9,"durationMs":63}
{"timestamp":"2026-06-08T15:25:08.441Z","runId":7,"level":"debug","phase":"write","tableName":"work_done","tableRunId":88,"status":"start","batchSize":1000}
{"timestamp":"2026-06-08T15:25:08.471Z","runId":7,"level":"debug","phase":"write","tableName":"work_done","tableRunId":88,"status":"end","inserted":997,"updated":0,"skipped":3,"durationMs":30}
{"timestamp":"2026-06-08T15:25:08.688Z","runId":7,"level":"debug","phase":"write","tableName":"work_done","tableRunId":88,"status":"start","batchSize":1000}
{"timestamp":"2026-06-08T15:25:08.716Z","runId":7,"level":"debug","phase":"write","tableName":"work_done","tableRunId":88,"status":"end","inserted":992,"updated":0,"skipped":8,"durationMs":28}
{"timestamp":"2026-06-08T15:25:08.930Z","runId":7,"level":"debug","phase":"write","tableName":"work_done","tableRunId":88,"status":"start","batchSize":1000}
{"timestamp":"2026-06-08T15:25:08.954Z","runId":7,"level":"debug","phase":"write","tableName":"work_done","tableRunId":88,"status":"end","inserted":996,"updated":0,"skipped":4,"durationMs":24}
{"timestamp":"2026-06-08T15:25:09.178Z","runId":7,"level":"debug","phase":"write","tableName":"work_done","tableRunId":88,"status":"start","batchSize":1000}
{"timestamp":"2026-06-08T15:25:09.206Z","runId":7,"level":"debug","phase":"write","tableName":"work_done","tableRunId":88,"status":"end","inserted":999,"updated":0,"skipped":1,"durationMs":28}
{"timestamp":"2026-06-08T15:25:09.430Z","runId":7,"level":"debug","phase":"write","tableName":"work_done","tableRunId":88,"status":"start","batchSize":1000}
{"timestamp":"2026-06-08T15:25:09.457Z","runId":7,"level":"debug","phase":"write","tableName":"work_done","tableRunId":88,"status":"end","inserted":996,"updated":0,"skipped":4,"durationMs":27}
{"timestamp":"2026-06-08T15:25:09.679Z","runId":7,"level":"debug","phase":"write","tableName":"work_done","tableRunId":88,"status":"start","batchSize":1000}
{"timestamp":"2026-06-08T15:25:09.705Z","runId":7,"level":"debug","phase":"write","tableName":"work_done","tableRunId":88,"status":"end","inserted":1000,"updated":0,"skipped":0,"durationMs":26}
{"timestamp":"2026-06-08T15:25:09.932Z","runId":7,"level":"debug","phase":"write","tableName":"work_done","tableRunId":88,"status":"start","batchSize":1000}
{"timestamp":"2026-06-08T15:25:09.958Z","runId":7,"level":"debug","phase":"write","tableName":"work_done","tableRunId":88,"status":"end","inserted":995,"updated":0,"skipped":5,"durationMs":26}
{"timestamp":"2026-06-08T15:25:10.183Z","runId":7,"level":"debug","phase":"write","tableName":"work_done","tableRunId":88,"status":"start","batchSize":1000}
{"timestamp":"2026-06-08T15:25:10.236Z","runId":7,"level":"debug","phase":"write","tableName":"work_done","tableRunId":88,"status":"end","inserted":997,"updated":0,"skipped":3,"durationMs":53}
{"timestamp":"2026-06-08T15:25:10.468Z","runId":7,"level":"debug","phase":"write","tableName":"work_done","tableRunId":88,"status":"start","batchSize":1000}
{"timestamp":"2026-06-08T15:25:10.492Z","runId":7,"level":"debug","phase":"write","tableName":"work_done","tableRunId":88,"status":"end","inserted":990,"updated":0,"skipped":10,"durationMs":24}
{"timestamp":"2026-06-08T15:25:10.723Z","runId":7,"level":"debug","phase":"write","tableName":"work_done","tableRunId":88,"status":"start","batchSize":1000}
{"timestamp":"2026-06-08T15:25:10.753Z","runId":7,"level":"debug","phase":"write","tableName":"work_done","tableRunId":88,"status":"end","inserted":1000,"updated":0,"skipped":0,"durationMs":30}
{"timestamp":"2026-06-08T15:25:10.988Z","runId":7,"level":"debug","phase":"write","tableName":"work_done","tableRunId":88,"status":"start","batchSize":1000}
{"timestamp":"2026-06-08T15:25:11.014Z","runId":7,"level":"debug","phase":"write","tableName":"work_done","tableRunId":88,"status":"end","inserted":999,"updated":0,"skipped":1,"durationMs":26}
{"timestamp":"2026-06-08T15:25:11.245Z","runId":7,"level":"debug","phase":"write","tableName":"work_done","tableRunId":88,"status":"start","batchSize":1000}
{"timestamp":"2026-06-08T15:25:11.271Z","runId":7,"level":"debug","phase":"write","tableName":"work_done","tableRunId":88,"status":"end","inserted":999,"updated":0,"skipped":1,"durationMs":26}
{"timestamp":"2026-06-08T15:25:11.498Z","runId":7,"level":"debug","phase":"write","tableName":"work_done","tableRunId":88,"status":"start","batchSize":1000}
{"timestamp":"2026-06-08T15:25:11.527Z","runId":7,"level":"debug","phase":"write","tableName":"work_done","tableRunId":88,"status":"end","inserted":997,"updated":0,"skipped":3,"durationMs":29}
{"timestamp":"2026-06-08T15:25:11.762Z","runId":7,"level":"debug","phase":"write","tableName":"work_done","tableRunId":88,"status":"start","batchSize":1000}
{"timestamp":"2026-06-08T15:25:11.813Z","runId":7,"level":"debug","phase":"write","tableName":"work_done","tableRunId":88,"status":"end","inserted":999,"updated":0,"skipped":1,"durationMs":51}
{"timestamp":"2026-06-08T15:25:12.044Z","runId":7,"level":"debug","phase":"write","tableName":"work_done","tableRunId":88,"status":"start","batchSize":1000}
{"timestamp":"2026-06-08T15:25:12.072Z","runId":7,"level":"debug","phase":"write","tableName":"work_done","tableRunId":88,"status":"end","inserted":1000,"updated":0,"skipped":0,"durationMs":28}
{"timestamp":"2026-06-08T15:25:12.294Z","runId":7,"level":"debug","phase":"write","tableName":"work_done","tableRunId":88,"status":"start","batchSize":1000}
{"timestamp":"2026-06-08T15:25:12.321Z","runId":7,"level":"debug","phase":"write","tableName":"work_done","tableRunId":88,"status":"end","inserted":978,"updated":0,"skipped":22,"durationMs":27}
{"timestamp":"2026-06-08T15:25:12.564Z","runId":7,"level":"debug","phase":"write","tableName":"work_done","tableRunId":88,"status":"start","batchSize":1000}
{"timestamp":"2026-06-08T15:25:12.591Z","runId":7,"level":"debug","phase":"write","tableName":"work_done","tableRunId":88,"status":"end","inserted":995,"updated":0,"skipped":5,"durationMs":27}
{"timestamp":"2026-06-08T15:25:12.828Z","runId":7,"level":"debug","phase":"write","tableName":"work_done","tableRunId":88,"status":"start","batchSize":1000}
{"timestamp":"2026-06-08T15:25:12.856Z","runId":7,"level":"debug","phase":"write","tableName":"work_done","tableRunId":88,"status":"end","inserted":994,"updated":0,"skipped":6,"durationMs":28}
{"timestamp":"2026-06-08T15:25:13.088Z","runId":7,"level":"debug","phase":"write","tableName":"work_done","tableRunId":88,"status":"start","batchSize":1000}
{"timestamp":"2026-06-08T15:25:13.116Z","runId":7,"level":"debug","phase":"write","tableName":"work_done","tableRunId":88,"status":"end","inserted":992,"updated":0,"skipped":8,"durationMs":28}
{"timestamp":"2026-06-08T15:25:13.351Z","runId":7,"level":"debug","phase":"write","tableName":"work_done","tableRunId":88,"status":"start","batchSize":1000}
{"timestamp":"2026-06-08T15:25:13.392Z","runId":7,"level":"debug","phase":"write","tableName":"work_done","tableRunId":88,"status":"end","inserted":998,"updated":0,"skipped":2,"durationMs":41}
{"timestamp":"2026-06-08T15:25:13.640Z","runId":7,"level":"debug","phase":"write","tableName":"work_done","tableRunId":88,"status":"start","batchSize":1000}
{"timestamp":"2026-06-08T15:25:13.669Z","runId":7,"level":"debug","phase":"write","tableName":"work_done","tableRunId":88,"status":"end","inserted":995,"updated":0,"skipped":5,"durationMs":29}
{"timestamp":"2026-06-08T15:25:13.918Z","runId":7,"level":"debug","phase":"write","tableName":"work_done","tableRunId":88,"status":"start","batchSize":1000}
{"timestamp":"2026-06-08T15:25:13.961Z","runId":7,"level":"debug","phase":"write","tableName":"work_done","tableRunId":88,"status":"end","inserted":996,"updated":0,"skipped":4,"durationMs":43}
{"timestamp":"2026-06-08T15:25:14.193Z","runId":7,"level":"debug","phase":"write","tableName":"work_done","tableRunId":88,"status":"start","batchSize":1000}
{"timestamp":"2026-06-08T15:25:14.221Z","runId":7,"level":"debug","phase":"write","tableName":"work_done","tableRunId":88,"status":"end","inserted":1000,"updated":0,"skipped":0,"durationMs":28}
{"timestamp":"2026-06-08T15:25:14.471Z","runId":7,"level":"debug","phase":"write","tableName":"work_done","tableRunId":88,"status":"start","batchSize":1000}
{"timestamp":"2026-06-08T15:25:14.495Z","runId":7,"level":"debug","phase":"write","tableName":"work_done","tableRunId":88,"status":"end","inserted":1000,"updated":0,"skipped":0,"durationMs":24}
{"timestamp":"2026-06-08T15:25:14.743Z","runId":7,"level":"debug","phase":"write","tableName":"work_done","tableRunId":88,"status":"start","batchSize":1000}
{"timestamp":"2026-06-08T15:25:14.771Z","runId":7,"level":"debug","phase":"write","tableName":"work_done","tableRunId":88,"status":"end","inserted":993,"updated":0,"skipped":7,"durationMs":28}
{"timestamp":"2026-06-08T15:25:15.025Z","runId":7,"level":"debug","phase":"write","tableName":"work_done","tableRunId":88,"status":"start","batchSize":1000}
{"timestamp":"2026-06-08T15:25:15.051Z","runId":7,"level":"debug","phase":"write","tableName":"work_done","tableRunId":88,"status":"end","inserted":993,"updated":0,"skipped":7,"durationMs":26}
{"timestamp":"2026-06-08T15:25:15.308Z","runId":7,"level":"debug","phase":"write","tableName":"work_done","tableRunId":88,"status":"start","batchSize":1000}
{"timestamp":"2026-06-08T15:25:15.334Z","runId":7,"level":"debug","phase":"write","tableName":"work_done","tableRunId":88,"status":"end","inserted":996,"updated":0,"skipped":4,"durationMs":26}
{"timestamp":"2026-06-08T15:25:15.583Z","runId":7,"level":"debug","phase":"write","tableName":"work_done","tableRunId":88,"status":"start","batchSize":1000}
{"timestamp":"2026-06-08T15:25:15.627Z","runId":7,"level":"debug","phase":"write","tableName":"work_done","tableRunId":88,"status":"end","inserted":996,"updated":0,"skipped":4,"durationMs":45}
{"timestamp":"2026-06-08T15:25:15.874Z","runId":7,"level":"debug","phase":"write","tableName":"work_done","tableRunId":88,"status":"start","batchSize":1000}
{"timestamp":"2026-06-08T15:25:15.911Z","runId":7,"level":"debug","phase":"write","tableName":"work_done","tableRunId":88,"status":"end","inserted":999,"updated":0,"skipped":1,"durationMs":37}
{"timestamp":"2026-06-08T15:25:16.154Z","runId":7,"level":"debug","phase":"write","tableName":"work_done","tableRunId":88,"status":"start","batchSize":1000}
{"timestamp":"2026-06-08T15:25:16.206Z","runId":7,"level":"debug","phase":"write","tableName":"work_done","tableRunId":88,"status":"end","inserted":999,"updated":0,"skipped":1,"durationMs":52}
{"timestamp":"2026-06-08T15:25:16.449Z","runId":7,"level":"debug","phase":"write","tableName":"work_done","tableRunId":88,"status":"start","batchSize":1000}
{"timestamp":"2026-06-08T15:25:16.483Z","runId":7,"level":"debug","phase":"write","tableName":"work_done","tableRunId":88,"status":"end","inserted":1000,"updated":0,"skipped":0,"durationMs":34}
{"timestamp":"2026-06-08T15:25:16.743Z","runId":7,"level":"debug","phase":"write","tableName":"work_done","tableRunId":88,"status":"start","batchSize":1000}
{"timestamp":"2026-06-08T15:25:16.769Z","runId":7,"level":"debug","phase":"write","tableName":"work_done","tableRunId":88,"status":"end","inserted":998,"updated":0,"skipped":2,"durationMs":26}
{"timestamp":"2026-06-08T15:25:17.022Z","runId":7,"level":"debug","phase":"write","tableName":"work_done","tableRunId":88,"status":"start","batchSize":1000}
{"timestamp":"2026-06-08T15:25:17.047Z","runId":7,"level":"debug","phase":"write","tableName":"work_done","tableRunId":88,"status":"end","inserted":996,"updated":0,"skipped":4,"durationMs":25}
{"timestamp":"2026-06-08T15:25:17.300Z","runId":7,"level":"debug","phase":"write","tableName":"work_done","tableRunId":88,"status":"start","batchSize":1000}
{"timestamp":"2026-06-08T15:25:17.327Z","runId":7,"level":"debug","phase":"write","tableName":"work_done","tableRunId":88,"status":"end","inserted":1000,"updated":0,"skipped":0,"durationMs":27}
{"timestamp":"2026-06-08T15:25:17.573Z","runId":7,"level":"debug","phase":"write","tableName":"work_done","tableRunId":88,"status":"start","batchSize":1000}
{"timestamp":"2026-06-08T15:25:17.597Z","runId":7,"level":"debug","phase":"write","tableName":"work_done","tableRunId":88,"status":"end","inserted":1000,"updated":0,"skipped":0,"durationMs":24}
{"timestamp":"2026-06-08T15:25:17.840Z","runId":7,"level":"debug","phase":"write","tableName":"work_done","tableRunId":88,"status":"start","batchSize":1000}
{"timestamp":"2026-06-08T15:25:17.869Z","runId":7,"level":"debug","phase":"write","tableName":"work_done","tableRunId":88,"status":"end","inserted":997,"updated":0,"skipped":3,"durationMs":29}
{"timestamp":"2026-06-08T15:25:18.118Z","runId":7,"level":"debug","phase":"write","tableName":"work_done","tableRunId":88,"status":"start","batchSize":1000}
{"timestamp":"2026-06-08T15:25:18.144Z","runId":7,"level":"debug","phase":"write","tableName":"work_done","tableRunId":88,"status":"end","inserted":997,"updated":0,"skipped":3,"durationMs":26}
{"timestamp":"2026-06-08T15:25:18.392Z","runId":7,"level":"debug","phase":"write","tableName":"work_done","tableRunId":88,"status":"start","batchSize":1000}
{"timestamp":"2026-06-08T15:25:18.417Z","runId":7,"level":"debug","phase":"write","tableName":"work_done","tableRunId":88,"status":"end","inserted":997,"updated":0,"skipped":3,"durationMs":25}
{"timestamp":"2026-06-08T15:25:18.665Z","runId":7,"level":"debug","phase":"write","tableName":"work_done","tableRunId":88,"status":"start","batchSize":1000}
{"timestamp":"2026-06-08T15:25:18.693Z","runId":7,"level":"debug","phase":"write","tableName":"work_done","tableRunId":88,"status":"end","inserted":998,"updated":0,"skipped":2,"durationMs":28}
{"timestamp":"2026-06-08T15:25:18.947Z","runId":7,"level":"debug","phase":"write","tableName":"work_done","tableRunId":88,"status":"start","batchSize":1000}
{"timestamp":"2026-06-08T15:25:18.972Z","runId":7,"level":"debug","phase":"write","tableName":"work_done","tableRunId":88,"status":"end","inserted":1000,"updated":0,"skipped":0,"durationMs":25}
{"timestamp":"2026-06-08T15:25:19.217Z","runId":7,"level":"debug","phase":"write","tableName":"work_done","tableRunId":88,"status":"start","batchSize":1000}
{"timestamp":"2026-06-08T15:25:19.242Z","runId":7,"level":"debug","phase":"write","tableName":"work_done","tableRunId":88,"status":"end","inserted":1000,"updated":0,"skipped":0,"durationMs":25}
{"timestamp":"2026-06-08T15:25:19.515Z","runId":7,"level":"debug","phase":"write","tableName":"work_done","tableRunId":88,"status":"start","batchSize":1000}
{"timestamp":"2026-06-08T15:25:19.543Z","runId":7,"level":"debug","phase":"write","tableName":"work_done","tableRunId":88,"status":"end","inserted":1000,"updated":0,"skipped":0,"durationMs":28}
{"timestamp":"2026-06-08T15:25:19.798Z","runId":7,"level":"debug","phase":"write","tableName":"work_done","tableRunId":88,"status":"start","batchSize":1000}
{"timestamp":"2026-06-08T15:25:19.844Z","runId":7,"level":"debug","phase":"write","tableName":"work_done","tableRunId":88,"status":"end","inserted":999,"updated":0,"skipped":1,"durationMs":46}
{"timestamp":"2026-06-08T15:25:20.108Z","runId":7,"level":"debug","phase":"write","tableName":"work_done","tableRunId":88,"status":"start","batchSize":1000}
{"timestamp":"2026-06-08T15:25:20.137Z","runId":7,"level":"debug","phase":"write","tableName":"work_done","tableRunId":88,"status":"end","inserted":1000,"updated":0,"skipped":0,"durationMs":29}
{"timestamp":"2026-06-08T15:25:20.408Z","runId":7,"level":"debug","phase":"write","tableName":"work_done","tableRunId":88,"status":"start","batchSize":1000}
{"timestamp":"2026-06-08T15:25:20.463Z","runId":7,"level":"debug","phase":"write","tableName":"work_done","tableRunId":88,"status":"end","inserted":980,"updated":0,"skipped":20,"durationMs":55}
{"timestamp":"2026-06-08T15:25:20.718Z","runId":7,"level":"debug","phase":"write","tableName":"work_done","tableRunId":88,"status":"start","batchSize":260}
{"timestamp":"2026-06-08T15:25:20.729Z","runId":7,"level":"debug","phase":"write","tableName":"work_done","tableRunId":88,"status":"end","inserted":260,"updated":0,"skipped":0,"durationMs":11}
{"timestamp":"2026-06-08T15:25:20.740Z","runId":7,"level":"info","phase":"table_finalize","tableName":"work_done","tableRunId":88,"status":"success","inserted":49042,"updated":0,"skipped":218,"errors":0,"durationMs":13592}
{"timestamp":"2026-06-08T15:25:20.745Z","runId":7,"level":"info","phase":"run_finalize","status":"success"}
