{"timestamp":"2026-08-03T12:52:39.466Z","runId":8,"level":"info","phase":"run_start","dryRun":false,"batchSize":1000,"fkChecks":true,"tables":[{"table":"BANKS","mode":"INSERT","keyStrategy":"preserve","dedupeKeys":[],"onDuplicate":"SKIP","cleanBefore":false},{"table":"STAFF","mode":"INSERT","keyStrategy":"preserve","dedupeKeys":[],"onDuplicate":"SKIP","cleanBefore":false},{"table":"STOCK","mode":"INSERT","keyStrategy":"preserve","dedupeKeys":[],"onDuplicate":"SKIP","cleanBefore":false},{"table":"ACCOUNTS","mode":"INSERT","keyStrategy":"preserve","dedupeKeys":[],"onDuplicate":"SKIP","cleanBefore":false},{"table":"LOCATION","mode":"INSERT","keyStrategy":"preserve","dedupeKeys":[],"onDuplicate":"SKIP","cleanBefore":false},{"table":"ACC_CLASS","mode":"INSERT","keyStrategy":"preserve","dedupeKeys":[],"onDuplicate":"SKIP","cleanBefore":false},{"table":"CUSTOMERS","mode":"INSERT","keyStrategy":"preserve","dedupeKeys":[],"onDuplicate":"SKIP","cleanBefore":false},{"table":"SUPPLIERS","mode":"INSERT","keyStrategy":"preserve","dedupeKeys":[],"onDuplicate":"SKIP","cleanBefore":false},{"table":"WIP_STATUS","mode":"INSERT","keyStrategy":"preserve","dedupeKeys":[],"onDuplicate":"SKIP","cleanBefore":false},{"table":"ACC_DEPARTMENT","mode":"INSERT","keyStrategy":"preserve","dedupeKeys":[],"onDuplicate":"SKIP","cleanBefore":false}]}
{"timestamp":"2026-08-03T12:52:39.466Z","runId":8,"level":"info","phase":"preflight","action":"firebird_config_check","host":"localhost","port":3050,"database":"C:\\Autoneer\\data\\STOCK.FDB","user":"SYSDBA","passwordSet":true,"passwordLength":9,"passwordSource":"state","useDefaultSysdbaMasterkey":true,"rawPasswordSet":true,"rawPasswordLength":9}
{"timestamp":"2026-08-03T12:52:39.552Z","runId":8,"level":"info","phase":"preflight","attempt":1,"status":"ok"}
{"timestamp":"2026-08-03T12:52:39.553Z","runId":8,"level":"debug","phase":"preflight","durationMs":87}
{"timestamp":"2026-08-03T12:52:39.553Z","runId":8,"level":"info","phase":"preflight","action":"nullability_validation","status":"start"}
{"timestamp":"2026-08-03T12:52:39.569Z","runId":8,"level":"info","phase":"preflight","action":"nullability_validation","status":"passed"}
{"timestamp":"2026-08-03T12:52:39.569Z","runId":8,"level":"info","phase":"preflight","action":"gl_account_types_seed","status":"start"}
{"timestamp":"2026-08-03T12:52:39.575Z","runId":8,"level":"info","phase":"preflight","action":"gl_account_types_seed","status":"passed"}
{"timestamp":"2026-08-03T12:52:39.746Z","runId":8,"level":"info","phase":"preflight","action":"accnr_conversion_map","source":"firebird","sourceTable":"ACCOUNTS","count":91}
{"timestamp":"2026-08-03T12:52:39.746Z","runId":8,"level":"debug","phase":"table_loop","action":"starting","includedCount":10,"mappingTableCount":10}
{"timestamp":"2026-08-03T12:52:39.746Z","runId":8,"level":"info","phase":"table_loop","action":"normalized_tables","sampleTables":["BANKS","STAFF","STOCK","ACCOUNTS","LOCATION"]}
{"timestamp":"2026-08-03T12:52:39.746Z","runId":8,"level":"debug","phase":"table_loop","action":"processing","tableName":"banks","mappingTableKeys":["BANKS","STAFF","STOCK","ACCCLASS","ACCOUNTS"]}
{"timestamp":"2026-08-03T12:52:39.746Z","runId":8,"level":"debug","phase":"table_loop","action":"mapping_resolved","tableName":"banks","hasMappingEntry":true,"mappingTarget":"BANKS"}
{"timestamp":"2026-08-03T12:52:39.746Z","runId":8,"level":"debug","phase":"mapping_debug","tableName":"banks","mappedSource":"BANKS","firebirdTableCount":189,"sampleFirebirdTables":["ACCCLASS","ACCDEPARTMENT","ACCOUNTLINKS","ACCOUNTS","ACCOUNT_OPENING"]}
{"timestamp":"2026-08-03T12:52:40.587Z","runId":8,"level":"debug","phase":"clean_decision","tableName":"banks","cleanBefore":false,"dryRun":false,"mode":"INSERT"}
{"timestamp":"2026-08-03T12:52:40.587Z","runId":8,"level":"info","phase":"table_start","tableName":"banks","tableRunId":25,"mode":"INSERT","keyStrategy":"preserve","dedupeKeys":[]}
{"timestamp":"2026-08-03T12:52:40.596Z","runId":8,"level":"info","phase":"fetch","tableName":"banks","tableRunId":25,"sourceRows":1,"dateFilter":null}
{"timestamp":"2026-08-03T12:52:40.600Z","runId":8,"level":"debug","phase":"write","tableName":"banks","tableRunId":25,"status":"start","batchSize":1}
{"timestamp":"2026-08-03T12:52:40.603Z","runId":8,"level":"debug","phase":"write","tableName":"banks","tableRunId":25,"status":"end","inserted":0,"updated":0,"skipped":1,"durationMs":3}
{"timestamp":"2026-08-03T12:52:40.616Z","runId":8,"level":"info","phase":"table_finalize","tableName":"banks","tableRunId":25,"status":"success","inserted":0,"updated":0,"skipped":1,"errors":0,"durationMs":23}
{"timestamp":"2026-08-03T12:52:40.617Z","runId":8,"level":"debug","phase":"table_loop","action":"processing","tableName":"staff","mappingTableKeys":["BANKS","STAFF","STOCK","ACCCLASS","ACCOUNTS"]}
{"timestamp":"2026-08-03T12:52:40.617Z","runId":8,"level":"debug","phase":"table_loop","action":"mapping_resolved","tableName":"staff","hasMappingEntry":true,"mappingTarget":"STAFF"}
{"timestamp":"2026-08-03T12:52:40.617Z","runId":8,"level":"debug","phase":"mapping_debug","tableName":"staff","mappedSource":"STAFF","firebirdTableCount":189,"sampleFirebirdTables":["ACCCLASS","ACCDEPARTMENT","ACCOUNTLINKS","ACCOUNTS","ACCOUNT_OPENING"]}
{"timestamp":"2026-08-03T12:52:40.805Z","runId":8,"level":"debug","phase":"clean_decision","tableName":"staff","cleanBefore":false,"dryRun":false,"mode":"INSERT"}
{"timestamp":"2026-08-03T12:52:40.805Z","runId":8,"level":"info","phase":"table_start","tableName":"staff","tableRunId":26,"mode":"INSERT","keyStrategy":"preserve","dedupeKeys":[]}
{"timestamp":"2026-08-03T12:52:40.814Z","runId":8,"level":"info","phase":"fetch","tableName":"staff","tableRunId":26,"sourceRows":9,"dateFilter":null}
{"timestamp":"2026-08-03T12:52:40.820Z","runId":8,"level":"debug","phase":"write","tableName":"staff","tableRunId":26,"status":"start","batchSize":9}
{"timestamp":"2026-08-03T12:52:40.824Z","runId":8,"level":"debug","phase":"write","tableName":"staff","tableRunId":26,"status":"end","inserted":0,"updated":0,"skipped":9,"durationMs":4}
{"timestamp":"2026-08-03T12:52:40.840Z","runId":8,"level":"info","phase":"table_finalize","tableName":"staff","tableRunId":26,"status":"success","inserted":0,"updated":0,"skipped":9,"errors":0,"durationMs":27}
{"timestamp":"2026-08-03T12:52:40.840Z","runId":8,"level":"debug","phase":"table_loop","action":"processing","tableName":"stock","mappingTableKeys":["BANKS","STAFF","STOCK","ACCCLASS","ACCOUNTS"]}
{"timestamp":"2026-08-03T12:52:40.840Z","runId":8,"level":"debug","phase":"table_loop","action":"mapping_resolved","tableName":"stock","hasMappingEntry":true,"mappingTarget":"STOCK"}
{"timestamp":"2026-08-03T12:52:40.840Z","runId":8,"level":"debug","phase":"mapping_debug","tableName":"stock","mappedSource":"STOCK","firebirdTableCount":189,"sampleFirebirdTables":["ACCCLASS","ACCDEPARTMENT","ACCOUNTLINKS","ACCOUNTS","ACCOUNT_OPENING"]}
{"timestamp":"2026-08-03T12:52:42.358Z","runId":8,"level":"debug","phase":"clean_decision","tableName":"stock","cleanBefore":false,"dryRun":false,"mode":"INSERT"}
{"timestamp":"2026-08-03T12:52:42.358Z","runId":8,"level":"info","phase":"table_start","tableName":"stock","tableRunId":27,"mode":"INSERT","keyStrategy":"preserve","dedupeKeys":[]}
{"timestamp":"2026-08-03T12:52:42.367Z","runId":8,"level":"info","phase":"fetch","tableName":"stock","tableRunId":27,"sourceRows":678,"dateFilter":null}
{"timestamp":"2026-08-03T12:52:42.452Z","runId":8,"level":"debug","phase":"write","tableName":"stock","tableRunId":27,"status":"start","batchSize":678}
{"timestamp":"2026-08-03T12:52:42.484Z","runId":8,"level":"debug","phase":"write","tableName":"stock","tableRunId":27,"status":"end","inserted":0,"updated":0,"skipped":678,"durationMs":31}
{"timestamp":"2026-08-03T12:52:42.498Z","runId":8,"level":"info","phase":"table_finalize","tableName":"stock","tableRunId":27,"status":"success","inserted":0,"updated":0,"skipped":678,"errors":0,"durationMs":133}
{"timestamp":"2026-08-03T12:52:42.499Z","runId":8,"level":"debug","phase":"table_loop","action":"processing","tableName":"accounts","mappingTableKeys":["BANKS","STAFF","STOCK","ACCCLASS","ACCOUNTS"]}
{"timestamp":"2026-08-03T12:52:42.499Z","runId":8,"level":"debug","phase":"table_loop","action":"mapping_resolved","tableName":"accounts","hasMappingEntry":true,"mappingTarget":"ACCOUNTS"}
{"timestamp":"2026-08-03T12:52:42.499Z","runId":8,"level":"debug","phase":"mapping_debug","tableName":"accounts","mappedSource":"ACCOUNTS","firebirdTableCount":189,"sampleFirebirdTables":["ACCCLASS","ACCDEPARTMENT","ACCOUNTLINKS","ACCOUNTS","ACCOUNT_OPENING"]}
{"timestamp":"2026-08-03T12:52:42.664Z","runId":8,"level":"debug","phase":"clean_decision","tableName":"accounts","cleanBefore":false,"dryRun":false,"mode":"INSERT"}
{"timestamp":"2026-08-03T12:52:42.665Z","runId":8,"level":"info","phase":"table_start","tableName":"accounts","tableRunId":28,"mode":"INSERT","keyStrategy":"preserve","dedupeKeys":[]}
{"timestamp":"2026-08-03T12:52:42.673Z","runId":8,"level":"info","phase":"fetch","tableName":"accounts","tableRunId":28,"sourceRows":109,"dateFilter":null}
{"timestamp":"2026-08-03T12:52:42.685Z","runId":8,"level":"debug","phase":"write","tableName":"accounts","tableRunId":28,"status":"start","batchSize":109}
{"timestamp":"2026-08-03T12:52:42.690Z","runId":8,"level":"debug","phase":"write","tableName":"accounts","tableRunId":28,"status":"end","inserted":0,"updated":0,"skipped":109,"durationMs":5}
{"timestamp":"2026-08-03T12:52:42.708Z","runId":8,"level":"info","phase":"table_finalize","tableName":"accounts","tableRunId":28,"status":"success","inserted":0,"updated":0,"skipped":109,"errors":0,"durationMs":35}
{"timestamp":"2026-08-03T12:52:42.708Z","runId":8,"level":"debug","phase":"table_loop","action":"processing","tableName":"location","mappingTableKeys":["BANKS","STAFF","STOCK","ACCCLASS","ACCOUNTS"]}
{"timestamp":"2026-08-03T12:52:42.709Z","runId":8,"level":"debug","phase":"table_loop","action":"mapping_resolved","tableName":"location","hasMappingEntry":true,"mappingTarget":"LOCATION"}
{"timestamp":"2026-08-03T12:52:42.709Z","runId":8,"level":"debug","phase":"mapping_debug","tableName":"location","mappedSource":"LOCATION","firebirdTableCount":189,"sampleFirebirdTables":["ACCCLASS","ACCDEPARTMENT","ACCOUNTLINKS","ACCOUNTS","ACCOUNT_OPENING"]}
{"timestamp":"2026-08-03T12:52:42.871Z","runId":8,"level":"debug","phase":"clean_decision","tableName":"location","cleanBefore":false,"dryRun":false,"mode":"INSERT"}
{"timestamp":"2026-08-03T12:52:42.871Z","runId":8,"level":"info","phase":"table_start","tableName":"location","tableRunId":29,"mode":"INSERT","keyStrategy":"preserve","dedupeKeys":[]}
{"timestamp":"2026-08-03T12:52:42.879Z","runId":8,"level":"info","phase":"fetch","tableName":"location","tableRunId":29,"sourceRows":16,"dateFilter":null}
{"timestamp":"2026-08-03T12:52:42.884Z","runId":8,"level":"debug","phase":"write","tableName":"location","tableRunId":29,"status":"start","batchSize":16}
{"timestamp":"2026-08-03T12:52:42.889Z","runId":8,"level":"debug","phase":"write","tableName":"location","tableRunId":29,"status":"end","inserted":0,"updated":0,"skipped":16,"durationMs":5}
{"timestamp":"2026-08-03T12:52:42.905Z","runId":8,"level":"info","phase":"table_finalize","tableName":"location","tableRunId":29,"status":"success","inserted":0,"updated":0,"skipped":16,"errors":0,"durationMs":26}
{"timestamp":"2026-08-03T12:52:42.905Z","runId":8,"level":"debug","phase":"table_loop","action":"processing","tableName":"acc_class","mappingTableKeys":["BANKS","STAFF","STOCK","ACCCLASS","ACCOUNTS"]}
{"timestamp":"2026-08-03T12:52:42.906Z","runId":8,"level":"debug","phase":"table_loop","action":"mapping_resolved","tableName":"acc_class","hasMappingEntry":true,"mappingTarget":"ACC_CLASS"}
{"timestamp":"2026-08-03T12:52:42.906Z","runId":8,"level":"debug","phase":"mapping_debug","tableName":"acc_class","mappedSource":"ACCCLASS","firebirdTableCount":189,"sampleFirebirdTables":["ACCCLASS","ACCDEPARTMENT","ACCOUNTLINKS","ACCOUNTS","ACCOUNT_OPENING"]}
{"timestamp":"2026-08-03T12:52:43.069Z","runId":8,"level":"debug","phase":"clean_decision","tableName":"acc_class","cleanBefore":false,"dryRun":false,"mode":"INSERT"}
{"timestamp":"2026-08-03T12:52:43.069Z","runId":8,"level":"info","phase":"table_start","tableName":"acc_class","tableRunId":30,"mode":"INSERT","keyStrategy":"preserve","dedupeKeys":[]}
{"timestamp":"2026-08-03T12:52:43.079Z","runId":8,"level":"info","phase":"fetch","tableName":"acc_class","tableRunId":30,"sourceRows":7,"dateFilter":null}
{"timestamp":"2026-08-03T12:52:43.085Z","runId":8,"level":"debug","phase":"write","tableName":"acc_class","tableRunId":30,"status":"start","batchSize":7}
{"timestamp":"2026-08-03T12:52:43.089Z","runId":8,"level":"debug","phase":"write","tableName":"acc_class","tableRunId":30,"status":"end","inserted":0,"updated":0,"skipped":7,"durationMs":4}
{"timestamp":"2026-08-03T12:52:43.106Z","runId":8,"level":"info","phase":"table_finalize","tableName":"acc_class","tableRunId":30,"status":"success","inserted":0,"updated":0,"skipped":7,"errors":0,"durationMs":29}
{"timestamp":"2026-08-03T12:52:43.107Z","runId":8,"level":"debug","phase":"table_loop","action":"processing","tableName":"customers","mappingTableKeys":["BANKS","STAFF","STOCK","ACCCLASS","ACCOUNTS"]}
{"timestamp":"2026-08-03T12:52:43.107Z","runId":8,"level":"debug","phase":"table_loop","action":"mapping_resolved","tableName":"customers","hasMappingEntry":true,"mappingTarget":"CUSTOMERS"}
{"timestamp":"2026-08-03T12:52:43.107Z","runId":8,"level":"debug","phase":"mapping_debug","tableName":"customers","mappedSource":"CUSTOMER","firebirdTableCount":189,"sampleFirebirdTables":["ACCCLASS","ACCDEPARTMENT","ACCOUNTLINKS","ACCOUNTS","ACCOUNT_OPENING"]}
{"timestamp":"2026-08-03T12:52:43.276Z","runId":8,"level":"debug","phase":"clean_decision","tableName":"customers","cleanBefore":false,"dryRun":false,"mode":"INSERT"}
{"timestamp":"2026-08-03T12:52:43.277Z","runId":8,"level":"info","phase":"table_start","tableName":"customers","tableRunId":31,"mode":"INSERT","keyStrategy":"preserve","dedupeKeys":[]}
{"timestamp":"2026-08-03T12:52:43.286Z","runId":8,"level":"info","phase":"fetch","tableName":"customers","tableRunId":31,"sourceRows":8,"dateFilter":null}
{"timestamp":"2026-08-03T12:52:43.292Z","runId":8,"level":"debug","phase":"write","tableName":"customers","tableRunId":31,"status":"start","batchSize":8}
{"timestamp":"2026-08-03T12:52:43.298Z","runId":8,"level":"debug","phase":"write","tableName":"customers","tableRunId":31,"status":"end","inserted":8,"updated":0,"skipped":0,"durationMs":6}
{"timestamp":"2026-08-03T12:52:43.314Z","runId":8,"level":"info","phase":"table_finalize","tableName":"customers","tableRunId":31,"status":"success","inserted":8,"updated":0,"skipped":0,"errors":0,"durationMs":29}
{"timestamp":"2026-08-03T12:52:43.315Z","runId":8,"level":"debug","phase":"table_loop","action":"processing","tableName":"suppliers","mappingTableKeys":["BANKS","STAFF","STOCK","ACCCLASS","ACCOUNTS"]}
{"timestamp":"2026-08-03T12:52:43.315Z","runId":8,"level":"debug","phase":"table_loop","action":"mapping_resolved","tableName":"suppliers","hasMappingEntry":true,"mappingTarget":"SUPPLIERS"}
{"timestamp":"2026-08-03T12:52:43.315Z","runId":8,"level":"debug","phase":"mapping_debug","tableName":"suppliers","mappedSource":"SUPPLIER","firebirdTableCount":189,"sampleFirebirdTables":["ACCCLASS","ACCDEPARTMENT","ACCOUNTLINKS","ACCOUNTS","ACCOUNT_OPENING"]}
{"timestamp":"2026-08-03T12:52:43.505Z","runId":8,"level":"debug","phase":"clean_decision","tableName":"suppliers","cleanBefore":false,"dryRun":false,"mode":"INSERT"}
{"timestamp":"2026-08-03T12:52:43.505Z","runId":8,"level":"info","phase":"table_start","tableName":"suppliers","tableRunId":32,"mode":"INSERT","keyStrategy":"preserve","dedupeKeys":[]}
{"timestamp":"2026-08-03T12:52:43.517Z","runId":8,"level":"info","phase":"fetch","tableName":"suppliers","tableRunId":32,"sourceRows":74,"dateFilter":null}
{"timestamp":"2026-08-03T12:52:43.530Z","runId":8,"level":"debug","phase":"write","tableName":"suppliers","tableRunId":32,"status":"start","batchSize":74}
{"timestamp":"2026-08-03T12:52:43.535Z","runId":8,"level":"debug","phase":"write","tableName":"suppliers","tableRunId":32,"status":"end","inserted":0,"updated":0,"skipped":74,"durationMs":5}
{"timestamp":"2026-08-03T12:52:43.554Z","runId":8,"level":"info","phase":"table_finalize","tableName":"suppliers","tableRunId":32,"status":"success","inserted":0,"updated":0,"skipped":74,"errors":0,"durationMs":40}
{"timestamp":"2026-08-03T12:52:43.555Z","runId":8,"level":"debug","phase":"table_loop","action":"processing","tableName":"wip_status","mappingTableKeys":["BANKS","STAFF","STOCK","ACCCLASS","ACCOUNTS"]}
{"timestamp":"2026-08-03T12:52:43.555Z","runId":8,"level":"debug","phase":"table_loop","action":"mapping_resolved","tableName":"wip_status","hasMappingEntry":true,"mappingTarget":"WIP_STATUS"}
{"timestamp":"2026-08-03T12:52:43.555Z","runId":8,"level":"debug","phase":"mapping_debug","tableName":"wip_status","mappedSource":"WIPSTATUS","firebirdTableCount":189,"sampleFirebirdTables":["ACCCLASS","ACCDEPARTMENT","ACCOUNTLINKS","ACCOUNTS","ACCOUNT_OPENING"]}
{"timestamp":"2026-08-03T12:52:43.733Z","runId":8,"level":"debug","phase":"clean_decision","tableName":"wip_status","cleanBefore":false,"dryRun":false,"mode":"INSERT"}
{"timestamp":"2026-08-03T12:52:43.733Z","runId":8,"level":"info","phase":"table_start","tableName":"wip_status","tableRunId":33,"mode":"INSERT","keyStrategy":"preserve","dedupeKeys":[]}
{"timestamp":"2026-08-03T12:52:43.742Z","runId":8,"level":"info","phase":"fetch","tableName":"wip_status","tableRunId":33,"sourceRows":8,"dateFilter":null}
{"timestamp":"2026-08-03T12:52:43.747Z","runId":8,"level":"debug","phase":"write","tableName":"wip_status","tableRunId":33,"status":"start","batchSize":8}
{"timestamp":"2026-08-03T12:52:43.752Z","runId":8,"level":"debug","phase":"write","tableName":"wip_status","tableRunId":33,"status":"end","inserted":0,"updated":0,"skipped":8,"durationMs":5}
{"timestamp":"2026-08-03T12:52:43.771Z","runId":8,"level":"info","phase":"table_finalize","tableName":"wip_status","tableRunId":33,"status":"success","inserted":0,"updated":0,"skipped":8,"errors":0,"durationMs":28}
{"timestamp":"2026-08-03T12:52:43.771Z","runId":8,"level":"debug","phase":"table_loop","action":"processing","tableName":"acc_department","mappingTableKeys":["BANKS","STAFF","STOCK","ACCCLASS","ACCOUNTS"]}
{"timestamp":"2026-08-03T12:52:43.771Z","runId":8,"level":"debug","phase":"table_loop","action":"mapping_resolved","tableName":"acc_department","hasMappingEntry":true,"mappingTarget":"ACC_DEPARTMENT"}
{"timestamp":"2026-08-03T12:52:43.771Z","runId":8,"level":"debug","phase":"mapping_debug","tableName":"acc_department","mappedSource":"ACCDEPARTMENT","firebirdTableCount":189,"sampleFirebirdTables":["ACCCLASS","ACCDEPARTMENT","ACCOUNTLINKS","ACCOUNTS","ACCOUNT_OPENING"]}
{"timestamp":"2026-08-03T12:52:43.944Z","runId":8,"level":"debug","phase":"clean_decision","tableName":"acc_department","cleanBefore":false,"dryRun":false,"mode":"INSERT"}
{"timestamp":"2026-08-03T12:52:43.944Z","runId":8,"level":"info","phase":"table_start","tableName":"acc_department","tableRunId":34,"mode":"INSERT","keyStrategy":"preserve","dedupeKeys":[]}
{"timestamp":"2026-08-03T12:52:43.954Z","runId":8,"level":"info","phase":"fetch","tableName":"acc_department","tableRunId":34,"sourceRows":8,"dateFilter":null}
{"timestamp":"2026-08-03T12:52:43.959Z","runId":8,"level":"debug","phase":"write","tableName":"acc_department","tableRunId":34,"status":"start","batchSize":8}
{"timestamp":"2026-08-03T12:52:43.963Z","runId":8,"level":"debug","phase":"write","tableName":"acc_department","tableRunId":34,"status":"end","inserted":0,"updated":0,"skipped":8,"durationMs":4}
{"timestamp":"2026-08-03T12:52:43.980Z","runId":8,"level":"info","phase":"table_finalize","tableName":"acc_department","tableRunId":34,"status":"success","inserted":0,"updated":0,"skipped":8,"errors":0,"durationMs":28}
{"timestamp":"2026-08-03T12:52:43.981Z","runId":8,"level":"info","phase":"post_migration_gl_validation","status":"start"}
{"timestamp":"2026-08-03T12:52:44.000Z","runId":8,"level":"info","phase":"post_migration_gl_validation","check":"E","name":"GL Account Types Canonical","passed":true,"errorCount":0,"errors":[]}
{"timestamp":"2026-08-03T12:52:44.000Z","runId":8,"level":"info","phase":"post_migration_gl_validation","check":"F","name":"All Accounts Typed","passed":true,"errorCount":0,"errors":[]}
{"timestamp":"2026-08-03T12:52:44.000Z","runId":8,"level":"info","phase":"post_migration_gl_validation","check":"A","name":"Account Type Mismatches","passed":true,"errorCount":0,"errors":[]}
{"timestamp":"2026-08-03T12:52:44.000Z","runId":8,"level":"info","phase":"post_migration_gl_validation","check":"B","name":"Posting Line Type Alignment","passed":true,"errorCount":0,"errors":[]}
{"timestamp":"2026-08-03T12:52:44.000Z","runId":8,"level":"info","phase":"post_migration_gl_validation","check":"C","name":"Orphan / Invalid Postings","passed":true,"errorCount":0,"errors":[]}
{"timestamp":"2026-08-03T12:52:44.000Z","runId":8,"level":"info","phase":"post_migration_gl_validation","check":"D","name":"COS Integrity","passed":true,"errorCount":0,"errors":[]}
{"timestamp":"2026-08-03T12:52:44.000Z","runId":8,"level":"info","phase":"post_migration_gl_validation","status":"passed"}
{"timestamp":"2026-08-03T12:52:44.006Z","runId":8,"level":"info","phase":"run_finalize","status":"success"}
