{"timestamp":"2026-06-08T15:30:58.754Z","runId":9,"level":"info","phase":"run_start","dryRun":false,"batchSize":1000,"fkChecks":true,"tables":[{"table":"WORK_DONE","mode":"INSERT","keyStrategy":"preserve","dedupeKeys":[],"onDuplicate":"SKIP","cleanBefore":true}]}
{"timestamp":"2026-06-08T15:30:58.755Z","runId":9,"level":"info","phase":"preflight","action":"firebird_config_check","host":"localhost","port":3050,"database":"C:\\Autoneer\\data\\AUTONEER.FDB","user":"SYSDBA","passwordSet":true,"passwordLength":9,"passwordSource":"state","useDefaultSysdbaMasterkey":true,"rawPasswordSet":true,"rawPasswordLength":9}
{"timestamp":"2026-06-08T15:30:58.861Z","runId":9,"level":"info","phase":"preflight","attempt":1,"status":"ok"}
{"timestamp":"2026-06-08T15:30:58.861Z","runId":9,"level":"debug","phase":"preflight","durationMs":106}
{"timestamp":"2026-06-08T15:30:58.861Z","runId":9,"level":"info","phase":"preflight","action":"nullability_validation","status":"start"}
{"timestamp":"2026-06-08T15:30:58.864Z","runId":9,"level":"info","phase":"preflight","action":"nullability_validation","status":"passed"}
{"timestamp":"2026-06-08T15:30:58.865Z","runId":9,"level":"info","phase":"preflight","action":"gl_account_types_seed","status":"start"}
{"timestamp":"2026-06-08T15:30:58.873Z","runId":9,"level":"info","phase":"preflight","action":"gl_account_types_seed","status":"passed"}
{"timestamp":"2026-06-08T15:30:59.055Z","runId":9,"level":"info","phase":"preflight","action":"accnr_conversion_map","source":"firebird","sourceTable":"ACCOUNTS","count":85}
{"timestamp":"2026-06-08T15:30:59.055Z","runId":9,"level":"debug","phase":"table_loop","action":"starting","includedCount":1,"mappingTableCount":1}
{"timestamp":"2026-06-08T15:30:59.055Z","runId":9,"level":"info","phase":"table_loop","action":"normalized_tables","sampleTables":["WORK_DONE"]}
{"timestamp":"2026-06-08T15:30:59.055Z","runId":9,"level":"debug","phase":"table_loop","action":"processing","tableName":"work_done","mappingTableKeys":["WORKDONE"]}
{"timestamp":"2026-06-08T15:30:59.055Z","runId":9,"level":"debug","phase":"table_loop","action":"mapping_resolved","tableName":"work_done","hasMappingEntry":true,"mappingTarget":"WORK_DONE"}
{"timestamp":"2026-06-08T15:30:59.055Z","runId":9,"level":"debug","phase":"mapping_debug","tableName":"work_done","mappedSource":"WORKDONE","firebirdTableCount":189,"sampleFirebirdTables":["ACCCLASS","ACCDEPARTMENT","ACCOUNTLINKS","ACCOUNTS","ACCOUNT_OPENING"]}
{"timestamp":"2026-06-08T15:30:59.968Z","runId":9,"level":"debug","phase":"clean_decision","tableName":"work_done","cleanBefore":true,"dryRun":false,"mode":"INSERT"}
{"timestamp":"2026-06-08T15:30:59.969Z","runId":9,"type":"table_cleaning_started","table":"work_done","tableRunId":90}
{"timestamp":"2026-06-08T15:30:59.969Z","runId":9,"level":"info","phase":"clean","tableName":"work_done","tableRunId":90,"status":"start"}
{"timestamp":"2026-06-08T15:30:59.970Z","runId":9,"level":"debug","phase":"clean","tableName":"work_done","tableRunId":90,"action":"fk_checks_disabled"}
{"timestamp":"2026-06-08T15:31:00.021Z","runId":9,"level":"info","phase":"clean","tableName":"work_done","tableRunId":90,"status":"success","method":"TRUNCATE","affectedRows":null,"postCount":0,"durationMs":52}
{"timestamp":"2026-06-08T15:31:00.033Z","runId":9,"type":"table_cleaned","table":"work_done","tableRunId":90,"method":"TRUNCATE","affectedRows":null,"postCount":0}
{"timestamp":"2026-06-08T15:31:00.034Z","runId":9,"level":"debug","phase":"clean","tableName":"work_done","tableRunId":90,"action":"fk_checks_restored"}
{"timestamp":"2026-06-08T15:31:00.034Z","runId":9,"level":"info","phase":"table_start","tableName":"work_done","tableRunId":90,"mode":"INSERT","keyStrategy":"preserve","dedupeKeys":[]}
{"timestamp":"2026-06-08T15:31:00.088Z","runId":9,"level":"info","phase":"fetch","tableName":"work_done","tableRunId":90,"sourceRows":49260,"dateFilter":null}
{"timestamp":"2026-06-08T15:31:00.333Z","runId":9,"level":"debug","phase":"write","tableName":"work_done","tableRunId":90,"status":"start","batchSize":1000}
{"timestamp":"2026-06-08T15:31:00.378Z","runId":9,"level":"debug","phase":"write","tableName":"work_done","tableRunId":90,"status":"end","inserted":923,"updated":0,"skipped":77,"durationMs":45}
{"timestamp":"2026-06-08T15:31:00.606Z","runId":9,"level":"debug","phase":"write","tableName":"work_done","tableRunId":90,"status":"start","batchSize":1000}
{"timestamp":"2026-06-08T15:31:00.654Z","runId":9,"level":"debug","phase":"write","tableName":"work_done","tableRunId":90,"status":"end","inserted":412,"updated":0,"skipped":588,"durationMs":48}
{"timestamp":"2026-06-08T15:31:00.906Z","runId":9,"level":"debug","phase":"write","tableName":"work_done","tableRunId":90,"status":"start","batchSize":1000}
{"timestamp":"2026-06-08T15:31:00.949Z","runId":9,"level":"debug","phase":"write","tableName":"work_done","tableRunId":90,"status":"end","inserted":252,"updated":0,"skipped":748,"durationMs":43}
{"timestamp":"2026-06-08T15:31:01.200Z","runId":9,"level":"debug","phase":"write","tableName":"work_done","tableRunId":90,"status":"start","batchSize":1000}
{"timestamp":"2026-06-08T15:31:01.231Z","runId":9,"level":"debug","phase":"write","tableName":"work_done","tableRunId":90,"status":"end","inserted":229,"updated":0,"skipped":771,"durationMs":31}
{"timestamp":"2026-06-08T15:31:01.473Z","runId":9,"level":"debug","phase":"write","tableName":"work_done","tableRunId":90,"status":"start","batchSize":1000}
{"timestamp":"2026-06-08T15:31:01.505Z","runId":9,"level":"debug","phase":"write","tableName":"work_done","tableRunId":90,"status":"end","inserted":210,"updated":0,"skipped":790,"durationMs":32}
{"timestamp":"2026-06-08T15:31:01.742Z","runId":9,"level":"debug","phase":"write","tableName":"work_done","tableRunId":90,"status":"start","batchSize":1000}
{"timestamp":"2026-06-08T15:31:01.769Z","runId":9,"level":"debug","phase":"write","tableName":"work_done","tableRunId":90,"status":"end","inserted":207,"updated":0,"skipped":793,"durationMs":27}
{"timestamp":"2026-06-08T15:31:01.992Z","runId":9,"level":"debug","phase":"write","tableName":"work_done","tableRunId":90,"status":"start","batchSize":1000}
{"timestamp":"2026-06-08T15:31:02.024Z","runId":9,"level":"debug","phase":"write","tableName":"work_done","tableRunId":90,"status":"end","inserted":202,"updated":0,"skipped":798,"durationMs":32}
{"timestamp":"2026-06-08T15:31:02.256Z","runId":9,"level":"debug","phase":"write","tableName":"work_done","tableRunId":90,"status":"start","batchSize":1000}
{"timestamp":"2026-06-08T15:31:02.290Z","runId":9,"level":"debug","phase":"write","tableName":"work_done","tableRunId":90,"status":"end","inserted":206,"updated":0,"skipped":794,"durationMs":34}
{"timestamp":"2026-06-08T15:31:02.520Z","runId":9,"level":"debug","phase":"write","tableName":"work_done","tableRunId":90,"status":"start","batchSize":1000}
{"timestamp":"2026-06-08T15:31:02.551Z","runId":9,"level":"debug","phase":"write","tableName":"work_done","tableRunId":90,"status":"end","inserted":180,"updated":0,"skipped":820,"durationMs":31}
{"timestamp":"2026-06-08T15:31:02.804Z","runId":9,"level":"debug","phase":"write","tableName":"work_done","tableRunId":90,"status":"start","batchSize":1000}
{"timestamp":"2026-06-08T15:31:02.837Z","runId":9,"level":"debug","phase":"write","tableName":"work_done","tableRunId":90,"status":"end","inserted":203,"updated":0,"skipped":797,"durationMs":33}
{"timestamp":"2026-06-08T15:31:03.079Z","runId":9,"level":"debug","phase":"write","tableName":"work_done","tableRunId":90,"status":"start","batchSize":1000}
{"timestamp":"2026-06-08T15:31:03.119Z","runId":9,"level":"debug","phase":"write","tableName":"work_done","tableRunId":90,"status":"end","inserted":176,"updated":0,"skipped":824,"durationMs":40}
{"timestamp":"2026-06-08T15:31:03.356Z","runId":9,"level":"debug","phase":"write","tableName":"work_done","tableRunId":90,"status":"start","batchSize":1000}
{"timestamp":"2026-06-08T15:31:03.386Z","runId":9,"level":"debug","phase":"write","tableName":"work_done","tableRunId":90,"status":"end","inserted":236,"updated":0,"skipped":764,"durationMs":30}
{"timestamp":"2026-06-08T15:31:03.626Z","runId":9,"level":"debug","phase":"write","tableName":"work_done","tableRunId":90,"status":"start","batchSize":1000}
{"timestamp":"2026-06-08T15:31:03.655Z","runId":9,"level":"debug","phase":"write","tableName":"work_done","tableRunId":90,"status":"end","inserted":176,"updated":0,"skipped":824,"durationMs":29}
{"timestamp":"2026-06-08T15:31:03.900Z","runId":9,"level":"debug","phase":"write","tableName":"work_done","tableRunId":90,"status":"start","batchSize":1000}
{"timestamp":"2026-06-08T15:31:03.924Z","runId":9,"level":"debug","phase":"write","tableName":"work_done","tableRunId":90,"status":"end","inserted":195,"updated":0,"skipped":805,"durationMs":24}
{"timestamp":"2026-06-08T15:31:04.171Z","runId":9,"level":"debug","phase":"write","tableName":"work_done","tableRunId":90,"status":"start","batchSize":1000}
{"timestamp":"2026-06-08T15:31:04.244Z","runId":9,"level":"debug","phase":"write","tableName":"work_done","tableRunId":90,"status":"end","inserted":245,"updated":0,"skipped":755,"durationMs":73}
{"timestamp":"2026-06-08T15:31:04.485Z","runId":9,"level":"debug","phase":"write","tableName":"work_done","tableRunId":90,"status":"start","batchSize":1000}
{"timestamp":"2026-06-08T15:31:04.511Z","runId":9,"level":"debug","phase":"write","tableName":"work_done","tableRunId":90,"status":"end","inserted":308,"updated":0,"skipped":692,"durationMs":26}
{"timestamp":"2026-06-08T15:31:04.750Z","runId":9,"level":"debug","phase":"write","tableName":"work_done","tableRunId":90,"status":"start","batchSize":1000}
{"timestamp":"2026-06-08T15:31:04.777Z","runId":9,"level":"debug","phase":"write","tableName":"work_done","tableRunId":90,"status":"end","inserted":201,"updated":0,"skipped":799,"durationMs":27}
{"timestamp":"2026-06-08T15:31:05.021Z","runId":9,"level":"debug","phase":"write","tableName":"work_done","tableRunId":90,"status":"start","batchSize":1000}
{"timestamp":"2026-06-08T15:31:05.048Z","runId":9,"level":"debug","phase":"write","tableName":"work_done","tableRunId":90,"status":"end","inserted":144,"updated":0,"skipped":856,"durationMs":27}
{"timestamp":"2026-06-08T15:31:05.307Z","runId":9,"level":"debug","phase":"write","tableName":"work_done","tableRunId":90,"status":"start","batchSize":1000}
{"timestamp":"2026-06-08T15:31:05.334Z","runId":9,"level":"debug","phase":"write","tableName":"work_done","tableRunId":90,"status":"end","inserted":166,"updated":0,"skipped":834,"durationMs":27}
{"timestamp":"2026-06-08T15:31:05.581Z","runId":9,"level":"debug","phase":"write","tableName":"work_done","tableRunId":90,"status":"start","batchSize":1000}
{"timestamp":"2026-06-08T15:31:05.612Z","runId":9,"level":"debug","phase":"write","tableName":"work_done","tableRunId":90,"status":"end","inserted":108,"updated":0,"skipped":892,"durationMs":31}
{"timestamp":"2026-06-08T15:31:05.857Z","runId":9,"level":"debug","phase":"write","tableName":"work_done","tableRunId":90,"status":"start","batchSize":1000}
{"timestamp":"2026-06-08T15:31:05.884Z","runId":9,"level":"debug","phase":"write","tableName":"work_done","tableRunId":90,"status":"end","inserted":129,"updated":0,"skipped":871,"durationMs":27}
{"timestamp":"2026-06-08T15:31:06.140Z","runId":9,"level":"debug","phase":"write","tableName":"work_done","tableRunId":90,"status":"start","batchSize":1000}
{"timestamp":"2026-06-08T15:31:06.188Z","runId":9,"level":"debug","phase":"write","tableName":"work_done","tableRunId":90,"status":"end","inserted":65,"updated":0,"skipped":935,"durationMs":48}
{"timestamp":"2026-06-08T15:31:06.434Z","runId":9,"level":"debug","phase":"write","tableName":"work_done","tableRunId":90,"status":"start","batchSize":1000}
{"timestamp":"2026-06-08T15:31:06.460Z","runId":9,"level":"debug","phase":"write","tableName":"work_done","tableRunId":90,"status":"end","inserted":76,"updated":0,"skipped":924,"durationMs":26}
{"timestamp":"2026-06-08T15:31:06.722Z","runId":9,"level":"debug","phase":"write","tableName":"work_done","tableRunId":90,"status":"start","batchSize":1000}
{"timestamp":"2026-06-08T15:31:06.745Z","runId":9,"level":"debug","phase":"write","tableName":"work_done","tableRunId":90,"status":"end","inserted":90,"updated":0,"skipped":910,"durationMs":23}
{"timestamp":"2026-06-08T15:31:06.995Z","runId":9,"level":"debug","phase":"write","tableName":"work_done","tableRunId":90,"status":"start","batchSize":1000}
{"timestamp":"2026-06-08T15:31:07.023Z","runId":9,"level":"debug","phase":"write","tableName":"work_done","tableRunId":90,"status":"end","inserted":115,"updated":0,"skipped":885,"durationMs":28}
{"timestamp":"2026-06-08T15:31:07.279Z","runId":9,"level":"debug","phase":"write","tableName":"work_done","tableRunId":90,"status":"start","batchSize":1000}
{"timestamp":"2026-06-08T15:31:07.324Z","runId":9,"level":"debug","phase":"write","tableName":"work_done","tableRunId":90,"status":"end","inserted":53,"updated":0,"skipped":947,"durationMs":45}
{"timestamp":"2026-06-08T15:31:07.573Z","runId":9,"level":"debug","phase":"write","tableName":"work_done","tableRunId":90,"status":"start","batchSize":1000}
{"timestamp":"2026-06-08T15:31:07.599Z","runId":9,"level":"debug","phase":"write","tableName":"work_done","tableRunId":90,"status":"end","inserted":84,"updated":0,"skipped":916,"durationMs":26}
{"timestamp":"2026-06-08T15:31:07.859Z","runId":9,"level":"debug","phase":"write","tableName":"work_done","tableRunId":90,"status":"start","batchSize":1000}
{"timestamp":"2026-06-08T15:31:07.887Z","runId":9,"level":"debug","phase":"write","tableName":"work_done","tableRunId":90,"status":"end","inserted":33,"updated":0,"skipped":967,"durationMs":28}
{"timestamp":"2026-06-08T15:31:08.139Z","runId":9,"level":"debug","phase":"write","tableName":"work_done","tableRunId":90,"status":"start","batchSize":1000}
{"timestamp":"2026-06-08T15:31:08.165Z","runId":9,"level":"debug","phase":"write","tableName":"work_done","tableRunId":90,"status":"end","inserted":91,"updated":0,"skipped":909,"durationMs":26}
{"timestamp":"2026-06-08T15:31:08.436Z","runId":9,"level":"debug","phase":"write","tableName":"work_done","tableRunId":90,"status":"start","batchSize":1000}
{"timestamp":"2026-06-08T15:31:08.466Z","runId":9,"level":"debug","phase":"write","tableName":"work_done","tableRunId":90,"status":"end","inserted":52,"updated":0,"skipped":948,"durationMs":30}
{"timestamp":"2026-06-08T15:31:08.726Z","runId":9,"level":"debug","phase":"write","tableName":"work_done","tableRunId":90,"status":"start","batchSize":1000}
{"timestamp":"2026-06-08T15:31:08.750Z","runId":9,"level":"debug","phase":"write","tableName":"work_done","tableRunId":90,"status":"end","inserted":37,"updated":0,"skipped":963,"durationMs":24}
{"timestamp":"2026-06-08T15:31:09.005Z","runId":9,"level":"debug","phase":"write","tableName":"work_done","tableRunId":90,"status":"start","batchSize":1000}
{"timestamp":"2026-06-08T15:31:09.030Z","runId":9,"level":"debug","phase":"write","tableName":"work_done","tableRunId":90,"status":"end","inserted":116,"updated":0,"skipped":884,"durationMs":25}
{"timestamp":"2026-06-08T15:31:09.286Z","runId":9,"level":"debug","phase":"write","tableName":"work_done","tableRunId":90,"status":"start","batchSize":1000}
{"timestamp":"2026-06-08T15:31:09.306Z","runId":9,"level":"debug","phase":"write","tableName":"work_done","tableRunId":90,"status":"end","inserted":34,"updated":0,"skipped":966,"durationMs":20}
{"timestamp":"2026-06-08T15:31:09.569Z","runId":9,"level":"debug","phase":"write","tableName":"work_done","tableRunId":90,"status":"start","batchSize":1000}
{"timestamp":"2026-06-08T15:31:09.595Z","runId":9,"level":"debug","phase":"write","tableName":"work_done","tableRunId":90,"status":"end","inserted":92,"updated":0,"skipped":908,"durationMs":26}
{"timestamp":"2026-06-08T15:31:09.863Z","runId":9,"level":"debug","phase":"write","tableName":"work_done","tableRunId":90,"status":"start","batchSize":1000}
{"timestamp":"2026-06-08T15:31:09.889Z","runId":9,"level":"debug","phase":"write","tableName":"work_done","tableRunId":90,"status":"end","inserted":21,"updated":0,"skipped":979,"durationMs":26}
{"timestamp":"2026-06-08T15:31:10.145Z","runId":9,"level":"debug","phase":"write","tableName":"work_done","tableRunId":90,"status":"start","batchSize":1000}
{"timestamp":"2026-06-08T15:31:10.171Z","runId":9,"level":"debug","phase":"write","tableName":"work_done","tableRunId":90,"status":"end","inserted":83,"updated":0,"skipped":917,"durationMs":26}
{"timestamp":"2026-06-08T15:31:10.437Z","runId":9,"level":"debug","phase":"write","tableName":"work_done","tableRunId":90,"status":"start","batchSize":1000}
{"timestamp":"2026-06-08T15:31:10.459Z","runId":9,"level":"debug","phase":"write","tableName":"work_done","tableRunId":90,"status":"end","inserted":30,"updated":0,"skipped":970,"durationMs":22}
{"timestamp":"2026-06-08T15:31:10.724Z","runId":9,"level":"debug","phase":"write","tableName":"work_done","tableRunId":90,"status":"start","batchSize":1000}
{"timestamp":"2026-06-08T15:31:10.750Z","runId":9,"level":"debug","phase":"write","tableName":"work_done","tableRunId":90,"status":"end","inserted":39,"updated":0,"skipped":961,"durationMs":26}
{"timestamp":"2026-06-08T15:31:11.015Z","runId":9,"level":"debug","phase":"write","tableName":"work_done","tableRunId":90,"status":"start","batchSize":1000}
{"timestamp":"2026-06-08T15:31:11.039Z","runId":9,"level":"debug","phase":"write","tableName":"work_done","tableRunId":90,"status":"end","inserted":23,"updated":0,"skipped":977,"durationMs":24}
{"timestamp":"2026-06-08T15:31:11.316Z","runId":9,"level":"debug","phase":"write","tableName":"work_done","tableRunId":90,"status":"start","batchSize":1000}
{"timestamp":"2026-06-08T15:31:11.360Z","runId":9,"level":"debug","phase":"write","tableName":"work_done","tableRunId":90,"status":"end","inserted":36,"updated":0,"skipped":964,"durationMs":44}
{"timestamp":"2026-06-08T15:31:11.544Z","runId":9,"level":"debug","phase":"write","tableName":"work_done","tableRunId":90,"status":"start","batchSize":1000}
{"timestamp":"2026-06-08T15:31:11.571Z","runId":9,"level":"debug","phase":"write","tableName":"work_done","tableRunId":90,"status":"end","inserted":11,"updated":0,"skipped":989,"durationMs":27}
{"timestamp":"2026-06-08T15:31:11.746Z","runId":9,"level":"debug","phase":"write","tableName":"work_done","tableRunId":90,"status":"start","batchSize":1000}
{"timestamp":"2026-06-08T15:31:11.769Z","runId":9,"level":"debug","phase":"write","tableName":"work_done","tableRunId":90,"status":"end","inserted":33,"updated":0,"skipped":967,"durationMs":23}
{"timestamp":"2026-06-08T15:31:11.985Z","runId":9,"level":"debug","phase":"write","tableName":"work_done","tableRunId":90,"status":"start","batchSize":1000}
{"timestamp":"2026-06-08T15:31:12.002Z","runId":9,"level":"debug","phase":"write","tableName":"work_done","tableRunId":90,"status":"end","inserted":46,"updated":0,"skipped":954,"durationMs":17}
{"timestamp":"2026-06-08T15:31:12.242Z","runId":9,"level":"debug","phase":"write","tableName":"work_done","tableRunId":90,"status":"start","batchSize":1000}
{"timestamp":"2026-06-08T15:31:12.262Z","runId":9,"level":"debug","phase":"write","tableName":"work_done","tableRunId":90,"status":"end","inserted":25,"updated":0,"skipped":975,"durationMs":20}
{"timestamp":"2026-06-08T15:31:12.521Z","runId":9,"level":"debug","phase":"write","tableName":"work_done","tableRunId":90,"status":"start","batchSize":1000}
{"timestamp":"2026-06-08T15:31:12.538Z","runId":9,"level":"debug","phase":"write","tableName":"work_done","tableRunId":90,"status":"end","inserted":43,"updated":0,"skipped":957,"durationMs":17}
{"timestamp":"2026-06-08T15:31:12.768Z","runId":9,"level":"debug","phase":"write","tableName":"work_done","tableRunId":90,"status":"start","batchSize":1000}
{"timestamp":"2026-06-08T15:31:12.784Z","runId":9,"level":"debug","phase":"write","tableName":"work_done","tableRunId":90,"status":"end","inserted":23,"updated":0,"skipped":977,"durationMs":16}
{"timestamp":"2026-06-08T15:31:12.999Z","runId":9,"level":"debug","phase":"write","tableName":"work_done","tableRunId":90,"status":"start","batchSize":1000}
{"timestamp":"2026-06-08T15:31:13.016Z","runId":9,"level":"debug","phase":"write","tableName":"work_done","tableRunId":90,"status":"end","inserted":96,"updated":0,"skipped":904,"durationMs":17}
{"timestamp":"2026-06-08T15:31:13.260Z","runId":9,"level":"debug","phase":"write","tableName":"work_done","tableRunId":90,"status":"start","batchSize":1000}
{"timestamp":"2026-06-08T15:31:13.276Z","runId":9,"level":"debug","phase":"write","tableName":"work_done","tableRunId":90,"status":"end","inserted":54,"updated":0,"skipped":946,"durationMs":16}
{"timestamp":"2026-06-08T15:31:13.536Z","runId":9,"level":"debug","phase":"write","tableName":"work_done","tableRunId":90,"status":"start","batchSize":1000}
{"timestamp":"2026-06-08T15:31:13.554Z","runId":9,"level":"debug","phase":"write","tableName":"work_done","tableRunId":90,"status":"end","inserted":43,"updated":0,"skipped":957,"durationMs":18}
{"timestamp":"2026-06-08T15:31:13.807Z","runId":9,"level":"debug","phase":"write","tableName":"work_done","tableRunId":90,"status":"start","batchSize":260}
{"timestamp":"2026-06-08T15:31:13.815Z","runId":9,"level":"debug","phase":"write","tableName":"work_done","tableRunId":90,"status":"end","inserted":7,"updated":0,"skipped":253,"durationMs":8}
{"timestamp":"2026-06-08T15:31:13.828Z","runId":9,"level":"info","phase":"table_finalize","tableName":"work_done","tableRunId":90,"status":"success","inserted":6659,"updated":0,"skipped":42601,"errors":0,"durationMs":13788}
{"timestamp":"2026-06-08T15:31:13.831Z","runId":9,"level":"info","phase":"run_finalize","status":"success"}
